../source/hal/uart.c:374:6:UART_Tick	40	static
../source/hal/uart.c:525:6:UART_Tx_Start.part.0	16	static
../source/hal/uart.c:233:6:UART_Init	16	static
../source/hal/uart.c:427:6:UART_ReconfigureBaud	0	static
../source/hal/uart.c:431:6:UART_WriteByte	8	static
../source/hal/uart.c:437:8:UART_Write	16	static
../source/hal/uart.c:449:6:UART_printf	20	static
../source/hal/uart.c:463:6:UART_vprintf	8	static
../source/hal/uart.c:470:8:UART_RegisterReceiver	4	static
../source/hal/uart.c:485:6:UART_UnregisterReceiver	24	static
../source/hal/uart.c:505:9:UART_IsTransmitting	8	static
../source/hal/uart.c:511:6:UART_Tx_Handler	16	static
../source/hal/uart.c:547:6:UART_Rx_Handler	24	static
../source/hal/uart.c:554:6:UART_Error_Handler	4	static
../source/hal/uart.c:562:6:UART_RegisterErrorCallback	0	static
../source/hal/uart.c:566:6:UART_RegisterTxOverwriteCallback	0	static
../source/hal/uart.c:570:6:UART_RegisterRxOverwriteCallback	0	static
