Archive member included to satisfy reference by file (symbol)

/usr/local/mcuxpressoide-11.6.1_8255/ide/plugins/com.nxp.mcuxpresso.tools.linux_11.6.1.202207200623/tools/bin/../lib/gcc/arm-none-eabi/10.3.1/thumb/v7e-m+dp/hard/libgcc.a(_aeabi_ldivmod.o)
                              ./device/system_MIMXRT1021.o (__aeabi_ldivmod)
/usr/local/mcuxpressoide-11.6.1_8255/ide/plugins/com.nxp.mcuxpresso.tools.linux_11.6.1.202207200623/tools/bin/../lib/gcc/arm-none-eabi/10.3.1/thumb/v7e-m+dp/hard/libgcc.a(_aeabi_uldivmod.o)
                              ./drivers/fsl_common_arm.o (__aeabi_uldivmod)
/usr/local/mcuxpressoide-11.6.1_8255/ide/plugins/com.nxp.mcuxpresso.tools.linux_11.6.1.202207200623/tools/bin/../lib/gcc/arm-none-eabi/10.3.1/thumb/v7e-m+dp/hard/libgcc.a(_udivmoddi4.o)
                              /usr/local/mcuxpressoide-11.6.1_8255/ide/plugins/com.nxp.mcuxpresso.tools.linux_11.6.1.202207200623/tools/bin/../lib/gcc/arm-none-eabi/10.3.1/thumb/v7e-m+dp/hard/libgcc.a(_aeabi_ldivmod.o) (__udivmoddi4)
/usr/local/mcuxpressoide-11.6.1_8255/ide/plugins/com.nxp.mcuxpresso.tools.linux_11.6.1.202207200623/tools/bin/../lib/gcc/arm-none-eabi/10.3.1/thumb/v7e-m+dp/hard/libgcc.a(_dvmd_tls.o)
                              /usr/local/mcuxpressoide-11.6.1_8255/ide/plugins/com.nxp.mcuxpresso.tools.linux_11.6.1.202207200623/tools/bin/../lib/gcc/arm-none-eabi/10.3.1/thumb/v7e-m+dp/hard/libgcc.a(_aeabi_ldivmod.o) (__aeabi_ldiv0)
/usr/local/mcuxpressoide-11.6.1_8255/ide/plugins/com.nxp.mcuxpresso.tools.linux_11.6.1.202207200623/tools/bin/../lib/gcc/arm-none-eabi/10.3.1/../../../../arm-none-eabi/lib/thumb/v7e-m+dp/hard/libc.a(lib_a-exit.o)
                              /usr/local/mcuxpressoide-11.6.1_8255/ide/plugins/com.nxp.mcuxpresso.tools.linux_11.6.1.202207200623/tools/bin/../lib/gcc/arm-none-eabi/10.3.1/../../../../arm-none-eabi/lib/thumb/v7e-m+dp/hard/crt0.o (exit)
/usr/local/mcuxpressoide-11.6.1_8255/ide/plugins/com.nxp.mcuxpresso.tools.linux_11.6.1.202207200623/tools/bin/../lib/gcc/arm-none-eabi/10.3.1/../../../../arm-none-eabi/lib/thumb/v7e-m+dp/hard/libc.a(lib_a-impure.o)
                              /usr/local/mcuxpressoide-11.6.1_8255/ide/plugins/com.nxp.mcuxpresso.tools.linux_11.6.1.202207200623/tools/bin/../lib/gcc/arm-none-eabi/10.3.1/../../../../arm-none-eabi/lib/thumb/v7e-m+dp/hard/libc.a(lib_a-exit.o) (_global_impure_ptr)
/usr/local/mcuxpressoide-11.6.1_8255/ide/plugins/com.nxp.mcuxpresso.tools.linux_11.6.1.202207200623/tools/bin/../lib/gcc/arm-none-eabi/10.3.1/../../../../arm-none-eabi/lib/thumb/v7e-m+dp/hard/libc.a(lib_a-init.o)
                              /usr/local/mcuxpressoide-11.6.1_8255/ide/plugins/com.nxp.mcuxpresso.tools.linux_11.6.1.202207200623/tools/bin/../lib/gcc/arm-none-eabi/10.3.1/../../../../arm-none-eabi/lib/thumb/v7e-m+dp/hard/crt0.o (__libc_init_array)
/usr/local/mcuxpressoide-11.6.1_8255/ide/plugins/com.nxp.mcuxpresso.tools.linux_11.6.1.202207200623/tools/bin/../lib/gcc/arm-none-eabi/10.3.1/../../../../arm-none-eabi/lib/thumb/v7e-m+dp/hard/libc.a(lib_a-malloc.o)
                              ./drivers/fsl_common.o (malloc)
/usr/local/mcuxpressoide-11.6.1_8255/ide/plugins/com.nxp.mcuxpresso.tools.linux_11.6.1.202207200623/tools/bin/../lib/gcc/arm-none-eabi/10.3.1/../../../../arm-none-eabi/lib/thumb/v7e-m+dp/hard/libc.a(lib_a-mallocr.o)
                              /usr/local/mcuxpressoide-11.6.1_8255/ide/plugins/com.nxp.mcuxpresso.tools.linux_11.6.1.202207200623/tools/bin/../lib/gcc/arm-none-eabi/10.3.1/../../../../arm-none-eabi/lib/thumb/v7e-m+dp/hard/libc.a(lib_a-malloc.o) (_malloc_r)
/usr/local/mcuxpressoide-11.6.1_8255/ide/plugins/com.nxp.mcuxpresso.tools.linux_11.6.1.202207200623/tools/bin/../lib/gcc/arm-none-eabi/10.3.1/../../../../arm-none-eabi/lib/thumb/v7e-m+dp/hard/libc.a(lib_a-memcmp.o)
                              ./source/hal/nvm_objects.o (memcmp)
/usr/local/mcuxpressoide-11.6.1_8255/ide/plugins/com.nxp.mcuxpresso.tools.linux_11.6.1.202207200623/tools/bin/../lib/gcc/arm-none-eabi/10.3.1/../../../../arm-none-eabi/lib/thumb/v7e-m+dp/hard/libc.a(lib_a-memcpy.o)
                              ./utilities/fsl_debug_console.o (memcpy)
/usr/local/mcuxpressoide-11.6.1_8255/ide/plugins/com.nxp.mcuxpresso.tools.linux_11.6.1.202207200623/tools/bin/../lib/gcc/arm-none-eabi/10.3.1/../../../../arm-none-eabi/lib/thumb/v7e-m+dp/hard/libc.a(lib_a-memset.o)
                              /usr/local/mcuxpressoide-11.6.1_8255/ide/plugins/com.nxp.mcuxpresso.tools.linux_11.6.1.202207200623/tools/bin/../lib/gcc/arm-none-eabi/10.3.1/../../../../arm-none-eabi/lib/thumb/v7e-m+dp/hard/crt0.o (memset)
/usr/local/mcuxpressoide-11.6.1_8255/ide/plugins/com.nxp.mcuxpresso.tools.linux_11.6.1.202207200623/tools/bin/../lib/gcc/arm-none-eabi/10.3.1/../../../../arm-none-eabi/lib/thumb/v7e-m+dp/hard/libc.a(lib_a-mlock.o)
[...]
Memory Configuration

Name             Origin             Length             Attributes
m_flash_config   0x0000000060000000 0x0000000000001000 xr
m_ivt            0x0000000060001000 0x0000000000001000 xr
m_interrupts     0x0000000060002000 0x0000000000000400 xr
m_text           0x0000000060002400 0x000000000000dc00 xr
eeprom           0x0000000060010000 0x0000000000010000 rw
nvmobjects       0x0000000060020000 0x0000000000020000 rw
m_qacode         0x0000000000000000 0x0000000000010000 xr
m_data           0x0000000020000000 0x0000000000010000 rw
m_data2          0x0000000020200000 0x0000000000020000 rw
*default*        0x0000000000000000 0xffffffffffffffff

Linker script and memory map

LOAD /usr/local/mcuxpressoide-11.6.1_8255/ide/plugins/com.nxp.mcuxpresso.tools.linux_11.6.1.202207200623/tools/bin/../lib/gcc/arm-none-eabi/10.3.1/thumb/v7e-m+dp/hard/crti.o
LOAD /usr/local/mcuxpressoide-11.6.1_8255/ide/plugins/com.nxp.mcuxpresso.tools.linux_11.6.1.202207200623/tools/bin/../lib/gcc/arm-none-eabi/10.3.1/thumb/v7e-m+dp/hard/crtbegin.o
LOAD /usr/local/mcuxpressoide-11.6.1_8255/ide/plugins/com.nxp.mcuxpresso.tools.linux_11.6.1.202207200623/tools/bin/../lib/gcc/arm-none-eabi/10.3.1/../../../../arm-none-eabi/lib/thumb/v7e-m+dp/hard/crt0.o
LOAD ./xip/evkmimxrt1020_flexspi_nor_config.o
LOAD ./xip/fsl_flexspi_nor_boot.o
LOAD ./utilities/fsl_assert.o
LOAD ./utilities/fsl_debug_console.o
LOAD ./source/hal/buffer.o
LOAD ./source/hal/buffer_printf.o
LOAD ./source/hal/charReceiverList.o
LOAD ./source/hal/crc16.o
LOAD ./source/hal/eeprom.o
LOAD ./source/hal/flash.o
LOAD ./source/hal/hal_eeprom.o
LOAD ./source/hal/hal_timing.o
LOAD ./source/hal/hal_uart.o
LOAD ./source/hal/list.o
LOAD ./source/hal/nvm_objects.o
LOAD ./source/hal/subsys.o
LOAD ./source/hal/task.o
LOAD ./source/hal/timing.o
LOAD ./source/hal/uart.o
LOAD ./source/bootloader/bootloader.o
LOAD ./source/alencon_armcm_core/commonlib/freemodbus/modbus/tcp/mbtcp.o
LOAD ./source/alencon_armcm_core/commonlib/freemodbus/modbus/rtu/mbcrc.o
LOAD ./source/alencon_armcm_core/commonlib/freemodbus/modbus/functions/mbfunccoils.o
LOAD ./source/alencon_armcm_core/commonlib/freemodbus/modbus/functions/mbfuncdiag.o
LOAD ./source/alencon_armcm_core/commonlib/freemodbus/modbus/functions/mbfuncdisc.o
LOAD ./source/alencon_armcm_core/commonlib/freemodbus/modbus/functions/mbfuncholding.o
LOAD ./source/alencon_armcm_core/commonlib/freemodbus/modbus/functions/mbfuncinput.o
LOAD ./source/alencon_armcm_core/commonlib/freemodbus/modbus/functions/mbfuncother.o
LOAD ./source/alencon_armcm_core/commonlib/freemodbus/modbus/functions/mbutils.o
LOAD ./source/alencon_armcm_core/commonlib/freemodbus/modbus/ascii/mbascii.o
LOAD ./source/alencon_armcm_core/commonlib/freemodbus/modbus/mb.o
LOAD ./source/Modbus/AlenconModbus.o
LOAD ./source/Modbus/AlenconModbusBootloader.o
LOAD ./source/Modbus/AlenconModbusTest.o
LOAD ./source/Modbus/DCDC_mbrtu.o
LOAD ./source/Modbus/mbportevent.o
LOAD ./source/Modbus/mbportother.o
LOAD ./source/Modbus/mbporttimer.o
LOAD ./source/DCDCComms/RS485Serial.o
LOAD ./source/DCDCBoard/src/hardware.o
LOAD ./source/delay.o
LOAD ./source/main.o
LOAD ./source/semihost_hardfault.o
LOAD ./source/startup_MIMXRT1021.o
LOAD ./source/systemclk.o
LOAD ./drivers/flexspi_nor_flash_ops.o
LOAD ./drivers/fsl_cache.o
LOAD ./drivers/fsl_clock.o
LOAD ./drivers/fsl_common.o
LOAD ./drivers/fsl_common_arm.o
LOAD ./drivers/fsl_flexspi.o
LOAD ./drivers/fsl_gpio.o
LOAD ./drivers/fsl_lpuart.o
LOAD ./device/system_MIMXRT1021.o
LOAD ./component/uart/fsl_adapter_lpuart.o
LOAD ./component/silicon_id/fsl_silicon_id.o
LOAD ./component/lists/fsl_component_generic_list.o
LOAD ./board/board.o
LOAD ./board/clock_config.o
LOAD ./board/dcd.o
LOAD ./board/pin_mux.o
START GROUP
LOAD /usr/local/mcuxpressoide-11.6.1_8255/ide/plugins/com.nxp.mcuxpresso.tools.linux_11.6.1.202207200623/tools/bin/../lib/gcc/arm-none-eabi/10.3.1/thumb/v7e-m+dp/hard/libgcc.a
LOAD /usr/local/mcuxpressoide-11.6.1_8255/ide/plugins/com.nxp.mcuxpresso.tools.linux_11.6.1.202207200623/tools/bin/../lib/gcc/arm-none-eabi/10.3.1/../../../../arm-none-eabi/lib/thumb/v7e-m+dp/hard/libc.a
END GROUP
LOAD /usr/local/mcuxpressoide-11.6.1_8255/ide/plugins/com.nxp.mcuxpresso.tools.linux_11.6.1.202207200623/tools/bin/../lib/gcc/arm-none-eabi/10.3.1/thumb/v7e-m+dp/hard/crtend.o
LOAD /usr/local/mcuxpressoide-11.6.1_8255/ide/plugins/com.nxp.mcuxpresso.tools.linux_11.6.1.202207200623/tools/bin/../lib/gcc/arm-none-eabi/10.3.1/thumb/v7e-m+dp/hard/crtn.o
                0x0000000000000400                HEAP_SIZE = DEFINED (__heap_size__)?__heap_size__:0x400
                0x0000000000000400                STACK_SIZE = DEFINED (__stack_size__)?__stack_size__:0x400
                0x0000000000000000                VECTOR_RAM_SIZE = DEFINED (__ram_vector_table__)?0x400:0x0
                0x0000000020200000                __NCACHE_REGION_START = ORIGIN (m_data2)
                0x0000000000000000                __NCACHE_REGION_SIZE = 0x0

.flash_config   0x0000000060000000      0x200
                0x0000000060000000                . = ALIGN (0x4)
                0x0000000060000000                __FLASH_BASE = .
 *(SORT_BY_ALIGNMENT(.boot_hdr.conf))
 .boot_hdr.conf
                0x0000000060000000      0x200 ./xip/evkmimxrt1020_flexspi_nor_config.o
                0x0000000060000000                qspiflash_config
                0x0000000060000200                . = ALIGN (0x4)
                0x0000000060001000                ivt_begin = (ORIGIN (m_flash_config) + LENGTH (m_flash_config))

.ivt            0x0000000060001000       0x30
                0x0000000060001000                . = ALIGN (0x4)
 *(SORT_BY_ALIGNMENT(.boot_hdr.ivt))
 .boot_hdr.ivt  0x0000000060001000       0x20 ./xip/fsl_flexspi_nor_boot.o
                0x0000000060001000                image_vector_table
 *(SORT_BY_ALIGNMENT(.boot_hdr.boot_data))
 .boot_hdr.boot_data
                0x0000000060001020       0x10 ./xip/fsl_flexspi_nor_boot.o
                0x0000000060001020                g_boot_data
 *(SORT_BY_ALIGNMENT(.boot_hdr.dcd_data))
                0x0000000060001030                . = ALIGN (0x4)

.interrupts     0x0000000060002000      0x400
                0x0000000060002000                __VECTOR_TABLE = .
                0x0000000060002000                __Vectors = .
                0x0000000060002000                . = ALIGN (0x4)
 *(SORT_BY_ALIGNMENT(.isr_vector))
 .isr_vector    0x0000000060002000      0x400 ./source/startup_MIMXRT1021.o
                0x0000000060002000                __isr_vector
                0x0000000060002400                . = ALIGN (0x4)

.text           0x0000000060002400     0x5228
                0x0000000060002400                . = ALIGN (0x4)
 *(SORT_BY_ALIGNMENT(.text))
 .text          0x0000000060002400       0xdc /usr/local/mcuxpressoide-11.6.1_8255/ide/plugins/com.nxp.mcuxpresso.tools.linux_11.6.1.202207200623/tools/bin/../lib/gcc/arm-none-eabi/10.3.1/../../../../arm-none-eabi/lib/thumb/v7e-m+dp/hard/libc.a(lib_a-strlen.o)
                0x0000000060002400                strlen
 .text          0x00000000600024dc       0x40 /usr/local/mcuxpressoide-11.6.1_8255/ide/plugins/com.nxp.mcuxpresso.tools.linux_11.6.1.202207200623/tools/bin/../lib/gcc/arm-none-eabi/10.3.1/thumb/v7e-m+dp/hard/crtbegin.o
 .text          0x000000006000251c      0x244 ./source/startup_MIMXRT1021.o
                0x000000006000251c                Reset_Handler
                0x00000000600025c4                LPSPI2_DriverIRQHandler
                0x00000000600025c4                ADC_ETC_IRQ0_IRQHandler
                0x00000000600025c4                DebugMon_Handler
                0x00000000600025c4                SAI3_RX_DriverIRQHandler
                0x00000000600025c4                DMA13_DMA29_DriverIRQHandler
                0x00000000600025c4                Reserved86_IRQHandler
                0x00000000600025c4                SRC_IRQHandler
                0x00000000600025c4                LPSPI4_DriverIRQHandler
                0x00000000600025c4                Reserved60_IRQHandler
                0x00000000600025c4                GPIO2_Combined_0_15_IRQHandler
                0x00000000600025c4                SPDIF_DriverIRQHandler
                0x00000000600025c4                GPIO1_INT2_IRQHandler
                0x00000000600025c4                Reserved103_IRQHandler
                0x00000000600025c4                ENC2_IRQHandler
                0x00000000600025c4                PWM2_2_IRQHandler
                0x00000000600025c4                GPIO1_INT7_IRQHandler
                0x00000000600025c4                CCM_1_IRQHandler
                0x00000000600025c4                Reserved59_IRQHandler
                0x00000000600025c4                ADC_ETC_IRQ1_IRQHandler
                0x00000000600025c4                DMA7_DMA23_DriverIRQHandler
                0x00000000600025c4                CTI0_ERROR_IRQHandler
                0x00000000600025c4                GPIO5_Combined_0_15_IRQHandler
                0x00000000600025c4                PWM1_0_IRQHandler
                0x00000000600025c4                Reserved68_IRQHandler
                0x00000000600025c4                LPI2C3_DriverIRQHandler
                0x00000000600025c4                PWM2_0_IRQHandler
                0x00000000600025c4                DCP_VMI_IRQHandler
                0x00000000600025c4                DMA14_DMA30_DriverIRQHandler
                0x00000000600025c4                ENET_1588_Timer_DriverIRQHandler
                0x00000000600025c4                PWM2_1_IRQHandler
                0x00000000600025c4                PWM2_FAULT_IRQHandler
                0x00000000600025c4                UsageFault_Handler
                0x00000000600025c4                WDOG1_IRQHandler
                0x00000000600025c4                Reserved151_IRQHandler
                0x00000000600025c4                GPT1_IRQHandler
                0x00000000600025c4                ACMP4_IRQHandler
                0x00000000600025c4                SEMC_IRQHandler
                0x00000000600025c4                DMA0_DMA16_DriverIRQHandler
                0x00000000600025c4                DefaultISR
                0x00000000600025c4                Reserved58_IRQHandler
                0x00000000600025c4                PWM1_1_IRQHandler
                0x00000000600025c4                DMA2_DMA18_DriverIRQHandler
                0x00000000600025c4                Reserved82_IRQHandler
                0x00000000600025c4                USDHC1_DriverIRQHandler
                0x00000000600025c4                GPIO1_INT0_IRQHandler
                0x00000000600025c4                CSU_IRQHandler
                0x00000000600025c4                Reserved70_IRQHandler
                0x00000000600025c4                ADC1_IRQHandler
                0x00000000600025c4                FLEXIO1_DriverIRQHandler
                0x00000000600025c4                ENET_DriverIRQHandler
                0x00000000600025c4                GPIO1_Combined_16_31_IRQHandler
                0x00000000600025c4                Reserved128_IRQHandler
                0x00000000600025c4                RTWDOG_IRQHandler
                0x00000000600025c4                Reserved78_IRQHandler
                0x00000000600025c4                SAI1_DriverIRQHandler
                0x00000000600025c4                DMA12_DMA28_DriverIRQHandler
                0x00000000600025c4                GPIO3_Combined_16_31_IRQHandler
                0x00000000600025c4                EWM_IRQHandler
                0x00000000600025c4                TEMP_LOW_HIGH_IRQHandler
                0x00000000600025c4                WDOG2_IRQHandler
                0x00000000600025c4                GPIO1_INT5_IRQHandler
                0x00000000600025c4                PWM2_3_IRQHandler
                0x00000000600025c4                CORE_IRQHandler
                0x00000000600025c4                DMA10_DMA26_DriverIRQHandler
                0x00000000600025c4                TEMP_PANIC_IRQHandler
                0x00000000600025c4                GPIO1_INT6_IRQHandler
                0x00000000600025c4                PWM1_2_IRQHandler
                0x00000000600025c4                Reserved144_IRQHandler
                0x00000000600025c4                GPR_IRQ_IRQHandler
                0x00000000600025c4                GPC_IRQHandler
                0x00000000600025c4                DCDC_IRQHandler
                0x00000000600025c4                GPIO3_Combined_0_15_IRQHandler
                0x00000000600025c4                Reserved107_IRQHandler
                0x00000000600025c4                DMA1_DMA17_DriverIRQHandler
                0x00000000600025c4                USB_OTG1_IRQHandler
                0x00000000600025c4                CAN2_DriverIRQHandler
                0x00000000600025c4                Reserved102_IRQHandler
                0x00000000600025c4                GPIO5_Combined_16_31_IRQHandler
                0x00000000600025c4                TMR2_IRQHandler
                0x00000000600025c4                ADC_ETC_ERROR_IRQ_IRQHandler
                0x00000000600025c4                DMA8_DMA24_DriverIRQHandler
                0x00000000600025c4                DMA6_DMA22_DriverIRQHandler
                0x00000000600025c4                BEE_IRQHandler
                0x00000000600025c4                GPIO1_INT1_IRQHandler
                0x00000000600025c4                SNVS_LP_HP_WRAPPER_IRQHandler
                0x00000000600025c4                ADC_ETC_IRQ2_IRQHandler
                0x00000000600025c4                Reserved148_IRQHandler
                0x00000000600025c4                GPIO1_INT4_IRQHandler
                0x00000000600025c4                CCM_2_IRQHandler
                0x00000000600025c4                KPP_IRQHandler
                0x00000000600025c4                ADC2_IRQHandler
                0x00000000600025c4                USDHC2_DriverIRQHandler
                0x00000000600025c4                MemManage_Handler
                0x00000000600025c4                SAI2_DriverIRQHandler
                0x00000000600025c4                PIT_IRQHandler
                0x00000000600025c4                Reserved115_IRQHandler
                0x00000000600025c4                SNVS_HP_WRAPPER_IRQHandler
                0x00000000600025c4                DMA11_DMA27_DriverIRQHandler
                0x00000000600025c4                Reserved147_IRQHandler
                0x00000000600025c4                XBAR1_IRQ_2_3_IRQHandler
                0x00000000600025c4                LPI2C1_DriverIRQHandler
                0x00000000600025c4                DCP_IRQHandler
                0x00000000600025c4                Reserved123_IRQHandler
                0x00000000600025c4                DMA4_DMA20_DriverIRQHandler
                0x00000000600025c4                GPIO1_INT3_IRQHandler
                0x00000000600025c4                DMA9_DMA25_DriverIRQHandler
                0x00000000600025c4                GPIO1_Combined_0_15_IRQHandler
                0x00000000600025c4                LPSPI1_DriverIRQHandler
                0x00000000600025c4                Reserved152_IRQHandler
                0x00000000600025c4                DMA3_DMA19_DriverIRQHandler
                0x00000000600025c4                ACMP3_IRQHandler
                0x00000000600025c4                ENC1_IRQHandler
                0x00000000600025c4                PWM1_FAULT_IRQHandler
                0x00000000600025c4                Reserved143_IRQHandler
                0x00000000600025c4                GPIO2_Combined_16_31_IRQHandler
                0x00000000600025c4                LPI2C4_DriverIRQHandler
                0x00000000600025c4                PMU_IRQHandler
                0x00000000600025c4                XBAR1_IRQ_0_1_IRQHandler
                0x00000000600025c4                SNVS_HP_WRAPPER_TZ_IRQHandler
                0x00000000600025c4                SAI3_TX_DriverIRQHandler
                0x00000000600025c4                ACMP2_IRQHandler
                0x00000000600025c4                GPT2_IRQHandler
                0x00000000600025c4                FLEXRAM_IRQHandler
                0x00000000600025c4                DMA5_DMA21_DriverIRQHandler
                0x00000000600025c4                USB_PHY_IRQHandler
                0x00000000600025c4                Reserved56_IRQHandler
                0x00000000600025c4                ACMP1_IRQHandler
                0x00000000600025c4                BusFault_Handler
                0x00000000600025c4                Reserved87_IRQHandler
                0x00000000600025c4                DMA15_DMA31_DriverIRQHandler
                0x00000000600025c4                LPSPI3_DriverIRQHandler
                0x00000000600025c4                LPI2C2_DriverIRQHandler
                0x00000000600025c4                DMA_ERROR_DriverIRQHandler
                0x00000000600025c4                CAN1_DriverIRQHandler
                0x00000000600025c4                TMR1_IRQHandler
                0x00000000600025c4                TRNG_IRQHandler
                0x00000000600025c4                CTI1_ERROR_IRQHandler
                0x00000000600025c4                PWM1_3_IRQHandler
                0x00000000600025c8                NMI_Handler
                0x00000000600025d0                SVC_Handler
                0x00000000600025d4                PendSV_Handler
                0x00000000600025dc                DMA0_DMA16_IRQHandler
                0x00000000600025e0                DMA1_DMA17_IRQHandler
                0x00000000600025e4                DMA2_DMA18_IRQHandler
                0x00000000600025e8                DMA3_DMA19_IRQHandler
                0x00000000600025ec                DMA4_DMA20_IRQHandler
                0x00000000600025f0                DMA5_DMA21_IRQHandler
                0x00000000600025f4                DMA6_DMA22_IRQHandler
                0x00000000600025f8                DMA7_DMA23_IRQHandler
                0x00000000600025fc                DMA8_DMA24_IRQHandler
                0x0000000060002600                DMA9_DMA25_IRQHandler
                0x0000000060002604                DMA10_DMA26_IRQHandler
                0x0000000060002608                DMA11_DMA27_IRQHandler
                0x000000006000260c                DMA12_DMA28_IRQHandler
                0x0000000060002610                DMA13_DMA29_IRQHandler
                0x0000000060002614                DMA14_DMA30_IRQHandler
                0x0000000060002618                DMA15_DMA31_IRQHandler
                0x000000006000261c                DMA_ERROR_IRQHandler
                0x0000000060002628                LPUART3_IRQHandler
                0x000000006000262c                LPUART4_IRQHandler
                0x0000000060002630                LPUART5_IRQHandler
                0x0000000060002634                LPUART6_IRQHandler
                0x0000000060002638                LPUART7_IRQHandler
                0x000000006000263c                LPUART8_IRQHandler
                0x0000000060002640                LPI2C1_IRQHandler
                0x0000000060002644                LPI2C2_IRQHandler
                0x0000000060002648                LPI2C3_IRQHandler
                0x000000006000264c                LPI2C4_IRQHandler
                0x0000000060002650                LPSPI1_IRQHandler
                0x0000000060002654                LPSPI2_IRQHandler
                0x0000000060002658                LPSPI3_IRQHandler
                0x000000006000265c                LPSPI4_IRQHandler
                0x0000000060002660                CAN1_IRQHandler
                0x0000000060002664                CAN2_IRQHandler
                0x0000000060002668                SAI1_IRQHandler
                0x000000006000266c                SAI2_IRQHandler
                0x0000000060002670                SAI3_RX_IRQHandler
                0x0000000060002674                SAI3_TX_IRQHandler
                0x0000000060002678                SPDIF_IRQHandler
                0x000000006000267c                FLEXIO1_IRQHandler
                0x0000000060002680                FLEXSPI_IRQHandler
                0x0000000060002684                USDHC1_IRQHandler
                0x0000000060002688                USDHC2_IRQHandler
                0x000000006000268c                ENET_IRQHandler
                0x0000000060002690                ENET_1588_Timer_IRQHandler
 .text          0x0000000060002760      0x134 /usr/local/mcuxpressoide-11.6.1_8255/ide/plugins/com.nxp.mcuxpresso.tools.linux_11.6.1.202207200623/tools/bin/../lib/gcc/arm-none-eabi/10.3.1/../../../../arm-none-eabi/lib/thumb/v7e-m+dp/hard/libc.a(lib_a-memcpy.o)
                0x0000000060002760                memcpy
 *(SORT_BY_ALIGNMENT(EXCLUDE_FILE(*fsl_flexspi.o *flexspi_nor_flash_ops.o) .text*))
 *fill*         0x0000000060002894        0x4 
 .text.Hardware_GetGUID
                0x0000000060002898       0x10 ./source/DCDCBoard/src/hardware.o
                0x0000000060002898                Hardware_GetGUID
 .text.__assert_func
                0x00000000600028a8       0x20 ./utilities/fsl_assert.o
                0x00000000600028a8                __assert_func
 .text.DbgConsole_PrintfFormattedData.constprop.0
                0x00000000600028c8      0x3d8 ./utilities/fsl_debug_console.o
 .text.DbgConsole_Printf
                0x0000000060002ca0       0x2c ./utilities/fsl_debug_console.o
                0x0000000060002ca0                DbgConsole_Printf
 .text.Buffer_Enqueue
                0x0000000060002ccc       0x64 ./source/hal/buffer.o
                0x0000000060002ccc                Buffer_Enqueue
 .text.Buffer_Dequeue
                0x0000000060002d30       0x2c ./source/hal/buffer.o
                0x0000000060002d30                Buffer_Dequeue
 .text.Buffer_GetSize
                0x0000000060002d5c        0x4 ./source/hal/buffer.o
                0x0000000060002d5c                Buffer_GetSize
 .text.Buffer_Init
                0x0000000060002d60       0x1c ./source/hal/buffer.o
                0x0000000060002d60                Buffer_Init
 .text.Buffer_int32
                0x0000000060002d7c       0x60 ./source/hal/buffer_printf.o
                0x0000000060002d7c                Buffer_int32
 .text.Buffer_HexN
                0x0000000060002ddc       0x74 ./source/hal/buffer_printf.o
                0x0000000060002ddc                Buffer_HexN
 .text.Buffer_Float
                0x0000000060002e50      0x114 ./source/hal/buffer_printf.o
                0x0000000060002e50                Buffer_Float
 .text.Buffer_vprintf
                0x0000000060002f64      0x2f8 ./source/hal/buffer_printf.o
                0x0000000060002f64                Buffer_vprintf
 .text.CRC16_Update
                0x000000006000325c       0x44 ./source/hal/crc16.o
                0x000000006000325c                CRC16_Update
 .text.EEPROM_Init
                0x00000000600032a0       0x18 ./source/hal/eeprom.o
                0x00000000600032a0                EEPROM_Init
 .text.EEPROM_Read
                0x00000000600032b8        0x4 ./source/hal/eeprom.o
                0x00000000600032b8                EEPROM_Read
 .text.FLASH_Init
                0x00000000600032bc        0xc ./source/hal/flash.o
                0x00000000600032bc                FLASH_Init
 .text.FLASH_EraseSector
                0x00000000600032c8       0x24 ./source/hal/flash.o
                0x00000000600032c8                FLASH_EraseSector
 .text.FLASH_Program
                0x00000000600032ec       0x28 ./source/hal/flash.o
                0x00000000600032ec                FLASH_Program
 .text.hal_EEPROM_Init
                0x0000000060003314       0x9c ./source/hal/hal_eeprom.o
                0x0000000060003314                hal_EEPROM_Init
 .text.hal_EEPROM_Read
                0x00000000600033b0       0x7c ./source/hal/hal_eeprom.o
                0x00000000600033b0                hal_EEPROM_Read
 .text.hal_Timing_Init
                0x000000006000342c       0x28 ./source/hal/hal_timing.o
                0x000000006000342c                hal_Timing_Init
 .text.SysTick_Handler
                0x0000000060003454        0x4 ./source/hal/hal_timing.o
                0x0000000060003454                SysTick_Handler
 .text.hal_UART_EnableInterrupts.part.0
                0x0000000060003458       0x28 ./source/hal/hal_uart.o
 .text.hal_UART_Init
                0x0000000060003480      0x12c ./source/hal/hal_uart.o
                0x0000000060003480                hal_UART_Init
 .text.hal_UART_Disable
                0x00000000600035ac       0x1c ./source/hal/hal_uart.o
                0x00000000600035ac                hal_UART_Disable
 .text.hal_UART_EnableTxInterrupt
                0x00000000600035c8       0x1c ./source/hal/hal_uart.o
                0x00000000600035c8                hal_UART_EnableTxInterrupt
 .text.hal_UART_DisableTxInterrupt
                0x00000000600035e4       0x1c ./source/hal/hal_uart.o
                0x00000000600035e4                hal_UART_DisableTxInterrupt
 .text.hal_UART_TxByte
                0x0000000060003600       0x14 ./source/hal/hal_uart.o
                0x0000000060003600                hal_UART_TxByte
 .text.hal_UART_RxByte
                0x0000000060003614       0x1c ./source/hal/hal_uart.o
                0x0000000060003614                hal_UART_RxByte
 .text.hal_UART_DataAvailable
                0x0000000060003630       0x1c ./source/hal/hal_uart.o
                0x0000000060003630                hal_UART_DataAvailable
 .text.hal_UART_SpaceAvailable
                0x000000006000364c       0x1c ./source/hal/hal_uart.o
                0x000000006000364c                hal_UART_SpaceAvailable
 .text.hal_UART_TxInterruptEnabled
                0x0000000060003668       0x1c ./source/hal/hal_uart.o
                0x0000000060003668                hal_UART_TxInterruptEnabled
 .text.LPUART1_IRQHandler
                0x0000000060003684       0x14 ./source/hal/hal_uart.o
                0x0000000060003684                LPUART1_IRQHandler
 .text.LPUART2_IRQHandler
                0x0000000060003698       0x14 ./source/hal/hal_uart.o
                0x0000000060003698                LPUART2_IRQHandler
 .text.GetUnusedLink
                0x00000000600036ac       0xac ./source/hal/list.o
 .text.List_Init
                0x0000000060003758       0x40 ./source/hal/list.o
                0x0000000060003758                List_Init
 .text.List_SetSortFunction
                0x0000000060003798        0x4 ./source/hal/list.o
                0x0000000060003798                List_SetSortFunction
 .text.List_SetIdentifyFunction
                0x000000006000379c        0x4 ./source/hal/list.o
                0x000000006000379c                List_SetIdentifyFunction
 .text.List_AddIndirect
                0x00000000600037a0       0x34 ./source/hal/list.o
                0x00000000600037a0                List_AddIndirect
 .text.List_GetFirst
                0x00000000600037d4       0x10 ./source/hal/list.o
                0x00000000600037d4                List_GetFirst
 .text.List_GetNext
                0x00000000600037e4       0x60 ./source/hal/list.o
                0x00000000600037e4                List_GetNext
 .text.Subsystem_Init
                0x0000000060003844       0x88 ./source/hal/subsys.o
                0x0000000060003844                Subsystem_Init
 .text.ProcessMsg
                0x00000000600038cc      0x154 ./source/hal/subsys.o
                0x00000000600038cc                ProcessMsg
 .text.ReceiveChar
                0x0000000060003a20       0x9c ./source/hal/subsys.o
                0x0000000060003a20                ReceiveChar
 .text.LogStr   0x0000000060003abc       0x20 ./source/hal/subsys.o
                0x0000000060003abc                LogStr
 .text.LogMsg   0x0000000060003adc       0x70 ./source/hal/subsys.o
                0x0000000060003adc                LogMsg
 .text.SystemCallback
                0x0000000060003b4c      0x1f0 ./source/hal/subsys.o
 .text.SortTask
                0x0000000060003d3c       0x10 ./source/hal/task.o
 .text.IdentifyTask
                0x0000000060003d4c        0xc ./source/hal/task.o
 .text.RollTimer
                0x0000000060003d58       0x3c ./source/hal/task.o
 .text.Task_Init
                0x0000000060003d94       0x80 ./source/hal/task.o
                0x0000000060003d94                Task_Init
 .text.Task_Schedule
                0x0000000060003e14       0x38 ./source/hal/task.o
                0x0000000060003e14                Task_Schedule
 .text.TimingISR
                0x0000000060003e4c       0x24 ./source/hal/timing.o
                0x0000000060003e4c                TimingISR
 .text.Timing_Init
                0x0000000060003e70       0x2c ./source/hal/timing.o
                0x0000000060003e70                Timing_Init
 .text.TimeNow  0x0000000060003e9c        0xc ./source/hal/timing.o
                0x0000000060003e9c                TimeNow
 .text.TimeSince
                0x0000000060003ea8       0x24 ./source/hal/timing.o
                0x0000000060003ea8                TimeSince
 .text.DelayMs  0x0000000060003ecc       0x34 ./source/hal/timing.o
                0x0000000060003ecc                DelayMs
 .text.Timing_Roll
                0x0000000060003f00       0x18 ./source/hal/timing.o
                0x0000000060003f00                Timing_Roll
 .text.TimeNowUngated
                0x0000000060003f18        0xc ./source/hal/timing.o
                0x0000000060003f18                TimeNowUngated
 .text.UART_Tick
                0x0000000060003f24      0x170 ./source/hal/uart.o
                0x0000000060003f24                UART_Tick
 .text.UART_Tx_Start.part.0
                0x0000000060004094       0x40 ./source/hal/uart.o
 .text.UART_Init
                0x00000000600040d4       0xf8 ./source/hal/uart.o
                0x00000000600040d4                UART_Init
 .text.UART_WriteByte
                0x00000000600041cc       0x34 ./source/hal/uart.o
                0x00000000600041cc                UART_WriteByte
 .text.UART_printf
                0x0000000060004200       0x3c ./source/hal/uart.o
                0x0000000060004200                UART_printf
 .text.UART_vprintf
                0x000000006000423c       0x34 ./source/hal/uart.o
                0x000000006000423c                UART_vprintf
 .text.UART_RegisterReceiver
                0x0000000060004270       0x3c ./source/hal/uart.o
                0x0000000060004270                UART_RegisterReceiver
 .text.UART_Tx_Handler
                0x00000000600042ac       0x40 ./source/hal/uart.o
                0x00000000600042ac                UART_Tx_Handler
 .text.UART_Rx_Handler
                0x00000000600042ec       0x4c ./source/hal/uart.o
                0x00000000600042ec                UART_Rx_Handler
 .text.JumpToUserApplication
                0x0000000060004338       0x20 ./source/bootloader/bootloader.o
                0x0000000060004338                JumpToUserApplication
 .text.Bootloader_DontLoadApp
                0x0000000060004358        0xc ./source/bootloader/bootloader.o
                0x0000000060004358                Bootloader_DontLoadApp
 .text.JumpToAppStateMachine
                0x0000000060004364       0x9c ./source/bootloader/bootloader.o
                0x0000000060004364                JumpToAppStateMachine
 .text.Bootloader_Init
                0x0000000060004400       0x74 ./source/bootloader/bootloader.o
                0x0000000060004400                Bootloader_Init
 .text.usMBCRC16
                0x0000000060004474       0x38 ./source/alencon_armcm_core/commonlib/freemodbus/modbus/rtu/mbcrc.o
                0x0000000060004474                usMBCRC16
 .text.eMBFuncReadCoils
                0x00000000600044ac       0x74 ./source/alencon_armcm_core/commonlib/freemodbus/modbus/functions/mbfunccoils.o
                0x00000000600044ac                eMBFuncReadCoils
 .text.eMBFuncWriteCoil
                0x0000000060004520       0x60 ./source/alencon_armcm_core/commonlib/freemodbus/modbus/functions/mbfunccoils.o
                0x0000000060004520                eMBFuncWriteCoil
 .text.eMBFuncWriteMultipleCoils
                0x0000000060004580       0x64 ./source/alencon_armcm_core/commonlib/freemodbus/modbus/functions/mbfunccoils.o
                0x0000000060004580                eMBFuncWriteMultipleCoils
 .text.eMBFuncReadDiscreteInputs
                0x00000000600045e4       0x70 ./source/alencon_armcm_core/commonlib/freemodbus/modbus/functions/mbfuncdisc.o
                0x00000000600045e4                eMBFuncReadDiscreteInputs
 .text.eMBFuncWriteHoldingRegister
                0x0000000060004654       0x30 ./source/alencon_armcm_core/commonlib/freemodbus/modbus/functions/mbfuncholding.o
                0x0000000060004654                eMBFuncWriteHoldingRegister
 .text.eMBFuncWriteMultipleHoldingRegister
                0x0000000060004684       0x54 ./source/alencon_armcm_core/commonlib/freemodbus/modbus/functions/mbfuncholding.o
                0x0000000060004684                eMBFuncWriteMultipleHoldingRegister
 .text.eMBFuncReadHoldingRegister
                0x00000000600046d8       0x64 ./source/alencon_armcm_core/commonlib/freemodbus/modbus/functions/mbfuncholding.o
                0x00000000600046d8                eMBFuncReadHoldingRegister
 .text.eMBFuncReadWriteMultipleHoldingRegister
                0x000000006000473c       0x8c ./source/alencon_armcm_core/commonlib/freemodbus/modbus/functions/mbfuncholding.o
                0x000000006000473c                eMBFuncReadWriteMultipleHoldingRegister
 .text.eMBFuncReadInputRegister
                0x00000000600047c8       0x60 ./source/alencon_armcm_core/commonlib/freemodbus/modbus/functions/mbfuncinput.o
                0x00000000600047c8                eMBFuncReadInputRegister
 .text.eMBSetSlaveID
                0x0000000060004828       0x4c ./source/alencon_armcm_core/commonlib/freemodbus/modbus/functions/mbfuncother.o
                0x0000000060004828                eMBSetSlaveID
 .text.eMBFuncReportSlaveID
                0x0000000060004874       0x24 ./source/alencon_armcm_core/commonlib/freemodbus/modbus/functions/mbfuncother.o
                0x0000000060004874                eMBFuncReportSlaveID
 .text.prveMBError2Exception
                0x0000000060004898       0x14 ./source/alencon_armcm_core/commonlib/freemodbus/modbus/functions/mbutils.o
                0x0000000060004898                prveMBError2Exception
 .text.eMBInit  0x00000000600048ac       0xc8 ./source/alencon_armcm_core/commonlib/freemodbus/modbus/mb.o
                0x00000000600048ac                eMBInit
 .text.eMBClose
                0x0000000060004974       0x24 ./source/alencon_armcm_core/commonlib/freemodbus/modbus/mb.o
                0x0000000060004974                eMBClose
 .text.eMBEnable
                0x0000000060004998       0x24 ./source/alencon_armcm_core/commonlib/freemodbus/modbus/mb.o
                0x0000000060004998                eMBEnable
 .text.eMBDisable
                0x00000000600049bc       0x2c ./source/alencon_armcm_core/commonlib/freemodbus/modbus/mb.o
                0x00000000600049bc                eMBDisable
 .text.eMBPoll  0x00000000600049e8      0x12c ./source/alencon_armcm_core/commonlib/freemodbus/modbus/mb.o
                0x00000000600049e8                eMBPoll
 .text.Modbus_Routine
                0x0000000060004b14       0xa4 ./source/Modbus/AlenconModbus.o
                0x0000000060004b14                Modbus_Routine
 .text.AlenconModbus_Stop
                0x0000000060004bb8       0x18 ./source/Modbus/AlenconModbus.o
                0x0000000060004bb8                AlenconModbus_Stop
 .text.Modbus_SetBaudRate
                0x0000000060004bd0       0x28 ./source/Modbus/AlenconModbus.o
                0x0000000060004bd0                Modbus_SetBaudRate
 .text.Modbus_ChangeSlaveAddress
                0x0000000060004bf8       0x38 ./source/Modbus/AlenconModbus.o
                0x0000000060004bf8                Modbus_ChangeSlaveAddress
 .text.Modbus_GetSlaveAddress
                0x0000000060004c30        0xc ./source/Modbus/AlenconModbus.o
                0x0000000060004c30                Modbus_GetSlaveAddress
 .text.Modbus_AddInputSource
                0x0000000060004c3c       0x3c ./source/Modbus/AlenconModbus.o
                0x0000000060004c3c                Modbus_AddInputSource
 .text.Modbus_AddHoldingRegister
                0x0000000060004c78       0x50 ./source/Modbus/AlenconModbus.o
                0x0000000060004c78                Modbus_AddHoldingRegister
 .text.eMBRegInputCB
                0x0000000060004cc8       0x60 ./source/Modbus/AlenconModbus.o
                0x0000000060004cc8                eMBRegInputCB
 .text.eMBRegHoldingCB
                0x0000000060004d28      0x10c ./source/Modbus/AlenconModbus.o
                0x0000000060004d28                eMBRegHoldingCB
 .text.eMBRegCoilsCB
                0x0000000060004e34        0x4 ./source/Modbus/AlenconModbus.o
                0x0000000060004e34                eMBRegCoilsCB
 .text.eMBRegDiscreteCB
                0x0000000060004e38        0x4 ./source/Modbus/AlenconModbus.o
                0x0000000060004e38                eMBRegDiscreteCB
 .text.__NVIC_SystemReset
                0x0000000060004e3c       0x24 ./source/Modbus/AlenconModbusBootloader.o
 .text.UpdateFirmwareVersion
                0x0000000060004e60       0x14 ./source/Modbus/AlenconModbusBootloader.o
 .text.ResetMCUCallback
                0x0000000060004e74       0x14 ./source/Modbus/AlenconModbusBootloader.o
 .text.BlockDataCallback
                0x0000000060004e88       0x40 ./source/Modbus/AlenconModbusBootloader.o
 .text.ResetUpdateState
                0x0000000060004ec8       0x28 ./source/Modbus/AlenconModbusBootloader.o
 .text.UpdateIndecies
                0x0000000060004ef0       0x10 ./source/Modbus/AlenconModbusBootloader.o
 .text.ReadProvisioning
                0x0000000060004f00       0x44 ./source/Modbus/AlenconModbusBootloader.o
 .text.UpdateBlockCRC
                0x0000000060004f44       0x4c ./source/Modbus/AlenconModbusBootloader.o
 .text.WriteProvisioning
                0x0000000060004f90       0x6c ./source/Modbus/AlenconModbusBootloader.o
 .text.WriteFirmwareBlock
                0x0000000060004ffc      0x134 ./source/Modbus/AlenconModbusBootloader.o
 .text.DiagnosticCallback
                0x0000000060005130       0xcc ./source/Modbus/AlenconModbusBootloader.o
 .text.EndOfFirmware
                0x00000000600051fc       0x8c ./source/Modbus/AlenconModbusBootloader.o
 .text.StartFirmwareUpdate
                0x0000000060005288       0x90 ./source/Modbus/AlenconModbusBootloader.o
 .text.AlenconModbus_Init
                0x0000000060005318      0x1ec ./source/Modbus/AlenconModbusBootloader.o
                0x0000000060005318                AlenconModbus_Init
 .text.AlenconModbus_InitBootloader
                0x0000000060005504       0x68 ./source/Modbus/AlenconModbusBootloader.o
                0x0000000060005504                AlenconModbus_InitBootloader
 .text.ModbusBootloader_Task
                0x000000006000556c       0xc4 ./source/Modbus/AlenconModbusBootloader.o
                0x000000006000556c                ModbusBootloader_Task
 .text.TxCompleteCallback
                0x0000000060005630        0x8 ./source/Modbus/DCDC_mbrtu.o
 .text.eMBRTUInit
                0x0000000060005638       0x4c ./source/Modbus/DCDC_mbrtu.o
                0x0000000060005638                eMBRTUInit
 .text.eMBRTUStart
                0x0000000060005684       0x1c ./source/Modbus/DCDC_mbrtu.o
                0x0000000060005684                eMBRTUStart
 .text.vMBPortSerialClose
                0x00000000600056a0        0x4 ./source/Modbus/DCDC_mbrtu.o
                0x00000000600056a0                vMBPortSerialClose
 .text.eMBRTUStop
                0x00000000600056a4       0x18 ./source/Modbus/DCDC_mbrtu.o
                0x00000000600056a4                eMBRTUStop
 .text.eMBRTUReceive
                0x00000000600056bc       0x70 ./source/Modbus/DCDC_mbrtu.o
                0x00000000600056bc                eMBRTUReceive
 .text.eMBRTUSend
                0x000000006000572c       0x64 ./source/Modbus/DCDC_mbrtu.o
                0x000000006000572c                eMBRTUSend
 .text.xMBRTUReceiveFSM
                0x0000000060005790       0xa8 ./source/Modbus/DCDC_mbrtu.o
                0x0000000060005790                xMBRTUReceiveFSM
 .text.xMBRTUTransmitFSM
                0x0000000060005838        0x4 ./source/Modbus/DCDC_mbrtu.o
                0x0000000060005838                xMBRTUTransmitFSM
 .text.xMBRTUTimerT35Expired
                0x000000006000583c       0x7c ./source/Modbus/DCDC_mbrtu.o
                0x000000006000583c                xMBRTUTimerT35Expired
 .text.xMBPortEventInit
                0x00000000600058b8       0x10 ./source/Modbus/mbportevent.o
                0x00000000600058b8                xMBPortEventInit
 .text.xMBPortEventPost
                0x00000000600058c8       0x18 ./source/Modbus/mbportevent.o
                0x00000000600058c8                xMBPortEventPost
 .text.xMBPortEventGet
                0x00000000600058e0       0x24 ./source/Modbus/mbportevent.o
                0x00000000600058e0                xMBPortEventGet
 .text.vMBPortEnterCritical
                0x0000000060005904       0x2c ./source/Modbus/mbportother.o
                0x0000000060005904                vMBPortEnterCritical
 .text.vMBPortExitCritical
                0x0000000060005930       0x14 ./source/Modbus/mbportother.o
                0x0000000060005930                vMBPortExitCritical
 .text.vMBPortClose
                0x0000000060005944       0x10 ./source/Modbus/mbportother.o
                0x0000000060005944                vMBPortClose
 .text.xMBPortTimersInit
                0x0000000060005954       0x34 ./source/Modbus/mbporttimer.o
                0x0000000060005954                xMBPortTimersInit
 .text.vMBPortTimerClose
                0x0000000060005988       0x14 ./source/Modbus/mbporttimer.o
                0x0000000060005988                vMBPortTimerClose
 .text.vMBPortTimersEnable
                0x000000006000599c       0x24 ./source/Modbus/mbporttimer.o
                0x000000006000599c                vMBPortTimersEnable
 .text.vMBPortTimersDisable
                0x00000000600059c0       0x14 ./source/Modbus/mbporttimer.o
                0x00000000600059c0                vMBPortTimersDisable
 .text.vMBPortTimersDelay
                0x00000000600059d4        0x4 ./source/Modbus/mbporttimer.o
                0x00000000600059d4                vMBPortTimersDelay
 .text.vMBPortTimersService
                0x00000000600059d8       0x34 ./source/Modbus/mbporttimer.o
                0x00000000600059d8                vMBPortTimersService
 .text.RS485_Rx_Push
                0x0000000060005a0c       0x48 ./source/DCDCComms/RS485Serial.o
                0x0000000060005a0c                RS485_Rx_Push
 .text.RS485_Serial_RegisterTxCompleteCallback
                0x0000000060005a54        0xc ./source/DCDCComms/RS485Serial.o
                0x0000000060005a54                RS485_Serial_RegisterTxCompleteCallback
 .text.RS485_Serial_init
                0x0000000060005a60       0x90 ./source/DCDCComms/RS485Serial.o
                0x0000000060005a60                RS485_Serial_init
 .text.RS485_Serial_Write
                0x0000000060005af0       0x4c ./source/DCDCComms/RS485Serial.o
                0x0000000060005af0                RS485_Serial_Write
 .text.RS485_Serial_Read
                0x0000000060005b3c       0x80 ./source/DCDCComms/RS485Serial.o
                0x0000000060005b3c                RS485_Serial_Read
 .text.RS485_Serial_Close
                0x0000000060005bbc        0x4 ./source/DCDCComms/RS485Serial.o
                0x0000000060005bbc                RS485_Serial_Close
 .text.hardware_init
                0x0000000060005bc0        0x4 ./source/DCDCBoard/src/hardware.o
                0x0000000060005bc0                hardware_init
 .text.Hardware_GetMCU
                0x0000000060005bc4       0x20 ./source/DCDCBoard/src/hardware.o
                0x0000000060005bc4                Hardware_GetMCU
 .text.Hardware_GetID
                0x0000000060005be4        0x4 ./source/DCDCBoard/src/hardware.o
                0x0000000060005be4                Hardware_GetID
 .text.Hardware_HasDiagnosticUART
                0x0000000060005be8        0x4 ./source/DCDCBoard/src/hardware.o
                0x0000000060005be8                Hardware_HasDiagnosticUART
 .text.Hardware_HasBidirectionalDCDC
                0x0000000060005bec        0x4 ./source/DCDCBoard/src/hardware.o
                0x0000000060005bec                Hardware_HasBidirectionalDCDC
 .text.Hardware_HasDabTopology
                0x0000000060005bf0        0x4 ./source/DCDCBoard/src/hardware.o
                0x0000000060005bf0                Hardware_HasDabTopology
 .text.initSYSTIM
                0x0000000060005bf4       0x28 ./source/delay.o
                0x0000000060005bf4                initSYSTIM
 .text.startup.main
                0x0000000060005c1c       0x74 ./source/main.o
                0x0000000060005c1c                main
 .text.HardFault_Handler
                0x0000000060005c90       0x2c ./source/semihost_hardfault.o
                0x0000000060005c90                HardFault_Handler
 .text.initSYSTEM
                0x0000000060005cbc      0x2c0 ./source/systemclk.o
                0x0000000060005cbc                initSYSTEM
 .text.DCACHE_InvalidateByRange
                0x0000000060005f7c       0x2c ./drivers/fsl_cache.o
                0x0000000060005f7c                DCACHE_InvalidateByRange
 .text.CLOCK_InitExternalClk
                0x0000000060005fa8       0x50 ./drivers/fsl_clock.o
                0x0000000060005fa8                CLOCK_InitExternalClk
 .text.CLOCK_SwitchOsc
                0x0000000060005ff8       0x18 ./drivers/fsl_clock.o
                0x0000000060005ff8                CLOCK_SwitchOsc
 .text.CLOCK_InitRcOsc24M
                0x0000000060006010       0x14 ./drivers/fsl_clock.o
                0x0000000060006010                CLOCK_InitRcOsc24M
 .text.CLOCK_DeinitAudioPll
                0x0000000060006024       0x10 ./drivers/fsl_clock.o
                0x0000000060006024                CLOCK_DeinitAudioPll
 .text.CLOCK_InitEnetPll
                0x0000000060006034       0x6c ./drivers/fsl_clock.o
                0x0000000060006034                CLOCK_InitEnetPll
 .text.CLOCK_InitSysPfd
                0x00000000600060a0       0x34 ./drivers/fsl_clock.o
                0x00000000600060a0                CLOCK_InitSysPfd
 .text.LPUART1_DriverIRQHandler
                0x00000000600060d4       0x20 ./drivers/fsl_lpuart.o
                0x00000000600060d4                LPUART1_DriverIRQHandler
 .text.LPUART2_DriverIRQHandler
                0x00000000600060f4       0x20 ./drivers/fsl_lpuart.o
                0x00000000600060f4                LPUART2_DriverIRQHandler
 .text.LPUART3_DriverIRQHandler
                0x0000000060006114       0x20 ./drivers/fsl_lpuart.o
                0x0000000060006114                LPUART3_DriverIRQHandler
 .text.LPUART4_DriverIRQHandler
                0x0000000060006134       0x20 ./drivers/fsl_lpuart.o
                0x0000000060006134                LPUART4_DriverIRQHandler
 .text.LPUART5_DriverIRQHandler
                0x0000000060006154       0x20 ./drivers/fsl_lpuart.o
                0x0000000060006154                LPUART5_DriverIRQHandler
 .text.LPUART6_DriverIRQHandler
                0x0000000060006174       0x20 ./drivers/fsl_lpuart.o
                0x0000000060006174                LPUART6_DriverIRQHandler
 .text.LPUART7_DriverIRQHandler
                0x0000000060006194       0x20 ./drivers/fsl_lpuart.o
                0x0000000060006194                LPUART7_DriverIRQHandler
 .text.LPUART8_DriverIRQHandler
                0x00000000600061b4       0x20 ./drivers/fsl_lpuart.o
                0x00000000600061b4                LPUART8_DriverIRQHandler
 .text.SystemInitHook
                0x00000000600061d4        0x4 ./device/system_MIMXRT1021.o
                0x00000000600061d4                SystemInitHook
 .text.SystemInit
                0x00000000600061d8       0x84 ./device/system_MIMXRT1021.o
                0x00000000600061d8                SystemInit
 .text.BOARD_BootClockRUN
                0x000000006000625c      0x6ac ./board/clock_config.o
                0x000000006000625c                BOARD_BootClockRUN
 .text.BOARD_InitBootClocks
                0x0000000060006908        0x4 ./board/clock_config.o
                0x0000000060006908                BOARD_InitBootClocks
 .text.BOARD_InitPins
                0x000000006000690c       0xa0 ./board/pin_mux.o
                0x000000006000690c                BOARD_InitPins
 .text.BOARD_InitBootPins
                0x00000000600069ac        0x4 ./board/pin_mux.o
                0x00000000600069ac                BOARD_InitBootPins
 .text.__libc_init_array
                0x00000000600069b0       0x48 /usr/local/mcuxpressoide-11.6.1_8255/ide/plugins/com.nxp.mcuxpresso.tools.linux_11.6.1.202207200623/tools/bin/../lib/gcc/arm-none-eabi/10.3.1/../../../../arm-none-eabi/lib/thumb/v7e-m+dp/hard/libc.a(lib_a-init.o)
                0x00000000600069b0                __libc_init_array
 .text.memcmp   0x00000000600069f8       0x64 /usr/local/mcuxpressoide-11.6.1_8255/ide/plugins/com.nxp.mcuxpresso.tools.linux_11.6.1.202207200623/tools/bin/../lib/gcc/arm-none-eabi/10.3.1/../../../../arm-none-eabi/lib/thumb/v7e-m+dp/hard/libc.a(lib_a-memcmp.o)
                0x00000000600069f8                memcmp
 .text.memset   0x0000000060006a5c       0xa4 /usr/local/mcuxpressoide-11.6.1_8255/ide/plugins/com.nxp.mcuxpresso.tools.linux_11.6.1.202207200623/tools/bin/../lib/gcc/arm-none-eabi/10.3.1/../../../../arm-none-eabi/lib/thumb/v7e-m+dp/hard/libc.a(lib_a-memset.o)
                0x0000000060006a5c                memset
 .text.strcasecmp
                0x0000000060006b00       0x4c /usr/local/mcuxpressoide-11.6.1_8255/ide/plugins/com.nxp.mcuxpresso.tools.linux_11.6.1.202207200623/tools/bin/../lib/gcc/arm-none-eabi/10.3.1/../../../../arm-none-eabi/lib/thumb/v7e-m+dp/hard/libc.a(lib_a-strcasecmp.o)
                0x0000000060006b00                strcasecmp
 .text.startup.register_fini
                0x0000000060006b4c       0x14 /usr/local/mcuxpressoide-11.6.1_8255/ide/plugins/com.nxp.mcuxpresso.tools.linux_11.6.1.202207200623/tools/bin/../lib/gcc/arm-none-eabi/10.3.1/../../../../arm-none-eabi/lib/thumb/v7e-m+dp/hard/libc.a(lib_a-__call_atexit.o)
 .text.atexit   0x0000000060006b60        0xc /usr/local/mcuxpressoide-11.6.1_8255/ide/plugins/com.nxp.mcuxpresso.tools.linux_11.6.1.202207200623/tools/bin/../lib/gcc/arm-none-eabi/10.3.1/../../../../arm-none-eabi/lib/thumb/v7e-m+dp/hard/libc.a(lib_a-atexit.o)
                0x0000000060006b60                atexit
 .text.__libc_fini_array
                0x0000000060006b6c       0x2c /usr/local/mcuxpressoide-11.6.1_8255/ide/plugins/com.nxp.mcuxpresso.tools.linux_11.6.1.202207200623/tools/bin/../lib/gcc/arm-none-eabi/10.3.1/../../../../arm-none-eabi/lib/thumb/v7e-m+dp/hard/libc.a(lib_a-fini.o)
                0x0000000060006b6c                __libc_fini_array
 .text.__retarget_lock_acquire_recursive
                0x0000000060006b98        0x4 /usr/local/mcuxpressoide-11.6.1_8255/ide/plugins/com.nxp.mcuxpresso.tools.linux_11.6.1.202207200623/tools/bin/../lib/gcc/arm-none-eabi/10.3.1/../../../../arm-none-eabi/lib/thumb/v7e-m+dp/hard/libc.a(lib_a-lock.o)
                0x0000000060006b98                __retarget_lock_acquire_recursive
 .text.__retarget_lock_release_recursive
                0x0000000060006b9c        0x4 /usr/local/mcuxpressoide-11.6.1_8255/ide/plugins/com.nxp.mcuxpresso.tools.linux_11.6.1.202207200623/tools/bin/../lib/gcc/arm-none-eabi/10.3.1/../../../../arm-none-eabi/lib/thumb/v7e-m+dp/hard/libc.a(lib_a-lock.o)
                0x0000000060006b9c                __retarget_lock_release_recursive
 .text.__register_exitproc
                0x0000000060006ba0       0x8c /usr/local/mcuxpressoide-11.6.1_8255/ide/plugins/com.nxp.mcuxpresso.tools.linux_11.6.1.202207200623/tools/bin/../lib/gcc/arm-none-eabi/10.3.1/../../../../arm-none-eabi/lib/thumb/v7e-m+dp/hard/libc.a(lib_a-__atexit.o)
                0x0000000060006ba0                __register_exitproc
 *(SORT_BY_ALIGNMENT(.rodata) SORT_BY_ALIGNMENT(.rodata.*) SORT_BY_ALIGNMENT(.constdata) SORT_BY_ALIGNMENT(.constdata.*))
 .rodata.__assert_func.str1.4
                0x0000000060006c2c       0x3e ./utilities/fsl_assert.o
 *fill*         0x0000000060006c6a        0x2 
 .rodata.crc_table
                0x0000000060006c6c       0x40 ./source/hal/crc16.o
 .rodata.hal_UART_Init.str1.4
                0x0000000060006cac       0xc6 ./source/hal/hal_uart.o
 *fill*         0x0000000060006d72        0x2 
 .rodata        0x0000000060006d74       0x24 ./source/hal/hal_uart.o
 .rodata.__func__.0
                0x0000000060006d98       0x12 ./source/hal/hal_uart.o
 *fill*         0x0000000060006daa        0x2 
 .rodata.GetSubsystemName.str1.4
                0x0000000060006dac        0xe ./source/hal/subsys.o
 *fill*         0x0000000060006dba        0x2 
 .rodata.Subsystem_Init.str1.4
                0x0000000060006dbc        0x4 ./source/hal/subsys.o
 .rodata.LogMsg.str1.4
                0x0000000060006dc0        0x8 ./source/hal/subsys.o
 .rodata.SystemCallback.str1.4
                0x0000000060006dc8       0x8a ./source/hal/subsys.o
                                         0x8e (size before relaxing)
 *fill*         0x0000000060006e52        0x2 
 .rodata.JumpToAppStateMachine.str1.4
                0x0000000060006e54       0x19 ./source/bootloader/bootloader.o
 *fill*         0x0000000060006e6d        0x3 
 .rodata.Bootloader_Init.str1.4
                0x0000000060006e70       0x26 ./source/bootloader/bootloader.o
 *fill*         0x0000000060006e96        0x2 
 .rodata.aucCRCHi
                0x0000000060006e98      0x100 ./source/alencon_armcm_core/commonlib/freemodbus/modbus/rtu/mbcrc.o
 .rodata.aucCRCLo
                0x0000000060006f98      0x100 ./source/alencon_armcm_core/commonlib/freemodbus/modbus/rtu/mbcrc.o
 .rodata.CSWTCH.8
                0x0000000060007098        0x8 ./source/alencon_armcm_core/commonlib/freemodbus/modbus/functions/mbutils.o
 .rodata.ucSlaveID
                0x00000000600070a0        0x3 ./source/Modbus/AlenconModbus.o
                0x00000000600070a0                ucSlaveID
 *fill*         0x00000000600070a3        0x1 
 .rodata.WriteFirmwareBlock.str1.4
                0x00000000600070a4       0x1a ./source/Modbus/AlenconModbusBootloader.o
 *fill*         0x00000000600070be        0x2 
 .rodata.DiagnosticCallback.str1.4
                0x00000000600070c0       0xab ./source/Modbus/AlenconModbusBootloader.o
 *fill*         0x000000006000716b        0x1 
 .rodata.StartFirmwareUpdate.str1.4
                0x000000006000716c       0x3f ./source/Modbus/AlenconModbusBootloader.o
 *fill*         0x00000000600071ab        0x1 
 .rodata.AlenconModbus_Init.str1.4
                0x00000000600071ac        0x5 ./source/Modbus/AlenconModbusBootloader.o
 *fill*         0x00000000600071b1        0x3 
 .rodata.eMBRTUReceive.str1.4
                0x00000000600071b4       0x31 ./source/Modbus/DCDC_mbrtu.o
 *fill*         0x00000000600071e5        0x3 
 .rodata.xMBRTUReceiveFSM.str1.4
                0x00000000600071e8       0x1b ./source/Modbus/DCDC_mbrtu.o
 *fill*         0x0000000060007203        0x1 
 .rodata.xMBRTUTimerT35Expired.str1.4
                0x0000000060007204       0x63 ./source/Modbus/DCDC_mbrtu.o
 *fill*         0x0000000060007267        0x1 
 .rodata.__func__.0
                0x0000000060007268       0x16 ./source/Modbus/DCDC_mbrtu.o
 *fill*         0x000000006000727e        0x2 
 .rodata.__func__.1
                0x0000000060007280       0x11 ./source/Modbus/DCDC_mbrtu.o
 *fill*         0x0000000060007291        0x3 
 .rodata.__func__.2
                0x0000000060007294        0xe ./source/Modbus/DCDC_mbrtu.o
 *fill*         0x00000000600072a2        0x2 
 .rodata.RS485_Serial_Write.str1.4
                0x00000000600072a4       0x14 ./source/DCDCComms/RS485Serial.o
 .rodata.initSYSTEM.str1.4
                0x00000000600072b8       0x47 ./source/systemclk.o
 *fill*         0x00000000600072ff        0x1 
 .rodata.__func__.0
                0x0000000060007300        0xb ./source/systemclk.o
 *fill*         0x000000006000730b        0x1 
 .rodata.customLUT
                0x000000006000730c       0xf0 ./drivers/flexspi_nor_flash_ops.o
                0x000000006000730c                customLUT
 .rodata.CLOCK_InitExternalClk.str1.4
                0x00000000600073fc       0x1c ./drivers/fsl_clock.o
 .rodata.__func__.7
                0x0000000060007418       0x16 ./drivers/fsl_clock.o
 *fill*         0x000000006000742e        0x2 
 .rodata.FLEXSPI_Memset.part.0.str1.4
                0x0000000060007430       0x1a ./drivers/fsl_flexspi.o
 *fill*         0x000000006000744a        0x2 
 .rodata.FLEXSPI_GetInstance.part.0.str1.4
                0x000000006000744c       0x26 ./drivers/fsl_flexspi.o
 *fill*         0x0000000060007472        0x2 
 .rodata.FLEXSPI_CheckAndClearError.str1.4
                0x0000000060007474        0x6 ./drivers/fsl_flexspi.o
 *fill*         0x000000006000747a        0x2 
 .rodata.FLEXSPI_UpdateLUT.str1.4
                0x000000006000747c        0xc ./drivers/fsl_flexspi.o
 .rodata.__func__.4
                0x0000000060007488       0x12 ./drivers/fsl_flexspi.o
 *fill*         0x000000006000749a        0x2 
 .rodata.__func__.6
                0x000000006000749c        0xf ./drivers/fsl_flexspi.o
 *fill*         0x00000000600074ab        0x1 
 .rodata.__func__.8
                0x00000000600074ac       0x1b ./drivers/fsl_flexspi.o
 *fill*         0x00000000600074c7        0x1 
 .rodata.__func__.9
                0x00000000600074c8       0x14 ./drivers/fsl_flexspi.o
 .rodata.enetPllConfig_BOARD_BootClockRUN
                0x00000000600074dc        0x5 ./board/clock_config.o
                0x00000000600074dc                enetPllConfig_BOARD_BootClockRUN
 *fill*         0x00000000600074e1        0x3 
 .rodata._global_impure_ptr
                0x00000000600074e4        0x4 /usr/local/mcuxpressoide-11.6.1_8255/ide/plugins/com.nxp.mcuxpresso.tools.linux_11.6.1.202207200623/tools/bin/../lib/gcc/arm-none-eabi/10.3.1/../../../../arm-none-eabi/lib/thumb/v7e-m+dp/hard/libc.a(lib_a-impure.o)
                0x00000000600074e4                _global_impure_ptr
 .rodata._ctype_
                0x00000000600074e8      0x101 /usr/local/mcuxpressoide-11.6.1_8255/ide/plugins/com.nxp.mcuxpresso.tools.linux_11.6.1.202207200623/tools/bin/../lib/gcc/arm-none-eabi/10.3.1/../../../../arm-none-eabi/lib/thumb/v7e-m+dp/hard/libc.a(lib_a-ctype_.o)
                0x00000000600074e8                _ctype_
 *(SORT_BY_ALIGNMENT(.glue_7))
 .glue_7        0x00000000600075e9        0x0 linker stubs
 *(SORT_BY_ALIGNMENT(.glue_7t))
 .glue_7t       0x00000000600075e9        0x0 linker stubs
 *(SORT_BY_ALIGNMENT(.eh_frame))
 *fill*         0x00000000600075e9        0x3 
 .eh_frame      0x00000000600075ec        0x0 /usr/local/mcuxpressoide-11.6.1_8255/ide/plugins/com.nxp.mcuxpresso.tools.linux_11.6.1.202207200623/tools/bin/../lib/gcc/arm-none-eabi/10.3.1/thumb/v7e-m+dp/hard/crtbegin.o
 *(.init)
 .init          0x00000000600075ec        0x4 /usr/local/mcuxpressoide-11.6.1_8255/ide/plugins/com.nxp.mcuxpresso.tools.linux_11.6.1.202207200623/tools/bin/../lib/gcc/arm-none-eabi/10.3.1/thumb/v7e-m+dp/hard/crti.o
                0x00000000600075ec                _init
 .init          0x00000000600075f0        0x8 /usr/local/mcuxpressoide-11.6.1_8255/ide/plugins/com.nxp.mcuxpresso.tools.linux_11.6.1.202207200623/tools/bin/../lib/gcc/arm-none-eabi/10.3.1/thumb/v7e-m+dp/hard/crtn.o
 *(.fini)
 .fini          0x00000000600075f8        0x4 /usr/local/mcuxpressoide-11.6.1_8255/ide/plugins/com.nxp.mcuxpresso.tools.linux_11.6.1.202207200623/tools/bin/../lib/gcc/arm-none-eabi/10.3.1/thumb/v7e-m+dp/hard/crti.o
                0x00000000600075f8                _fini
 .fini          0x00000000600075fc        0x8 /usr/local/mcuxpressoide-11.6.1_8255/ide/plugins/com.nxp.mcuxpresso.tools.linux_11.6.1.202207200623/tools/bin/../lib/gcc/arm-none-eabi/10.3.1/thumb/v7e-m+dp/hard/crtn.o
 *fill*         0x0000000060007604        0x4 
 .fini.__stub   0x0000000060007608       0x20 linker stubs
                0x0000000060007628                . = ALIGN (0x4)

.vfp11_veneer   0x0000000060007628        0x0
 .vfp11_veneer  0x0000000060007628        0x0 linker stubs

.v4_bx          0x0000000060007628        0x0
 .v4_bx         0x0000000060007628        0x0 linker stubs

.iplt           0x0000000060007628        0x0
 .iplt          0x0000000060007628        0x0 /usr/local/mcuxpressoide-11.6.1_8255/ide/plugins/com.nxp.mcuxpresso.tools.linux_11.6.1.202207200623/tools/bin/../lib/gcc/arm-none-eabi/10.3.1/thumb/v7e-m+dp/hard/crtbegin.o

.rel.dyn        0x0000000060007628        0x0
 .rel.iplt      0x0000000060007628        0x0 /usr/local/mcuxpressoide-11.6.1_8255/ide/plugins/com.nxp.mcuxpresso.tools.linux_11.6.1.202207200623/tools/bin/../lib/gcc/arm-none-eabi/10.3.1/thumb/v7e-m+dp/hard/crtbegin.o

.ARM.extab
 *(SORT_BY_ALIGNMENT(.ARM.extab*) SORT_BY_ALIGNMENT(.gnu.linkonce.armextab.*))

.ARM            0x0000000060007628        0x0
                0x0000000060007628                __exidx_start = .
 *(SORT_BY_ALIGNMENT(.ARM.exidx*))
                0x0000000060007628                __exidx_end = .

.ctors          0x0000000060007628        0x0
                0x0000000060007628                __CTOR_LIST__ = .
 *crtbegin.o(SORT_BY_ALIGNMENT(.ctors))
 *crtbegin?.o(SORT_BY_ALIGNMENT(.ctors))
 *(SORT_BY_ALIGNMENT(EXCLUDE_FILE(*crtend.o *crtend?.o) .ctors))
 *(SORT_BY_NAME(SORT_BY_ALIGNMENT(.ctors.*)))
 *(SORT_BY_ALIGNMENT(.ctors))
                0x0000000060007628                __CTOR_END__ = .

.dtors          0x0000000060007628        0x0
                0x0000000060007628                __DTOR_LIST__ = .
 *crtbegin.o(SORT_BY_ALIGNMENT(.dtors))
 *crtbegin?.o(SORT_BY_ALIGNMENT(.dtors))
 *(SORT_BY_ALIGNMENT(EXCLUDE_FILE(*crtend.o *crtend?.o) .dtors))
 *(SORT_BY_NAME(SORT_BY_ALIGNMENT(.dtors.*)))
 *(SORT_BY_ALIGNMENT(.dtors))
                0x0000000060007628                __DTOR_END__ = .

.preinit_array  0x0000000060007628        0x0
                0x0000000060007628                PROVIDE (__preinit_array_start = .)
 *(SORT_BY_ALIGNMENT(.preinit_array*))
                0x0000000060007628                PROVIDE (__preinit_array_end = .)

.init_array     0x0000000060007628        0x8
                0x0000000060007628                PROVIDE (__init_array_start = .)
 *(SORT_BY_NAME(SORT_BY_ALIGNMENT(.init_array.*)))
 .init_array.00000
                0x0000000060007628        0x4 /usr/local/mcuxpressoide-11.6.1_8255/ide/plugins/com.nxp.mcuxpresso.tools.linux_11.6.1.202207200623/tools/bin/../lib/gcc/arm-none-eabi/10.3.1/../../../../arm-none-eabi/lib/thumb/v7e-m+dp/hard/libc.a(lib_a-__call_atexit.o)
 *(SORT_BY_ALIGNMENT(.init_array*))
 .init_array    0x000000006000762c        0x4 /usr/local/mcuxpressoide-11.6.1_8255/ide/plugins/com.nxp.mcuxpresso.tools.linux_11.6.1.202207200623/tools/bin/../lib/gcc/arm-none-eabi/10.3.1/thumb/v7e-m+dp/hard/crtbegin.o
                0x0000000060007630                PROVIDE (__init_array_end = .)

.fini_array     0x0000000060007630        0x4
                0x0000000060007630                PROVIDE (__fini_array_start = .)
 *(SORT_BY_NAME(SORT_BY_ALIGNMENT(.fini_array.*)))
 *(SORT_BY_ALIGNMENT(.fini_array*))
 .fini_array    0x0000000060007630        0x4 /usr/local/mcuxpressoide-11.6.1_8255/ide/plugins/com.nxp.mcuxpresso.tools.linux_11.6.1.202207200623/tools/bin/../lib/gcc/arm-none-eabi/10.3.1/thumb/v7e-m+dp/hard/crtbegin.o
                0x0000000060007634                PROVIDE (__fini_array_end = .)
                0x0000000060007634                __etext = .
                0x0000000060007634                __DATA_ROM = .

.interrupts_ram
                0x0000000020000000        0x0
                0x0000000020000000                . = ALIGN (0x4)
                0x0000000020000000                __VECTOR_RAM__ = .
                0x0000000020000000                __interrupts_ram_start__ = .
 *(SORT_BY_ALIGNMENT(.m_interrupts_ram))
                0x0000000020000000                . = (. + VECTOR_RAM_SIZE)
                0x0000000020000000                . = ALIGN (0x4)
                0x0000000020000000                __interrupts_ram_end__ = .
                0x0000000060007634                _flexspi = LOADADDR (.flexspi)

.flexspi        0x0000000000000000     0x1010 load address 0x0000000060007634
                0x0000000000000000                . = ALIGN (0x4)
                0x0000000000000000                __flexspi_start__ = .
 *flexspi_nor_flash_ops.o(SORT_BY_ALIGNMENT(.text*))
 .text.flexspi_nor_disable_cache
                0x0000000000000000       0xb4 ./drivers/flexspi_nor_flash_ops.o
                0x0000000000000000                flexspi_nor_disable_cache
 .text.flexspi_nor_enable_cache
                0x00000000000000b4       0xa4 ./drivers/flexspi_nor_flash_ops.o
                0x00000000000000b4                flexspi_nor_enable_cache
 .text.flexspi_nor_enable_quad_mode
                0x0000000000000158       0x8c ./drivers/flexspi_nor_flash_ops.o
                0x0000000000000158                flexspi_nor_enable_quad_mode
 .text.flexspi_nor_flash_erase_sector
                0x00000000000001e4       0x84 ./drivers/flexspi_nor_flash_ops.o
                0x00000000000001e4                flexspi_nor_flash_erase_sector
 .text.flexspi_nor_flash_program
                0x0000000000000268       0x94 ./drivers/flexspi_nor_flash_ops.o
                0x0000000000000268                flexspi_nor_flash_program
 .text.flexspi_nor_flash_init
                0x00000000000002fc       0xa0 ./drivers/flexspi_nor_flash_ops.o
                0x00000000000002fc                flexspi_nor_flash_init
 *fsl_flexspi.o(SORT_BY_ALIGNMENT(.text*))
 .text.FLEXSPI_Memset.part.0
                0x000000000000039c       0x1c ./drivers/fsl_flexspi.o
 .text.FLEXSPI_GetInstance.part.0
                0x00000000000003b8       0x1c ./drivers/fsl_flexspi.o
 .text.FLEXSPI_CheckAndClearError
                0x00000000000003d4       0x64 ./drivers/fsl_flexspi.o
                0x00000000000003d4                FLEXSPI_CheckAndClearError
 .text.FLEXSPI_Init
                0x0000000000000438      0x188 ./drivers/fsl_flexspi.o
                0x0000000000000438                FLEXSPI_Init
 .text.FLEXSPI_GetDefaultConfig
                0x00000000000005c0       0x90 ./drivers/fsl_flexspi.o
                0x00000000000005c0                FLEXSPI_GetDefaultConfig
 .text.FLEXSPI_UpdateDllValue
                0x0000000000000650       0xc4 ./drivers/fsl_flexspi.o
                0x0000000000000650                FLEXSPI_UpdateDllValue
 .text.FLEXSPI_SetFlashConfig
                0x0000000000000714      0x120 ./drivers/fsl_flexspi.o
                0x0000000000000714                FLEXSPI_SetFlashConfig
 .text.FLEXSPI_UpdateLUT
                0x0000000000000834       0x68 ./drivers/fsl_flexspi.o
                0x0000000000000834                FLEXSPI_UpdateLUT
 .text.FLEXSPI_WriteBlocking
                0x000000000000089c       0x8c ./drivers/fsl_flexspi.o
                0x000000000000089c                FLEXSPI_WriteBlocking
 .text.FLEXSPI_ReadBlocking
                0x0000000000000928       0xb4 ./drivers/fsl_flexspi.o
                0x0000000000000928                FLEXSPI_ReadBlocking
 .text.FLEXSPI_TransferBlocking
                0x00000000000009dc       0xf8 ./drivers/fsl_flexspi.o
                0x00000000000009dc                FLEXSPI_TransferBlocking
 .text.FLEXSPI_DriverIRQHandler
                0x0000000000000ad4       0x20 ./drivers/fsl_flexspi.o
                0x0000000000000ad4                FLEXSPI_DriverIRQHandler
 *fill*         0x0000000000000af4        0x4 
 .text.FLEXSPI_DriverIRQHandler.__stub
                0x0000000000000af8       0x20 linker stubs
 *(SORT_BY_ALIGNMENT(.data))
 *(SORT_BY_ALIGNMENT(.data*))
 *fill*         0x0000000000000b18        0x0 
 .data.impure_data
                0x0000000000000b18      0x428 /usr/local/mcuxpressoide-11.6.1_8255/ide/plugins/com.nxp.mcuxpresso.tools.linux_11.6.1.202207200623/tools/bin/../lib/gcc/arm-none-eabi/10.3.1/../../../../arm-none-eabi/lib/thumb/v7e-m+dp/hard/libc.a(lib_a-impure.o)
 .data._next_location
                0x0000000000000f40        0x4 ./source/hal/hal_eeprom.o
 .data.eeprom_data1
                0x0000000000000f44        0x4 ./source/hal/hal_eeprom.o
                0x0000000000000f44                eeprom_data1
 .data.eeprom_data2
                0x0000000000000f48        0x4 ./source/hal/hal_eeprom.o
                0x0000000000000f48                eeprom_data2
 .data.xFuncHandlers
                0x0000000000000f4c       0x80 ./source/alencon_armcm_core/commonlib/freemodbus/modbus/mb.o
 .data.modbus_baud_rate
                0x0000000000000fcc        0x4 ./source/Modbus/AlenconModbus.o
 .data.last_address.0
                0x0000000000000fd0        0x4 ./source/Modbus/AlenconModbusBootloader.o
 .data.str_app_ok
                0x0000000000000fd4        0x8 ./source/Modbus/AlenconModbusBootloader.o
                0x0000000000000fd4                str_app_ok
 .data.timeout_ms
                0x0000000000000fdc        0x4 ./source/Modbus/mbporttimer.o
 .data.deviceconfig
                0x0000000000000fe0       0x20 ./drivers/flexspi_nor_flash_ops.o
                0x0000000000000fe0                deviceconfig
 .data.SystemCoreClock
                0x0000000000001000        0x4 ./device/system_MIMXRT1021.o
                0x0000000000001000                SystemCoreClock
 .data.__atexit_recursive_mutex
                0x0000000000001004        0x4 /usr/local/mcuxpressoide-11.6.1_8255/ide/plugins/com.nxp.mcuxpresso.tools.linux_11.6.1.202207200623/tools/bin/../lib/gcc/arm-none-eabi/10.3.1/../../../../arm-none-eabi/lib/thumb/v7e-m+dp/hard/libc.a(lib_a-__call_atexit.o)
                0x0000000000001004                __atexit_recursive_mutex
 .data.i.0      0x0000000000001008        0x2 ./source/hal/list.o
 .data.timer_enabled
                0x000000000000100a        0x1 ./source/hal/timing.o
                0x000000000000100a                timer_enabled
 .data.eMBState
                0x000000000000100b        0x1 ./source/alencon_armcm_core/commonlib/freemodbus/modbus/mb.o
 .data.modbus_address
                0x000000000000100c        0x1 ./source/Modbus/AlenconModbus.o
                0x0000000000001010                . = ALIGN (0x4)
 *fill*         0x000000000000100d        0x3 
                0x0000000000001010                __flexspi_end__ = .
                0x0000000060002000                __VECTOR_RAM = DEFINED (__ram_vector_table__)?__VECTOR_RAM__:ORIGIN (m_interrupts)
                0x0000000000000000                __RAM_VECTOR_TABLE_SIZE_BYTES = DEFINED (__ram_vector_table__)?(__interrupts_ram_end__ - __interrupts_ram_start__):0x0

.data           0x0000000020000000        0x0 load address 0x0000000060007634
                0x0000000020000000                . = ALIGN (0x4)
                0x0000000020000000                __DATA_RAM = .
                0x0000000020000000                __data_start__ = .
 *(SORT_BY_ALIGNMENT(m_usb_dma_init_data))
 *(SORT_BY_ALIGNMENT(DataQuickAccess))
 *(SORT_BY_ALIGNMENT(.jcr*))
                0x0000000020000000                . = ALIGN (0x4)
                0x0000000020000000                __data_end__ = .
                0x0000000060007634                __ram_function_flash_start = (__DATA_ROM + (__data_end__ - __data_start__))

.igot.plt       0x0000000020000000        0x0
 .igot.plt      0x0000000020000000        0x0 /usr/local/mcuxpressoide-11.6.1_8255/ide/plugins/com.nxp.mcuxpresso.tools.linux_11.6.1.202207200623/tools/bin/../lib/gcc/arm-none-eabi/10.3.1/thumb/v7e-m+dp/hard/crtbegin.o

.ram_function   0x0000000000001010       0x70 load address 0x0000000060007634
                0x0000000000001020                . = ALIGN (0x20)
 *fill*         0x0000000000001010       0x10 
                0x0000000000001020                __ram_function_start__ = .
 *(SORT_BY_ALIGNMENT(CodeQuickAccess))
                0x0000000000001080                . = ALIGN (0x80)
 *fill*         0x0000000000001020       0x60 
                0x0000000000001080                __ram_function_end__ = .
                0x0000000060007694                __NDATA_ROM = (__ram_function_flash_start + (__ram_function_end__ - __ram_function_start__))

.ncache.init    0x0000000020000000        0x0 load address 0x0000000060007694
                0x0000000020000000                __noncachedata_start__ = .
 *(SORT_BY_ALIGNMENT(NonCacheable.init))
                0x0000000020000000                . = ALIGN (0x4)
                0x0000000020000000                __noncachedata_init_end__ = .
                0x0000000020000000                . = __noncachedata_init_end__

.ncache         0x0000000020000000        0x0
 *(SORT_BY_ALIGNMENT(NonCacheable))
                0x0000000020000000                . = ALIGN (0x4)
                0x0000000020000000                __noncachedata_end__ = .
                0x0000000060007694                __DATA_END = (__NDATA_ROM + (__noncachedata_init_end__ - __noncachedata_start__))
                0x0000000060010000                text_end = (ORIGIN (m_text) + LENGTH (m_text))
                0x0000000000000001                ASSERT ((__DATA_END <= text_end), region m_text overflowed with text and data)

.bss            0x0000000020000000     0x234c
                0x0000000020000000                . = ALIGN (0x4)
                0x0000000020000000                __START_BSS = .
                0x0000000020000000                __bss_start__ = .
 *(SORT_BY_ALIGNMENT(m_usb_dma_noninit_data))
 *(SORT_BY_ALIGNMENT(.bss))
 .bss           0x0000000020000000       0x1c /usr/local/mcuxpressoide-11.6.1_8255/ide/plugins/com.nxp.mcuxpresso.tools.linux_11.6.1.202207200623/tools/bin/../lib/gcc/arm-none-eabi/10.3.1/thumb/v7e-m+dp/hard/crtbegin.o
 *(SORT_BY_ALIGNMENT(.bss*))
 *fill*         0x000000002000001c        0x4 
 .bss.guid      0x0000000020000020        0x8 ./source/Modbus/AlenconModbusBootloader.o
 .bss.s_debugConsole
                0x0000000020000028       0x14 ./utilities/fsl_debug_console.o
 .bss.data_page_ptr
                0x000000002000003c        0x4 ./source/hal/hal_eeprom.o
 .bss.length.0  0x0000000020000040        0x4 ./source/hal/subsys.o
 .bss.receive_buffer
                0x0000000020000044       0x40 ./source/hal/subsys.o
                0x0000000020000044                receive_buffer
 .bss.sys       0x0000000020000084       0xac ./source/hal/subsys.o
                0x0000000020000084                sys
 .bss.idle_task
                0x0000000020000130        0x4 ./source/hal/task.o
                0x0000000020000130                idle_task
 .bss.task_list
                0x0000000020000134       0x34 ./source/hal/task.o
                0x0000000020000134                task_list
 .bss.task_list_array
                0x0000000020000168      0x140 ./source/hal/task.o
                0x0000000020000168                task_list_array
 .bss.task_list_links
                0x00000000200002a8       0xf0 ./source/hal/task.o
                0x00000000200002a8                task_list_links
 .bss.rollover_time
                0x0000000020000398        0x4 ./source/hal/timing.o
                0x0000000020000398                rollover_time
 .bss.time_ms   0x000000002000039c        0x4 ./source/hal/timing.o
                0x000000002000039c                time_ms
 .bss.time_ms_ungated
                0x00000000200003a0        0x4 ./source/hal/timing.o
                0x00000000200003a0                time_ms_ungated
 .bss.receiverList1
                0x00000000200003a4        0x8 ./source/hal/uart.o
                0x00000000200003a4                receiverList1
 .bss.receiverList2
                0x00000000200003ac        0x8 ./source/hal/uart.o
                0x00000000200003ac                receiverList2
 .bss.receiver_array1
                0x00000000200003b4       0x10 ./source/hal/uart.o
                0x00000000200003b4                receiver_array1
 .bss.receiver_array2
                0x00000000200003c4       0x10 ./source/hal/uart.o
                0x00000000200003c4                receiver_array2
 .bss.rx1       0x00000000200003d4       0x1c ./source/hal/uart.o
                0x00000000200003d4                rx1
 .bss.rx2       0x00000000200003f0       0x1c ./source/hal/uart.o
                0x00000000200003f0                rx2
 .bss.rx_buffer_array1
                0x000000002000040c      0x100 ./source/hal/uart.o
                0x000000002000040c                rx_buffer_array1
 .bss.rx_buffer_array2
                0x000000002000050c      0x100 ./source/hal/uart.o
                0x000000002000050c                rx_buffer_array2
 .bss.tx1       0x000000002000060c       0x1c ./source/hal/uart.o
                0x000000002000060c                tx1
 .bss.tx2       0x0000000020000628       0x1c ./source/hal/uart.o
                0x0000000020000628                tx2
 .bss.tx_buffer_array1
                0x0000000020000644      0x100 ./source/hal/uart.o
                0x0000000020000644                tx_buffer_array1
 .bss.tx_buffer_array2
                0x0000000020000744      0x100 ./source/hal/uart.o
                0x0000000020000744                tx_buffer_array2
 .bss.uart      0x0000000020000844       0x3c ./source/hal/uart.o
                0x0000000020000844                uart
 .bss.JumpAddress
                0x0000000020000880        0x4 ./source/bootloader/bootloader.o
                0x0000000020000880                JumpAddress
 .bss.Jump_To_Application
                0x0000000020000884        0x4 ./source/bootloader/bootloader.o
                0x0000000020000884                Jump_To_Application
 .bss.status_led_time.0
                0x0000000020000888        0x4 ./source/bootloader/bootloader.o
 .bss.ucMBSlaveID
                0x000000002000088c       0x20 ./source/alencon_armcm_core/commonlib/freemodbus/modbus/functions/mbfuncother.o
 .bss.peMBFrameReceiveCur
                0x00000000200008ac        0x4 ./source/alencon_armcm_core/commonlib/freemodbus/modbus/mb.o
 .bss.peMBFrameSendCur
                0x00000000200008b0        0x4 ./source/alencon_armcm_core/commonlib/freemodbus/modbus/mb.o
 .bss.pvMBFrameCloseCur
                0x00000000200008b4        0x4 ./source/alencon_armcm_core/commonlib/freemodbus/modbus/mb.o
 .bss.pvMBFrameStartCur
                0x00000000200008b8        0x4 ./source/alencon_armcm_core/commonlib/freemodbus/modbus/mb.o
 .bss.pvMBFrameStopCur
                0x00000000200008bc        0x4 ./source/alencon_armcm_core/commonlib/freemodbus/modbus/mb.o
 .bss.pxMBFrameCBByteReceived
                0x00000000200008c0        0x4 ./source/alencon_armcm_core/commonlib/freemodbus/modbus/mb.o
                0x00000000200008c0                pxMBFrameCBByteReceived
 .bss.pxMBFrameCBTransmitterEmpty
                0x00000000200008c4        0x4 ./source/alencon_armcm_core/commonlib/freemodbus/modbus/mb.o
                0x00000000200008c4                pxMBFrameCBTransmitterEmpty
 .bss.pxMBPortCBTimerExpired
                0x00000000200008c8        0x4 ./source/alencon_armcm_core/commonlib/freemodbus/modbus/mb.o
                0x00000000200008c8                pxMBPortCBTimerExpired
 .bss.ucMBFrame.3
                0x00000000200008cc        0x4 ./source/alencon_armcm_core/commonlib/freemodbus/modbus/mb.o
 .bss.holding_registers
                0x00000000200008d0      0x400 ./source/Modbus/AlenconModbus.o
                0x00000000200008d0                holding_registers
 .bss.input_sources
                0x0000000020000cd0       0x80 ./source/Modbus/AlenconModbus.o
                0x0000000020000cd0                input_sources
 .bss._firmware_crc
                0x0000000020000d50        0x4 ./source/Modbus/AlenconModbusBootloader.o
 .bss.block_data_holding_registers
                0x0000000020000d54      0x804 ./source/Modbus/AlenconModbusBootloader.o
 .bss.block_data_holding_registers_backup
                0x0000000020001558      0x804 ./source/Modbus/AlenconModbusBootloader.o
 .bss.end_of_firmware_holding_registers
                0x0000000020001d5c        0xa ./source/Modbus/AlenconModbusBootloader.o
 *fill*         0x0000000020001d66        0x2 
 .bss.firmware_version_holding_registers
                0x0000000020001d68       0x10 ./source/Modbus/AlenconModbusBootloader.o
 .bss.firmware_write_block_holding_registers
                0x0000000020001d78       0x12 ./source/Modbus/AlenconModbusBootloader.o
 *fill*         0x0000000020001d8a        0x2 
 .bss.index_holding_registers
                0x0000000020001d8c        0x6 ./source/Modbus/AlenconModbusBootloader.o
 *fill*         0x0000000020001d92        0x2 
 .bss.jump_to_app_timestamp
                0x0000000020001d94        0x4 ./source/Modbus/AlenconModbusBootloader.o
                0x0000000020001d94                jump_to_app_timestamp
 .bss.last_erase_address
                0x0000000020001d98        0x4 ./source/Modbus/AlenconModbusBootloader.o
                0x0000000020001d98                last_erase_address
 .bss.modbus_map_version_product_code_and_mcu_code
                0x0000000020001d9c        0x6 ./source/Modbus/AlenconModbusBootloader.o
 *fill*         0x0000000020001da2        0x2 
 .bss.provisioning_holding_registers
                0x0000000020001da4       0x12 ./source/Modbus/AlenconModbusBootloader.o
 *fill*         0x0000000020001db6        0x2 
 .bss.status_ptr
                0x0000000020001db8        0x4 ./source/Modbus/AlenconModbusBootloader.o
 .bss.ucRTUBuf  0x0000000020001dbc      0x100 ./source/Modbus/DCDC_mbrtu.o
                0x0000000020001dbc                ucRTUBuf
 .bss.ulNesting
                0x0000000020001ebc        0x4 ./source/Modbus/mbportother.o
 .bss.current_time_stamp
                0x0000000020001ec0        0x4 ./source/Modbus/mbporttimer.o
 .bss.timmer_enabled
                0x0000000020001ec4        0x4 ./source/Modbus/mbporttimer.o
 .bss.RS485_UART_INSTANCE
                0x0000000020001ec8        0x4 ./source/DCDCComms/RS485Serial.o
 .bss._rs485_tx_complete_callback
                0x0000000020001ecc        0x4 ./source/DCDCComms/RS485Serial.o
 .bss.g_RS485_FIFO
                0x0000000020001ed0      0x404 ./source/DCDCComms/RS485Serial.o
                0x0000000020001ed0                g_RS485_FIFO
 .bss.mcu_info.2
                0x00000000200022d4        0x6 ./source/DCDCBoard/src/hardware.o
 *fill*         0x00000000200022da        0x2 
 .bss.g_rtcXtalFreq
                0x00000000200022dc        0x4 ./drivers/fsl_clock.o
                0x00000000200022dc                g_rtcXtalFreq
 .bss.g_xtalFreq
                0x00000000200022e0        0x4 ./drivers/fsl_clock.o
                0x00000000200022e0                g_xtalFreq
 .bss.s_flexspiHandle
                0x00000000200022e4        0x4 ./drivers/fsl_flexspi.o
 .bss.s_flexspiIsr
                0x00000000200022e8        0x4 ./drivers/fsl_flexspi.o
 .bss.s_lpuartHandle
                0x00000000200022ec       0x24 ./drivers/fsl_lpuart.o
                0x00000000200022ec                s_lpuartHandle
 .bss.s_lpuartIsr
                0x0000000020002310        0x4 ./drivers/fsl_lpuart.o
                0x0000000020002310                s_lpuartIsr
 .bss.__lock___atexit_recursive_mutex
                0x0000000020002314        0x1 /usr/local/mcuxpressoide-11.6.1_8255/ide/plugins/com.nxp.mcuxpresso.tools.linux_11.6.1.202207200623/tools/bin/../lib/gcc/arm-none-eabi/10.3.1/../../../../arm-none-eabi/lib/thumb/v7e-m+dp/hard/libc.a(lib_a-lock.o)
                0x0000000020002314                __lock___atexit_recursive_mutex
 *fill*         0x0000000020002315        0x1 
 .bss.usMBSlaveIDLen
                0x0000000020002316        0x2 ./source/alencon_armcm_core/commonlib/freemodbus/modbus/functions/mbfuncother.o
 .bss.usLength.2
                0x0000000020002318        0x2 ./source/alencon_armcm_core/commonlib/freemodbus/modbus/mb.o
 .bss.holding_registers_n
                0x000000002000231a        0x2 ./source/Modbus/AlenconModbus.o
                0x000000002000231a                holding_registers_n
 .bss.input_sources_n
                0x000000002000231c        0x2 ./source/Modbus/AlenconModbus.o
                0x000000002000231c                input_sources_n
 .bss.firmware_start_update_holding_register
                0x000000002000231e        0x2 ./source/Modbus/AlenconModbusBootloader.o
 .bss.num_partial_writes
                0x0000000020002320        0x2 ./source/Modbus/AlenconModbusBootloader.o
 .bss.partial_write_index
                0x0000000020002322        0x2 ./source/Modbus/AlenconModbusBootloader.o
 .bss.reset_mcu_holding_register
                0x0000000020002324        0x2 ./source/Modbus/AlenconModbusBootloader.o
 .bss.reset_update_state_holding_register
                0x0000000020002326        0x2 ./source/Modbus/AlenconModbusBootloader.o
 .bss.rx_msg_length
                0x0000000020002328        0x2 ./source/Modbus/DCDC_mbrtu.o
 .bss.usRcvBufferPos
                0x000000002000232a        0x2 ./source/Modbus/DCDC_mbrtu.o
 .bss.usSndBufferCount
                0x000000002000232c        0x2 ./source/Modbus/DCDC_mbrtu.o
 .bss.initialized.0
                0x000000002000232e        0x1 ./source/hal/eeprom.o
 .bss.initialized.0
                0x000000002000232f        0x1 ./source/hal/hal_eeprom.o
 .bss.init_flag.2
                0x0000000020002330        0x1 ./source/hal/subsys.o
 .bss.receive_state.1
                0x0000000020002331        0x1 ./source/hal/subsys.o
 .bss.init_flag.0
                0x0000000020002332        0x1 ./source/hal/task.o
 .bss.init_flag.0
                0x0000000020002333        0x1 ./source/hal/timing.o
 .bss.error_flags
                0x0000000020002334        0x1 ./source/hal/uart.o
                0x0000000020002334                error_flags
 .bss.init_flag.0
                0x0000000020002335        0x1 ./source/hal/uart.o
 .bss.rx_flags  0x0000000020002336        0x1 ./source/hal/uart.o
                0x0000000020002336                rx_flags
 .bss.jump_to_app
                0x0000000020002337        0x1 ./source/bootloader/bootloader.o
 .bss.eException.0
                0x0000000020002338        0x1 ./source/alencon_armcm_core/commonlib/freemodbus/modbus/mb.o
 .bss.eMBCurrentMode
                0x0000000020002339        0x1 ./source/alencon_armcm_core/commonlib/freemodbus/modbus/mb.o
 .bss.ucFunctionCode.1
                0x000000002000233a        0x1 ./source/alencon_armcm_core/commonlib/freemodbus/modbus/mb.o
 .bss.ucMBAddress
                0x000000002000233b        0x1 ./source/alencon_armcm_core/commonlib/freemodbus/modbus/mb.o
 .bss.ucRcvAddress.4
                0x000000002000233c        0x1 ./source/alencon_armcm_core/commonlib/freemodbus/modbus/mb.o
 .bss.modbus_state
                0x000000002000233d        0x1 ./source/Modbus/AlenconModbus.o
 .bss.corrupt_block_crc
                0x000000002000233e        0x1 ./source/Modbus/AlenconModbusBootloader.o
 .bss.corrupt_firmware_crc
                0x000000002000233f        0x1 ./source/Modbus/AlenconModbusBootloader.o
 .bss.erase_block_flag
                0x0000000020002340        0x1 ./source/Modbus/AlenconModbusBootloader.o
 .bss.guid_written_flag
                0x0000000020002341        0x1 ./source/Modbus/AlenconModbusBootloader.o
 .bss.sys_id    0x0000000020002342        0x1 ./source/Modbus/AlenconModbusBootloader.o
 .bss.write_flash_flag
                0x0000000020002343        0x1 ./source/Modbus/AlenconModbusBootloader.o
 .bss.eRcvState
                0x0000000020002344        0x1 ./source/Modbus/DCDC_mbrtu.o
 .bss.eSndState
                0x0000000020002345        0x1 ./source/Modbus/DCDC_mbrtu.o
 .bss.eQueuedEvent
                0x0000000020002346        0x1 ./source/Modbus/mbportevent.o
 .bss.xEventInQueue
                0x0000000020002347        0x1 ./source/Modbus/mbportevent.o
 .bss.init_state.1
                0x0000000020002348        0x1 ./source/DCDCComms/RS485Serial.o
 *(SORT_BY_ALIGNMENT(COMMON))
                0x000000002000234c                . = ALIGN (0x4)
 *fill*         0x0000000020002349        0x3 
                0x000000002000234c                __bss_end__ = .
                0x000000002000234c                __END_BSS = .

.heap           0x000000002000234c      0x404
                0x0000000020002350                . = ALIGN (0x8)
 *fill*         0x000000002000234c        0x4 
                0x0000000020002350                __end__ = .
                [!provide]                        PROVIDE (end = .)
                0x0000000020002350                __HeapBase = .
                0x0000000020002750                . = (. + HEAP_SIZE)
 *fill*         0x0000000020002350      0x400 
                0x0000000020002750                __HeapLimit = .
                0x0000000020002750                __heap_limit = .

.stack          0x0000000020002750      0x400
                0x0000000020002750                . = ALIGN (0x8)
                0x0000000020002b50                . = (. + STACK_SIZE)
 *fill*         0x0000000020002750      0x400 
                0x0000000020010000                __StackTop = (ORIGIN (m_data) + LENGTH (m_data))
                0x000000002000fc00                __StackLimit = (__StackTop - STACK_SIZE)
                0x0000000020010000                PROVIDE (__stack = __StackTop)

.ARM.attributes
                0x0000000000000000       0x2e
 *(SORT_BY_ALIGNMENT(.ARM.attributes))
 .ARM.attributes
                0x0000000000000000       0x1e /usr/local/mcuxpressoide-11.6.1_8255/ide/plugins/com.nxp.mcuxpresso.tools.linux_11.6.1.202207200623/tools/bin/../lib/gcc/arm-none-eabi/10.3.1/thumb/v7e-m+dp/hard/crti.o
 .ARM.attributes
                0x000000000000001e       0x32 /usr/local/mcuxpressoide-11.6.1_8255/ide/plugins/com.nxp.mcuxpresso.tools.linux_11.6.1.202207200623/tools/bin/../lib/gcc/arm-none-eabi/10.3.1/thumb/v7e-m+dp/hard/crtbegin.o
 .ARM.attributes
                0x0000000000000050       0x32 ./xip/evkmimxrt1020_flexspi_nor_config.o
 .ARM.attributes
                0x0000000000000082       0x32 ./xip/fsl_flexspi_nor_boot.o
 .ARM.attributes
                0x00000000000000b4       0x32 ./utilities/fsl_assert.o
 .ARM.attributes
                0x00000000000000e6       0x32 ./utilities/fsl_debug_console.o
 .ARM.attributes
                0x0000000000000118       0x32 ./source/hal/buffer.o
 .ARM.attributes
                0x000000000000014a       0x32 ./source/hal/buffer_printf.o
 .ARM.attributes
                0x000000000000017c       0x32 ./source/hal/crc16.o
 .ARM.attributes
                0x00000000000001ae       0x32 ./source/hal/eeprom.o
 .ARM.attributes
                0x00000000000001e0       0x32 ./source/hal/flash.o
 .ARM.attributes
                0x0000000000000212       0x32 ./source/hal/hal_eeprom.o
 .ARM.attributes
                0x0000000000000244       0x32 ./source/hal/hal_timing.o
 .ARM.attributes
                0x0000000000000276       0x32 ./source/hal/hal_uart.o
 .ARM.attributes
                0x00000000000002a8       0x32 ./source/hal/list.o
 .ARM.attributes
                0x00000000000002da       0x32 ./source/hal/subsys.o
 .ARM.attributes
                0x000000000000030c       0x32 ./source/hal/task.o
 .ARM.attributes
                0x000000000000033e       0x32 ./source/hal/timing.o
 .ARM.attributes
                0x0000000000000370       0x32 ./source/hal/uart.o
 .ARM.attributes
                0x00000000000003a2       0x32 ./source/bootloader/bootloader.o
 .ARM.attributes
                0x00000000000003d4       0x32 ./source/alencon_armcm_core/commonlib/freemodbus/modbus/rtu/mbcrc.o
 .ARM.attributes
                0x0000000000000406       0x32 ./source/alencon_armcm_core/commonlib/freemodbus/modbus/functions/mbfunccoils.o
 .ARM.attributes
                0x0000000000000438       0x32 ./source/alencon_armcm_core/commonlib/freemodbus/modbus/functions/mbfuncdisc.o
 .ARM.attributes
                0x000000000000046a       0x32 ./source/alencon_armcm_core/commonlib/freemodbus/modbus/functions/mbfuncholding.o
 .ARM.attributes
                0x000000000000049c       0x32 ./source/alencon_armcm_core/commonlib/freemodbus/modbus/functions/mbfuncinput.o
 .ARM.attributes
                0x00000000000004ce       0x32 ./source/alencon_armcm_core/commonlib/freemodbus/modbus/functions/mbfuncother.o
 .ARM.attributes
                0x0000000000000500       0x32 ./source/alencon_armcm_core/commonlib/freemodbus/modbus/functions/mbutils.o
 .ARM.attributes
                0x0000000000000532       0x32 ./source/alencon_armcm_core/commonlib/freemodbus/modbus/mb.o
 .ARM.attributes
                0x0000000000000564       0x32 ./source/Modbus/AlenconModbus.o
 .ARM.attributes
                0x0000000000000596       0x32 ./source/Modbus/AlenconModbusBootloader.o
 .ARM.attributes
                0x00000000000005c8       0x32 ./source/Modbus/DCDC_mbrtu.o
 .ARM.attributes
                0x00000000000005fa       0x32 ./source/Modbus/mbportevent.o
 .ARM.attributes
                0x000000000000062c       0x32 ./source/Modbus/mbportother.o
 .ARM.attributes
                0x000000000000065e       0x32 ./source/Modbus/mbporttimer.o
 .ARM.attributes
                0x0000000000000690       0x32 ./source/DCDCComms/RS485Serial.o
 .ARM.attributes
                0x00000000000006c2       0x32 ./source/DCDCBoard/src/hardware.o
 .ARM.attributes
                0x00000000000006f4       0x32 ./source/delay.o
 .ARM.attributes
                0x0000000000000726       0x32 ./source/main.o
 .ARM.attributes
                0x0000000000000758       0x32 ./source/semihost_hardfault.o
 .ARM.attributes