../source/hal/list.c:340:6:Link	16	static
../source/hal/list.c:483:14:GetUnusedLink	24	static
../source/hal/list.c:394:6:Unlink.part.0	4	static
../source/hal/list.c:27:6:List_Init	8	static
../source/hal/list.c:57:6:List_SetSortFunction	0	static
../source/hal/list.c:61:6:List_SetIdentifyFunction	0	static
../source/hal/list.c:65:7:List_AddAndLink	16	static
../source/hal/list.c:94:7:List_AddIndirect	8	static
../source/hal/list.c:81:7:List_Add	16	static
../source/hal/list.c:117:6:List_Link	16	static
../source/hal/list.c:149:6:List_ResortFirst	16	static
../source/hal/list.c:161:6:List_ResortLast	16	static
../source/hal/list.c:173:6:List_LinkItem	16	static
../source/hal/list.c:216:7:List_GetFirst	0	static
../source/hal/list.c:221:7:List_GetLast	0	static
../source/hal/list.c:226:7:List_GetNext	4	static
../source/hal/list.c:236:7:List_GetItem	24	static
../source/hal/list.c:275:6:List_RemoveFirst	8	static
../source/hal/list.c:282:6:List_RemoveLast	8	static
../source/hal/list.c:289:6:List_Remove	8	static
../source/hal/list.c:298:6:List_RemoveAll	0	static
../source/hal/list.c:316:6:List_UnlinkItem	4	static
../source/hal/list.c:324:6:List_UnlinkFirst	0	static
../source/hal/list.c:332:6:List_UnlinkLast	0	static
../source/hal/list.c:441:6:List_RunFunction	16	static
