../drivers/fsl_flexspi.c:118:13:FLEXSPI_Memset.part.0	8	static
../drivers/fsl_flexspi.c:130:10:FLEXSPI_GetInstance.part.0	8	static
../drivers/fsl_flexspi.c:999:6:FLEXSPI_TransferAbort.part.0	8	static
../drivers/fsl_flexspi.c:130:10:FLEXSPI_GetInstance	8	static
../drivers/fsl_flexspi.c:210:10:FLEXSPI_CheckAndClearError	8	static
../drivers/fsl_flexspi.c:1013:6:FLEXSPI_TransferHandleIRQ	24	static
../drivers/fsl_flexspi.c:256:6:FLEXSPI_Init	24	static
../drivers/fsl_flexspi.c:356:6:FLEXSPI_GetDefaultConfig	8	static
../drivers/fsl_flexspi.c:414:6:FLEXSPI_Deinit	0	static
../drivers/fsl_flexspi.c:427:6:FLEXSPI_UpdateDllValue	4	static
../drivers/fsl_flexspi.c:484:6:FLEXSPI_SetFlashConfig	24	static
../drivers/fsl_flexspi.c:573:6:FLEXSPI_UpdateLUT	8	static
../drivers/fsl_flexspi.c:609:6:FLEXSPI_UpdateRxSampleClock	0	static
../drivers/fsl_flexspi.c:638:10:FLEXSPI_WriteBlocking	32	static
../drivers/fsl_flexspi.c:697:10:FLEXSPI_ReadBlocking	40	static
../drivers/fsl_flexspi.c:784:10:FLEXSPI_TransferBlocking	24	static
../drivers/fsl_flexspi.c:854:6:FLEXSPI_TransferCreateHandle	16	static
../drivers/fsl_flexspi.c:895:10:FLEXSPI_TransferNonBlocking	24	static
../drivers/fsl_flexspi.c:972:10:FLEXSPI_TransferGetCount	8	static
../drivers/fsl_flexspi.c:999:6:FLEXSPI_TransferAbort	8	static
../drivers/fsl_flexspi.c:1125:6:FLEXSPI_DriverIRQHandler	8	static
