../drivers/fsl_clock.h:1348:24:CLOCK_GetOscFreq	4	static
../drivers/fsl_clock.h:1455:24:CLOCK_GetRtcFreq	4	static
../drivers/fsl_clock.h:1540:20:CLOCK_IsPllBypassed	16	static
../drivers/fsl_clock.h:1554:20:CLOCK_IsPllEnabled	16	static
../drivers/fsl_clock.h:1580:24:CLOCK_GetPllBypassRefClk	16	static
../drivers/fsl_clock.c:86:17:CLOCK_GetPeriphClkFreq	16	static
../drivers/fsl_clock.c:151:17:CLOCK_GetPllUsb1SWFreq	16	static
../drivers/fsl_clock.c:188:6:CLOCK_InitExternalClk	16	static
../drivers/fsl_clock.c:212:6:CLOCK_DeinitExternalClk	4	static
../drivers/fsl_clock.c:224:6:CLOCK_SwitchOsc	16	static
../drivers/fsl_clock.c:239:6:CLOCK_InitRcOsc24M	4	static
../drivers/fsl_clock.c:247:6:CLOCK_DeinitRcOsc24M	4	static
../drivers/fsl_clock.c:257:10:CLOCK_GetAhbFreq	8	static
../drivers/fsl_clock.c:267:10:CLOCK_GetSemcFreq	16	static
../drivers/fsl_clock.c:301:10:CLOCK_GetIpgFreq	8	static
../drivers/fsl_clock.c:311:10:CLOCK_GetPerClkFreq	16	static
../drivers/fsl_clock.c:340:10:CLOCK_GetFreq	24	static
../drivers/fsl_clock.c:435:10:CLOCK_GetClockRootFreq	40	static
../drivers/fsl_clock.c:479:6:CLOCK_EnableUsbhs0Clock	24	static
../drivers/fsl_clock.c:504:6:CLOCK_EnableUsbhs0PhyPllClock	16	static
../drivers/fsl_clock.c:528:6:CLOCK_DisableUsbhs0PhyPllClock	4	static
../drivers/fsl_clock.c:541:6:CLOCK_InitSysPll	16	static
../drivers/fsl_clock.c:571:6:CLOCK_DeinitSysPll	4	static
../drivers/fsl_clock.c:583:6:CLOCK_InitUsb1Pll	16	static
../drivers/fsl_clock.c:604:6:CLOCK_DeinitUsb1Pll	4	static
../drivers/fsl_clock.c:616:6:CLOCK_InitAudioPll	24	static
../drivers/fsl_clock.c:691:6:CLOCK_DeinitAudioPll	4	static
../drivers/fsl_clock.c:703:6:CLOCK_InitEnetPll	24	static
../drivers/fsl_clock.c:743:6:CLOCK_DeinitEnetPll	4	static
../drivers/fsl_clock.c:756:10:CLOCK_GetPllFreq	32	static
../drivers/fsl_clock.c:907:6:CLOCK_InitSysPfd	24	static
../drivers/fsl_clock.c:930:6:CLOCK_DeinitSysPfd	16	static
../drivers/fsl_clock.c:943:6:CLOCK_IsSysPfdEnabled	16	static
../drivers/fsl_clock.c:958:6:CLOCK_InitUsb1Pfd	24	static
../drivers/fsl_clock.c:981:6:CLOCK_DeinitUsb1Pfd	16	static
../drivers/fsl_clock.c:994:6:CLOCK_IsUsb1PfdEnabled	16	static
../drivers/fsl_clock.c:1007:10:CLOCK_GetSysPfdFreq	24	static
../drivers/fsl_clock.c:1046:10:CLOCK_GetUsb1PfdFreq	24	static
../drivers/fsl_clock.c:1083:6:CLOCK_SetClockOutput1	24	static
../drivers/fsl_clock.c:1107:6:CLOCK_SetClockOutput2	24	static
../drivers/fsl_clock.c:1131:10:CLOCK_GetClockOutCLKO1Freq	16	static
../drivers/fsl_clock.c:1186:10:CLOCK_GetClockOutClkO2Freq	16	static
