Archive member included to satisfy reference by file (symbol)

/usr/local/mcuxpressoide-11.6.1_8255/ide/plugins/com.nxp.mcuxpresso.tools.linux_11.6.1.202207200623/tools/bin/../lib/gcc/arm-none-eabi/10.3.1/../../../../arm-none-eabi/lib/thumb/v7e-m+dp/hard/libcr_nohost_nf.a(_cr__main.o)
                              ./startup/startup_mimxrt1021.o (__main)
/usr/local/mcuxpressoide-11.6.1_8255/ide/plugins/com.nxp.mcuxpresso.tools.linux_11.6.1.202207200623/tools/bin/../lib/gcc/arm-none-eabi/10.3.1/../../../../arm-none-eabi/lib/thumb/v7e-m+dp/hard/libcr_c.a(memcpy.o)
                              ./utilities/fsl_debug_console.o (memcpy)
/usr/local/mcuxpressoide-11.6.1_8255/ide/plugins/com.nxp.mcuxpresso.tools.linux_11.6.1.202207200623/tools/bin/../lib/gcc/arm-none-eabi/10.3.1/../../../../arm-none-eabi/lib/thumb/v7e-m+dp/hard/libcr_c.a(memset.o)
                              ./drivers/fsl_lpuart.o (memset)
/usr/local/mcuxpressoide-11.6.1_8255/ide/plugins/com.nxp.mcuxpresso.tools.linux_11.6.1.202207200623/tools/bin/../lib/gcc/arm-none-eabi/10.3.1/../../../../arm-none-eabi/lib/thumb/v7e-m+dp/hard/libcr_c.a(alloc.o)
                              ./drivers/fsl_common.o (malloc)
/usr/local/mcuxpressoide-11.6.1_8255/ide/plugins/com.nxp.mcuxpresso.tools.linux_11.6.1.202207200623/tools/bin/../lib/gcc/arm-none-eabi/10.3.1/../../../../arm-none-eabi/lib/thumb/v7e-m+dp/hard/libcr_c.a(initio.o)
                              /usr/local/mcuxpressoide-11.6.1_8255/ide/plugins/com.nxp.mcuxpresso.tools.linux_11.6.1.202207200623/tools/bin/../lib/gcc/arm-none-eabi/10.3.1/../../../../arm-none-eabi/lib/thumb/v7e-m+dp/hard/libcr_nohost_nf.a(_cr__main.o) (_initio)
/usr/local/mcuxpressoide-11.6.1_8255/ide/plugins/com.nxp.mcuxpresso.tools.linux_11.6.1.202207200623/tools/bin/../lib/gcc/arm-none-eabi/10.3.1/../../../../arm-none-eabi/lib/thumb/v7e-m+dp/hard/libcr_c.a(setvbuf.o)
                              /usr/local/mcuxpressoide-11.6.1_8255/ide/plugins/com.nxp.mcuxpresso.tools.linux_11.6.1.202207200623/tools/bin/../lib/gcc/arm-none-eabi/10.3.1/../../../../arm-none-eabi/lib/thumb/v7e-m+dp/hard/libcr_c.a(initio.o) (setvbuf)
/usr/local/mcuxpressoide-11.6.1_8255/ide/plugins/com.nxp.mcuxpresso.tools.linux_11.6.1.202207200623/tools/bin/../lib/gcc/arm-none-eabi/10.3.1/../../../../arm-none-eabi/lib/thumb/v7e-m+dp/hard/libcr_c.a(strlen.o)
                              ./utilities/fsl_debug_console.o (strlen)
/usr/local/mcuxpressoide-11.6.1_8255/ide/plugins/com.nxp.mcuxpresso.tools.linux_11.6.1.202207200623/tools/bin/../lib/gcc/arm-none-eabi/10.3.1/../../../../arm-none-eabi/lib/thumb/v7e-m+dp/hard/libcr_c.a(__init_alloc.o)
                              /usr/local/mcuxpressoide-11.6.1_8255/ide/plugins/com.nxp.mcuxpresso.tools.linux_11.6.1.202207200623/tools/bin/../lib/gcc/arm-none-eabi/10.3.1/../../../../arm-none-eabi/lib/thumb/v7e-m+dp/hard/libcr_c.a(alloc.o) (__heaps)
/usr/local/mcuxpressoide-11.6.1_8255/ide/plugins/com.nxp.mcuxpresso.tools.linux_11.6.1.202207200623/tools/bin/../lib/gcc/arm-none-eabi/10.3.1/../../../../arm-none-eabi/lib/thumb/v7e-m+dp/hard/libcr_c.a(_cr_sbrk.o)
                              /usr/local/mcuxpressoide-11.6.1_8255/ide/plugins/com.nxp.mcuxpresso.tools.linux_11.6.1.202207200623/tools/bin/../lib/gcc/arm-none-eabi/10.3.1/../../../../arm-none-eabi/lib/thumb/v7e-m+dp/hard/libcr_c.a(alloc.o) (_sbrk)
/usr/local/mcuxpressoide-11.6.1_8255/ide/plugins/com.nxp.mcuxpresso.tools.linux_11.6.1.202207200623/tools/bin/../lib/gcc/arm-none-eabi/10.3.1/../../../../arm-none-eabi/lib/thumb/v7e-m+dp/hard/libcr_c.a(_fdopen.o)
                              /usr/local/mcuxpressoide-11.6.1_8255/ide/plugins/com.nxp.mcuxpresso.tools.linux_11.6.1.202207200623/tools/bin/../lib/gcc/arm-none-eabi/10.3.1/../../../../arm-none-eabi/lib/thumb/v7e-m+dp/hard/libcr_c.a(initio.o) (_fdopen)
/usr/local/mcuxpressoide-11.6.1_8255/ide/plugins/com.nxp.mcuxpresso.tools.linux_11.6.1.202207200623/tools/bin/../lib/gcc/arm-none-eabi/10.3.1/../../../../arm-none-eabi/lib/thumb/v7e-m+dp/hard/libcr_c.a(errno.o)
                              /usr/local/mcuxpressoide-11.6.1_8255/ide/plugins/com.nxp.mcuxpresso.tools.linux_11.6.1.202207200623/tools/bin/../lib/gcc/arm-none-eabi/10.3.1/../../../../arm-none-eabi/lib/thumb/v7e-m+dp/hard/libcr_c.a(_cr_sbrk.o) (errno)
/usr/local/mcuxpressoide-11.6.1_8255/ide/plugins/com.nxp.mcuxpresso.tools.linux_11.6.1.202207200623/tools/bin/../lib/gcc/arm-none-eabi/10.3.1/../../../../arm-none-eabi/lib/thumb/v7e-m+dp/hard/libcr_c.a(fclose.o)
                              /usr/local/mcuxpressoide-11.6.1_8255/ide/plugins/com.nxp.mcuxpresso.tools.linux_11.6.1.202207200623/tools/bin/../lib/gcc/arm-none-eabi/10.3.1/../../../../arm-none-eabi/lib/thumb/v7e-m+dp/hard/libcr_c.a(initio.o) (fclose)
/usr/local/mcuxpressoide-11.6.1_8255/ide/plugins/com.nxp.mcuxpresso.tools.linux_11.6.1.202207200623/tools/bin/../lib/gcc/arm-none-eabi/10.3.1/../../../../arm-none-eabi/lib/thumb/v7e-m+dp/hard/libcr_c.a(fflush.o)
[...]
Memory Configuration

Name             Origin             Length             Attributes
BOARD_FLASH      0x0000000060000000 0x0000000000800000 xr
SRAM_DTC         0x0000000020000000 0x0000000000010000 xrw
SRAM_ITC         0x0000000000000000 0x0000000000010000 xrw
SRAM_OC          0x0000000020200000 0x0000000000020000 xrw
BOARD_SDRAM      0x0000000080000000 0x0000000001e00000 xrw
NCACHE_REGION    0x0000000081e00000 0x0000000000200000 xrw
*default*        0x0000000000000000 0xffffffffffffffff

Linker script and memory map

LOAD ./xip/evkmimxrt1020_flexspi_nor_config.o
LOAD ./xip/fsl_flexspi_nor_boot.o
LOAD ./utilities/fsl_assert.o
LOAD ./utilities/fsl_debug_console.o
LOAD ./startup/startup_mimxrt1021.o
LOAD ./source/gpio_led_output.o
LOAD ./source/semihost_hardfault.o
LOAD ./drivers/fsl_clock.o
LOAD ./drivers/fsl_common.o
LOAD ./drivers/fsl_common_arm.o
LOAD ./drivers/fsl_gpio.o
LOAD ./drivers/fsl_lpuart.o
LOAD ./device/system_MIMXRT1021.o
LOAD ./component/uart/fsl_adapter_lpuart.o
LOAD ./component/silicon_id/fsl_silicon_id.o
LOAD ./component/lists/fsl_component_generic_list.o
LOAD ./board/board.o
LOAD ./board/clock_config.o
LOAD ./board/dcd.o
LOAD ./board/pin_mux.o
START GROUP
LOAD /usr/local/mcuxpressoide-11.6.1_8255/ide/plugins/com.nxp.mcuxpresso.tools.linux_11.6.1.202207200623/tools/bin/../lib/gcc/arm-none-eabi/10.3.1/../../../../arm-none-eabi/lib/thumb/v7e-m+dp/hard/libcr_nohost_nf.a
LOAD /usr/local/mcuxpressoide-11.6.1_8255/ide/plugins/com.nxp.mcuxpresso.tools.linux_11.6.1.202207200623/tools/bin/../lib/gcc/arm-none-eabi/10.3.1/../../../../arm-none-eabi/lib/thumb/v7e-m+dp/hard/libcr_c.a
LOAD /usr/local/mcuxpressoide-11.6.1_8255/ide/plugins/com.nxp.mcuxpresso.tools.linux_11.6.1.202207200623/tools/bin/../lib/gcc/arm-none-eabi/10.3.1/thumb/v7e-m+dp/hard/libcr_eabihelpers.a
LOAD /usr/local/mcuxpressoide-11.6.1_8255/ide/plugins/com.nxp.mcuxpresso.tools.linux_11.6.1.202207200623/tools/bin/../lib/gcc/arm-none-eabi/10.3.1/thumb/v7e-m+dp/hard/libgcc.a
END GROUP
                0x0000000060000000                __base_BOARD_FLASH = 0x60000000
                0x0000000060000000                __base_Flash = 0x60000000
                0x0000000060800000                __top_BOARD_FLASH = 0x60800000
                0x0000000060800000                __top_Flash = 0x60800000
                0x0000000020000000                __base_SRAM_DTC = 0x20000000
                0x0000000020000000                __base_RAM = 0x20000000
                0x0000000020010000                __top_SRAM_DTC = 0x20010000
                0x0000000020010000                __top_RAM = 0x20010000
                0x0000000000000000                __base_SRAM_ITC = 0x0
                0x0000000000000000                __base_RAM2 = 0x0
                0x0000000000010000                __top_SRAM_ITC = 0x10000
                0x0000000000010000                __top_RAM2 = 0x10000
                0x0000000020200000                __base_SRAM_OC = 0x20200000
                0x0000000020200000                __base_RAM3 = 0x20200000
                0x0000000020220000                __top_SRAM_OC = 0x20220000
                0x0000000020220000                __top_RAM3 = 0x20220000
                0x0000000080000000                __base_BOARD_SDRAM = 0x80000000
                0x0000000080000000                __base_RAM4 = 0x80000000
                0x0000000081e00000                __top_BOARD_SDRAM = 0x81e00000
                0x0000000081e00000                __top_RAM4 = 0x81e00000
                0x0000000081e00000                __base_NCACHE_REGION = 0x81e00000
                0x0000000081e00000                __base_RAM5 = 0x81e00000
                0x0000000082000000                __top_NCACHE_REGION = 0x82000000
                0x0000000082000000                __top_RAM5 = 0x82000000

.boot_hdr       0x0000000060000000     0x2000
 FILL mask 0xff
                0x0000000060000000                __boot_hdr_start__ = ABSOLUTE (.)
 *(SORT_BY_ALIGNMENT(.boot_hdr.conf))
 .boot_hdr.conf
                0x0000000060000000      0x200 ./xip/evkmimxrt1020_flexspi_nor_config.o
                0x0000000060000000                qspiflash_config
                0x0000000000001000                . = 0x1000
 *fill*         0x0000000060000200      0xe00 ff
 *(SORT_BY_ALIGNMENT(.boot_hdr.ivt))
 .boot_hdr.ivt  0x0000000060001000       0x20 ./xip/fsl_flexspi_nor_boot.o
                0x0000000060001000                image_vector_table
                0x0000000000001020                . = 0x1020
 *(SORT_BY_ALIGNMENT(.boot_hdr.boot_data))
 .boot_hdr.boot_data
                0x0000000060001020       0x10 ./xip/fsl_flexspi_nor_boot.o
                0x0000000060001020                g_boot_data
                0x0000000000001030                . = 0x1030
 *(SORT_BY_ALIGNMENT(.boot_hdr.dcd_data))
                0x0000000060001030                __boot_hdr_end__ = ABSOLUTE (.)
                0x0000000000002000                . = 0x2000
 *fill*         0x0000000060001030      0xfd0 ff

.text           0x0000000060002000     0x41c4
 FILL mask 0xff
                0x0000000060002000                __vectors_start__ = ABSOLUTE (.)
 *(SORT_BY_ALIGNMENT(.isr_vector))
 .isr_vector    0x0000000060002000      0x278 ./startup/startup_mimxrt1021.o
                0x0000000060002000                __Vectors
                0x0000000060002000                g_pfnVectors
                0x0000000060002278                . = ALIGN (0x4)
                0x0000000060002278                __section_table_start = .
                0x0000000060002278                __data_section_table = .
                0x0000000060002278        0x4 LONG 0x600061c4 LOADADDR (.data)
                0x000000006000227c        0x4 LONG 0x20000000 ADDR (.data)
                0x0000000060002280        0x4 LONG 0x4 SIZEOF (.data)
                0x0000000060002284        0x4 LONG 0x600061c4 LOADADDR (.data_RAM2)
                0x0000000060002288        0x4 LONG 0x0 ADDR (.data_RAM2)
                0x000000006000228c        0x4 LONG 0x0 SIZEOF (.data_RAM2)
                0x0000000060002290        0x4 LONG 0x600061c4 LOADADDR (.data_RAM3)
                0x0000000060002294        0x4 LONG 0x20200000 ADDR (.data_RAM3)
                0x0000000060002298        0x4 LONG 0x0 SIZEOF (.data_RAM3)
                0x000000006000229c        0x4 LONG 0x600061c4 LOADADDR (.data_RAM4)
                0x00000000600022a0        0x4 LONG 0x80000000 ADDR (.data_RAM4)
                0x00000000600022a4        0x4 LONG 0x0 SIZEOF (.data_RAM4)
                0x00000000600022a8        0x4 LONG 0x600061c4 LOADADDR (.data_RAM5)
                0x00000000600022ac        0x4 LONG 0x81e00000 ADDR (.data_RAM5)
                0x00000000600022b0        0x4 LONG 0x0 SIZEOF (.data_RAM5)
                0x00000000600022b4                __data_section_table_end = .
                0x00000000600022b4                __bss_section_table = .
                0x00000000600022b4        0x4 LONG 0x20000004 ADDR (.bss)
                0x00000000600022b8        0x4 LONG 0xfc SIZEOF (.bss)
                0x00000000600022bc        0x4 LONG 0x0 ADDR (.bss_RAM2)
                0x00000000600022c0        0x4 LONG 0x0 SIZEOF (.bss_RAM2)
                0x00000000600022c4        0x4 LONG 0x20200000 ADDR (.bss_RAM3)
                0x00000000600022c8        0x4 LONG 0x0 SIZEOF (.bss_RAM3)
                0x00000000600022cc        0x4 LONG 0x80000000 ADDR (.bss_RAM4)
                0x00000000600022d0        0x4 LONG 0x0 SIZEOF (.bss_RAM4)
                0x00000000600022d4        0x4 LONG 0x81e00000 ADDR (.bss_RAM5)
                0x00000000600022d8        0x4 LONG 0x0 SIZEOF (.bss_RAM5)
                0x00000000600022dc                __bss_section_table_end = .
                0x00000000600022dc                __section_table_end = .
 *(SORT_BY_ALIGNMENT(.after_vectors*))
 .after_vectors.reset
                0x00000000600022dc       0x54 ./startup/startup_mimxrt1021.o
                0x00000000600022dc                ResetISR
 .after_vectors.init_data
                0x0000000060002330       0x1e ./startup/startup_mimxrt1021.o
                0x0000000060002330                data_init
 .after_vectors.init_bss
                0x000000006000234e       0x12 ./startup/startup_mimxrt1021.o
                0x000000006000234e                bss_init
 .after_vectors
                0x0000000060002360       0x14 ./startup/startup_mimxrt1021.o
                0x0000000060002360                NMI_Handler
                0x0000000060002364                MemManage_Handler
                0x0000000060002366                BusFault_Handler
                0x0000000060002368                UsageFault_Handler
                0x000000006000236a                SVC_Handler
                0x000000006000236c                DebugMon_Handler
                0x000000006000236e                PendSV_Handler
                0x0000000060002370                SysTick_Handler
                0x0000000060002372                ACMP4_DriverIRQHandler
                0x0000000060002372                Reserved87_DriverIRQHandler
                0x0000000060002372                KPP_DriverIRQHandler
                0x0000000060002372                LPSPI2_DriverIRQHandler
                0x0000000060002372                SAI3_RX_DriverIRQHandler
                0x0000000060002372                CCM_2_DriverIRQHandler
                0x0000000060002372                PIT_DriverIRQHandler
                0x0000000060002372                Reserved102_DriverIRQHandler
                0x0000000060002372                Reserved152_DriverIRQHandler
                0x0000000060002372                DMA13_DMA29_DriverIRQHandler
                0x0000000060002372                FLEXRAM_DriverIRQHandler
                0x0000000060002372                LPSPI4_DriverIRQHandler
                0x0000000060002372                SEMC_DriverIRQHandler
                0x0000000060002372                SPDIF_DriverIRQHandler
                0x0000000060002372                USB_PHY_DriverIRQHandler
                0x0000000060002372                GPIO3_Combined_0_15_DriverIRQHandler
                0x0000000060002372                Reserved82_DriverIRQHandler
                0x0000000060002372                DMA7_DMA23_DriverIRQHandler
                0x0000000060002372                BEE_DriverIRQHandler
                0x0000000060002372                LPI2C3_DriverIRQHandler
                0x0000000060002372                GPR_IRQ_DriverIRQHandler
                0x0000000060002372                Reserved103_DriverIRQHandler
                0x0000000060002372                PWM2_FAULT_DriverIRQHandler
                0x0000000060002372                Reserved56_DriverIRQHandler
                0x0000000060002372                DMA14_DMA30_DriverIRQHandler
                0x0000000060002372                TMR1_DriverIRQHandler
                0x0000000060002372                TRNG_DriverIRQHandler
                0x0000000060002372                ENET_1588_Timer_DriverIRQHandler
                0x0000000060002372                GPIO2_Combined_16_31_DriverIRQHandler
                0x0000000060002372                Reserved143_DriverIRQHandler
                0x0000000060002372                Reserved151_DriverIRQHandler
                0x0000000060002372                DMA0_DMA16_DriverIRQHandler
                0x0000000060002372                IntDefaultHandler
                0x0000000060002372                DMA2_DMA18_DriverIRQHandler
                0x0000000060002372                SRC_DriverIRQHandler
                0x0000000060002372                GPIO1_INT4_DriverIRQHandler
                0x0000000060002372                Reserved144_DriverIRQHandler
                0x0000000060002372                USDHC1_DriverIRQHandler
                0x0000000060002372                SNVS_LP_HP_WRAPPER_DriverIRQHandler
                0x0000000060002372                EWM_DriverIRQHandler
                0x0000000060002372                WDOG1_DriverIRQHandler
                0x0000000060002372                FLEXIO1_DriverIRQHandler
                0x0000000060002372                ENET_DriverIRQHandler
                0x0000000060002372                Reserved78_DriverIRQHandler
                0x0000000060002372                ENC2_DriverIRQHandler
                0x0000000060002372                ADC_ETC_IRQ2_DriverIRQHandler
                0x0000000060002372                GPIO1_Combined_16_31_DriverIRQHandler
                0x0000000060002372                GPIO1_INT7_DriverIRQHandler
                0x0000000060002372                SAI1_DriverIRQHandler
                0x0000000060002372                DCDC_DriverIRQHandler
                0x0000000060002372                DMA12_DMA28_DriverIRQHandler
                0x0000000060002372                ADC_ETC_ERROR_IRQ_DriverIRQHandler
                0x0000000060002372                ACMP2_DriverIRQHandler
                0x0000000060002372                GPIO5_Combined_0_15_DriverIRQHandler
                0x0000000060002372                GPIO1_INT0_DriverIRQHandler
                0x0000000060002372                GPIO1_INT2_DriverIRQHandler
                0x0000000060002372                RTWDOG_DriverIRQHandler
                0x0000000060002372                FLEXSPI_DriverIRQHandler
                0x0000000060002372                GPT2_DriverIRQHandler
                0x0000000060002372                DMA10_DMA26_DriverIRQHandler
                0x0000000060002372                PWM2_1_DriverIRQHandler
                0x0000000060002372                PWM1_1_DriverIRQHandler
                0x0000000060002372                ADC1_DriverIRQHandler
                0x0000000060002372                Reserved148_DriverIRQHandler
                0x0000000060002372                PWM1_0_DriverIRQHandler
                0x0000000060002372                DMA1_DMA17_DriverIRQHandler
                0x0000000060002372                ENC1_DriverIRQHandler
                0x0000000060002372                CAN2_DriverIRQHandler
                0x0000000060002372                DCP_DriverIRQHandler
                0x0000000060002372                CTI0_ERROR_DriverIRQHandler
                0x0000000060002372                DMA8_DMA24_DriverIRQHandler
                0x0000000060002372                GPT1_DriverIRQHandler
                0x0000000060002372                ACMP3_DriverIRQHandler
                0x0000000060002372                DMA6_DMA22_DriverIRQHandler
                0x0000000060002372                CSU_DriverIRQHandler
                0x0000000060002372                GPIO1_INT5_DriverIRQHandler
                0x0000000060002372                TMR2_DriverIRQHandler
                0x0000000060002372                CTI1_ERROR_DriverIRQHandler
                0x0000000060002372                GPIO1_Combined_0_15_DriverIRQHandler
                0x0000000060002372                USDHC2_DriverIRQHandler
                0x0000000060002372                SAI2_DriverIRQHandler
                0x0000000060002372                CORE_DriverIRQHandler
                0x0000000060002372                Reserved147_DriverIRQHandler
                0x0000000060002372                DMA11_DMA27_DriverIRQHandler
                0x0000000060002372                PWM2_3_DriverIRQHandler
                0x0000000060002372                Reserved60_DriverIRQHandler
                0x0000000060002372                XBAR1_IRQ_2_3_DriverIRQHandler
                0x0000000060002372                SNVS_HP_WRAPPER_TZ_DriverIRQHandler
                0x0000000060002372                GPIO3_Combined_16_31_DriverIRQHandler
                0x0000000060002372                PWM1_FAULT_DriverIRQHandler
                0x0000000060002372                LPI2C1_DriverIRQHandler
                0x0000000060002372                PWM2_2_DriverIRQHandler
                0x0000000060002372                Reserved128_DriverIRQHandler
                0x0000000060002372                DMA4_DMA20_DriverIRQHandler
                0x0000000060002372                DMA9_DMA25_DriverIRQHandler
                0x0000000060002372                SNVS_HP_WRAPPER_DriverIRQHandler
                0x0000000060002372                XBAR1_IRQ_0_1_DriverIRQHandler
                0x0000000060002372                ADC_ETC_IRQ1_DriverIRQHandler
                0x0000000060002372                LPSPI1_DriverIRQHandler
                0x0000000060002372                DMA3_DMA19_DriverIRQHandler
                0x0000000060002372                GPIO1_INT3_DriverIRQHandler
                0x0000000060002372                DCP_VMI_DriverIRQHandler
                0x0000000060002372                LPI2C4_DriverIRQHandler
                0x0000000060002372                GPC_DriverIRQHandler
                0x0000000060002372                Reserved123_DriverIRQHandler
                0x0000000060002372                GPIO2_Combined_0_15_DriverIRQHandler
                0x0000000060002372                PWM1_2_DriverIRQHandler
                0x0000000060002372                USB_OTG1_DriverIRQHandler
                0x0000000060002372                TEMP_LOW_HIGH_DriverIRQHandler
                0x0000000060002372                SAI3_TX_DriverIRQHandler
                0x0000000060002372                WDOG2_DriverIRQHandler
                0x0000000060002372                Reserved68_DriverIRQHandler
                0x0000000060002372                PMU_DriverIRQHandler
                0x0000000060002372                Reserved59_DriverIRQHandler
                0x0000000060002372                GPIO5_Combined_16_31_DriverIRQHandler
                0x0000000060002372                DMA5_DMA21_DriverIRQHandler
                0x0000000060002372                CCM_1_DriverIRQHandler
                0x0000000060002372                ADC2_DriverIRQHandler
                0x0000000060002372                Reserved58_DriverIRQHandler
                0x0000000060002372                Reserved115_DriverIRQHandler
                0x0000000060002372                TEMP_PANIC_DriverIRQHandler
                0x0000000060002372                DMA15_DMA31_DriverIRQHandler
                0x0000000060002372                Reserved107_DriverIRQHandler
                0x0000000060002372                LPSPI3_DriverIRQHandler
                0x0000000060002372                PWM1_3_DriverIRQHandler
                0x0000000060002372                Reserved70_DriverIRQHandler
                0x0000000060002372                ACMP1_DriverIRQHandler
                0x0000000060002372                LPI2C2_DriverIRQHandler
                0x0000000060002372                Reserved86_DriverIRQHandler
                0x0000000060002372                DMA_ERROR_DriverIRQHandler
                0x0000000060002372                ADC_ETC_IRQ0_DriverIRQHandler
                0x0000000060002372                CAN1_DriverIRQHandler
                0x0000000060002372                GPIO1_INT6_DriverIRQHandler
                0x0000000060002372                GPIO1_INT1_DriverIRQHandler
                0x0000000060002372                PWM2_0_DriverIRQHandler
 *(SORT_BY_ALIGNMENT(.text*))
 .text.__assertion_failed
                0x0000000060002374       0x18 ./utilities/fsl_assert.o
                0x0000000060002374                __assertion_failed
 .text.DbgConsole_Init
                0x000000006000238c       0x74 ./utilities/fsl_debug_console.o
                0x000000006000238c                DbgConsole_Init
 .text.DbgConsole_Vprintf
                0x0000000060002400       0x3c ./utilities/fsl_debug_console.o
                0x0000000060002400                DbgConsole_Vprintf
 .text.DbgConsole_Putchar
                0x000000006000243c       0x30 ./utilities/fsl_debug_console.o
                0x000000006000243c                DbgConsole_Putchar
 .text.DbgConsole_PrintfFormattedData
                0x000000006000246c      0x3e0 ./utilities/fsl_debug_console.o
 .text.main     0x000000006000284c       0x60 ./source/gpio_led_output.o
                0x000000006000284c                main
 .text.CLOCK_GetOscFreq
                0x00000000600028ac       0x30 ./drivers/fsl_clock.o
 .text.CLOCK_InitExternalClk
                0x00000000600028dc       0x6c ./drivers/fsl_clock.o
                0x00000000600028dc                CLOCK_InitExternalClk
 .text.CLOCK_SwitchOsc
                0x0000000060002948       0x34 ./drivers/fsl_clock.o
                0x0000000060002948                CLOCK_SwitchOsc
 .text.CLOCK_InitRcOsc24M
                0x000000006000297c       0x24 ./drivers/fsl_clock.o
                0x000000006000297c                CLOCK_InitRcOsc24M
 .text.CLOCK_InitSysPll
                0x00000000600029a0       0x9c ./drivers/fsl_clock.o
                0x00000000600029a0                CLOCK_InitSysPll
 .text.CLOCK_DeinitAudioPll
                0x0000000060002a3c       0x1c ./drivers/fsl_clock.o
                0x0000000060002a3c                CLOCK_DeinitAudioPll
 .text.CLOCK_InitEnetPll
                0x0000000060002a58       0xa4 ./drivers/fsl_clock.o
                0x0000000060002a58                CLOCK_InitEnetPll
 .text.CLOCK_GetPllFreq
                0x0000000060002afc      0x26c ./drivers/fsl_clock.o
                0x0000000060002afc                CLOCK_GetPllFreq
 .text.CLOCK_InitSysPfd
                0x0000000060002d68       0x64 ./drivers/fsl_clock.o
                0x0000000060002d68                CLOCK_InitSysPfd
 .text.SDK_DelayAtLeastUs
                0x0000000060002dcc       0x94 ./drivers/fsl_common_arm.o
                0x0000000060002dcc                SDK_DelayAtLeastUs
 .text.CLOCK_ControlGate
                0x0000000060002e60       0x60 ./drivers/fsl_gpio.o
 .text.GPIO_GetInstance
                0x0000000060002ec0       0x4c ./drivers/fsl_gpio.o
 .text.GPIO_PinInit
                0x0000000060002f0c       0xa4 ./drivers/fsl_gpio.o
                0x0000000060002f0c                GPIO_PinInit
 .text.GPIO_PinWrite
                0x0000000060002fb0       0x48 ./drivers/fsl_gpio.o
                0x0000000060002fb0                GPIO_PinWrite
 .text.GPIO_PinSetInterruptConfig
                0x0000000060002ff8       0xfc ./drivers/fsl_gpio.o
                0x0000000060002ff8                GPIO_PinSetInterruptConfig
 .text.CLOCK_ControlGate
                0x00000000600030f4       0x60 ./drivers/fsl_lpuart.o
 .text.LPUART_GetInstance
                0x0000000060003154       0x4c ./drivers/fsl_lpuart.o
                0x0000000060003154                LPUART_GetInstance
 .text.LPUART_Init
                0x00000000600031a0      0x310 ./drivers/fsl_lpuart.o
                0x00000000600031a0                LPUART_Init
 .text.LPUART_GetDefaultConfig
                0x00000000600034b0       0x88 ./drivers/fsl_lpuart.o
                0x00000000600034b0                LPUART_GetDefaultConfig
 .text.LPUART_GetStatusFlags
                0x0000000060003538       0x38 ./drivers/fsl_lpuart.o
                0x0000000060003538                LPUART_GetStatusFlags
 .text.LPUART_ClearStatusFlags
                0x0000000060003570       0x7c ./drivers/fsl_lpuart.o
                0x0000000060003570                LPUART_ClearStatusFlags
 .text.LPUART_WriteBlocking
                0x00000000600035ec       0x68 ./drivers/fsl_lpuart.o
                0x00000000600035ec                LPUART_WriteBlocking
 .text.LPUART_ReadBlocking
                0x0000000060003654      0x160 ./drivers/fsl_lpuart.o
                0x0000000060003654                LPUART_ReadBlocking
 .text.LPUART1_DriverIRQHandler
                0x00000000600037b4       0x28 ./drivers/fsl_lpuart.o
                0x00000000600037b4                LPUART1_DriverIRQHandler
 .text.LPUART2_DriverIRQHandler
                0x00000000600037dc       0x28 ./drivers/fsl_lpuart.o
                0x00000000600037dc                LPUART2_DriverIRQHandler
 .text.LPUART3_DriverIRQHandler
                0x0000000060003804       0x28 ./drivers/fsl_lpuart.o
                0x0000000060003804                LPUART3_DriverIRQHandler
 .text.LPUART4_DriverIRQHandler
                0x000000006000382c       0x28 ./drivers/fsl_lpuart.o
                0x000000006000382c                LPUART4_DriverIRQHandler
 .text.LPUART5_DriverIRQHandler
                0x0000000060003854       0x28 ./drivers/fsl_lpuart.o
                0x0000000060003854                LPUART5_DriverIRQHandler
 .text.LPUART6_DriverIRQHandler
                0x000000006000387c       0x28 ./drivers/fsl_lpuart.o
                0x000000006000387c                LPUART6_DriverIRQHandler
 .text.LPUART7_DriverIRQHandler
                0x00000000600038a4       0x28 ./drivers/fsl_lpuart.o
                0x00000000600038a4                LPUART7_DriverIRQHandler
 .text.LPUART8_DriverIRQHandler
                0x00000000600038cc       0x28 ./drivers/fsl_lpuart.o
                0x00000000600038cc                LPUART8_DriverIRQHandler
 .text.SystemInit
                0x00000000600038f4      0x144 ./device/system_MIMXRT1021.o
                0x00000000600038f4                SystemInit
 .text.HAL_UartInitCommon
                0x0000000060003a38       0xac ./component/uart/fsl_adapter_lpuart.o
 .text.HAL_UartInit
                0x0000000060003ae4       0x84 ./component/uart/fsl_adapter_lpuart.o
                0x0000000060003ae4                HAL_UartInit
 .text.HAL_UartReceiveBlocking
                0x0000000060003b68       0x6c ./component/uart/fsl_adapter_lpuart.o
                0x0000000060003b68                HAL_UartReceiveBlocking
 .text.HAL_UartSendBlocking
                0x0000000060003bd4       0x64 ./component/uart/fsl_adapter_lpuart.o
                0x0000000060003bd4                HAL_UartSendBlocking
 .text.ARM_MPU_Enable
                0x0000000060003c38       0x44 ./board/board.o
 .text.ARM_MPU_Disable
                0x0000000060003c7c       0x40 ./board/board.o
 .text.CLOCK_GetMux
                0x0000000060003cbc       0x44 ./board/board.o
 .text.CLOCK_GetDiv
                0x0000000060003d00       0x44 ./board/board.o
 .text.CLOCK_GetOscFreq
                0x0000000060003d44       0x30 ./board/board.o
 .text.BOARD_DebugConsoleSrcFreq
                0x0000000060003d74       0x64 ./board/board.o
                0x0000000060003d74                BOARD_DebugConsoleSrcFreq
 .text.BOARD_ConfigMPU
                0x0000000060003dd8      0x324 ./board/board.o
                0x0000000060003dd8                BOARD_ConfigMPU
 .text.CLOCK_SetMux
                0x00000000600040fc       0x9c ./board/clock_config.o
 .text.CLOCK_SetDiv
                0x0000000060004198       0x9c ./board/clock_config.o
 .text.CLOCK_ControlGate
                0x0000000060004234       0x60 ./board/clock_config.o
 .text.CLOCK_SetXtalFreq
                0x0000000060004294       0x20 ./board/clock_config.o
 .text.CLOCK_SetRtcXtalFreq
                0x00000000600042b4       0x20 ./board/clock_config.o
 .text.IOMUXC_MQSConfig
                0x00000000600042d4       0x44 ./board/clock_config.o
 .text.BOARD_BootClockRUN
                0x0000000060004318      0x4ec ./board/clock_config.o
                0x0000000060004318                BOARD_BootClockRUN
 .text.CLOCK_ControlGate
                0x0000000060004804       0x60 ./board/pin_mux.o
 .text.BOARD_InitPins
                0x0000000060004864       0xac ./board/pin_mux.o
                0x0000000060004864                BOARD_InitPins
 .text._initio  0x0000000060004910       0x78 /usr/local/mcuxpressoide-11.6.1_8255/ide/plugins/com.nxp.mcuxpresso.tools.linux_11.6.1.202207200623/tools/bin/../lib/gcc/arm-none-eabi/10.3.1/../../../../arm-none-eabi/lib/thumb/v7e-m+dp/hard/libcr_c.a(initio.o)
                0x0000000060004910                _initio
 .text.fflush   0x0000000060004988       0x3c /usr/local/mcuxpressoide-11.6.1_8255/ide/plugins/com.nxp.mcuxpresso.tools.linux_11.6.1.202207200623/tools/bin/../lib/gcc/arm-none-eabi/10.3.1/../../../../arm-none-eabi/lib/thumb/v7e-m+dp/hard/libcr_c.a(fflush.o)
                0x0000000060004988                fflush
 .text.fseek    0x00000000600049c4       0xfc /usr/local/mcuxpressoide-11.6.1_8255/ide/plugins/com.nxp.mcuxpresso.tools.linux_11.6.1.202207200623/tools/bin/../lib/gcc/arm-none-eabi/10.3.1/../../../../arm-none-eabi/lib/thumb/v7e-m+dp/hard/libcr_c.a(fseek.o)
                0x00000000600049c4                fseek
 .text.ftell    0x0000000060004ac0       0x44 /usr/local/mcuxpressoide-11.6.1_8255/ide/plugins/com.nxp.mcuxpresso.tools.linux_11.6.1.202207200623/tools/bin/../lib/gcc/arm-none-eabi/10.3.1/../../../../arm-none-eabi/lib/thumb/v7e-m+dp/hard/libcr_c.a(ftell.o)
                0x0000000060004ac0                ftell
 .text._Cwritebuf
                0x0000000060004b04       0x6c /usr/local/mcuxpressoide-11.6.1_8255/ide/plugins/com.nxp.mcuxpresso.tools.linux_11.6.1.202207200623/tools/bin/../lib/gcc/arm-none-eabi/10.3.1/../../../../arm-none-eabi/lib/thumb/v7e-m+dp/hard/libcr_c.a(_writebuf.o)
                0x0000000060004b04                _Cwritebuf
 .text.DbgConsole_Printf
                0x0000000060004b70       0x2c ./utilities/fsl_debug_console.o
                0x0000000060004b70                DbgConsole_Printf
 .text.DbgConsole_PrintfPaddingCharacter
                0x0000000060004b9c       0x40 ./utilities/fsl_debug_console.o
 .text.DbgConsole_ConvertRadixNumToString
                0x0000000060004bdc       0xc2 ./utilities/fsl_debug_console.o
 .text.DMA0_DMA16_IRQHandler
                0x0000000060004c9e        0x8 ./startup/startup_mimxrt1021.o
                0x0000000060004c9e                DMA0_DMA16_IRQHandler
 .text.DMA1_DMA17_IRQHandler
                0x0000000060004ca6        0x8 ./startup/startup_mimxrt1021.o
                0x0000000060004ca6                DMA1_DMA17_IRQHandler
 .text.DMA2_DMA18_IRQHandler
                0x0000000060004cae        0x8 ./startup/startup_mimxrt1021.o
                0x0000000060004cae                DMA2_DMA18_IRQHandler
 .text.DMA3_DMA19_IRQHandler
                0x0000000060004cb6        0x8 ./startup/startup_mimxrt1021.o
                0x0000000060004cb6                DMA3_DMA19_IRQHandler
 .text.DMA4_DMA20_IRQHandler
                0x0000000060004cbe        0x8 ./startup/startup_mimxrt1021.o
                0x0000000060004cbe                DMA4_DMA20_IRQHandler
 .text.DMA5_DMA21_IRQHandler
                0x0000000060004cc6        0x8 ./startup/startup_mimxrt1021.o
                0x0000000060004cc6                DMA5_DMA21_IRQHandler
 .text.DMA6_DMA22_IRQHandler
                0x0000000060004cce        0x8 ./startup/startup_mimxrt1021.o
                0x0000000060004cce                DMA6_DMA22_IRQHandler
 .text.DMA7_DMA23_IRQHandler
                0x0000000060004cd6        0x8 ./startup/startup_mimxrt1021.o
                0x0000000060004cd6                DMA7_DMA23_IRQHandler
 .text.DMA8_DMA24_IRQHandler
                0x0000000060004cde        0x8 ./startup/startup_mimxrt1021.o
                0x0000000060004cde                DMA8_DMA24_IRQHandler
 .text.DMA9_DMA25_IRQHandler
                0x0000000060004ce6        0x8 ./startup/startup_mimxrt1021.o
                0x0000000060004ce6                DMA9_DMA25_IRQHandler
 .text.DMA10_DMA26_IRQHandler
                0x0000000060004cee        0x8 ./startup/startup_mimxrt1021.o
                0x0000000060004cee                DMA10_DMA26_IRQHandler
 .text.DMA11_DMA27_IRQHandler
                0x0000000060004cf6        0x8 ./startup/startup_mimxrt1021.o
                0x0000000060004cf6                DMA11_DMA27_IRQHandler
 .text.DMA12_DMA28_IRQHandler
                0x0000000060004cfe        0x8 ./startup/startup_mimxrt1021.o
                0x0000000060004cfe                DMA12_DMA28_IRQHandler
 .text.DMA13_DMA29_IRQHandler
                0x0000000060004d06        0x8 ./startup/startup_mimxrt1021.o
                0x0000000060004d06                DMA13_DMA29_IRQHandler
 .text.DMA14_DMA30_IRQHandler
                0x0000000060004d0e        0x8 ./startup/startup_mimxrt1021.o
                0x0000000060004d0e                DMA14_DMA30_IRQHandler
 .text.DMA15_DMA31_IRQHandler
                0x0000000060004d16        0x8 ./startup/startup_mimxrt1021.o
                0x0000000060004d16                DMA15_DMA31_IRQHandler
 .text.DMA_ERROR_IRQHandler
                0x0000000060004d1e        0x8 ./startup/startup_mimxrt1021.o
                0x0000000060004d1e                DMA_ERROR_IRQHandler
 .text.CTI0_ERROR_IRQHandler
                0x0000000060004d26        0x8 ./startup/startup_mimxrt1021.o
                0x0000000060004d26                CTI0_ERROR_IRQHandler
 .text.CTI1_ERROR_IRQHandler
                0x0000000060004d2e        0x8 ./startup/startup_mimxrt1021.o
                0x0000000060004d2e                CTI1_ERROR_IRQHandler
 .text.CORE_IRQHandler
                0x0000000060004d36        0x8 ./startup/startup_mimxrt1021.o
                0x0000000060004d36                CORE_IRQHandler
 .text.LPUART1_IRQHandler
                0x0000000060004d3e        0x8 ./startup/startup_mimxrt1021.o
                0x0000000060004d3e                LPUART1_IRQHandler
 .text.LPUART2_IRQHandler
                0x0000000060004d46        0x8 ./startup/startup_mimxrt1021.o
                0x0000000060004d46                LPUART2_IRQHandler
 .text.LPUART3_IRQHandler
                0x0000000060004d4e        0x8 ./startup/startup_mimxrt1021.o
                0x0000000060004d4e                LPUART3_IRQHandler
 .text.LPUART4_IRQHandler
                0x0000000060004d56        0x8 ./startup/startup_mimxrt1021.o
                0x0000000060004d56                LPUART4_IRQHandler
 .text.LPUART5_IRQHandler
                0x0000000060004d5e        0x8 ./startup/startup_mimxrt1021.o
                0x0000000060004d5e                LPUART5_IRQHandler
 .text.LPUART6_IRQHandler
                0x0000000060004d66        0x8 ./startup/startup_mimxrt1021.o
                0x0000000060004d66                LPUART6_IRQHandler
 .text.LPUART7_IRQHandler
                0x0000000060004d6e        0x8 ./startup/startup_mimxrt1021.o
                0x0000000060004d6e                LPUART7_IRQHandler
 .text.LPUART8_IRQHandler
                0x0000000060004d76        0x8 ./startup/startup_mimxrt1021.o
                0x0000000060004d76                LPUART8_IRQHandler
 .text.LPI2C1_IRQHandler
                0x0000000060004d7e        0x8 ./startup/startup_mimxrt1021.o
                0x0000000060004d7e                LPI2C1_IRQHandler
 .text.LPI2C2_IRQHandler
                0x0000000060004d86        0x8 ./startup/startup_mimxrt1021.o
                0x0000000060004d86                LPI2C2_IRQHandler
 .text.LPI2C3_IRQHandler
                0x0000000060004d8e        0x8 ./startup/startup_mimxrt1021.o
                0x0000000060004d8e                LPI2C3_IRQHandler
 .text.LPI2C4_IRQHandler
                0x0000000060004d96        0x8 ./startup/startup_mimxrt1021.o
                0x0000000060004d96                LPI2C4_IRQHandler
 .text.LPSPI1_IRQHandler
                0x0000000060004d9e        0x8 ./startup/startup_mimxrt1021.o
                0x0000000060004d9e                LPSPI1_IRQHandler
 .text.LPSPI2_IRQHandler
                0x0000000060004da6        0x8 ./startup/startup_mimxrt1021.o
                0x0000000060004da6                LPSPI2_IRQHandler
 .text.LPSPI3_IRQHandler
                0x0000000060004dae        0x8 ./startup/startup_mimxrt1021.o
                0x0000000060004dae                LPSPI3_IRQHandler
 .text.LPSPI4_IRQHandler
                0x0000000060004db6        0x8 ./startup/startup_mimxrt1021.o
                0x0000000060004db6                LPSPI4_IRQHandler
 .text.CAN1_IRQHandler
                0x0000000060004dbe        0x8 ./startup/startup_mimxrt1021.o
                0x0000000060004dbe                CAN1_IRQHandler
 .text.CAN2_IRQHandler
                0x0000000060004dc6        0x8 ./startup/startup_mimxrt1021.o
                0x0000000060004dc6                CAN2_IRQHandler
 .text.FLEXRAM_IRQHandler
                0x0000000060004dce        0x8 ./startup/startup_mimxrt1021.o
                0x0000000060004dce                FLEXRAM_IRQHandler
 .text.KPP_IRQHandler
                0x0000000060004dd6        0x8 ./startup/startup_mimxrt1021.o
                0x0000000060004dd6                KPP_IRQHandler
 .text.Reserved56_IRQHandler
                0x0000000060004dde        0x8 ./startup/startup_mimxrt1021.o
                0x0000000060004dde                Reserved56_IRQHandler
 .text.GPR_IRQ_IRQHandler
                0x0000000060004de6        0x8 ./startup/startup_mimxrt1021.o
                0x0000000060004de6                GPR_IRQ_IRQHandler
 .text.Reserved58_IRQHandler
                0x0000000060004dee        0x8 ./startup/startup_mimxrt1021.o
                0x0000000060004dee                Reserved58_IRQHandler
 .text.Reserved59_IRQHandler
                0x0000000060004df6        0x8 ./startup/startup_mimxrt1021.o
                0x0000000060004df6                Reserved59_IRQHandler
 .text.Reserved60_IRQHandler
                0x0000000060004dfe        0x8 ./startup/startup_mimxrt1021.o
                0x0000000060004dfe                Reserved60_IRQHandler
 .text.WDOG2_IRQHandler
                0x0000000060004e06        0x8 ./startup/startup_mimxrt1021.o
                0x0000000060004e06                WDOG2_IRQHandler
 .text.SNVS_HP_WRAPPER_IRQHandler
                0x0000000060004e0e        0x8 ./startup/startup_mimxrt1021.o
                0x0000000060004e0e                SNVS_HP_WRAPPER_IRQHandler
 .text.SNVS_HP_WRAPPER_TZ_IRQHandler
                0x0000000060004e16        0x8 ./startup/startup_mimxrt1021.o
                0x0000000060004e16                SNVS_HP_WRAPPER_TZ_IRQHandler
 .text.SNVS_LP_HP_WRAPPER_IRQHandler
                0x0000000060004e1e        0x8 ./startup/startup_mimxrt1021.o
                0x0000000060004e1e                SNVS_LP_HP_WRAPPER_IRQHandler
 .text.CSU_IRQHandler
                0x0000000060004e26        0x8 ./startup/startup_mimxrt1021.o
                0x0000000060004e26                CSU_IRQHandler
 .text.DCP_IRQHandler
                0x0000000060004e2e        0x8 ./startup/startup_mimxrt1021.o
                0x0000000060004e2e                DCP_IRQHandler
 .text.DCP_VMI_IRQHandler
                0x0000000060004e36        0x8 ./startup/startup_mimxrt1021.o
                0x0000000060004e36                DCP_VMI_IRQHandler
 .text.Reserved68_IRQHandler
                0x0000000060004e3e        0x8 ./startup/startup_mimxrt1021.o
                0x0000000060004e3e                Reserved68_IRQHandler
 .text.TRNG_IRQHandler
                0x0000000060004e46        0x8 ./startup/startup_mimxrt1021.o
                0x0000000060004e46                TRNG_IRQHandler
 .text.Reserved70_IRQHandler
                0x0000000060004e4e        0x8 ./startup/startup_mimxrt1021.o
                0x0000000060004e4e                Reserved70_IRQHandler
 .text.BEE_IRQHandler
                0x0000000060004e56        0x8 ./startup/startup_mimxrt1021.o
                0x0000000060004e56                BEE_IRQHandler
 .text.SAI1_IRQHandler
                0x0000000060004e5e        0x8 ./startup/startup_mimxrt1021.o
                0x0000000060004e5e                SAI1_IRQHandler
 .text.SAI2_IRQHandler
                0x0000000060004e66        0x8 ./startup/startup_mimxrt1021.o
                0x0000000060004e66                SAI2_IRQHandler
 .text.SAI3_RX_IRQHandler
                0x0000000060004e6e        0x8 ./startup/startup_mimxrt1021.o
                0x0000000060004e6e                SAI3_RX_IRQHandler
 .text.SAI3_TX_IRQHandler
                0x0000000060004e76        0x8 ./startup/startup_mimxrt1021.o
                0x0000000060004e76                SAI3_TX_IRQHandler
 .text.SPDIF_IRQHandler
                0x0000000060004e7e        0x8 ./startup/startup_mimxrt1021.o
                0x0000000060004e7e                SPDIF_IRQHandler
 .text.PMU_IRQHandler
                0x0000000060004e86        0x8 ./startup/startup_mimxrt1021.o
                0x0000000060004e86                PMU_IRQHandler
 .text.Reserved78_IRQHandler
                0x0000000060004e8e        0x8 ./startup/startup_mimxrt1021.o
                0x0000000060004e8e                Reserved78_IRQHandler
 .text.TEMP_LOW_HIGH_IRQHandler
                0x0000000060004e96        0x8 ./startup/startup_mimxrt1021.o
                0x0000000060004e96                TEMP_LOW_HIGH_IRQHandler
 .text.TEMP_PANIC_IRQHandler
                0x0000000060004e9e        0x8 ./startup/startup_mimxrt1021.o
                0x0000000060004e9e                TEMP_PANIC_IRQHandler
 .text.USB_PHY_IRQHandler
                0x0000000060004ea6        0x8 ./startup/startup_mimxrt1021.o
                0x0000000060004ea6                USB_PHY_IRQHandler
 .text.Reserved82_IRQHandler
                0x0000000060004eae        0x8 ./startup/startup_mimxrt1021.o
                0x0000000060004eae                Reserved82_IRQHandler
 .text.ADC1_IRQHandler
                0x0000000060004eb6        0x8 ./startup/startup_mimxrt1021.o
                0x0000000060004eb6                ADC1_IRQHandler
 .text.ADC2_IRQHandler
                0x0000000060004ebe        0x8 ./startup/startup_mimxrt1021.o
                0x0000000060004ebe                ADC2_IRQHandler
 .text.DCDC_IRQHandler
                0x0000000060004ec6        0x8 ./startup/startup_mimxrt1021.o
                0x0000000060004ec6                DCDC_IRQHandler
 .text.Reserved86_IRQHandler
                0x0000000060004ece        0x8 ./startup/startup_mimxrt1021.o
                0x0000000060004ece                Reserved86_IRQHandler
 .text.Reserved87_IRQHandler
                0x0000000060004ed6        0x8 ./startup/startup_mimxrt1021.o
                0x0000000060004ed6                Reserved87_IRQHandler
 .text.GPIO1_INT0_IRQHandler
                0x0000000060004ede        0x8 ./startup/startup_mimxrt1021.o
                0x0000000060004ede                GPIO1_INT0_IRQHandler
 .text.GPIO1_INT1_IRQHandler
                0x0000000060004ee6        0x8 ./startup/startup_mimxrt1021.o
                0x0000000060004ee6                GPIO1_INT1_IRQHandler
 .text.GPIO1_INT2_IRQHandler
                0x0000000060004eee        0x8 ./startup/startup_mimxrt1021.o
                0x0000000060004eee                GPIO1_INT2_IRQHandler
 .text.GPIO1_INT3_IRQHandler
                0x0000000060004ef6        0x8 ./startup/startup_mimxrt1021.o
                0x0000000060004ef6                GPIO1_INT3_IRQHandler
 .text.GPIO1_INT4_IRQHandler
                0x0000000060004efe        0x8 ./startup/startup_mimxrt1021.o
                0x0000000060004efe                GPIO1_INT4_IRQHandler
 .text.GPIO1_INT5_IRQHandler
                0x0000000060004f06        0x8 ./startup/startup_mimxrt1021.o
                0x0000000060004f06                GPIO1_INT5_IRQHandler
 .text.GPIO1_INT6_IRQHandler
                0x0000000060004f0e        0x8 ./startup/startup_mimxrt1021.o
                0x0000000060004f0e                GPIO1_INT6_IRQHandler
 .text.GPIO1_INT7_IRQHandler
                0x0000000060004f16        0x8 ./startup/startup_mimxrt1021.o
                0x0000000060004f16                GPIO1_INT7_IRQHandler
 .text.GPIO1_Combined_0_15_IRQHandler
                0x0000000060004f1e        0x8 ./startup/startup_mimxrt1021.o
                0x0000000060004f1e                GPIO1_Combined_0_15_IRQHandler
 .text.GPIO1_Combined_16_31_IRQHandler
                0x0000000060004f26        0x8 ./startup/startup_mimxrt1021.o
                0x0000000060004f26                GPIO1_Combined_16_31_IRQHandler
 .text.GPIO2_Combined_0_15_IRQHandler
                0x0000000060004f2e        0x8 ./startup/startup_mimxrt1021.o
                0x0000000060004f2e                GPIO2_Combined_0_15_IRQHandler
 .text.GPIO2_Combined_16_31_IRQHandler
                0x0000000060004f36        0x8 ./startup/startup_mimxrt1021.o
                0x0000000060004f36                GPIO2_Combined_16_31_IRQHandler
 .text.GPIO3_Combined_0_15_IRQHandler
                0x0000000060004f3e        0x8 ./startup/startup_mimxrt1021.o
                0x0000000060004f3e                GPIO3_Combined_0_15_IRQHandler
 .text.GPIO3_Combined_16_31_IRQHandler
                0x0000000060004f46        0x8 ./startup/startup_mimxrt1021.o
                0x0000000060004f46                GPIO3_Combined_16_31_IRQHandler
 .text.Reserved102_IRQHandler
                0x0000000060004f4e        0x8 ./startup/startup_mimxrt1021.o
                0x0000000060004f4e                Reserved102_IRQHandler
 .text.Reserved103_IRQHandler
                0x0000000060004f56        0x8 ./startup/startup_mimxrt1021.o
                0x0000000060004f56                Reserved103_IRQHandler
 .text.GPIO5_Combined_0_15_IRQHandler
                0x0000000060004f5e        0x8 ./startup/startup_mimxrt1021.o
                0x0000000060004f5e                GPIO5_Combined_0_15_IRQHandler
 .text.GPIO5_Combined_16_31_IRQHandler
                0x0000000060004f66        0x8 ./startup/startup_mimxrt1021.o
                0x0000000060004f66                GPIO5_Combined_16_31_IRQHandler
 .text.FLEXIO1_IRQHandler
                0x0000000060004f6e        0x8 ./startup/startup_mimxrt1021.o
                0x0000000060004f6e                FLEXIO1_IRQHandler
 .text.Reserved107_IRQHandler
                0x0000000060004f76        0x8 ./startup/startup_mimxrt1021.o
                0x0000000060004f76                Reserved107_IRQHandler
 .text.WDOG1_IRQHandler
                0x0000000060004f7e        0x8 ./startup/startup_mimxrt1021.o
                0x0000000060004f7e                WDOG1_IRQHandler
 .text.RTWDOG_IRQHandler
                0x0000000060004f86        0x8 ./startup/startup_mimxrt1021.o
                0x0000000060004f86                RTWDOG_IRQHandler
 .text.EWM_IRQHandler
                0x0000000060004f8e        0x8 ./startup/startup_mimxrt1021.o
                0x0000000060004f8e                EWM_IRQHandler
 .text.CCM_1_IRQHandler
                0x0000000060004f96        0x8 ./startup/startup_mimxrt1021.o
                0x0000000060004f96                CCM_1_IRQHandler
 .text.CCM_2_IRQHandler
                0x0000000060004f9e        0x8 ./startup/startup_mimxrt1021.o
                0x0000000060004f9e                CCM_2_IRQHandler
 .text.GPC_IRQHandler
                0x0000000060004fa6        0x8 ./startup/startup_mimxrt1021.o
                0x0000000060004fa6                GPC_IRQHandler
 .text.SRC_IRQHandler
                0x0000000060004fae        0x8 ./startup/startup_mimxrt1021.o
                0x0000000060004fae                SRC_IRQHandler
 .text.Reserved115_IRQHandler
                0x0000000060004fb6        0x8 ./startup/startup_mimxrt1021.o
                0x0000000060004fb6                Reserved115_IRQHandler
 .text.GPT1_IRQHandler
                0x0000000060004fbe        0x8 ./startup/startup_mimxrt1021.o
                0x0000000060004fbe                GPT1_IRQHandler
 .text.GPT2_IRQHandler
                0x0000000060004fc6        0x8 ./startup/startup_mimxrt1021.o
                0x0000000060004fc6                GPT2_IRQHandler
 .text.PWM1_0_IRQHandler
                0x0000000060004fce        0x8 ./startup/startup_mimxrt1021.o
                0x0000000060004fce                PWM1_0_IRQHandler
 .text.PWM1_1_IRQHandler
                0x0000000060004fd6        0x8 ./startup/startup_mimxrt1021.o
                0x0000000060004fd6                PWM1_1_IRQHandler
 .text.PWM1_2_IRQHandler
                0x0000000060004fde        0x8 ./startup/startup_mimxrt1021.o
                0x0000000060004fde                PWM1_2_IRQHandler
 .text.PWM1_3_IRQHandler
                0x0000000060004fe6        0x8 ./startup/startup_mimxrt1021.o
                0x0000000060004fe6                PWM1_3_IRQHandler
 .text.PWM1_FAULT_IRQHandler
                0x0000000060004fee        0x8 ./startup/startup_mimxrt1021.o
                0x0000000060004fee                PWM1_FAULT_IRQHandler
 .text.Reserved123_IRQHandler
                0x0000000060004ff6        0x8 ./startup/startup_mimxrt1021.o
                0x0000000060004ff6                Reserved123_IRQHandler
 .text.FLEXSPI_IRQHandler
                0x0000000060004ffe        0x8 ./startup/startup_mimxrt1021.o
                0x0000000060004ffe                FLEXSPI_IRQHandler
 .text.SEMC_IRQHandler
                0x0000000060005006        0x8 ./startup/startup_mimxrt1021.o
                0x0000000060005006                SEMC_IRQHandler
 .text.USDHC1_IRQHandler
                0x000000006000500e        0x8 ./startup/startup_mimxrt1021.o
                0x000000006000500e                USDHC1_IRQHandler
 .text.USDHC2_IRQHandler
                0x0000000060005016        0x8 ./startup/startup_mimxrt1021.o
                0x0000000060005016                USDHC2_IRQHandler
 .text.Reserved128_IRQHandler
                0x000000006000501e        0x8 ./startup/startup_mimxrt1021.o
                0x000000006000501e                Reserved128_IRQHandler
 .text.USB_OTG1_IRQHandler
                0x0000000060005026        0x8 ./startup/startup_mimxrt1021.o
                0x0000000060005026                USB_OTG1_IRQHandler
 .text.ENET_IRQHandler
                0x000000006000502e        0x8 ./startup/startup_mimxrt1021.o
                0x000000006000502e                ENET_IRQHandler
 .text.ENET_1588_Timer_IRQHandler
                0x0000000060005036        0x8 ./startup/startup_mimxrt1021.o
                0x0000000060005036                ENET_1588_Timer_IRQHandler
 .text.XBAR1_IRQ_0_1_IRQHandler
                0x000000006000503e        0x8 ./startup/startup_mimxrt1021.o
                0x000000006000503e                XBAR1_IRQ_0_1_IRQHandler
 .text.XBAR1_IRQ_2_3_IRQHandler
                0x0000000060005046        0x8 ./startup/startup_mimxrt1021.o
                0x0000000060005046                XBAR1_IRQ_2_3_IRQHandler
 .text.ADC_ETC_IRQ0_IRQHandler
                0x000000006000504e        0x8 ./startup/startup_mimxrt1021.o
                0x000000006000504e                ADC_ETC_IRQ0_IRQHandler
 .text.ADC_ETC_IRQ1_IRQHandler
                0x0000000060005056        0x8 ./startup/startup_mimxrt1021.o
                0x0000000060005056                ADC_ETC_IRQ1_IRQHandler
 .text.ADC_ETC_IRQ2_IRQHandler
                0x000000006000505e        0x8 ./startup/startup_mimxrt1021.o
                0x000000006000505e                ADC_ETC_IRQ2_IRQHandler
 .text.ADC_ETC_ERROR_IRQ_IRQHandler
                0x0000000060005066        0x8 ./startup/startup_mimxrt1021.o
                0x0000000060005066                ADC_ETC_ERROR_IRQ_IRQHandler
 .text.PIT_IRQHandler
                0x000000006000506e        0x8 ./startup/startup_mimxrt1021.o
                0x000000006000506e                PIT_IRQHandler
 .text.ACMP1_IRQHandler
                0x0000000060005076        0x8 ./startup/startup_mimxrt1021.o
                0x0000000060005076                ACMP1_IRQHandler
 .text.ACMP2_IRQHandler
                0x000000006000507e        0x8 ./startup/startup_mimxrt1021.o
                0x000000006000507e                ACMP2_IRQHandler
 .text.ACMP3_IRQHandler
                0x0000000060005086        0x8 ./startup/startup_mimxrt1021.o
                0x0000000060005086                ACMP3_IRQHandler
 .text.ACMP4_IRQHandler
                0x000000006000508e        0x8 ./startup/startup_mimxrt1021.o
                0x000000006000508e                ACMP4_IRQHandler
 .text.Reserved143_IRQHandler
                0x0000000060005096        0x8 ./startup/startup_mimxrt1021.o
                0x0000000060005096                Reserved143_IRQHandler
 .text.Reserved144_IRQHandler
                0x000000006000509e        0x8 ./startup/startup_mimxrt1021.o
                0x000000006000509e                Reserved144_IRQHandler
 .text.ENC1_IRQHandler
                0x00000000600050a6        0x8 ./startup/startup_mimxrt1021.o
                0x00000000600050a6                ENC1_IRQHandler
 .text.ENC2_IRQHandler
                0x00000000600050ae        0x8 ./startup/startup_mimxrt1021.o
                0x00000000600050ae                ENC2_IRQHandler
 .text.Reserved147_IRQHandler
                0x00000000600050b6        0x8 ./startup/startup_mimxrt1021.o
                0x00000000600050b6                Reserved147_IRQHandler
 .text.Reserved148_IRQHandler
                0x00000000600050be        0x8 ./startup/startup_mimxrt1021.o
                0x00000000600050be                Reserved148_IRQHandler
 .text.TMR1_IRQHandler
                0x00000000600050c6        0x8 ./startup/startup_mimxrt1021.o
                0x00000000600050c6                TMR1_IRQHandler
 .text.TMR2_IRQHandler
                0x00000000600050ce        0x8 ./startup/startup_mimxrt1021.o
                0x00000000600050ce                TMR2_IRQHandler
 .text.Reserved151_IRQHandler
                0x00000000600050d6        0x8 ./startup/startup_mimxrt1021.o
                0x00000000600050d6                Reserved151_IRQHandler
 .text.Reserved152_IRQHandler
                0x00000000600050de        0x8 ./startup/startup_mimxrt1021.o
                0x00000000600050de                Reserved152_IRQHandler
 .text.PWM2_0_IRQHandler
                0x00000000600050e6        0x8 ./startup/startup_mimxrt1021.o
                0x00000000600050e6                PWM2_0_IRQHandler
 .text.PWM2_1_IRQHandler
                0x00000000600050ee        0x8 ./startup/startup_mimxrt1021.o
                0x00000000600050ee                PWM2_1_IRQHandler
 .text.PWM2_2_IRQHandler
                0x00000000600050f6        0x8 ./startup/startup_mimxrt1021.o
                0x00000000600050f6                PWM2_2_IRQHandler
 .text.PWM2_3_IRQHandler
                0x00000000600050fe        0x8 ./startup/startup_mimxrt1021.o
                0x00000000600050fe                PWM2_3_IRQHandler
 .text.PWM2_FAULT_IRQHandler
                0x0000000060005106        0x8 ./startup/startup_mimxrt1021.o
                0x0000000060005106                PWM2_FAULT_IRQHandler
 .text.GPIO_PortToggle
                0x000000006000510e       0x1e ./source/gpio_led_output.o
 .text.HardFault_Handler
                0x000000006000512c       0x2c ./source/semihost_hardfault.o
                0x000000006000512c                HardFault_Handler
 .text.CLOCK_IsPllBypassed
                0x0000000060005158       0x32 ./drivers/fsl_clock.o
 .text.CLOCK_IsPllEnabled
                0x000000006000518a       0x3c ./drivers/fsl_clock.o
 .text.CLOCK_GetPllBypassRefClk
                0x00000000600051c6       0x34 ./drivers/fsl_clock.o
 .text.DelayLoop
                0x00000000600051fa       0x20 ./drivers/fsl_common_arm.o
 .text._SDK_AtomicLocalClearAndSet4Byte
                0x000000006000521a       0x50 ./drivers/fsl_gpio.o
 .text.CLOCK_EnableClock
                0x000000006000526a       0x1e ./drivers/fsl_gpio.o
 .text.GPIO_SetPinInterruptConfig
                0x0000000060005288       0x22 ./drivers/fsl_gpio.o
 .text._SDK_AtomicLocalClearAndSet4Byte
                0x00000000600052aa       0x50 ./drivers/fsl_lpuart.o
 .text.CLOCK_EnableClock
                0x00000000600052fa       0x1e ./drivers/fsl_lpuart.o
 .text.LPUART_SoftwareReset
                0x0000000060005318       0x2c ./drivers/fsl_lpuart.o
 .text.SystemInitHook
                0x0000000060005344        0xe ./device/system_MIMXRT1021.o
                0x0000000060005344                SystemInitHook
 .text.HAL_UartGetStatus
                0x0000000060005352       0x28 ./component/uart/fsl_adapter_lpuart.o
 .text.BOARD_InitDebugConsole
                0x000000006000537a       0x22 ./board/board.o
                0x000000006000537a                BOARD_InitDebugConsole
 .text._SDK_AtomicLocalClearAndSet4Byte
                0x000000006000539c       0x50 ./board/clock_config.o
 .text.CLOCK_DisableClock
                0x00000000600053ec       0x1e ./board/clock_config.o
 .text.CLOCK_SetPllBypass
                0x000000006000540a       0x4e ./board/clock_config.o
 .text.IOMUXC_SetSaiMClkClockSource
                0x0000000060005458       0x6c ./board/clock_config.o
 .text.BOARD_InitBootClocks
                0x00000000600054c4        0xc ./board/clock_config.o
                0x00000000600054c4                BOARD_InitBootClocks
 .text._SDK_AtomicLocalClearAndSet4Byte
                0x00000000600054d0       0x50 ./board/pin_mux.o
 .text.CLOCK_EnableClock
                0x0000000060005520       0x1e ./board/pin_mux.o
 .text.IOMUXC_SetPinMux
                0x000000006000553e       0x3a ./board/pin_mux.o
 .text.IOMUXC_SetPinConfig
                0x0000000060005578       0x26 ./board/pin_mux.o
 .text.BOARD_InitBootPins
                0x000000006000559e        0xc ./board/pin_mux.o
                0x000000006000559e                BOARD_InitBootPins
 .text.__main   0x00000000600055aa        0xe /usr/local/mcuxpressoide-11.6.1_8255/ide/plugins/com.nxp.mcuxpresso.tools.linux_11.6.1.202207200623/tools/bin/../lib/gcc/arm-none-eabi/10.3.1/../../../../arm-none-eabi/lib/thumb/v7e-m+dp/hard/libcr_nohost_nf.a(_cr__main.o)
                0x00000000600055aa                __main
 .text.memcpy   0x00000000600055b8        0x4 /usr/local/mcuxpressoide-11.6.1_8255/ide/plugins/com.nxp.mcuxpresso.tools.linux_11.6.1.202207200623/tools/bin/../lib/gcc/arm-none-eabi/10.3.1/../../../../arm-none-eabi/lib/thumb/v7e-m+dp/hard/libcr_c.a(memcpy.o)
                0x00000000600055b8                memcpy
 .text.memset   0x00000000600055bc        0x4 /usr/local/mcuxpressoide-11.6.1_8255/ide/plugins/com.nxp.mcuxpresso.tools.linux_11.6.1.202207200623/tools/bin/../lib/gcc/arm-none-eabi/10.3.1/../../../../arm-none-eabi/lib/thumb/v7e-m+dp/hard/libcr_c.a(memset.o)
                0x00000000600055bc                memset
 .text.free     0x00000000600055c0       0x30 /usr/local/mcuxpressoide-11.6.1_8255/ide/plugins/com.nxp.mcuxpresso.tools.linux_11.6.1.202207200623/tools/bin/../lib/gcc/arm-none-eabi/10.3.1/../../../../arm-none-eabi/lib/thumb/v7e-m+dp/hard/libcr_c.a(alloc.o)
                0x00000000600055c0                free
 .text.setvbuf  0x00000000600055f0       0x3e /usr/local/mcuxpressoide-11.6.1_8255/ide/plugins/com.nxp.mcuxpresso.tools.linux_11.6.1.202207200623/tools/bin/../lib/gcc/arm-none-eabi/10.3.1/../../../../arm-none-eabi/lib/thumb/v7e-m+dp/hard/libcr_c.a(setvbuf.o)
                0x00000000600055f0                setvbuf
 .text.strlen   0x000000006000562e       0x48 /usr/local/mcuxpressoide-11.6.1_8255/ide/plugins/com.nxp.mcuxpresso.tools.linux_11.6.1.202207200623/tools/bin/../lib/gcc/arm-none-eabi/10.3.1/../../../../arm-none-eabi/lib/thumb/v7e-m+dp/hard/libcr_c.a(strlen.o)
                0x000000006000562e                strlen
 .text._fdopen  0x0000000060005676       0x68 /usr/local/mcuxpressoide-11.6.1_8255/ide/plugins/com.nxp.mcuxpresso.tools.linux_11.6.1.202207200623/tools/bin/../lib/gcc/arm-none-eabi/10.3.1/../../../../arm-none-eabi/lib/thumb/v7e-m+dp/hard/libcr_c.a(_fdopen.o)
                0x0000000060005676                _fdopen
 .text.fclose   0x00000000600056de       0x58 /usr/local/mcuxpressoide-11.6.1_8255/ide/plugins/com.nxp.mcuxpresso.tools.linux_11.6.1.202207200623/tools/bin/../lib/gcc/arm-none-eabi/10.3.1/../../../../arm-none-eabi/lib/thumb/v7e-m+dp/hard/libcr_c.a(fclose.o)
                0x00000000600056de                fclose
 .text.remove   0x0000000060005736       0x14 /usr/local/mcuxpressoide-11.6.1_8255/ide/plugins/com.nxp.mcuxpresso.tools.linux_11.6.1.202207200623/tools/bin/../lib/gcc/arm-none-eabi/10.3.1/../../../../arm-none-eabi/lib/thumb/v7e-m+dp/hard/libcr_c.a(remove.o)
                0x0000000060005736                remove
 .text._do_fflush
                0x000000006000574a       0x40 /usr/local/mcuxpressoide-11.6.1_8255/ide/plugins/com.nxp.mcuxpresso.tools.linux_11.6.1.202207200623/tools/bin/../lib/gcc/arm-none-eabi/10.3.1/../../../../arm-none-eabi/lib/thumb/v7e-m+dp/hard/libcr_c.a(_do_fflush.o)
                0x000000006000574a                _do_fflush
 .text._fflush  0x000000006000578a       0x52 /usr/local/mcuxpressoide-11.6.1_8255/ide/plugins/com.nxp.mcuxpresso.tools.linux_11.6.1.202207200623/tools/bin/../lib/gcc/arm-none-eabi/10.3.1/../../../../arm-none-eabi/lib/thumb/v7e-m+dp/hard/libcr_c.a(_fflush.o)
                0x000000006000578a                _fflush
 .text._deferredlazyseek
                0x00000000600057dc       0x40 /usr/local/mcuxpressoide-11.6.1_8255/ide/plugins/com.nxp.mcuxpresso.tools.linux_11.6.1.202207200623/tools/bin/../lib/gcc/arm-none-eabi/10.3.1/../../../../arm-none-eabi/lib/thumb/v7e-m+dp/hard/libcr_c.a(_deferredlazyseek.o)
                0x00000000600057dc                _deferredlazyseek
 .text.__aeabi_division_uldivmod
                0x000000006000581c      0x174 /usr/local/mcuxpressoide-11.6.1_8255/ide/plugins/com.nxp.mcuxpresso.tools.linux_11.6.1.202207200623/tools/bin/../lib/gcc/arm-none-eabi/10.3.1/thumb/v7e-m+dp/hard/libcr_eabihelpers.a(division_64.o)
                0x000000006000581c                __aeabi_uldivmod
                0x0000000060005820                __bhs_ldivmod1
 .text.__aeabi_division_idiv0
                0x0000000060005990        0x2 /usr/local/mcuxpressoide-11.6.1_8255/ide/plugins/com.nxp.mcuxpresso.tools.linux_11.6.1.202207200623/tools/bin/../lib/gcc/arm-none-eabi/10.3.1/thumb/v7e-m+dp/hard/libcr_eabihelpers.a(division_idiv0.o)
                0x0000000060005990                __aeabi_idiv0
 .text.__aeabi_memcpy
                0x0000000060005992       0x34 /usr/local/mcuxpressoide-11.6.1_8255/ide/plugins/com.nxp.mcuxpresso.tools.linux_11.6.1.202207200623/tools/bin/../lib/gcc/arm-none-eabi/10.3.1/thumb/v7e-m+dp/hard/libcr_eabihelpers.a(memcpy.o)
                0x0000000060005992                __aeabi_memcpy
                0x000000006000599c                __aeabi_memcpy4
                0x000000006000599c                __aeabi_memcpy8
 .text.__aeabi_memset_lowlevel
                0x00000000600059c6       0x32 /usr/local/mcuxpressoide-11.6.1_8255/ide/plugins/com.nxp.mcuxpresso.tools.linux_11.6.1.202207200623/tools/bin/../lib/gcc/arm-none-eabi/10.3.1/thumb/v7e-m+dp/hard/libcr_eabihelpers.a(memcpy.o)
                0x00000000600059c6                __aeabi_lowlevel_memset
 .text.__sys_close
                0x00000000600059f8        0x6 /usr/local/mcuxpressoide-11.6.1_8255/ide/plugins/com.nxp.mcuxpresso.tools.linux_11.6.1.202207200623/tools/bin/../lib/gcc/arm-none-eabi/10.3.1/../../../../arm-none-eabi/lib/thumb/v7e-m+dp/hard/libcr_nohost_nf.a(__sys_close.o)
                0x00000000600059f8                __sys_close
 .text.__sys_flen
                0x00000000600059fe        0x6 /usr/local/mcuxpressoide-11.6.1_8255/ide/plugins/com.nxp.mcuxpresso.tools.linux_11.6.1.202207200623/tools/bin/../lib/gcc/arm-none-eabi/10.3.1/../../../../arm-none-eabi/lib/thumb/v7e-m+dp/hard/libcr_nohost_nf.a(__sys_flen.o)
                0x00000000600059fe                __sys_flen
 .text.__sys_istty
                0x0000000060005a04        0x6 /usr/local/mcuxpressoide-11.6.1_8255/ide/plugins/com.nxp.mcuxpresso.tools.linux_11.6.1.202207200623/tools/bin/../lib/gcc/arm-none-eabi/10.3.1/../../../../arm-none-eabi/lib/thumb/v7e-m+dp/hard/libcr_nohost_nf.a(__sys_istty.o)
                0x0000000060005a04                __sys_istty
 .text.__sys_remove
                0x0000000060005a0a        0x6 /usr/local/mcuxpressoide-11.6.1_8255/ide/plugins/com.nxp.mcuxpresso.tools.linux_11.6.1.202207200623/tools/bin/../lib/gcc/arm-none-eabi/10.3.1/../../../../arm-none-eabi/lib/thumb/v7e-m+dp/hard/libcr_nohost_nf.a(__sys_remove.o)
                0x0000000060005a0a                __sys_remove
 .text.__sys_seek
                0x0000000060005a10        0x6 /usr/local/mcuxpressoide-11.6.1_8255/ide/plugins/com.nxp.mcuxpresso.tools.linux_11.6.1.202207200623/tools/bin/../lib/gcc/arm-none-eabi/10.3.1/../../../../arm-none-eabi/lib/thumb/v7e-m+dp/hard/libcr_nohost_nf.a(__sys_seek.o)
                0x0000000060005a10                __sys_seek
 .text.__sys_tmpnam
                0x0000000060005a16        0x6 /usr/local/mcuxpressoide-11.6.1_8255/ide/plugins/com.nxp.mcuxpresso.tools.linux_11.6.1.202207200623/tools/bin/../lib/gcc/arm-none-eabi/10.3.1/../../../../arm-none-eabi/lib/thumb/v7e-m+dp/hard/libcr_nohost_nf.a(__sys_tmpnam.o)
                0x0000000060005a16                __sys_tmpnam
 .text.__sys_write
                0x0000000060005a1c        0x4 /usr/local/mcuxpressoide-11.6.1_8255/ide/plugins/com.nxp.mcuxpresso.tools.linux_11.6.1.202207200623/tools/bin/../lib/gcc/arm-none-eabi/10.3.1/../../../../arm-none-eabi/lib/thumb/v7e-m+dp/hard/libcr_nohost_nf.a(__sys_write.o)
                0x0000000060005a1c                __sys_write
 *(SORT_BY_ALIGNMENT(.rodata) SORT_BY_ALIGNMENT(.rodata.*) SORT_BY_ALIGNMENT(.constdata) SORT_BY_ALIGNMENT(.constdata.*))
 .rodata.__assertion_failed.str1.4
                0x0000000060005a20       0x14 ./utilities/fsl_assert.o
 .rodata.main.str1.4
                0x0000000060005a34       0x36 ./source/gpio_led_output.o
 *fill*         0x0000000060005a6a        0x2 ff
 .rodata.CLOCK_InitExternalClk.str1.4
                0x0000000060005a6c       0x21 ./drivers/fsl_clock.o
 *fill*         0x0000000060005a8d        0x3 ff
 .rodata.CLOCK_GetPllFreq.str1.4
                0x0000000060005a90       0x30 ./drivers/fsl_clock.o
 .rodata.enetRefClkFreq.0
                0x0000000060005ac0       0x10 ./drivers/fsl_clock.o
 .rodata.SDK_DelayAtLeastUs.str1.4
                0x0000000060005ad0       0x2b ./drivers/fsl_common_arm.o
 *fill*         0x0000000060005afb        0x1 ff
 .rodata.CLOCK_ControlGate.str1.4
                0x0000000060005afc       0x20 ./drivers/fsl_gpio.o
 .rodata.s_gpioBases
                0x0000000060005b1c       0x18 ./drivers/fsl_gpio.o
 .rodata.s_gpioClock
                0x0000000060005b34        0xc ./drivers/fsl_gpio.o
 .rodata.GPIO_GetInstance.str1.4
                0x0000000060005b40       0x33 ./drivers/fsl_gpio.o
 *fill*         0x0000000060005b73        0x1 ff
 .rodata.GPIO_PinWrite.str1.4
                0x0000000060005b74       0x1b ./drivers/fsl_gpio.o
 .rodata.CLOCK_ControlGate.str1.4
                0x0000000060005b8f       0x20 ./drivers/fsl_lpuart.o
 *fill*         0x0000000060005b8f        0x1 ff
 .rodata.s_lpuartBases
                0x0000000060005b90       0x24 ./drivers/fsl_lpuart.o
 .rodata.s_lpuartClock
                0x0000000060005bb4       0x12 ./drivers/fsl_lpuart.o
 *fill*         0x0000000060005bc6        0x2 ff
 .rodata.LPUART_GetInstance.str1.4
                0x0000000060005bc8       0x38 ./drivers/fsl_lpuart.o
 .rodata.LPUART_Init.str1.4
                0x0000000060005c00      0x10a ./drivers/fsl_lpuart.o
 *fill*         0x0000000060005d0a        0x2 ff
 .rodata.LPUART_GetDefaultConfig.str1.4
                0x0000000060005d0c       0x22 ./drivers/fsl_lpuart.o
 *fill*         0x0000000060005d2e        0x2 ff
 .rodata.LPUART_WriteBlocking.str1.4
                0x0000000060005d30       0x20 ./drivers/fsl_lpuart.o
 .rodata.LPUART_ReadBlocking.str1.4
                0x0000000060005d50       0x20 ./drivers/fsl_lpuart.o
 .rodata.s_LpuartAdapterBase
                0x0000000060005d70       0x24 ./component/uart/fsl_adapter_lpuart.o
 .rodata.HAL_UartInit.str1.4
                0x0000000060005d94      0x105 ./component/uart/fsl_adapter_lpuart.o
 *fill*         0x0000000060005e99        0x3 ff
 .rodata.HAL_UartReceiveBlocking.str1.4
                0x0000000060005e9c       0x7b ./component/uart/fsl_adapter_lpuart.o
 *fill*         0x0000000060005f17        0x1 ff
 .rodata.HAL_UartSendBlocking.str1.4
                0x0000000060005f18       0x7b ./component/uart/fsl_adapter_lpuart.o
 *fill*         0x0000000060005f93        0x1 ff
 .rodata.BOARD_ConfigMPU.str1.4
                0x0000000060005f94       0x69 ./board/board.o
 *fill*         0x0000000060005ffd        0x3 ff
 .rodata.CLOCK_SetMux.str1.4
                0x0000000060006000       0x8f ./board/clock_config.o
 *fill*         0x000000006000608f        0x1 ff
 .rodata.CLOCK_SetDiv.str1.4
                0x0000000060006090       0x8f ./board/clock_config.o
 *fill*         0x000000006000611f        0x1 ff
 .rodata.CLOCK_ControlGate.str1.4
                0x0000000060006120       0x7e ./board/clock_config.o
 *fill*         0x000000006000619e        0x2 ff
 .rodata.sysPllConfig_BOARD_BootClockRUN
                0x00000000600061a0       0x14 ./board/clock_config.o
                0x00000000600061a0                sysPllConfig_BOARD_BootClockRUN
 .rodata.enetPllConfig_BOARD_BootClockRUN
                0x00000000600061b4        0x5 ./board/clock_config.o
                0x00000000600061b4                enetPllConfig_BOARD_BootClockRUN
 .rodata.CLOCK_ControlGate.str1.4
                0x00000000600061b9       0x7e ./board/pin_mux.o
 *fill*         0x00000000600061b9        0x3 ff
 .rodata.__num_Ciob_streams
                0x00000000600061bc        0x4 /usr/local/mcuxpressoide-11.6.1_8255/ide/plugins/com.nxp.mcuxpresso.tools.linux_11.6.1.202207200623/tools/bin/../lib/gcc/arm-none-eabi/10.3.1/../../../../arm-none-eabi/lib/thumb/v7e-m+dp/hard/libcr_nohost_nf.a(__ciob.o)
                0x00000000600061bc                __num_Ciob_streams
 .rodata._initio.str1.1
                0x00000000600061c0        0x4 /usr/local/mcuxpressoide-11.6.1_8255/ide/plugins/com.nxp.mcuxpresso.tools.linux_11.6.1.202207200623/tools/bin/../lib/gcc/arm-none-eabi/10.3.1/../../../../arm-none-eabi/lib/thumb/v7e-m+dp/hard/libcr_c.a(initio.o)
                0x00000000600061c4                . = ALIGN (0x4)
                0x00000000600061c4                _etext = .

.glue_7         0x00000000600061c4        0x0
 .glue_7        0x00000000600061c4        0x0 linker stubs

.glue_7t        0x00000000600061c4        0x0
 .glue_7t       0x00000000600061c4        0x0 linker stubs

.vfp11_veneer   0x00000000600061c4        0x0
 .vfp11_veneer  0x00000000600061c4        0x0 linker stubs

.v4_bx          0x00000000600061c4        0x0
 .v4_bx         0x00000000600061c4        0x0 linker stubs

.iplt           0x00000000600061c4        0x0
 .iplt          0x00000000600061c4        0x0 ./xip/fsl_flexspi_nor_boot.o

.rel.dyn        0x00000000600061c4        0x0
 .rel.iplt      0x00000000600061c4        0x0 ./xip/fsl_flexspi_nor_boot.o

.data_RAM2      0x0000000000000000        0x0 load address 0x00000000600061c4
 FILL mask 0xff
                [!provide]                        PROVIDE (__start_data_RAM2 = .)
                [!provide]                        PROVIDE (__start_data_SRAM_ITC = .)
 *(SORT_BY_ALIGNMENT(.ramfunc.$RAM2))
 *(SORT_BY_ALIGNMENT(.ramfunc.$SRAM_ITC))
 *(SORT_BY_ALIGNMENT(.data.$RAM2))
 *(SORT_BY_ALIGNMENT(.data.$SRAM_ITC))
 *(SORT_BY_ALIGNMENT(.data.$RAM2.*))
 *(SORT_BY_ALIGNMENT(.data.$SRAM_ITC.*))
                0x0000000000000000                . = ALIGN (0x4)
                [!provide]                        PROVIDE (__end_data_RAM2 = .)
                [!provide]                        PROVIDE (__end_data_SRAM_ITC = .)

.data_RAM3      0x0000000020200000        0x0 load address 0x00000000600061c4
 FILL mask 0xff
                [!provide]                        PROVIDE (__start_data_RAM3 = .)
                [!provide]                        PROVIDE (__start_data_SRAM_OC = .)
 *(SORT_BY_ALIGNMENT(.ramfunc.$RAM3))
 *(SORT_BY_ALIGNMENT(.ramfunc.$SRAM_OC))
 *(SORT_BY_ALIGNMENT(.data.$RAM3))
 *(SORT_BY_ALIGNMENT(.data.$SRAM_OC))
 *(SORT_BY_ALIGNMENT(.data.$RAM3.*))
 *(SORT_BY_ALIGNMENT(.data.$SRAM_OC.*))
                0x0000000020200000                . = ALIGN (0x4)
                [!provide]                        PROVIDE (__end_data_RAM3 = .)
                [!provide]                        PROVIDE (__end_data_SRAM_OC = .)

.data_RAM4      0x0000000080000000        0x0 load address 0x00000000600061c4
 FILL mask 0xff
                [!provide]                        PROVIDE (__start_data_RAM4 = .)
                [!provide]                        PROVIDE (__start_data_BOARD_SDRAM = .)
 *(SORT_BY_ALIGNMENT(.ramfunc.$RAM4))
 *(SORT_BY_ALIGNMENT(.ramfunc.$BOARD_SDRAM))
 *(SORT_BY_ALIGNMENT(.data.$RAM4))
 *(SORT_BY_ALIGNMENT(.data.$BOARD_SDRAM))
 *(SORT_BY_ALIGNMENT(.data.$RAM4.*))
 *(SORT_BY_ALIGNMENT(.data.$BOARD_SDRAM.*))
                0x0000000080000000                . = ALIGN (0x4)
                [!provide]                        PROVIDE (__end_data_RAM4 = .)
                [!provide]                        PROVIDE (__end_data_BOARD_SDRAM = .)

.data_RAM5      0x0000000081e00000        0x0 load address 0x00000000600061c4
 FILL mask 0xff
                [!provide]                        PROVIDE (__start_data_RAM5 = .)
                [!provide]                        PROVIDE (__start_data_NCACHE_REGION = .)
 *(SORT_BY_ALIGNMENT(.ramfunc.$RAM5))
 *(SORT_BY_ALIGNMENT(.ramfunc.$NCACHE_REGION))
 *(SORT_BY_ALIGNMENT(.data.$RAM5))
 *(SORT_BY_ALIGNMENT(.data.$NCACHE_REGION))
 *(SORT_BY_ALIGNMENT(.data.$RAM5.*))
 *(SORT_BY_ALIGNMENT(.data.$NCACHE_REGION.*))
                0x0000000081e00000                . = ALIGN (0x4)
                [!provide]                        PROVIDE (__end_data_RAM5 = .)
                [!provide]                        PROVIDE (__end_data_NCACHE_REGION = .)

.uninit_RESERVED
                0x0000000020000000        0x0
                0x0000000020000000                _start_uninit_RESERVED = .
 *(SORT_BY_ALIGNMENT(.bss.$RESERVED*))
                0x0000000020000000                . = ALIGN (0x4)
                0x0000000020000000                _end_uninit_RESERVED = .

.data           0x0000000020000000        0x4 load address 0x00000000600061c4
 FILL mask 0xff
                0x0000000020000000                _data = .
                [!provide]                        PROVIDE (__start_data_RAM = .)
                [!provide]                        PROVIDE (__start_data_SRAM_DTC = .)
 *(SORT_BY_ALIGNMENT(vtable))
 *(SORT_BY_ALIGNMENT(.ramfunc*))
 *(SORT_BY_ALIGNMENT(CodeQuickAccess))
 *(SORT_BY_ALIGNMENT(DataQuickAccess))
 *(SORT_BY_ALIGNMENT(RamFunction))
 *(SORT_BY_ALIGNMENT(NonCacheable.init))
 *(SORT_BY_ALIGNMENT(.data*))
 .data.SystemCoreClock
                0x0000000020000000        0x4 ./device/system_MIMXRT1021.o
                0x0000000020000000                SystemCoreClock
                0x0000000020000004                . = ALIGN (0x4)
                0x0000000020000004                _edata = .
                [!provide]                        PROVIDE (__end_data_RAM = .)
                [!provide]                        PROVIDE (__end_data_SRAM_DTC = .)

.igot.plt       0x0000000020000004        0x0 load address 0x00000000600061c8
 .igot.plt      0x0000000020000004        0x0 ./xip/fsl_flexspi_nor_boot.o

.bss_RAM2       0x0000000000000000        0x0
                [!provide]                        PROVIDE (__start_bss_RAM2 = .)
                [!provide]                        PROVIDE (__start_bss_SRAM_ITC = .)
 *(SORT_BY_ALIGNMENT(.bss.$RAM2))
 *(SORT_BY_ALIGNMENT(.bss.$SRAM_ITC))
 *(SORT_BY_ALIGNMENT(.bss.$RAM2.*))
 *(SORT_BY_ALIGNMENT(.bss.$SRAM_ITC.*))
                0x0000000000000000                . = ALIGN ((. != 0x0)?0x4:0x1)
                [!provide]                        PROVIDE (__end_bss_RAM2 = .)
                [!provide]                        PROVIDE (__end_bss_SRAM_ITC = .)

.bss_RAM3       0x0000000020200000        0x0
                [!provide]                        PROVIDE (__start_bss_RAM3 = .)
                [!provide]                        PROVIDE (__start_bss_SRAM_OC = .)
 *(SORT_BY_ALIGNMENT(.bss.$RAM3))
 *(SORT_BY_ALIGNMENT(.bss.$SRAM_OC))
 *(SORT_BY_ALIGNMENT(.bss.$RAM3.*))
 *(SORT_BY_ALIGNMENT(.bss.$SRAM_OC.*))
                0x0000000020200000                . = ALIGN ((. != 0x0)?0x4:0x1)
                [!provide]                        PROVIDE (__end_bss_RAM3 = .)
                [!provide]                        PROVIDE (__end_bss_SRAM_OC = .)

.bss_RAM4       0x0000000080000000        0x0
                [!provide]                        PROVIDE (__start_bss_RAM4 = .)
                [!provide]                        PROVIDE (__start_bss_BOARD_SDRAM = .)
 *(SORT_BY_ALIGNMENT(.bss.$RAM4))
 *(SORT_BY_ALIGNMENT(.bss.$BOARD_SDRAM))
 *(SORT_BY_ALIGNMENT(.bss.$RAM4.*))
 *(SORT_BY_ALIGNMENT(.bss.$BOARD_SDRAM.*))
                0x0000000080000000                . = ALIGN ((. != 0x0)?0x4:0x1)
                [!provide]                        PROVIDE (__end_bss_RAM4 = .)
                [!provide]                        PROVIDE (__end_bss_BOARD_SDRAM = .)

.bss_RAM5       0x0000000081e00000        0x0
                [!provide]                        PROVIDE (__start_bss_RAM5 = .)
                [!provide]                        PROVIDE (__start_bss_NCACHE_REGION = .)
 *(SORT_BY_ALIGNMENT(.bss.$RAM5))
 *(SORT_BY_ALIGNMENT(.bss.$NCACHE_REGION))
 *(SORT_BY_ALIGNMENT(.bss.$RAM5.*))
 *(SORT_BY_ALIGNMENT(.bss.$NCACHE_REGION.*))
                0x0000000081e00000                . = ALIGN ((. != 0x0)?0x4:0x1)
                [!provide]                        PROVIDE (__end_bss_RAM5 = .)
                [!provide]                        PROVIDE (__end_bss_NCACHE_REGION = .)

.bss            0x0000000020000004       0xfc
                0x0000000020000004                _bss = .
                [!provide]                        PROVIDE (__start_bss_RAM = .)
                [!provide]                        PROVIDE (__start_bss_SRAM_DTC = .)
 *(SORT_BY_ALIGNMENT(NonCacheable))
 *(SORT_BY_ALIGNMENT(.bss*))
 .bss.s_debugConsole
                0x0000000020000004       0x14 ./utilities/fsl_debug_console.o
 .bss.g_xtalFreq
                0x0000000020000018        0x4 ./drivers/fsl_clock.o
                0x0000000020000018                g_xtalFreq
 .bss.g_rtcXtalFreq
                0x000000002000001c        0x4 ./drivers/fsl_clock.o
                0x000000002000001c                g_rtcXtalFreq
 .bss.s_lpuartHandle
                0x0000000020000020       0x24 ./drivers/fsl_lpuart.o
                0x0000000020000020                s_lpuartHandle
 .bss.s_lpuartIsr
                0x0000000020000044        0x4 ./drivers/fsl_lpuart.o
                0x0000000020000044                s_lpuartIsr
 .bss.errno     0x0000000020000048        0x4 /usr/local/mcuxpressoide-11.6.1_8255/ide/plugins/com.nxp.mcuxpresso.tools.linux_11.6.1.202207200623/tools/bin/../lib/gcc/arm-none-eabi/10.3.1/../../../../arm-none-eabi/lib/thumb/v7e-m+dp/hard/libcr_c.a(errno.o)
                0x0000000020000048                errno
 .bss.__Ciob    0x000000002000004c       0xb4 /usr/local/mcuxpressoide-11.6.1_8255/ide/plugins/com.nxp.mcuxpresso.tools.linux_11.6.1.202207200623/tools/bin/../lib/gcc/arm-none-eabi/10.3.1/../../../../arm-none-eabi/lib/thumb/v7e-m+dp/hard/libcr_nohost_nf.a(__ciob.o)
                0x000000002000004c                __Ciob
 *(SORT_BY_ALIGNMENT(COMMON))
                0x0000000020000100                . = ALIGN (0x4)
                0x0000000020000100                _ebss = .
                [!provide]                        PROVIDE (__end_bss_RAM = .)
                [!provide]                        PROVIDE (__end_bss_SRAM_DTC = .)
                [!provide]                        PROVIDE (end = .)

.noinit_RAM2    0x0000000000000000        0x0
                [!provide]                        PROVIDE (__start_noinit_RAM2 = .)
                [!provide]                        PROVIDE (__start_noinit_SRAM_ITC = .)
 *(SORT_BY_ALIGNMENT(.noinit.$RAM2))
 *(SORT_BY_ALIGNMENT(.noinit.$SRAM_ITC))
 *(SORT_BY_ALIGNMENT(.noinit.$RAM2.*))
 *(SORT_BY_ALIGNMENT(.noinit.$SRAM_ITC.*))
                0x0000000000000000                . = ALIGN (0x4)
                [!provide]                        PROVIDE (__end_noinit_RAM2 = .)
                [!provide]                        PROVIDE (__end_noinit_SRAM_ITC = .)

.noinit_RAM3    0x0000000020200000        0x0
                [!provide]                        PROVIDE (__start_noinit_RAM3 = .)
                [!provide]                        PROVIDE (__start_noinit_SRAM_OC = .)
 *(SORT_BY_ALIGNMENT(.noinit.$RAM3))
 *(SORT_BY_ALIGNMENT(.noinit.$SRAM_OC))
 *(SORT_BY_ALIGNMENT(.noinit.$RAM3.*))
 *(SORT_BY_ALIGNMENT(.noinit.$SRAM_OC.*))
                0x0000000020200000                . = ALIGN (0x4)
                [!provide]                        PROVIDE (__end_noinit_RAM3 = .)
                [!provide]                        PROVIDE (__end_noinit_SRAM_OC = .)

.noinit_RAM4    0x0000000080000000        0x0
                [!provide]                        PROVIDE (__start_noinit_RAM4 = .)
                [!provide]                        PROVIDE (__start_noinit_BOARD_SDRAM = .)
 *(SORT_BY_ALIGNMENT(.noinit.$RAM4))
 *(SORT_BY_ALIGNMENT(.noinit.$BOARD_SDRAM))
 *(SORT_BY_ALIGNMENT(.noinit.$RAM4.*))
 *(SORT_BY_ALIGNMENT(.noinit.$BOARD_SDRAM.*))
                0x0000000080000000                . = ALIGN (0x4)
                [!provide]                        PROVIDE (__end_noinit_RAM4 = .)
                [!provide]                        PROVIDE (__end_noinit_BOARD_SDRAM = .)

.noinit_RAM5    0x0000000081e00000        0x0
                [!provide]                        PROVIDE (__start_noinit_RAM5 = .)
                [!provide]                        PROVIDE (__start_noinit_NCACHE_REGION = .)
 *(SORT_BY_ALIGNMENT(.noinit.$RAM5))
 *(SORT_BY_ALIGNMENT(.noinit.$NCACHE_REGION))
 *(SORT_BY_ALIGNMENT(.noinit.$RAM5.*))
 *(SORT_BY_ALIGNMENT(.noinit.$NCACHE_REGION.*))
                0x0000000081e00000                . = ALIGN (0x4)
                [!provide]                        PROVIDE (__end_noinit_RAM5 = .)
                [!provide]                        PROVIDE (__end_noinit_NCACHE_REGION = .)

.noinit         0x0000000020000100        0x0
                0x0000000020000100                _noinit = .
                [!provide]                        PROVIDE (__start_noinit_RAM = .)
                [!provide]                        PROVIDE (__start_noinit_SRAM_DTC = .)
 *(SORT_BY_ALIGNMENT(.noinit*))
                0x0000000020000100                . = ALIGN (0x4)
                0x0000000020000100                _end_noinit = .
                [!provide]                        PROVIDE (__end_noinit_RAM = .)
                [!provide]                        PROVIDE (__end_noinit_SRAM_DTC = .)

.ARM.extab
 *(SORT_BY_ALIGNMENT(.ARM.extab*) SORT_BY_ALIGNMENT(.gnu.linkonce.armextab.*))

.ARM.exidx      0x00000000600061c8        0x0
                0x00000000600061c8                __exidx_start = .
 *(SORT_BY_ALIGNMENT(.ARM.exidx*) SORT_BY_ALIGNMENT(.gnu.linkonce.armexidx.*))
                0x00000000600061c8                __exidx_end = .
                0x0000000000001000                _HeapSize = 0x1000

.heap           0x0000000020000100     0x1000
                0x0000000020000100                _pvHeapStart = .
                0x0000000020001100                . = (. + _HeapSize)
 *fill*         0x0000000020000100     0x1000 
                0x0000000020001100                . = ALIGN (0x4)
                0x0000000020001100                _pvHeapLimit = .
                0x0000000000001000                _StackSize = 0x1000

.heap2stackfill
                0x0000000020001100     0x1000
                0x0000000020002100                . = (. + _StackSize)
 *fill*         0x0000000020001100     0x1000 

.stack          0x000000002000f000        0x0
                0x000000002000f000                _vStackBase = .
                0x000000002000f000                . = ALIGN (0x4)
                0x0000000020010000                _vStackTop = (. + _StackSize)
                0x0000000060002000                _image_start = LOADADDR (.text)
                0x00000000600061c8                _image_end = (LOADADDR (.data) + SIZEOF (.data))
                0x00000000000041c8                _image_size = (_image_end - _image_start)
OUTPUT(evkmimxrt1020_igpio_led_output.axf elf32-littlearm)
LOAD linker stubs

.debug_info     0x0000000000000000     0xc729
 .debug_info    0x0000000000000000      0x834 ./xip/evkmimxrt1020_flexspi_nor_config.o
 .debug_info    0x0000000000000834      0x463 ./xip/fsl_flexspi_nor_boot.o
 .debug_info    0x0000000000000c97       0xaa ./utilities/fsl_assert.o
 .debug_info    0x0000000000000d41      0xceb ./utilities/fsl_debug_console.o
 .debug_info    0x0000000000001a2c      0xd0d ./startup/startup_mimxrt1021.o
 .debug_info    0x0000000000002739      0x55e ./source/gpio_led_output.o
 .debug_info    0x0000000000002c97       0x3c ./source/semihost_hardfault.o
 .debug_info    0x0000000000002cd3     0x2172 ./drivers/fsl_clock.o
 .debug_info    0x0000000000004e45       0xf5 ./drivers/fsl_common_arm.o
 .debug_info    0x0000000000004f3a      0xd3c ./drivers/fsl_gpio.o
 .debug_info    0x0000000000005c76     0x25ae ./drivers/fsl_lpuart.o
 .debug_info    0x0000000000008224      0xb9f ./device/system_MIMXRT1021.o
 .debug_info    0x0000000000008dc3      0xaeb ./component/uart/fsl_adapter_lpuart.o
 .debug_info    0x00000000000098ae      0xf3b ./board/board.o
 .debug_info    0x000000000000a7e9     0x1718 ./board/clock_config.o
 .debug_info    0x000000000000bf01      0x828 ./board/pin_mux.o

.debug_abbrev   0x0000000000000000     0x1c91
 .debug_abbrev  0x0000000000000000      0x10a ./xip/evkmimxrt1020_flexspi_nor_config.o
 .debug_abbrev  0x000000000000010a       0xe2 ./xip/fsl_flexspi_nor_boot.o
 .debug_abbrev  0x00000000000001ec       0x66 ./utilities/fsl_assert.o
 .debug_abbrev  0x0000000000000252      0x24b ./utilities/fsl_debug_console.o
 .debug_abbrev  0x000000000000049d      0x152 ./startup/startup_mimxrt1021.o
 .debug_abbrev  0x00000000000005ef      0x152 ./source/gpio_led_output.o
 .debug_abbrev  0x0000000000000741       0x31 ./source/semihost_hardfault.o
 .debug_abbrev  0x0000000000000772      0x33b ./drivers/fsl_clock.o
 .debug_abbrev  0x0000000000000aad       0x92 ./drivers/fsl_common_arm.o
 .debug_abbrev  0x0000000000000b3f      0x2a1 ./drivers/fsl_gpio.o
 .debug_abbrev  0x0000000000000de0      0x468 ./drivers/fsl_lpuart.o
 .debug_abbrev  0x0000000000001248      0x16e ./device/system_MIMXRT1021.o
 .debug_abbrev  0x00000000000013b6      0x1ad ./component/uart/fsl_adapter_lpuart.o
 .debug_abbrev  0x0000000000001563      0x287 ./board/board.o
 .debug_abbrev  0x00000000000017ea      0x299 ./board/clock_config.o
 .debug_abbrev  0x0000000000001a83      0x20e ./board/pin_mux.o

.debug_aranges  0x0000000000000000      0xb18
 .debug_aranges
                0x0000000000000000       0x18 ./xip/evkmimxrt1020_flexspi_nor_config.o
 .debug_aranges
                0x0000000000000018       0x18 ./xip/fsl_flexspi_nor_boot.o
 .debug_aranges
                0x0000000000000030       0x20 ./utilities/fsl_assert.o
 .debug_aranges
                0x0000000000000050       0x78 ./utilities/fsl_debug_console.o
 .debug_aranges
                0x00000000000000c8      0x4f0 ./startup/startup_mimxrt1021.o
 .debug_aranges
                0x00000000000005b8       0x28 ./source/gpio_led_output.o
 .debug_aranges
                0x00000000000005e0       0x20 ./source/semihost_hardfault.o
 .debug_aranges
                0x0000000000000600      0x168 ./drivers/fsl_clock.o
 .debug_aranges
                0x0000000000000768       0x28 ./drivers/fsl_common_arm.o
 .debug_aranges
                0x0000000000000790       0x58 ./drivers/fsl_gpio.o
 .debug_aranges
                0x00000000000007e8      0x188 ./drivers/fsl_lpuart.o
 .debug_aranges
                0x0000000000000970       0x30 ./device/system_MIMXRT1021.o
 .debug_aranges
                0x00000000000009a0       0x58 ./component/uart/fsl_adapter_lpuart.o
 .debug_aranges
                0x00000000000009f8       0x58 ./board/board.o
 .debug_aranges
                0x0000000000000a50       0x78 ./board/clock_config.o
 .debug_aranges
                0x0000000000000ac8       0x50 ./board/pin_mux.o

.debug_macro    0x0000000000000000    0x260bc
 .debug_macro   0x0000000000000000      0x142 ./xip/evkmimxrt1020_flexspi_nor_config.o
 .debug_macro   0x0000000000000142      0xacc ./xip/evkmimxrt1020_flexspi_nor_config.o
 .debug_macro   0x0000000000000c0e       0x10 ./xip/evkmimxrt1020_flexspi_nor_config.o
 .debug_macro   0x0000000000000c1e      0x12e ./xip/evkmimxrt1020_flexspi_nor_config.o
 .debug_macro   0x0000000000000d4c      0x5b3 ./xip/evkmimxrt1020_flexspi_nor_config.o
 .debug_macro   0x00000000000012ff       0x22 ./xip/evkmimxrt1020_flexspi_nor_config.o
 .debug_macro   0x0000000000001321       0x16 ./xip/evkmimxrt1020_flexspi_nor_config.o
 .debug_macro   0x0000000000001337       0x22 ./xip/evkmimxrt1020_flexspi_nor_config.o
 .debug_macro   0x0000000000001359       0x10 ./xip/evkmimxrt1020_flexspi_nor_config.o
 .debug_macro   0x0000000000001369       0x4d ./xip/evkmimxrt1020_flexspi_nor_config.o
 .debug_macro   0x00000000000013b6       0x1c ./xip/evkmimxrt1020_flexspi_nor_config.o
 .debug_macro   0x00000000000013d2       0x22 ./xip/evkmimxrt1020_flexspi_nor_config.o
 .debug_macro   0x00000000000013f4       0xfb ./xip/evkmimxrt1020_flexspi_nor_config.o
 .debug_macro   0x00000000000014ef     0x1313 ./xip/evkmimxrt1020_flexspi_nor_config.o
 .debug_macro   0x0000000000002802      0x11f ./xip/evkmimxrt1020_flexspi_nor_config.o
 .debug_macro   0x0000000000002921       0x22 ./xip/evkmimxrt1020_flexspi_nor_config.o
 .debug_macro   0x0000000000002943       0x1c ./xip/evkmimxrt1020_flexspi_nor_config.o
 .debug_macro   0x000000000000295f    0x201e7 ./xip/evkmimxrt1020_flexspi_nor_config.o
 .debug_macro   0x0000000000022b46      0x80e ./xip/evkmimxrt1020_flexspi_nor_config.o
 .debug_macro   0x0000000000023354       0x7a ./xip/evkmimxrt1020_flexspi_nor_config.o
 .debug_macro   0x00000000000233ce       0xaf ./xip/evkmimxrt1020_flexspi_nor_config.o
 .debug_macro   0x000000000002347d      0x21e ./xip/evkmimxrt1020_flexspi_nor_config.o
 .debug_macro   0x000000000002369b      0x1a4 ./xip/evkmimxrt1020_flexspi_nor_config.o
 .debug_macro   0x000000000002383f      0x163 ./xip/fsl_flexspi_nor_boot.o
 .debug_macro   0x00000000000239a2      0x112 ./xip/fsl_flexspi_nor_boot.o
 .debug_macro   0x0000000000023ab4       0x10 ./xip/fsl_flexspi_nor_boot.o
 .debug_macro   0x0000000000023ac4      0x136 ./xip/fsl_flexspi_nor_boot.o
 .debug_macro   0x0000000000023bfa       0x7c ./xip/fsl_flexspi_nor_boot.o
 .debug_macro   0x0000000000023c76      0x13e ./utilities/fsl_assert.o
 .debug_macro   0x0000000000023db4       0x1c ./utilities/fsl_assert.o
 .debug_macro   0x0000000000023dd0       0x1c ./utilities/fsl_assert.o
 .debug_macro   0x0000000000023dec       0x1c ./utilities/fsl_assert.o
 .debug_macro   0x0000000000023e08       0x34 ./utilities/fsl_assert.o
 .debug_macro   0x0000000000023e3c      0x164 ./utilities/fsl_debug_console.o
 .debug_macro   0x0000000000023fa0       0x16 ./utilities/fsl_debug_console.o
 .debug_macro   0x0000000000023fb6       0x10 ./utilities/fsl_debug_console.o
 .debug_macro   0x0000000000023fc6       0x28 ./utilities/fsl_debug_console.o
 .debug_macro   0x0000000000023fee       0xc4 ./utilities/fsl_debug_console.o
 .debug_macro   0x00000000000240b2       0x16 ./utilities/fsl_debug_console.o
 .debug_macro   0x00000000000240c8       0x46 ./utilities/fsl_debug_console.o
 .debug_macro   0x000000000002410e       0x29 ./startup/startup_mimxrt1021.o
 .debug_macro   0x0000000000024137      0x17f ./source/gpio_led_output.o
 .debug_macro   0x00000000000242b6      0x10c ./source/gpio_led_output.o
 .debug_macro   0x00000000000243c2       0x11 ./source/semihost_hardfault.o
 .debug_macro   0x00000000000243d3      0x12d ./drivers/fsl_clock.o
 .debug_macro   0x0000000000024500      0x12d ./drivers/fsl_common_arm.o
 .debug_macro   0x000000000002462d      0x13d ./drivers/fsl_gpio.o
 .debug_macro   0x000000000002476a      0x13c ./drivers/fsl_lpuart.o
 .debug_macro   0x00000000000248a6       0x10 ./drivers/fsl_lpuart.o
 .debug_macro   0x00000000000248b6       0xb3 ./device/system_MIMXRT1021.o
 .debug_macro   0x0000000000024969      0x155 ./component/uart/fsl_adapter_lpuart.o
 .debug_macro   0x0000000000024abe       0x40 ./component/uart/fsl_adapter_lpuart.o
 .debug_macro   0x0000000000024afe      0x168 ./board/board.o
 .debug_macro   0x0000000000024c66     0x11dd ./board/board.o
 .debug_macro   0x0000000000025e43      0x13f ./board/clock_config.o
 .debug_macro   0x0000000000025f82      0x13a ./board/pin_mux.o

.debug_line     0x0000000000000000     0x781a
 .debug_line    0x0000000000000000      0x3ef ./xip/evkmimxrt1020_flexspi_nor_config.o
 .debug_line    0x00000000000003ef      0x45e ./xip/fsl_flexspi_nor_boot.o
 .debug_line    0x000000000000084d      0x3f7 ./utilities/fsl_assert.o
 .debug_line    0x0000000000000c44      0xcb0 ./utilities/fsl_debug_console.o
 .debug_line    0x00000000000018f4      0xe55 ./startup/startup_mimxrt1021.o
 .debug_line    0x0000000000002749      0x51a ./source/gpio_led_output.o
 .debug_line    0x0000000000002c63       0x59 ./source/semihost_hardfault.o
 .debug_line    0x0000000000002cbc      0xed4 ./drivers/fsl_clock.o
 .debug_line    0x0000000000003b90      0x3ac ./drivers/fsl_common_arm.o
 .debug_line    0x0000000000003f3c      0x58e ./drivers/fsl_gpio.o
 .debug_line    0x00000000000044ca     0x144d ./drivers/fsl_lpuart.o
 .debug_line    0x0000000000005917      0x490 ./device/system_MIMXRT1021.o
 .debug_line    0x0000000000005da7      0x59b ./component/uart/fsl_adapter_lpuart.o
 .debug_line    0x0000000000006342      0x891 ./board/board.o
 .debug_line    0x0000000000006bd3      0x74e ./board/clock_config.o
 .debug_line    0x0000000000007321      0x4f9 ./board/pin_mux.o

.debug_str      0x0000000000000000   0x12c48f
 .debug_str     0x0000000000000000   0x118f02 ./xip/evkmimxrt1020_flexspi_nor_config.o
                                     0x118f91 (size before relaxing)
 .debug_str     0x0000000000118f02     0x13de ./xip/fsl_flexspi_nor_boot.o
                                     0x119512 (size before relaxing)
 .debug_str     0x000000000011a2e0      0x1e1 ./utilities/fsl_assert.o
                                     0x117999 (size before relaxing)
 .debug_str     0x000000000011a4c1      0xdd4 ./utilities/fsl_debug_console.o
                                     0x119120 (size before relaxing)
 .debug_str     0x000000000011b295      0xd24 ./startup/startup_mimxrt1021.o
                                       0x3bb8 (size before relaxing)
 .debug_str     0x000000000011bfb9      0x21e ./source/gpio_led_output.o