fsl_flexspi.c:131:10:FLEXSPI_GetInstance.part.1	8	static
fsl_flexspi.c:1000:6:FLEXSPI_TransferAbort.part.4	8	static
fsl_flexspi.c:131:10:FLEXSPI_GetInstance	8	static
fsl_flexspi.c:211:10:FLEXSPI_CheckAndClearError	8	static
fsl_flexspi.c:1014:6:FLEXSPI_TransferHandleIRQ	24	static
fsl_flexspi.c:257:6:FLEXSPI_Init	24	static
fsl_flexspi.c:357:6:FLEXSPI_GetDefaultConfig	24	static
fsl_flexspi.c:415:6:FLEXSPI_Deinit	0	static
fsl_flexspi.c:428:6:FLEXSPI_UpdateDllValue	4	static
fsl_flexspi.c:485:6:FLEXSPI_SetFlashConfig	24	static
fsl_flexspi.c:574:6:FLEXSPI_UpdateLUT	16	static
fsl_flexspi.c:610:6:FLEXSPI_UpdateRxSampleClock	0	static
fsl_flexspi.c:639:10:FLEXSPI_WriteBlocking	24	static
fsl_flexspi.c:698:10:FLEXSPI_ReadBlocking	24	static
fsl_flexspi.c:785:10:FLEXSPI_TransferBlocking	24	static
fsl_flexspi.c:855:6:FLEXSPI_TransferCreateHandle	16	static
fsl_flexspi.c:896:10:FLEXSPI_TransferNonBlocking	24	static
fsl_flexspi.c:973:10:FLEXSPI_TransferGetCount	8	static
fsl_flexspi.c:1000:6:FLEXSPI_TransferAbort	8	static
fsl_flexspi.c:1126:6:FLEXSPI_DriverIRQHandler	8	static
