fsl_clock.c:188:6:CLOCK_InitExternalClk	8	static
fsl_clock.c:212:6:CLOCK_DeinitExternalClk	0	static
fsl_clock.c:224:6:CLOCK_SwitchOsc	0	static
fsl_clock.c:239:6:CLOCK_InitRcOsc24M	0	static
fsl_clock.c:247:6:CLOCK_DeinitRcOsc24M	0	static
fsl_clock.c:479:6:CLOCK_EnableUsbhs0Clock	4	static
fsl_clock.c:528:6:CLOCK_DisableUsbhs0PhyPllClock	0	static
fsl_clock.c:541:6:CLOCK_InitSysPll	12	static
fsl_clock.c:571:6:CLOCK_DeinitSysPll	0	static
fsl_clock.c:583:6:CLOCK_InitUsb1Pll	8	static
fsl_clock.c:504:6:CLOCK_EnableUsbhs0PhyPllClock	8	static
fsl_clock.c:604:6:CLOCK_DeinitUsb1Pll	0	static
fsl_clock.c:616:6:CLOCK_InitAudioPll	8	static
fsl_clock.c:691:6:CLOCK_DeinitAudioPll	0	static
fsl_clock.c:703:6:CLOCK_InitEnetPll	8	static
fsl_clock.c:743:6:CLOCK_DeinitEnetPll	0	static
fsl_clock.c:756:10:CLOCK_GetPllFreq	8	static
fsl_clock.c:151:17:CLOCK_GetPllUsb1SWFreq	0	static
fsl_clock.c:86:17:CLOCK_GetPeriphClkFreq	8	static
fsl_clock.c:257:10:CLOCK_GetAhbFreq	8	static
fsl_clock.c:301:10:CLOCK_GetIpgFreq	8	static
fsl_clock.c:311:10:CLOCK_GetPerClkFreq	8	static
fsl_clock.c:267:10:CLOCK_GetSemcFreq	8	static
fsl_clock.c:340:10:CLOCK_GetFreq	8	static
fsl_clock.c:435:10:CLOCK_GetClockRootFreq	24	static
fsl_clock.c:907:6:CLOCK_InitSysPfd	8	static
fsl_clock.c:930:6:CLOCK_DeinitSysPfd	0	static
fsl_clock.c:943:6:CLOCK_IsSysPfdEnabled	0	static
fsl_clock.c:958:6:CLOCK_InitUsb1Pfd	8	static
fsl_clock.c:981:6:CLOCK_DeinitUsb1Pfd	0	static
fsl_clock.c:994:6:CLOCK_IsUsb1PfdEnabled	0	static
fsl_clock.c:1007:10:CLOCK_GetSysPfdFreq	8	static
fsl_clock.c:1046:10:CLOCK_GetUsb1PfdFreq	8	static
fsl_clock.c:1083:6:CLOCK_SetClockOutput1	0	static
fsl_clock.c:1107:6:CLOCK_SetClockOutput2	0	static
fsl_clock.c:1131:10:CLOCK_GetClockOutCLKO1Freq	8	static
fsl_clock.c:1186:10:CLOCK_GetClockOutClkO2Freq	8	static
