fsl_component_generic_list.c:80:6:LIST_Init	0	static
fsl_component_generic_list.c:103:15:LIST_GetList	0	static
fsl_component_generic_list.c:124:15:LIST_AddTail	4	static
fsl_component_generic_list.c:170:15:LIST_AddHead	8	static
fsl_component_generic_list.c:216:23:LIST_RemoveHead	4	static
fsl_component_generic_list.c:264:23:LIST_GetHead	0	static
fsl_component_generic_list.c:284:23:LIST_GetNext	0	static
fsl_component_generic_list.c:304:23:LIST_GetPrev	0	static
fsl_component_generic_list.c:328:15:LIST_RemoveElement	8	static
fsl_component_generic_list.c:399:15:LIST_AddPrevElement	8	static
fsl_component_generic_list.c:471:10:LIST_GetSize	0	static
fsl_component_generic_list.c:490:10:LIST_GetAvailableSize	0	static
