hardware.c:36:18:hardware_init	0	static
hardware.c:78:10:Hardware_GetGUID	0	static
hardware.c:104:23:Hardware_GetMCU	8	static
hardware.c:220:18:Hardware_GetID	0	static
hardware.c:301:9:Hardware_HasSecondaryDriverBoard	0	static
hardware.c:357:9:Hardware_HasHumiditySensor	0	static
hardware.c:361:9:Hardware_HasOVP_Internal_Comparator	0	static
hardware.c:369:9:Hardware_HasSecondOVP	0	static
hardware.c:378:9:Hardware_HasSpotV6PinoutCMP	0	static
hardware.c:392:9:Hardware_HasDiagnosticUART	0	static
hardware.c:402:9:Hardware_HasBatteryGateFaultDetection	0	static
hardware.c:407:9:Hardware_HasBidirectionalDCDC	0	static
hardware.c:415:9:Hardware_HasExternalFan	0	static
hardware.c:421:9:Hardware_HasSecondExternalFan	0	static
hardware.c:426:9:Hardware_HasNewGateDriver	0	static
hardware.c:435:9:Hardware_HasDabTopology	0	static
hardware.c:447:9:Hardware_HasResonantTopology	0	static
hardware.c:456:9:Hardware_HasGroundFaultDetector	0	static
hardware.c:461:9:Hardware_HasLatestVoltageGain	0	static
hardware.c:466:9:Hardware_HasHO25CurrentSensor	0	static
hardware.c:475:9:Hardware_HasV3ADC0	0	static
hardware.c:479:9:Hardware_HasV4ADC0	0	static
hardware.c:484:9:Hardware_Has1_65VrefOnPTC0	0	static
hardware.c:489:9:Hardware_HasRJ45_Shutdown	0	static
hardware.c:495:9:Hardware_HasVincotechThermistor	0	static
hardware.c:500:9:Hardware_HasAuxUVP	0	static
hardware.c:509:9:Hardware_HasTransformerTemperatureSensor	0	static
hardware.c:514:9:Hardware_HasBuckboostTopology	0	static
hardware.c:523:9:Hardware_HasFaultyZeroCurrentOffset	0	static
hardware.c:528:9:Hardware_HasMKV5Pinout	0	static
