Archive member included to satisfy reference by file (symbol)

/home/asmir/Desktop/Dropbox/MCU/gcc/gcc-arm-none-eabi-7-2018-q2-update/bin/../lib/gcc/arm-none-eabi/7.3.1/../../../../arm-none-eabi/lib/thumb/v7e-m/fpv4-sp/hard/libc.a(lib_a-errno.o)
                              /home/asmir/Desktop/Dropbox/MCU/nxp/RT1021/projects/alencon-systems/bootloader-v0.3/build/fsl_sbrk.o (__errno)
/home/asmir/Desktop/Dropbox/MCU/gcc/gcc-arm-none-eabi-7-2018-q2-update/bin/../lib/gcc/arm-none-eabi/7.3.1/../../../../arm-none-eabi/lib/thumb/v7e-m/fpv4-sp/hard/libc.a(lib_a-exit.o)
                              /home/asmir/Desktop/Dropbox/MCU/gcc/gcc-arm-none-eabi-7-2018-q2-update/bin/../lib/gcc/arm-none-eabi/7.3.1/../../../../arm-none-eabi/lib/thumb/v7e-m/fpv4-sp/hard/crt0.o (exit)
/home/asmir/Desktop/Dropbox/MCU/gcc/gcc-arm-none-eabi-7-2018-q2-update/bin/../lib/gcc/arm-none-eabi/7.3.1/../../../../arm-none-eabi/lib/thumb/v7e-m/fpv4-sp/hard/libc.a(lib_a-impure.o)
                              /home/asmir/Desktop/Dropbox/MCU/gcc/gcc-arm-none-eabi-7-2018-q2-update/bin/../lib/gcc/arm-none-eabi/7.3.1/../../../../arm-none-eabi/lib/thumb/v7e-m/fpv4-sp/hard/libc.a(lib_a-exit.o) (_global_impure_ptr)
/home/asmir/Desktop/Dropbox/MCU/gcc/gcc-arm-none-eabi-7-2018-q2-update/bin/../lib/gcc/arm-none-eabi/7.3.1/../../../../arm-none-eabi/lib/thumb/v7e-m/fpv4-sp/hard/libc.a(lib_a-init.o)
                              /home/asmir/Desktop/Dropbox/MCU/gcc/gcc-arm-none-eabi-7-2018-q2-update/bin/../lib/gcc/arm-none-eabi/7.3.1/../../../../arm-none-eabi/lib/thumb/v7e-m/fpv4-sp/hard/crt0.o (__libc_init_array)
/home/asmir/Desktop/Dropbox/MCU/gcc/gcc-arm-none-eabi-7-2018-q2-update/bin/../lib/gcc/arm-none-eabi/7.3.1/../../../../arm-none-eabi/lib/thumb/v7e-m/fpv4-sp/hard/libc.a(lib_a-malloc.o)
                              /home/asmir/Desktop/Dropbox/MCU/nxp/RT1021/projects/alencon-systems/bootloader-v0.3/build/fsl_common.o (malloc)
/home/asmir/Desktop/Dropbox/MCU/gcc/gcc-arm-none-eabi-7-2018-q2-update/bin/../lib/gcc/arm-none-eabi/7.3.1/../../../../arm-none-eabi/lib/thumb/v7e-m/fpv4-sp/hard/libc.a(lib_a-mallocr.o)
                              /home/asmir/Desktop/Dropbox/MCU/gcc/gcc-arm-none-eabi-7-2018-q2-update/bin/../lib/gcc/arm-none-eabi/7.3.1/../../../../arm-none-eabi/lib/thumb/v7e-m/fpv4-sp/hard/libc.a(lib_a-malloc.o) (_malloc_r)
/home/asmir/Desktop/Dropbox/MCU/gcc/gcc-arm-none-eabi-7-2018-q2-update/bin/../lib/gcc/arm-none-eabi/7.3.1/../../../../arm-none-eabi/lib/thumb/v7e-m/fpv4-sp/hard/libc.a(lib_a-memcmp.o)
                              /home/asmir/Desktop/Dropbox/MCU/nxp/RT1021/projects/alencon-systems/bootloader-v0.3/build/nvm_objects.o (memcmp)
/home/asmir/Desktop/Dropbox/MCU/gcc/gcc-arm-none-eabi-7-2018-q2-update/bin/../lib/gcc/arm-none-eabi/7.3.1/../../../../arm-none-eabi/lib/thumb/v7e-m/fpv4-sp/hard/libc.a(lib_a-memcpy.o)
                              /home/asmir/Desktop/Dropbox/MCU/nxp/RT1021/projects/alencon-systems/bootloader-v0.3/build/flexspi_nor_flash_ops.o (memcpy)
/home/asmir/Desktop/Dropbox/MCU/gcc/gcc-arm-none-eabi-7-2018-q2-update/bin/../lib/gcc/arm-none-eabi/7.3.1/../../../../arm-none-eabi/lib/thumb/v7e-m/fpv4-sp/hard/libc.a(lib_a-memset.o)
                              /home/asmir/Desktop/Dropbox/MCU/gcc/gcc-arm-none-eabi-7-2018-q2-update/bin/../lib/gcc/arm-none-eabi/7.3.1/../../../../arm-none-eabi/lib/thumb/v7e-m/fpv4-sp/hard/crt0.o (memset)
/home/asmir/Desktop/Dropbox/MCU/gcc/gcc-arm-none-eabi-7-2018-q2-update/bin/../lib/gcc/arm-none-eabi/7.3.1/../../../../arm-none-eabi/lib/thumb/v7e-m/fpv4-sp/hard/libc.a(lib_a-mlock.o)
                              /home/asmir/Desktop/Dropbox/MCU/gcc/gcc-arm-none-eabi-7-2018-q2-update/bin/../lib/gcc/arm-none-eabi/7.3.1/../../../../arm-none-eabi/lib/thumb/v7e-m/fpv4-sp/hard/libc.a(lib_a-mallocr.o) (__malloc_lock)
/home/asmir/Desktop/Dropbox/MCU/gcc/gcc-arm-none-eabi-7-2018-q2-update/bin/../lib/gcc/arm-none-eabi/7.3.1/../../../../arm-none-eabi/lib/thumb/v7e-m/fpv4-sp/hard/libc.a(lib_a-sbrkr.o)
                              /home/asmir/Desktop/Dropbox/MCU/gcc/gcc-arm-none-eabi-7-2018-q2-update/bin/../lib/gcc/arm-none-eabi/7.3.1/../../../../arm-none-eabi/lib/thumb/v7e-m/fpv4-sp/hard/libc.a(lib_a-mallocr.o) (_sbrk_r)
/home/asmir/Desktop/Dropbox/MCU/gcc/gcc-arm-none-eabi-7-2018-q2-update/bin/../lib/gcc/arm-none-eabi/7.3.1/../../../../arm-none-eabi/lib/thumb/v7e-m/fpv4-sp/hard/libc.a(lib_a-strcasecmp.o)
                              /home/asmir/Desktop/Dropbox/MCU/nxp/RT1021/projects/alencon-systems/bootloader-v0.3/build/subsys.o (strcasecmp)
/home/asmir/Desktop/Dropbox/MCU/gcc/gcc-arm-none-eabi-7-2018-q2-update/bin/../lib/gcc/arm-none-eabi/7.3.1/../../../../arm-none-eabi/lib/thumb/v7e-m/fpv4-sp/hard/libc.a(lib_a-strlen.o)
                              /home/asmir/Desktop/Dropbox/MCU/nxp/RT1021/projects/alencon-systems/bootloader-v0.3/build/subsys.o (strlen)
[...]
Memory Configuration

Name             Origin             Length             Attributes
m_flash_config   0x0000000060000000 0x0000000000001000 xr
m_ivt            0x0000000060001000 0x0000000000001000 xr
m_interrupts     0x0000000060002000 0x0000000000000400 xr
m_text           0x0000000060002400 0x000000000000dc00 xr
eeprom           0x0000000060010000 0x0000000000010000 rw
nvmobjects       0x0000000060020000 0x0000000000020000 rw
m_qacode         0x0000000000000000 0x0000000000010000 xr
m_data           0x0000000020000000 0x0000000000010000 rw
m_data2          0x0000000020200000 0x0000000000020000 rw
*default*        0x0000000000000000 0xffffffffffffffff

Linker script and memory map

LOAD /home/asmir/Desktop/Dropbox/MCU/gcc/gcc-arm-none-eabi-7-2018-q2-update/bin/../lib/gcc/arm-none-eabi/7.3.1/thumb/v7e-m/fpv4-sp/hard/crti.o
LOAD /home/asmir/Desktop/Dropbox/MCU/gcc/gcc-arm-none-eabi-7-2018-q2-update/bin/../lib/gcc/arm-none-eabi/7.3.1/thumb/v7e-m/fpv4-sp/hard/crtbegin.o
LOAD /home/asmir/Desktop/Dropbox/MCU/gcc/gcc-arm-none-eabi-7-2018-q2-update/bin/../lib/gcc/arm-none-eabi/7.3.1/../../../../arm-none-eabi/lib/thumb/v7e-m/fpv4-sp/hard/crt0.o
LOAD /home/asmir/Desktop/Dropbox/MCU/nxp/RT1021/projects/alencon-systems/bootloader-v0.3/build/main.o
LOAD /home/asmir/Desktop/Dropbox/MCU/nxp/RT1021/projects/alencon-systems/bootloader-v0.3/build/systemclk.o
LOAD /home/asmir/Desktop/Dropbox/MCU/nxp/RT1021/projects/alencon-systems/bootloader-v0.3/build/delay.o
LOAD /home/asmir/Desktop/Dropbox/MCU/nxp/RT1021/projects/alencon-systems/bootloader-v0.3/build/fwver.o
LOAD /home/asmir/Desktop/Dropbox/MCU/nxp/RT1021/projects/alencon-systems/bootloader-v0.3/build/debug.o
LOAD /home/asmir/Desktop/Dropbox/MCU/nxp/RT1021/projects/alencon-systems/bootloader-v0.3/build/misc.o
LOAD /home/asmir/Desktop/Dropbox/MCU/nxp/RT1021/projects/alencon-systems/bootloader-v0.3/build/lpuart.o
LOAD /home/asmir/Desktop/Dropbox/MCU/nxp/RT1021/projects/alencon-systems/bootloader-v0.3/build/board.o
LOAD /home/asmir/Desktop/Dropbox/MCU/nxp/RT1021/projects/alencon-systems/bootloader-v0.3/build/evkmimxrt1020_flexspi_nor_config.o
LOAD /home/asmir/Desktop/Dropbox/MCU/nxp/RT1021/projects/alencon-systems/bootloader-v0.3/build/fsl_clock.o
LOAD /home/asmir/Desktop/Dropbox/MCU/nxp/RT1021/projects/alencon-systems/bootloader-v0.3/build/fsl_component_generic_list.o
LOAD /home/asmir/Desktop/Dropbox/MCU/nxp/RT1021/projects/alencon-systems/bootloader-v0.3/build/fsl_gpio.o
LOAD /home/asmir/Desktop/Dropbox/MCU/nxp/RT1021/projects/alencon-systems/bootloader-v0.3/build/pin_mux.o
LOAD /home/asmir/Desktop/Dropbox/MCU/nxp/RT1021/projects/alencon-systems/bootloader-v0.3/build/clock_config.o
LOAD /home/asmir/Desktop/Dropbox/MCU/nxp/RT1021/projects/alencon-systems/bootloader-v0.3/build/fsl_common_arm.o
LOAD /home/asmir/Desktop/Dropbox/MCU/nxp/RT1021/projects/alencon-systems/bootloader-v0.3/build/system_MIMXRT1021.o
LOAD /home/asmir/Desktop/Dropbox/MCU/nxp/RT1021/projects/alencon-systems/bootloader-v0.3/build/dcd.o
LOAD /home/asmir/Desktop/Dropbox/MCU/nxp/RT1021/projects/alencon-systems/bootloader-v0.3/build/fsl_assert.o
LOAD /home/asmir/Desktop/Dropbox/MCU/nxp/RT1021/projects/alencon-systems/bootloader-v0.3/build/fsl_common.o
LOAD /home/asmir/Desktop/Dropbox/MCU/nxp/RT1021/projects/alencon-systems/bootloader-v0.3/build/fsl_flexspi_nor_boot.o
LOAD /home/asmir/Desktop/Dropbox/MCU/nxp/RT1021/projects/alencon-systems/bootloader-v0.3/build/fsl_sbrk.o
LOAD /home/asmir/Desktop/Dropbox/MCU/nxp/RT1021/projects/alencon-systems/bootloader-v0.3/build/flash.o
LOAD /home/asmir/Desktop/Dropbox/MCU/nxp/RT1021/projects/alencon-systems/bootloader-v0.3/build/timing.o
LOAD /home/asmir/Desktop/Dropbox/MCU/nxp/RT1021/projects/alencon-systems/bootloader-v0.3/build/fsl_flexspi.o
LOAD /home/asmir/Desktop/Dropbox/MCU/nxp/RT1021/projects/alencon-systems/bootloader-v0.3/build/flexspi_nor_flash_ops.o
LOAD /home/asmir/Desktop/Dropbox/MCU/nxp/RT1021/projects/alencon-systems/bootloader-v0.3/build/fsl_cache.o
LOAD /home/asmir/Desktop/Dropbox/MCU/nxp/RT1021/projects/alencon-systems/bootloader-v0.3/build/hal_eeprom.o
LOAD /home/asmir/Desktop/Dropbox/MCU/nxp/RT1021/projects/alencon-systems/bootloader-v0.3/build/eeprom.o
LOAD /home/asmir/Desktop/Dropbox/MCU/nxp/RT1021/projects/alencon-systems/bootloader-v0.3/build/nvm_objects.o
LOAD /home/asmir/Desktop/Dropbox/MCU/nxp/RT1021/projects/alencon-systems/bootloader-v0.3/build/hal_uart.o
LOAD /home/asmir/Desktop/Dropbox/MCU/nxp/RT1021/projects/alencon-systems/bootloader-v0.3/build/uart.o
LOAD /home/asmir/Desktop/Dropbox/MCU/nxp/RT1021/projects/alencon-systems/bootloader-v0.3/build/buffer.o
LOAD /home/asmir/Desktop/Dropbox/MCU/nxp/RT1021/projects/alencon-systems/bootloader-v0.3/build/buffer_printf.o
LOAD /home/asmir/Desktop/Dropbox/MCU/nxp/RT1021/projects/alencon-systems/bootloader-v0.3/build/task.o
LOAD /home/asmir/Desktop/Dropbox/MCU/nxp/RT1021/projects/alencon-systems/bootloader-v0.3/build/list.o
LOAD /home/asmir/Desktop/Dropbox/MCU/nxp/RT1021/projects/alencon-systems/bootloader-v0.3/build/crc16.o
LOAD /home/asmir/Desktop/Dropbox/MCU/nxp/RT1021/projects/alencon-systems/bootloader-v0.3/build/subsys.o
LOAD /home/asmir/Desktop/Dropbox/MCU/nxp/RT1021/projects/alencon-systems/bootloader-v0.3/build/charReceiverList.o
LOAD /home/asmir/Desktop/Dropbox/MCU/nxp/RT1021/projects/alencon-systems/bootloader-v0.3/build/bootloader.o
LOAD /home/asmir/Desktop/Dropbox/MCU/nxp/RT1021/projects/alencon-systems/bootloader-v0.3/build/hardware.o
LOAD /home/asmir/Desktop/Dropbox/MCU/nxp/RT1021/projects/alencon-systems/bootloader-v0.3/build/RS485Serial.o
LOAD /home/asmir/Desktop/Dropbox/MCU/nxp/RT1021/projects/alencon-systems/bootloader-v0.3/build/mbcrc.o
LOAD /home/asmir/Desktop/Dropbox/MCU/nxp/RT1021/projects/alencon-systems/bootloader-v0.3/build/mbfunccoils.o
LOAD /home/asmir/Desktop/Dropbox/MCU/nxp/RT1021/projects/alencon-systems/bootloader-v0.3/build/mbfuncdiag.o
LOAD /home/asmir/Desktop/Dropbox/MCU/nxp/RT1021/projects/alencon-systems/bootloader-v0.3/build/mbfuncdisc.o
LOAD /home/asmir/Desktop/Dropbox/MCU/nxp/RT1021/projects/alencon-systems/bootloader-v0.3/build/mbfuncholding.o
LOAD /home/asmir/Desktop/Dropbox/MCU/nxp/RT1021/projects/alencon-systems/bootloader-v0.3/build/mbfuncinput.o
LOAD /home/asmir/Desktop/Dropbox/MCU/nxp/RT1021/projects/alencon-systems/bootloader-v0.3/build/mbfuncother.o
LOAD /home/asmir/Desktop/Dropbox/MCU/nxp/RT1021/projects/alencon-systems/bootloader-v0.3/build/mbutils.o
LOAD /home/asmir/Desktop/Dropbox/MCU/nxp/RT1021/projects/alencon-systems/bootloader-v0.3/build/mb.o
LOAD /home/asmir/Desktop/Dropbox/MCU/nxp/RT1021/projects/alencon-systems/bootloader-v0.3/build/AlenconModbus.o
LOAD /home/asmir/Desktop/Dropbox/MCU/nxp/RT1021/projects/alencon-systems/bootloader-v0.3/build/AlenconModbusBootloader.o
LOAD /home/asmir/Desktop/Dropbox/MCU/nxp/RT1021/projects/alencon-systems/bootloader-v0.3/build/mbportevent.o
LOAD /home/asmir/Desktop/Dropbox/MCU/nxp/RT1021/projects/alencon-systems/bootloader-v0.3/build/mbportother.o
LOAD /home/asmir/Desktop/Dropbox/MCU/nxp/RT1021/projects/alencon-systems/bootloader-v0.3/build/mbporttimer.o
LOAD /home/asmir/Desktop/Dropbox/MCU/nxp/RT1021/projects/alencon-systems/bootloader-v0.3/build/DCDC_mbrtu.o
LOAD /home/asmir/Desktop/Dropbox/MCU/nxp/RT1021/projects/alencon-systems/bootloader-v0.3/build/startup_MIMXRT1021.o
LOAD /home/asmir/Desktop/Dropbox/MCU/gcc/gcc-arm-none-eabi-7-2018-q2-update/bin/../lib/gcc/arm-none-eabi/7.3.1/../../../../arm-none-eabi/lib/thumb/v7e-m/fpv4-sp/hard/libm.a
LOAD /home/asmir/Desktop/Dropbox/MCU/gcc/gcc-arm-none-eabi-7-2018-q2-update/bin/../lib/gcc/arm-none-eabi/7.3.1/../../../../arm-none-eabi/lib/thumb/v7e-m/fpv4-sp/hard/libc.a
LOAD /home/asmir/Desktop/Dropbox/MCU/gcc/gcc-arm-none-eabi-7-2018-q2-update/bin/../lib/gcc/arm-none-eabi/7.3.1/../../../../arm-none-eabi/lib/thumb/v7e-m/fpv4-sp/hard/libnosys.a
START GROUP
LOAD /home/asmir/Desktop/Dropbox/MCU/gcc/gcc-arm-none-eabi-7-2018-q2-update/bin/../lib/gcc/arm-none-eabi/7.3.1/thumb/v7e-m/fpv4-sp/hard/libgcc.a
LOAD /home/asmir/Desktop/Dropbox/MCU/gcc/gcc-arm-none-eabi-7-2018-q2-update/bin/../lib/gcc/arm-none-eabi/7.3.1/../../../../arm-none-eabi/lib/thumb/v7e-m/fpv4-sp/hard/libg.a
LOAD /home/asmir/Desktop/Dropbox/MCU/gcc/gcc-arm-none-eabi-7-2018-q2-update/bin/../lib/gcc/arm-none-eabi/7.3.1/../../../../arm-none-eabi/lib/thumb/v7e-m/fpv4-sp/hard/libc.a
END GROUP
LOAD /home/asmir/Desktop/Dropbox/MCU/gcc/gcc-arm-none-eabi-7-2018-q2-update/bin/../lib/gcc/arm-none-eabi/7.3.1/thumb/v7e-m/fpv4-sp/hard/crtend.o
LOAD /home/asmir/Desktop/Dropbox/MCU/gcc/gcc-arm-none-eabi-7-2018-q2-update/bin/../lib/gcc/arm-none-eabi/7.3.1/thumb/v7e-m/fpv4-sp/hard/crtn.o
                0x0000000000000400                HEAP_SIZE = DEFINED (__heap_size__)?__heap_size__:0x400
                0x0000000000000400                STACK_SIZE = DEFINED (__stack_size__)?__stack_size__:0x400
                0x0000000000000000                VECTOR_RAM_SIZE = DEFINED (__ram_vector_table__)?0x400:0x0
                0x0000000020200000                __NCACHE_REGION_START = ORIGIN (m_data2)
                0x0000000000000000                __NCACHE_REGION_SIZE = 0x0

.flash_config   0x0000000060000000      0x200
                0x0000000060000000                . = ALIGN (0x4)
                0x0000000060000000                __FLASH_BASE = .
 *(.boot_hdr.conf)
 .boot_hdr.conf
                0x0000000060000000      0x200 /home/asmir/Desktop/Dropbox/MCU/nxp/RT1021/projects/alencon-systems/bootloader-v0.3/build/evkmimxrt1020_flexspi_nor_config.o
                0x0000000060000000                qspiflash_config
                0x0000000060000200                . = ALIGN (0x4)
                0x0000000060001000                ivt_begin = (ORIGIN (m_flash_config) + LENGTH (m_flash_config))

.ivt            0x0000000060001000      0x410
                0x0000000060001000                . = ALIGN (0x4)
 *(.boot_hdr.ivt)
 .boot_hdr.ivt  0x0000000060001000       0x20 /home/asmir/Desktop/Dropbox/MCU/nxp/RT1021/projects/alencon-systems/bootloader-v0.3/build/fsl_flexspi_nor_boot.o
                0x0000000060001000                image_vector_table
 *(.boot_hdr.boot_data)
 .boot_hdr.boot_data
                0x0000000060001020       0x10 /home/asmir/Desktop/Dropbox/MCU/nxp/RT1021/projects/alencon-systems/bootloader-v0.3/build/fsl_flexspi_nor_boot.o
                0x0000000060001020                g_boot_data
 *(.boot_hdr.dcd_data)
 .boot_hdr.dcd_data
                0x0000000060001030      0x3e0 /home/asmir/Desktop/Dropbox/MCU/nxp/RT1021/projects/alencon-systems/bootloader-v0.3/build/dcd.o
                0x0000000060001030                dcd_data
                0x0000000060001410                . = ALIGN (0x4)

.interrupts     0x0000000060002000      0x400
                0x0000000060002000                __VECTOR_TABLE = .
                0x0000000060002000                __Vectors = .
                0x0000000060002000                . = ALIGN (0x4)
 *(.isr_vector)
 .isr_vector    0x0000000060002000      0x400 /home/asmir/Desktop/Dropbox/MCU/nxp/RT1021/projects/alencon-systems/bootloader-v0.3/build/startup_MIMXRT1021.o
                0x0000000060002000                __isr_vector
                0x0000000060002400                . = ALIGN (0x4)

.text           0x0000000060002400     0x6218
                0x0000000060002400                . = ALIGN (0x4)
 *(.text)
 .text          0x0000000060002400       0x40 /home/asmir/Desktop/Dropbox/MCU/gcc/gcc-arm-none-eabi-7-2018-q2-update/bin/../lib/gcc/arm-none-eabi/7.3.1/thumb/v7e-m/fpv4-sp/hard/crtbegin.o
 .text          0x0000000060002440      0x244 /home/asmir/Desktop/Dropbox/MCU/nxp/RT1021/projects/alencon-systems/bootloader-v0.3/build/startup_MIMXRT1021.o
                0x0000000060002440                Reset_Handler
                0x00000000600024e8                LPUART8_DriverIRQHandler
                0x00000000600024e8                LPSPI2_DriverIRQHandler
                0x00000000600024e8                ADC_ETC_IRQ0_IRQHandler
                0x00000000600024e8                DebugMon_Handler
                0x00000000600024e8                SAI3_RX_DriverIRQHandler
                0x00000000600024e8                DMA13_DMA29_DriverIRQHandler
                0x00000000600024e8                Reserved86_IRQHandler
                0x00000000600024e8                SRC_IRQHandler
                0x00000000600024e8                LPSPI4_DriverIRQHandler
                0x00000000600024e8                Reserved60_IRQHandler
                0x00000000600024e8                GPIO2_Combined_0_15_IRQHandler
                0x00000000600024e8                SPDIF_DriverIRQHandler
                0x00000000600024e8                GPIO1_INT2_IRQHandler
                0x00000000600024e8                Reserved103_IRQHandler
                0x00000000600024e8                ENC2_IRQHandler
                0x00000000600024e8                PWM2_2_IRQHandler
                0x00000000600024e8                GPIO1_INT7_IRQHandler
                0x00000000600024e8                CCM_1_IRQHandler
                0x00000000600024e8                Reserved59_IRQHandler
                0x00000000600024e8                ADC_ETC_IRQ1_IRQHandler
                0x00000000600024e8                DMA7_DMA23_DriverIRQHandler
                0x00000000600024e8                CTI0_ERROR_IRQHandler
                0x00000000600024e8                GPIO5_Combined_0_15_IRQHandler
                0x00000000600024e8                PWM1_0_IRQHandler
                0x00000000600024e8                Reserved68_IRQHandler
                0x00000000600024e8                LPI2C3_DriverIRQHandler
                0x00000000600024e8                PWM2_0_IRQHandler
                0x00000000600024e8                DCP_VMI_IRQHandler
                0x00000000600024e8                DMA14_DMA30_DriverIRQHandler
                0x00000000600024e8                ENET_1588_Timer_DriverIRQHandler
                0x00000000600024e8                PWM2_1_IRQHandler
                0x00000000600024e8                PWM2_FAULT_IRQHandler
                0x00000000600024e8                WDOG1_IRQHandler
                0x00000000600024e8                LPUART5_DriverIRQHandler
                0x00000000600024e8                Reserved151_IRQHandler
                0x00000000600024e8                GPT1_IRQHandler
                0x00000000600024e8                ACMP4_IRQHandler
                0x00000000600024e8                SEMC_IRQHandler
                0x00000000600024e8                DMA0_DMA16_DriverIRQHandler
                0x00000000600024e8                DefaultISR
                0x00000000600024e8                Reserved58_IRQHandler
                0x00000000600024e8                PWM1_1_IRQHandler
                0x00000000600024e8                DMA2_DMA18_DriverIRQHandler
                0x00000000600024e8                Reserved82_IRQHandler
                0x00000000600024e8                USDHC1_DriverIRQHandler
                0x00000000600024e8                GPIO1_INT0_IRQHandler
                0x00000000600024e8                LPUART2_DriverIRQHandler
                0x00000000600024e8                CSU_IRQHandler
                0x00000000600024e8                Reserved70_IRQHandler
                0x00000000600024e8                ADC1_IRQHandler
                0x00000000600024e8                FLEXIO1_DriverIRQHandler
                0x00000000600024e8                ENET_DriverIRQHandler
                0x00000000600024e8                GPIO1_Combined_16_31_IRQHandler
                0x00000000600024e8                Reserved128_IRQHandler
                0x00000000600024e8                RTWDOG_IRQHandler
                0x00000000600024e8                Reserved78_IRQHandler
                0x00000000600024e8                SAI1_DriverIRQHandler
                0x00000000600024e8                DMA12_DMA28_DriverIRQHandler
                0x00000000600024e8                GPIO3_Combined_16_31_IRQHandler
                0x00000000600024e8                EWM_IRQHandler
                0x00000000600024e8                TEMP_LOW_HIGH_IRQHandler
                0x00000000600024e8                WDOG2_IRQHandler
                0x00000000600024e8                GPIO1_INT5_IRQHandler
                0x00000000600024e8                PWM2_3_IRQHandler
                0x00000000600024e8                CORE_IRQHandler
                0x00000000600024e8                DMA10_DMA26_DriverIRQHandler
                0x00000000600024e8                TEMP_PANIC_IRQHandler
                0x00000000600024e8                GPIO1_INT6_IRQHandler
                0x00000000600024e8                PWM1_2_IRQHandler
                0x00000000600024e8                Reserved144_IRQHandler
                0x00000000600024e8                GPR_IRQ_IRQHandler
                0x00000000600024e8                GPC_IRQHandler
                0x00000000600024e8                LPUART1_DriverIRQHandler
                0x00000000600024e8                DCDC_IRQHandler
                0x00000000600024e8                GPIO3_Combined_0_15_IRQHandler
                0x00000000600024e8                Reserved107_IRQHandler
                0x00000000600024e8                DMA1_DMA17_DriverIRQHandler
                0x00000000600024e8                USB_OTG1_IRQHandler
                0x00000000600024e8                LPUART4_DriverIRQHandler
                0x00000000600024e8                CAN2_DriverIRQHandler
                0x00000000600024e8                Reserved102_IRQHandler
                0x00000000600024e8                GPIO5_Combined_16_31_IRQHandler
                0x00000000600024e8                TMR2_IRQHandler
                0x00000000600024e8                ADC_ETC_ERROR_IRQ_IRQHandler
                0x00000000600024e8                DMA8_DMA24_DriverIRQHandler
                0x00000000600024e8                DMA6_DMA22_DriverIRQHandler
                0x00000000600024e8                BEE_IRQHandler
                0x00000000600024e8                GPIO1_INT1_IRQHandler
                0x00000000600024e8                SNVS_LP_HP_WRAPPER_IRQHandler
                0x00000000600024e8                ADC_ETC_IRQ2_IRQHandler
                0x00000000600024e8                Reserved148_IRQHandler
                0x00000000600024e8                GPIO1_INT4_IRQHandler
                0x00000000600024e8                LPUART6_DriverIRQHandler
                0x00000000600024e8                CCM_2_IRQHandler
                0x00000000600024e8                KPP_IRQHandler
                0x00000000600024e8                ADC2_IRQHandler
                0x00000000600024e8                USDHC2_DriverIRQHandler
                0x00000000600024e8                SAI2_DriverIRQHandler
                0x00000000600024e8                PIT_IRQHandler
                0x00000000600024e8                Reserved115_IRQHandler
                0x00000000600024e8                SNVS_HP_WRAPPER_IRQHandler
                0x00000000600024e8                DMA11_DMA27_DriverIRQHandler
                0x00000000600024e8                Reserved147_IRQHandler
                0x00000000600024e8                XBAR1_IRQ_2_3_IRQHandler
                0x00000000600024e8                LPI2C1_DriverIRQHandler
                0x00000000600024e8                DCP_IRQHandler
                0x00000000600024e8                LPUART7_DriverIRQHandler
                0x00000000600024e8                Reserved123_IRQHandler
                0x00000000600024e8                DMA4_DMA20_DriverIRQHandler
                0x00000000600024e8                GPIO1_INT3_IRQHandler
                0x00000000600024e8                DMA9_DMA25_DriverIRQHandler
                0x00000000600024e8                GPIO1_Combined_0_15_IRQHandler
                0x00000000600024e8                LPSPI1_DriverIRQHandler
                0x00000000600024e8                Reserved152_IRQHandler
                0x00000000600024e8                DMA3_DMA19_DriverIRQHandler
                0x00000000600024e8                ACMP3_IRQHandler
                0x00000000600024e8                ENC1_IRQHandler
                0x00000000600024e8                PWM1_FAULT_IRQHandler
                0x00000000600024e8                Reserved143_IRQHandler
                0x00000000600024e8                GPIO2_Combined_16_31_IRQHandler
                0x00000000600024e8                LPI2C4_DriverIRQHandler
                0x00000000600024e8                PMU_IRQHandler
                0x00000000600024e8                XBAR1_IRQ_0_1_IRQHandler
                0x00000000600024e8                SNVS_HP_WRAPPER_TZ_IRQHandler
                0x00000000600024e8                SAI3_TX_DriverIRQHandler
                0x00000000600024e8                ACMP2_IRQHandler
                0x00000000600024e8                GPT2_IRQHandler
                0x00000000600024e8                FLEXRAM_IRQHandler
                0x00000000600024e8                DMA5_DMA21_DriverIRQHandler
                0x00000000600024e8                USB_PHY_IRQHandler
                0x00000000600024e8                Reserved56_IRQHandler
                0x00000000600024e8                ACMP1_IRQHandler
                0x00000000600024e8                Reserved87_IRQHandler
                0x00000000600024e8                DMA15_DMA31_DriverIRQHandler
                0x00000000600024e8                LPSPI3_DriverIRQHandler
                0x00000000600024e8                LPI2C2_DriverIRQHandler
                0x00000000600024e8                DMA_ERROR_DriverIRQHandler
                0x00000000600024e8                CAN1_DriverIRQHandler
                0x00000000600024e8                TMR1_IRQHandler
                0x00000000600024e8                TRNG_IRQHandler
                0x00000000600024e8                CTI1_ERROR_IRQHandler
                0x00000000600024e8                PWM1_3_IRQHandler
                0x00000000600024e8                LPUART3_DriverIRQHandler
                0x00000000600024f4                SVC_Handler
                0x00000000600024f8                PendSV_Handler
                0x0000000060002500                DMA0_DMA16_IRQHandler
                0x0000000060002504                DMA1_DMA17_IRQHandler
                0x0000000060002508                DMA2_DMA18_IRQHandler
                0x000000006000250c                DMA3_DMA19_IRQHandler
                0x0000000060002510                DMA4_DMA20_IRQHandler
                0x0000000060002514                DMA5_DMA21_IRQHandler
                0x0000000060002518                DMA6_DMA22_IRQHandler
                0x000000006000251c                DMA7_DMA23_IRQHandler
                0x0000000060002520                DMA8_DMA24_IRQHandler
                0x0000000060002524                DMA9_DMA25_IRQHandler
                0x0000000060002528                DMA10_DMA26_IRQHandler
                0x000000006000252c                DMA11_DMA27_IRQHandler
                0x0000000060002530                DMA12_DMA28_IRQHandler
                0x0000000060002534                DMA13_DMA29_IRQHandler
                0x0000000060002538                DMA14_DMA30_IRQHandler
                0x000000006000253c                DMA15_DMA31_IRQHandler
                0x0000000060002540                DMA_ERROR_IRQHandler
                0x000000006000254c                LPUART3_IRQHandler
                0x0000000060002550                LPUART4_IRQHandler
                0x0000000060002554                LPUART5_IRQHandler
                0x0000000060002558                LPUART6_IRQHandler
                0x000000006000255c                LPUART7_IRQHandler
                0x0000000060002560                LPUART8_IRQHandler
                0x0000000060002564                LPI2C1_IRQHandler
                0x0000000060002568                LPI2C2_IRQHandler
                0x000000006000256c                LPI2C3_IRQHandler
                0x0000000060002570                LPI2C4_IRQHandler
                0x0000000060002574                LPSPI1_IRQHandler
                0x0000000060002578                LPSPI2_IRQHandler
                0x000000006000257c                LPSPI3_IRQHandler
                0x0000000060002580                LPSPI4_IRQHandler
                0x0000000060002584                CAN1_IRQHandler
                0x0000000060002588                CAN2_IRQHandler
                0x000000006000258c                SAI1_IRQHandler
                0x0000000060002590                SAI2_IRQHandler
                0x0000000060002594                SAI3_RX_IRQHandler
                0x0000000060002598                SAI3_TX_IRQHandler
                0x000000006000259c                SPDIF_IRQHandler
                0x00000000600025a0                FLEXIO1_IRQHandler
                0x00000000600025a4                FLEXSPI_IRQHandler
                0x00000000600025a8                USDHC1_IRQHandler
                0x00000000600025ac                USDHC2_IRQHandler
                0x00000000600025b0                ENET_IRQHandler
                0x00000000600025b4                ENET_1588_Timer_IRQHandler
 .text          0x0000000060002684      0x134 /home/asmir/Desktop/Dropbox/MCU/gcc/gcc-arm-none-eabi-7-2018-q2-update/bin/../lib/gcc/arm-none-eabi/7.3.1/../../../../arm-none-eabi/lib/thumb/v7e-m/fpv4-sp/hard/libc.a(lib_a-memcpy.o)
                0x0000000060002684                memcpy
 *(EXCLUDE_FILE(*fsl_flexspi.o *flexspi_nor_flash_ops.o) .text*)
 .text.startup.main
                0x00000000600027b8       0x9c /home/asmir/Desktop/Dropbox/MCU/nxp/RT1021/projects/alencon-systems/bootloader-v0.3/build/main.o
                0x00000000600027b8                main
 .text.initSYSTEM
                0x0000000060002854      0x27c /home/asmir/Desktop/Dropbox/MCU/nxp/RT1021/projects/alencon-systems/bootloader-v0.3/build/systemclk.o
                0x0000000060002854                initSYSTEM
 .text.initSYSTIM
                0x0000000060002ad0       0x28 /home/asmir/Desktop/Dropbox/MCU/nxp/RT1021/projects/alencon-systems/bootloader-v0.3/build/delay.o
                0x0000000060002ad0                initSYSTIM
 .text.getSYSTIM
                0x0000000060002af8        0xc /home/asmir/Desktop/Dropbox/MCU/nxp/RT1021/projects/alencon-systems/bootloader-v0.3/build/delay.o
                0x0000000060002af8                getSYSTIM
 .text.initDEBUG
                0x0000000060002b04       0xfc /home/asmir/Desktop/Dropbox/MCU/nxp/RT1021/projects/alencon-systems/bootloader-v0.3/build/debug.o
                0x0000000060002b04                initDEBUG
 .text.printDEBUG
                0x0000000060002c00      0x33c /home/asmir/Desktop/Dropbox/MCU/nxp/RT1021/projects/alencon-systems/bootloader-v0.3/build/debug.o
                0x0000000060002c00                printDEBUG
 .text.NMI_Handler
                0x0000000060002f3c       0x10 /home/asmir/Desktop/Dropbox/MCU/nxp/RT1021/projects/alencon-systems/bootloader-v0.3/build/debug.o
                0x0000000060002f3c                NMI_Handler
 .text.HardFault_Handler
                0x0000000060002f4c       0x1c /home/asmir/Desktop/Dropbox/MCU/nxp/RT1021/projects/alencon-systems/bootloader-v0.3/build/debug.o
                0x0000000060002f4c                HardFault_Handler
 .text.HardFault_HandlerC
                0x0000000060002f68      0x114 /home/asmir/Desktop/Dropbox/MCU/nxp/RT1021/projects/alencon-systems/bootloader-v0.3/build/debug.o
                0x0000000060002f68                HardFault_HandlerC
 .text.MemManage_Handler
                0x000000006000307c       0x10 /home/asmir/Desktop/Dropbox/MCU/nxp/RT1021/projects/alencon-systems/bootloader-v0.3/build/debug.o
                0x000000006000307c                MemManage_Handler
 .text.BusFault_Handler
                0x000000006000308c       0x10 /home/asmir/Desktop/Dropbox/MCU/nxp/RT1021/projects/alencon-systems/bootloader-v0.3/build/debug.o
                0x000000006000308c                BusFault_Handler
 .text.UsageFault_Handler
                0x000000006000309c       0x10 /home/asmir/Desktop/Dropbox/MCU/nxp/RT1021/projects/alencon-systems/bootloader-v0.3/build/debug.o
                0x000000006000309c                UsageFault_Handler
 .text.putDNumMISC
                0x00000000600030ac       0x6c /home/asmir/Desktop/Dropbox/MCU/nxp/RT1021/projects/alencon-systems/bootloader-v0.3/build/misc.o
                0x00000000600030ac                putDNumMISC
 .text.getStr4NumMISC
                0x0000000060003118      0x380 /home/asmir/Desktop/Dropbox/MCU/nxp/RT1021/projects/alencon-systems/bootloader-v0.3/build/misc.o
                0x0000000060003118                getStr4NumMISC
 .text.initLPUART1
                0x0000000060003498       0x54 /home/asmir/Desktop/Dropbox/MCU/nxp/RT1021/projects/alencon-systems/bootloader-v0.3/build/lpuart.o
                0x0000000060003498                initLPUART1
 .text.putcharLPUART1
                0x00000000600034ec       0x1c /home/asmir/Desktop/Dropbox/MCU/nxp/RT1021/projects/alencon-systems/bootloader-v0.3/build/lpuart.o
                0x00000000600034ec                putcharLPUART1
 .text.sprintLPUART1
                0x0000000060003508       0x4c /home/asmir/Desktop/Dropbox/MCU/nxp/RT1021/projects/alencon-systems/bootloader-v0.3/build/lpuart.o
                0x0000000060003508                sprintLPUART1
 .text.printLPUART1
                0x0000000060003554      0x1f4 /home/asmir/Desktop/Dropbox/MCU/nxp/RT1021/projects/alencon-systems/bootloader-v0.3/build/lpuart.o
                0x0000000060003554                printLPUART1
 .text.CLOCK_InitExternalClk
                0x0000000060003748       0x50 /home/asmir/Desktop/Dropbox/MCU/nxp/RT1021/projects/alencon-systems/bootloader-v0.3/build/fsl_clock.o
                0x0000000060003748                CLOCK_InitExternalClk
 .text.CLOCK_SwitchOsc
                0x0000000060003798       0x18 /home/asmir/Desktop/Dropbox/MCU/nxp/RT1021/projects/alencon-systems/bootloader-v0.3/build/fsl_clock.o
                0x0000000060003798                CLOCK_SwitchOsc
 .text.CLOCK_InitRcOsc24M
                0x00000000600037b0       0x14 /home/asmir/Desktop/Dropbox/MCU/nxp/RT1021/projects/alencon-systems/bootloader-v0.3/build/fsl_clock.o
                0x00000000600037b0                CLOCK_InitRcOsc24M
 .text.CLOCK_DeinitAudioPll
                0x00000000600037c4       0x10 /home/asmir/Desktop/Dropbox/MCU/nxp/RT1021/projects/alencon-systems/bootloader-v0.3/build/fsl_clock.o
                0x00000000600037c4                CLOCK_DeinitAudioPll
 .text.CLOCK_InitEnetPll
                0x00000000600037d4       0x6c /home/asmir/Desktop/Dropbox/MCU/nxp/RT1021/projects/alencon-systems/bootloader-v0.3/build/fsl_clock.o
                0x00000000600037d4                CLOCK_InitEnetPll
 .text.CLOCK_InitSysPfd
                0x0000000060003840       0x34 /home/asmir/Desktop/Dropbox/MCU/nxp/RT1021/projects/alencon-systems/bootloader-v0.3/build/fsl_clock.o
                0x0000000060003840                CLOCK_InitSysPfd
 .text.BOARD_InitPins
                0x0000000060003874       0x54 /home/asmir/Desktop/Dropbox/MCU/nxp/RT1021/projects/alencon-systems/bootloader-v0.3/build/pin_mux.o
                0x0000000060003874                BOARD_InitPins
 .text.BOARD_InitBootPins
                0x00000000600038c8        0x4 /home/asmir/Desktop/Dropbox/MCU/nxp/RT1021/projects/alencon-systems/bootloader-v0.3/build/pin_mux.o
                0x00000000600038c8                BOARD_InitBootPins
 .text.BOARD_BootClockRUN
                0x00000000600038cc      0x638 /home/asmir/Desktop/Dropbox/MCU/nxp/RT1021/projects/alencon-systems/bootloader-v0.3/build/clock_config.o
                0x00000000600038cc                BOARD_BootClockRUN
 .text.BOARD_InitBootClocks
                0x0000000060003f04        0x4 /home/asmir/Desktop/Dropbox/MCU/nxp/RT1021/projects/alencon-systems/bootloader-v0.3/build/clock_config.o
                0x0000000060003f04                BOARD_InitBootClocks
 .text.SystemInitHook
                0x0000000060003f08        0x4 /home/asmir/Desktop/Dropbox/MCU/nxp/RT1021/projects/alencon-systems/bootloader-v0.3/build/system_MIMXRT1021.o
                0x0000000060003f08                SystemInitHook
 .text.SystemInit
                0x0000000060003f0c       0x88 /home/asmir/Desktop/Dropbox/MCU/nxp/RT1021/projects/alencon-systems/bootloader-v0.3/build/system_MIMXRT1021.o
                0x0000000060003f0c                SystemInit
 .text.__assert_func
                0x0000000060003f94        0x4 /home/asmir/Desktop/Dropbox/MCU/nxp/RT1021/projects/alencon-systems/bootloader-v0.3/build/fsl_assert.o
                0x0000000060003f94                __assert_func
 .text._sbrk    0x0000000060003f98       0x40 /home/asmir/Desktop/Dropbox/MCU/nxp/RT1021/projects/alencon-systems/bootloader-v0.3/build/fsl_sbrk.o
                0x0000000060003f98                _sbrk
 .text.FLASH_Init
                0x0000000060003fd8        0xc /home/asmir/Desktop/Dropbox/MCU/nxp/RT1021/projects/alencon-systems/bootloader-v0.3/build/flash.o
                0x0000000060003fd8                FLASH_Init
 .text.FLASH_EraseSector
                0x0000000060003fe4       0x24 /home/asmir/Desktop/Dropbox/MCU/nxp/RT1021/projects/alencon-systems/bootloader-v0.3/build/flash.o
                0x0000000060003fe4                FLASH_EraseSector
 .text.FLASH_Program
                0x0000000060004008       0x28 /home/asmir/Desktop/Dropbox/MCU/nxp/RT1021/projects/alencon-systems/bootloader-v0.3/build/flash.o
                0x0000000060004008                FLASH_Program
 .text.SysTick_Handler
                0x0000000060004030       0x24 /home/asmir/Desktop/Dropbox/MCU/nxp/RT1021/projects/alencon-systems/bootloader-v0.3/build/timing.o
                0x0000000060004030                SysTick_Handler
 .text.Timing_Init
                0x0000000060004054       0x48 /home/asmir/Desktop/Dropbox/MCU/nxp/RT1021/projects/alencon-systems/bootloader-v0.3/build/timing.o
                0x0000000060004054                Timing_Init
 .text.TimeNow  0x000000006000409c        0xc /home/asmir/Desktop/Dropbox/MCU/nxp/RT1021/projects/alencon-systems/bootloader-v0.3/build/timing.o
                0x000000006000409c                TimeNow
 .text.TimeSince
                0x00000000600040a8       0x24 /home/asmir/Desktop/Dropbox/MCU/nxp/RT1021/projects/alencon-systems/bootloader-v0.3/build/timing.o
                0x00000000600040a8                TimeSince
 .text.DelayMs  0x00000000600040cc       0x34 /home/asmir/Desktop/Dropbox/MCU/nxp/RT1021/projects/alencon-systems/bootloader-v0.3/build/timing.o
                0x00000000600040cc                DelayMs
 .text.Timing_Roll
                0x0000000060004100       0x18 /home/asmir/Desktop/Dropbox/MCU/nxp/RT1021/projects/alencon-systems/bootloader-v0.3/build/timing.o
                0x0000000060004100                Timing_Roll
 .text.TimeNowUngated
                0x0000000060004118        0xc /home/asmir/Desktop/Dropbox/MCU/nxp/RT1021/projects/alencon-systems/bootloader-v0.3/build/timing.o
                0x0000000060004118                TimeNowUngated
 .text.DCACHE_InvalidateByRange
                0x0000000060004124       0x2c /home/asmir/Desktop/Dropbox/MCU/nxp/RT1021/projects/alencon-systems/bootloader-v0.3/build/fsl_cache.o
                0x0000000060004124                DCACHE_InvalidateByRange
 .text.GetNextLocation.part.1
                0x0000000060004150       0x30 /home/asmir/Desktop/Dropbox/MCU/nxp/RT1021/projects/alencon-systems/bootloader-v0.3/build/hal_eeprom.o
 .text.hal_EEPROM_Read.part.2
                0x0000000060004180       0x54 /home/asmir/Desktop/Dropbox/MCU/nxp/RT1021/projects/alencon-systems/bootloader-v0.3/build/hal_eeprom.o
 .text.hal_EEPROM_Read
                0x00000000600041d4       0x2c /home/asmir/Desktop/Dropbox/MCU/nxp/RT1021/projects/alencon-systems/bootloader-v0.3/build/hal_eeprom.o
                0x00000000600041d4                hal_EEPROM_Read
 .text.hal_EEPROM_ErasePage
                0x0000000060004200       0x28 /home/asmir/Desktop/Dropbox/MCU/nxp/RT1021/projects/alencon-systems/bootloader-v0.3/build/hal_eeprom.o
                0x0000000060004200                hal_EEPROM_ErasePage
 .text.hal_EEPROM_Init
                0x0000000060004228       0x74 /home/asmir/Desktop/Dropbox/MCU/nxp/RT1021/projects/alencon-systems/bootloader-v0.3/build/hal_eeprom.o
                0x0000000060004228                hal_EEPROM_Init
 .text.EEPROM_Init
                0x000000006000429c       0x18 /home/asmir/Desktop/Dropbox/MCU/nxp/RT1021/projects/alencon-systems/bootloader-v0.3/build/eeprom.o
                0x000000006000429c                EEPROM_Init
 .text.EEPROM_Read
                0x00000000600042b4        0x4 /home/asmir/Desktop/Dropbox/MCU/nxp/RT1021/projects/alencon-systems/bootloader-v0.3/build/eeprom.o
                0x00000000600042b4                EEPROM_Read
 .text.hal_UART_EnableInterrupts
                0x00000000600042b8       0x74 /home/asmir/Desktop/Dropbox/MCU/nxp/RT1021/projects/alencon-systems/bootloader-v0.3/build/hal_uart.o
                0x00000000600042b8                hal_UART_EnableInterrupts
 .text.hal_UART_Init
                0x000000006000432c      0x10c /home/asmir/Desktop/Dropbox/MCU/nxp/RT1021/projects/alencon-systems/bootloader-v0.3/build/hal_uart.o
                0x000000006000432c                hal_UART_Init
 .text.hal_UART_Disable
                0x0000000060004438       0x20 /home/asmir/Desktop/Dropbox/MCU/nxp/RT1021/projects/alencon-systems/bootloader-v0.3/build/hal_uart.o
                0x0000000060004438                hal_UART_Disable
 .text.hal_UART_EnableTxInterrupt
                0x0000000060004458       0x20 /home/asmir/Desktop/Dropbox/MCU/nxp/RT1021/projects/alencon-systems/bootloader-v0.3/build/hal_uart.o
                0x0000000060004458                hal_UART_EnableTxInterrupt
 .text.hal_UART_DisableTxInterrupt
                0x0000000060004478       0x20 /home/asmir/Desktop/Dropbox/MCU/nxp/RT1021/projects/alencon-systems/bootloader-v0.3/build/hal_uart.o
                0x0000000060004478                hal_UART_DisableTxInterrupt
 .text.hal_UART_TxByte
                0x0000000060004498       0x18 /home/asmir/Desktop/Dropbox/MCU/nxp/RT1021/projects/alencon-systems/bootloader-v0.3/build/hal_uart.o
                0x0000000060004498                hal_UART_TxByte
 .text.hal_UART_RxByte
                0x00000000600044b0       0x20 /home/asmir/Desktop/Dropbox/MCU/nxp/RT1021/projects/alencon-systems/bootloader-v0.3/build/hal_uart.o
                0x00000000600044b0                hal_UART_RxByte
 .text.hal_UART_DataAvailable
                0x00000000600044d0       0x20 /home/asmir/Desktop/Dropbox/MCU/nxp/RT1021/projects/alencon-systems/bootloader-v0.3/build/hal_uart.o
                0x00000000600044d0                hal_UART_DataAvailable
 .text.hal_UART_SpaceAvailable
                0x00000000600044f0       0x20 /home/asmir/Desktop/Dropbox/MCU/nxp/RT1021/projects/alencon-systems/bootloader-v0.3/build/hal_uart.o
                0x00000000600044f0                hal_UART_SpaceAvailable
 .text.hal_UART_TxInterruptEnabled
                0x0000000060004510       0x20 /home/asmir/Desktop/Dropbox/MCU/nxp/RT1021/projects/alencon-systems/bootloader-v0.3/build/hal_uart.o
                0x0000000060004510                hal_UART_TxInterruptEnabled
 .text.LPUART1_IRQHandler
                0x0000000060004530       0x14 /home/asmir/Desktop/Dropbox/MCU/nxp/RT1021/projects/alencon-systems/bootloader-v0.3/build/hal_uart.o
                0x0000000060004530                LPUART1_IRQHandler
 .text.LPUART2_IRQHandler
                0x0000000060004544       0x14 /home/asmir/Desktop/Dropbox/MCU/nxp/RT1021/projects/alencon-systems/bootloader-v0.3/build/hal_uart.o
                0x0000000060004544                LPUART2_IRQHandler
 .text.UART_Tick
                0x0000000060004558      0x164 /home/asmir/Desktop/Dropbox/MCU/nxp/RT1021/projects/alencon-systems/bootloader-v0.3/build/uart.o
                0x0000000060004558                UART_Tick
 .text.UART_Tx_Start
                0x00000000600046bc       0x48 /home/asmir/Desktop/Dropbox/MCU/nxp/RT1021/projects/alencon-systems/bootloader-v0.3/build/uart.o
 .text.UART_Init
                0x0000000060004704       0xf8 /home/asmir/Desktop/Dropbox/MCU/nxp/RT1021/projects/alencon-systems/bootloader-v0.3/build/uart.o
                0x0000000060004704                UART_Init
 .text.UART_WriteByte
                0x00000000600047fc       0x28 /home/asmir/Desktop/Dropbox/MCU/nxp/RT1021/projects/alencon-systems/bootloader-v0.3/build/uart.o
                0x00000000600047fc                UART_WriteByte
 .text.UART_printf
                0x0000000060004824       0x38 /home/asmir/Desktop/Dropbox/MCU/nxp/RT1021/projects/alencon-systems/bootloader-v0.3/build/uart.o
                0x0000000060004824                UART_printf
 .text.UART_vprintf
                0x000000006000485c       0x28 /home/asmir/Desktop/Dropbox/MCU/nxp/RT1021/projects/alencon-systems/bootloader-v0.3/build/uart.o
                0x000000006000485c                UART_vprintf
 .text.UART_RegisterReceiver
                0x0000000060004884       0x3c /home/asmir/Desktop/Dropbox/MCU/nxp/RT1021/projects/alencon-systems/bootloader-v0.3/build/uart.o
                0x0000000060004884                UART_RegisterReceiver
 .text.UART_Tx_Handler
                0x00000000600048c0       0x40 /home/asmir/Desktop/Dropbox/MCU/nxp/RT1021/projects/alencon-systems/bootloader-v0.3/build/uart.o
                0x00000000600048c0                UART_Tx_Handler
 .text.UART_Rx_Handler
                0x0000000060004900       0x48 /home/asmir/Desktop/Dropbox/MCU/nxp/RT1021/projects/alencon-systems/bootloader-v0.3/build/uart.o
                0x0000000060004900                UART_Rx_Handler
 .text.Buffer_Enqueue
                0x0000000060004948       0x64 /home/asmir/Desktop/Dropbox/MCU/nxp/RT1021/projects/alencon-systems/bootloader-v0.3/build/buffer.o
                0x0000000060004948                Buffer_Enqueue
 .text.Buffer_Dequeue
                0x00000000600049ac       0x2c /home/asmir/Desktop/Dropbox/MCU/nxp/RT1021/projects/alencon-systems/bootloader-v0.3/build/buffer.o
                0x00000000600049ac                Buffer_Dequeue
 .text.Buffer_GetSize
                0x00000000600049d8        0x4 /home/asmir/Desktop/Dropbox/MCU/nxp/RT1021/projects/alencon-systems/bootloader-v0.3/build/buffer.o
                0x00000000600049d8                Buffer_GetSize
 .text.Buffer_Init
                0x00000000600049dc       0x1c /home/asmir/Desktop/Dropbox/MCU/nxp/RT1021/projects/alencon-systems/bootloader-v0.3/build/buffer.o
                0x00000000600049dc                Buffer_Init
 .text.Buffer_uint16
                0x00000000600049f8       0x48 /home/asmir/Desktop/Dropbox/MCU/nxp/RT1021/projects/alencon-systems/bootloader-v0.3/build/buffer_printf.o
                0x00000000600049f8                Buffer_uint16
 .text.Buffer_int16
                0x0000000060004a40       0x2c /home/asmir/Desktop/Dropbox/MCU/nxp/RT1021/projects/alencon-systems/bootloader-v0.3/build/buffer_printf.o
                0x0000000060004a40                Buffer_int16
 .text.Buffer_uint32
                0x0000000060004a6c       0x48 /home/asmir/Desktop/Dropbox/MCU/nxp/RT1021/projects/alencon-systems/bootloader-v0.3/build/buffer_printf.o
                0x0000000060004a6c                Buffer_uint32
 .text.Buffer_int32
                0x0000000060004ab4       0x28 /home/asmir/Desktop/Dropbox/MCU/nxp/RT1021/projects/alencon-systems/bootloader-v0.3/build/buffer_printf.o
                0x0000000060004ab4                Buffer_int32
 .text.Buffer_HexN
                0x0000000060004adc       0x74 /home/asmir/Desktop/Dropbox/MCU/nxp/RT1021/projects/alencon-systems/bootloader-v0.3/build/buffer_printf.o
                0x0000000060004adc                Buffer_HexN
 .text.Buffer_Float
                0x0000000060004b50       0x7c /home/asmir/Desktop/Dropbox/MCU/nxp/RT1021/projects/alencon-systems/bootloader-v0.3/build/buffer_printf.o
                0x0000000060004b50                Buffer_Float
 .text.Buffer_vprintf
                0x0000000060004bcc      0x184 /home/asmir/Desktop/Dropbox/MCU/nxp/RT1021/projects/alencon-systems/bootloader-v0.3/build/buffer_printf.o
                0x0000000060004bcc                Buffer_vprintf
 .text.SortTask
                0x0000000060004d50       0x10 /home/asmir/Desktop/Dropbox/MCU/nxp/RT1021/projects/alencon-systems/bootloader-v0.3/build/task.o
 .text.IdentifyTask
                0x0000000060004d60        0xc /home/asmir/Desktop/Dropbox/MCU/nxp/RT1021/projects/alencon-systems/bootloader-v0.3/build/task.o
 .text.RollTimer
                0x0000000060004d6c       0x3c /home/asmir/Desktop/Dropbox/MCU/nxp/RT1021/projects/alencon-systems/bootloader-v0.3/build/task.o
 .text.Task_Schedule
                0x0000000060004da8       0x38 /home/asmir/Desktop/Dropbox/MCU/nxp/RT1021/projects/alencon-systems/bootloader-v0.3/build/task.o
                0x0000000060004da8                Task_Schedule
 .text.Task_Init
                0x0000000060004de0       0x70 /home/asmir/Desktop/Dropbox/MCU/nxp/RT1021/projects/alencon-systems/bootloader-v0.3/build/task.o
                0x0000000060004de0                Task_Init
 .text.FindLinkByItem
                0x0000000060004e50       0x54 /home/asmir/Desktop/Dropbox/MCU/nxp/RT1021/projects/alencon-systems/bootloader-v0.3/build/list.o
 .text.GetUnusedLink
                0x0000000060004ea4       0xbc /home/asmir/Desktop/Dropbox/MCU/nxp/RT1021/projects/alencon-systems/bootloader-v0.3/build/list.o
 .text.List_Init
                0x0000000060004f60       0x48 /home/asmir/Desktop/Dropbox/MCU/nxp/RT1021/projects/alencon-systems/bootloader-v0.3/build/list.o
                0x0000000060004f60                List_Init
 .text.List_SetSortFunction
                0x0000000060004fa8        0x4 /home/asmir/Desktop/Dropbox/MCU/nxp/RT1021/projects/alencon-systems/bootloader-v0.3/build/list.o
                0x0000000060004fa8                List_SetSortFunction
 .text.List_SetIdentifyFunction
                0x0000000060004fac        0x4 /home/asmir/Desktop/Dropbox/MCU/nxp/RT1021/projects/alencon-systems/bootloader-v0.3/build/list.o
                0x0000000060004fac                List_SetIdentifyFunction
 .text.List_AddIndirect
                0x0000000060004fb0       0x38 /home/asmir/Desktop/Dropbox/MCU/nxp/RT1021/projects/alencon-systems/bootloader-v0.3/build/list.o
                0x0000000060004fb0                List_AddIndirect
 .text.List_GetFirst
                0x0000000060004fe8       0x14 /home/asmir/Desktop/Dropbox/MCU/nxp/RT1021/projects/alencon-systems/bootloader-v0.3/build/list.o
                0x0000000060004fe8                List_GetFirst
 .text.List_GetNext
                0x0000000060004ffc       0x14 /home/asmir/Desktop/Dropbox/MCU/nxp/RT1021/projects/alencon-systems/bootloader-v0.3/build/list.o
                0x0000000060004ffc                List_GetNext
 .text.CRC16_Update
                0x0000000060005010       0x3c /home/asmir/Desktop/Dropbox/MCU/nxp/RT1021/projects/alencon-systems/bootloader-v0.3/build/crc16.o
                0x0000000060005010                CRC16_Update
 .text.Subsystem_SystemInit
                0x000000006000504c       0x74 /home/asmir/Desktop/Dropbox/MCU/nxp/RT1021/projects/alencon-systems/bootloader-v0.3/build/subsys.o
 .text.Subsystem_Init
                0x00000000600050c0       0x40 /home/asmir/Desktop/Dropbox/MCU/nxp/RT1021/projects/alencon-systems/bootloader-v0.3/build/subsys.o
                0x00000000600050c0                Subsystem_Init
 .text.ProcessMsg
                0x0000000060005100      0x144 /home/asmir/Desktop/Dropbox/MCU/nxp/RT1021/projects/alencon-systems/bootloader-v0.3/build/subsys.o
                0x0000000060005100                ProcessMsg
 .text.ReceiveChar
                0x0000000060005244       0x9c /home/asmir/Desktop/Dropbox/MCU/nxp/RT1021/projects/alencon-systems/bootloader-v0.3/build/subsys.o
                0x0000000060005244                ReceiveChar
 .text.LogStr   0x00000000600052e0       0x20 /home/asmir/Desktop/Dropbox/MCU/nxp/RT1021/projects/alencon-systems/bootloader-v0.3/build/subsys.o
                0x00000000600052e0                LogStr
 .text.Log_Header
                0x0000000060005300       0x34 /home/asmir/Desktop/Dropbox/MCU/nxp/RT1021/projects/alencon-systems/bootloader-v0.3/build/subsys.o
                0x0000000060005300                Log_Header
 .text.LogMsg   0x0000000060005334       0x50 /home/asmir/Desktop/Dropbox/MCU/nxp/RT1021/projects/alencon-systems/bootloader-v0.3/build/subsys.o
                0x0000000060005334                LogMsg
 .text.SystemCallback
                0x0000000060005384      0x1f0 /home/asmir/Desktop/Dropbox/MCU/nxp/RT1021/projects/alencon-systems/bootloader-v0.3/build/subsys.o
 .text.JumpToUserApplication
                0x0000000060005574       0x20 /home/asmir/Desktop/Dropbox/MCU/nxp/RT1021/projects/alencon-systems/bootloader-v0.3/build/bootloader.o
                0x0000000060005574                JumpToUserApplication
 .text.Bootloader_DontLoadApp
                0x0000000060005594        0xc /home/asmir/Desktop/Dropbox/MCU/nxp/RT1021/projects/alencon-systems/bootloader-v0.3/build/bootloader.o
                0x0000000060005594                Bootloader_DontLoadApp
 .text.JumpToAppStateMachine
                0x00000000600055a0       0xa4 /home/asmir/Desktop/Dropbox/MCU/nxp/RT1021/projects/alencon-systems/bootloader-v0.3/build/bootloader.o
                0x00000000600055a0                JumpToAppStateMachine
 .text.Bootloader_Init
                0x0000000060005644       0x88 /home/asmir/Desktop/Dropbox/MCU/nxp/RT1021/projects/alencon-systems/bootloader-v0.3/build/bootloader.o
                0x0000000060005644                Bootloader_Init
 .text.hardware_init
                0x00000000600056cc        0x4 /home/asmir/Desktop/Dropbox/MCU/nxp/RT1021/projects/alencon-systems/bootloader-v0.3/build/hardware.o
                0x00000000600056cc                hardware_init
 .text.Hardware_GetGUID
                0x00000000600056d0       0x10 /home/asmir/Desktop/Dropbox/MCU/nxp/RT1021/projects/alencon-systems/bootloader-v0.3/build/hardware.o
                0x00000000600056d0                Hardware_GetGUID
 .text.Hardware_GetMCU
                0x00000000600056e0       0x28 /home/asmir/Desktop/Dropbox/MCU/nxp/RT1021/projects/alencon-systems/bootloader-v0.3/build/hardware.o
                0x00000000600056e0                Hardware_GetMCU
 .text.Hardware_GetID
                0x0000000060005708        0x4 /home/asmir/Desktop/Dropbox/MCU/nxp/RT1021/projects/alencon-systems/bootloader-v0.3/build/hardware.o
                0x0000000060005708                Hardware_GetID
 .text.Hardware_HasDiagnosticUART
                0x000000006000570c        0x4 /home/asmir/Desktop/Dropbox/MCU/nxp/RT1021/projects/alencon-systems/bootloader-v0.3/build/hardware.o
                0x000000006000570c                Hardware_HasDiagnosticUART
 .text.Hardware_HasBidirectionalDCDC
                0x0000000060005710        0x4 /home/asmir/Desktop/Dropbox/MCU/nxp/RT1021/projects/alencon-systems/bootloader-v0.3/build/hardware.o
                0x0000000060005710                Hardware_HasBidirectionalDCDC
 .text.Hardware_HasDabTopology
                0x0000000060005714        0x4 /home/asmir/Desktop/Dropbox/MCU/nxp/RT1021/projects/alencon-systems/bootloader-v0.3/build/hardware.o
                0x0000000060005714                Hardware_HasDabTopology
 .text.RS485_Rx_Push
                0x0000000060005718       0x40 /home/asmir/Desktop/Dropbox/MCU/nxp/RT1021/projects/alencon-systems/bootloader-v0.3/build/RS485Serial.o
                0x0000000060005718                RS485_Rx_Push
 .text.RS485_Serial_RegisterTxCompleteCallback
                0x0000000060005758        0xc /home/asmir/Desktop/Dropbox/MCU/nxp/RT1021/projects/alencon-systems/bootloader-v0.3/build/RS485Serial.o
                0x0000000060005758                RS485_Serial_RegisterTxCompleteCallback
 .text.RS485_Serial_init
                0x0000000060005764       0xa0 /home/asmir/Desktop/Dropbox/MCU/nxp/RT1021/projects/alencon-systems/bootloader-v0.3/build/RS485Serial.o
                0x0000000060005764                RS485_Serial_init
 .text.RS485_Serial_Write
                0x0000000060005804       0x54 /home/asmir/Desktop/Dropbox/MCU/nxp/RT1021/projects/alencon-systems/bootloader-v0.3/build/RS485Serial.o
                0x0000000060005804                RS485_Serial_Write
 .text.RS485_Serial_Read
                0x0000000060005858       0x80 /home/asmir/Desktop/Dropbox/MCU/nxp/RT1021/projects/alencon-systems/bootloader-v0.3/build/RS485Serial.o
                0x0000000060005858                RS485_Serial_Read
 .text.RS485_Serial_Close
                0x00000000600058d8        0x4 /home/asmir/Desktop/Dropbox/MCU/nxp/RT1021/projects/alencon-systems/bootloader-v0.3/build/RS485Serial.o
                0x00000000600058d8                RS485_Serial_Close
 .text.usMBCRC16
                0x00000000600058dc       0x40 /home/asmir/Desktop/Dropbox/MCU/nxp/RT1021/projects/alencon-systems/bootloader-v0.3/build/mbcrc.o
                0x00000000600058dc                usMBCRC16
 .text.eMBFuncReadCoils
                0x000000006000591c       0x6c /home/asmir/Desktop/Dropbox/MCU/nxp/RT1021/projects/alencon-systems/bootloader-v0.3/build/mbfunccoils.o
                0x000000006000591c                eMBFuncReadCoils
 .text.eMBFuncWriteCoil
                0x0000000060005988       0x48 /home/asmir/Desktop/Dropbox/MCU/nxp/RT1021/projects/alencon-systems/bootloader-v0.3/build/mbfunccoils.o
                0x0000000060005988                eMBFuncWriteCoil
 .text.eMBFuncWriteMultipleCoils
                0x00000000600059d0       0x54 /home/asmir/Desktop/Dropbox/MCU/nxp/RT1021/projects/alencon-systems/bootloader-v0.3/build/mbfunccoils.o
                0x00000000600059d0                eMBFuncWriteMultipleCoils
 .text.eMBFuncReadDiscreteInputs
                0x0000000060005a24       0x68 /home/asmir/Desktop/Dropbox/MCU/nxp/RT1021/projects/alencon-systems/bootloader-v0.3/build/mbfuncdisc.o
                0x0000000060005a24                eMBFuncReadDiscreteInputs
 .text.eMBFuncWriteHoldingRegister
                0x0000000060005a8c       0x2c /home/asmir/Desktop/Dropbox/MCU/nxp/RT1021/projects/alencon-systems/bootloader-v0.3/build/mbfuncholding.o
                0x0000000060005a8c                eMBFuncWriteHoldingRegister
 .text.eMBFuncWriteMultipleHoldingRegister
                0x0000000060005ab8       0x48 /home/asmir/Desktop/Dropbox/MCU/nxp/RT1021/projects/alencon-systems/bootloader-v0.3/build/mbfuncholding.o
                0x0000000060005ab8                eMBFuncWriteMultipleHoldingRegister
 .text.eMBFuncReadHoldingRegister
                0x0000000060005b00       0x58 /home/asmir/Desktop/Dropbox/MCU/nxp/RT1021/projects/alencon-systems/bootloader-v0.3/build/mbfuncholding.o
                0x0000000060005b00                eMBFuncReadHoldingRegister
 .text.eMBFuncReadWriteMultipleHoldingRegister
                0x0000000060005b58       0x98 /home/asmir/Desktop/Dropbox/MCU/nxp/RT1021/projects/alencon-systems/bootloader-v0.3/build/mbfuncholding.o
                0x0000000060005b58                eMBFuncReadWriteMultipleHoldingRegister
 .text.eMBFuncReadInputRegister
                0x0000000060005bf0       0x58 /home/asmir/Desktop/Dropbox/MCU/nxp/RT1021/projects/alencon-systems/bootloader-v0.3/build/mbfuncinput.o
                0x0000000060005bf0                eMBFuncReadInputRegister
 .text.eMBSetSlaveID
                0x0000000060005c48       0x44 /home/asmir/Desktop/Dropbox/MCU/nxp/RT1021/projects/alencon-systems/bootloader-v0.3/build/mbfuncother.o
                0x0000000060005c48                eMBSetSlaveID
 .text.eMBFuncReportSlaveID
                0x0000000060005c8c       0x24 /home/asmir/Desktop/Dropbox/MCU/nxp/RT1021/projects/alencon-systems/bootloader-v0.3/build/mbfuncother.o
                0x0000000060005c8c                eMBFuncReportSlaveID
 .text.prveMBError2Exception
                0x0000000060005cb0       0x14 /home/asmir/Desktop/Dropbox/MCU/nxp/RT1021/projects/alencon-systems/bootloader-v0.3/build/mbutils.o
                0x0000000060005cb0                prveMBError2Exception
 .text.eMBInit  0x0000000060005cc4       0xbc /home/asmir/Desktop/Dropbox/MCU/nxp/RT1021/projects/alencon-systems/bootloader-v0.3/build/mb.o
                0x0000000060005cc4                eMBInit
 .text.eMBClose
                0x0000000060005d80       0x24 /home/asmir/Desktop/Dropbox/MCU/nxp/RT1021/projects/alencon-systems/bootloader-v0.3/build/mb.o
                0x0000000060005d80                eMBClose
 .text.eMBEnable
                0x0000000060005da4       0x24 /home/asmir/Desktop/Dropbox/MCU/nxp/RT1021/projects/alencon-systems/bootloader-v0.3/build/mb.o
                0x0000000060005da4                eMBEnable
 .text.eMBDisable
                0x0000000060005dc8       0x28 /home/asmir/Desktop/Dropbox/MCU/nxp/RT1021/projects/alencon-systems/bootloader-v0.3/build/mb.o
                0x0000000060005dc8                eMBDisable
 .text.eMBPoll  0x0000000060005df0      0x12c /home/asmir/Desktop/Dropbox/MCU/nxp/RT1021/projects/alencon-systems/bootloader-v0.3/build/mb.o
                0x0000000060005df0                eMBPoll
 .text.Modbus_Routine
                0x0000000060005f1c       0xac /home/asmir/Desktop/Dropbox/MCU/nxp/RT1021/projects/alencon-systems/bootloader-v0.3/build/AlenconModbus.o
                0x0000000060005f1c                Modbus_Routine
 .text.AlenconModbus_Stop
                0x0000000060005fc8       0x18 /home/asmir/Desktop/Dropbox/MCU/nxp/RT1021/projects/alencon-systems/bootloader-v0.3/build/AlenconModbus.o
                0x0000000060005fc8                AlenconModbus_Stop
 .text.Modbus_SetBaudRate
                0x0000000060005fe0       0x28 /home/asmir/Desktop/Dropbox/MCU/nxp/RT1021/projects/alencon-systems/bootloader-v0.3/build/AlenconModbus.o
                0x0000000060005fe0                Modbus_SetBaudRate
 .text.Modbus_ChangeSlaveAddress
                0x0000000060006008       0x34 /home/asmir/Desktop/Dropbox/MCU/nxp/RT1021/projects/alencon-systems/bootloader-v0.3/build/AlenconModbus.o
                0x0000000060006008                Modbus_ChangeSlaveAddress
 .text.Modbus_GetSlaveAddress
                0x000000006000603c        0xc /home/asmir/Desktop/Dropbox/MCU/nxp/RT1021/projects/alencon-systems/bootloader-v0.3/build/AlenconModbus.o
                0x000000006000603c                Modbus_GetSlaveAddress
 .text.Modbus_AddInputSource
                0x0000000060006048       0x3c /home/asmir/Desktop/Dropbox/MCU/nxp/RT1021/projects/alencon-systems/bootloader-v0.3/build/AlenconModbus.o
                0x0000000060006048                Modbus_AddInputSource
 .text.Modbus_AddHoldingRegister
                0x0000000060006084       0x48 /home/asmir/Desktop/Dropbox/MCU/nxp/RT1021/projects/alencon-systems/bootloader-v0.3/build/AlenconModbus.o
                0x0000000060006084                Modbus_AddHoldingRegister
 .text.eMBRegInputCB
                0x00000000600060cc       0x68 /home/asmir/Desktop/Dropbox/MCU/nxp/RT1021/projects/alencon-systems/bootloader-v0.3/build/AlenconModbus.o
                0x00000000600060cc                eMBRegInputCB
 .text.eMBRegHoldingCB
                0x0000000060006134      0x114 /home/asmir/Desktop/Dropbox/MCU/nxp/RT1021/projects/alencon-systems/bootloader-v0.3/build/AlenconModbus.o
                0x0000000060006134                eMBRegHoldingCB
 .text.eMBRegCoilsCB
                0x0000000060006248        0x4 /home/asmir/Desktop/Dropbox/MCU/nxp/RT1021/projects/alencon-systems/bootloader-v0.3/build/AlenconModbus.o
                0x0000000060006248                eMBRegCoilsCB
 .text.eMBRegDiscreteCB
                0x000000006000624c        0x4 /home/asmir/Desktop/Dropbox/MCU/nxp/RT1021/projects/alencon-systems/bootloader-v0.3/build/AlenconModbus.o
                0x000000006000624c                eMBRegDiscreteCB
 .text.unlikely.__NVIC_SystemReset
                0x0000000060006250       0x24 /home/asmir/Desktop/Dropbox/MCU/nxp/RT1021/projects/alencon-systems/bootloader-v0.3/build/AlenconModbusBootloader.o
 .text.UpdateFirmwareVersion
                0x0000000060006274       0x14 /home/asmir/Desktop/Dropbox/MCU/nxp/RT1021/projects/alencon-systems/bootloader-v0.3/build/AlenconModbusBootloader.o
 .text.ResetMCUCallback
                0x0000000060006288       0x14 /home/asmir/Desktop/Dropbox/MCU/nxp/RT1021/projects/alencon-systems/bootloader-v0.3/build/AlenconModbusBootloader.o
 .text.BlockDataCallback
                0x000000006000629c       0x48 /home/asmir/Desktop/Dropbox/MCU/nxp/RT1021/projects/alencon-systems/bootloader-v0.3/build/AlenconModbusBootloader.o
 .text.ResetUpdateState
                0x00000000600062e4       0x28 /home/asmir/Desktop/Dropbox/MCU/nxp/RT1021/projects/alencon-systems/bootloader-v0.3/build/AlenconModbusBootloader.o
 .text.UpdateIndecies
                0x000000006000630c       0x10 /home/asmir/Desktop/Dropbox/MCU/nxp/RT1021/projects/alencon-systems/bootloader-v0.3/build/AlenconModbusBootloader.o
 .text.ReadProvisioning
                0x000000006000631c       0x5c /home/asmir/Desktop/Dropbox/MCU/nxp/RT1021/projects/alencon-systems/bootloader-v0.3/build/AlenconModbusBootloader.o
 .text.UpdateBlockCRC
                0x0000000060006378       0x4c /home/asmir/Desktop/Dropbox/MCU/nxp/RT1021/projects/alencon-systems/bootloader-v0.3/build/AlenconModbusBootloader.o
 .text.WriteProvisioning
                0x00000000600063c4       0x68 /home/asmir/Desktop/Dropbox/MCU/nxp/RT1021/projects/alencon-systems/bootloader-v0.3/build/AlenconModbusBootloader.o
 .text.WriteFirmwareBlock
                0x000000006000642c      0x140 /home/asmir/Desktop/Dropbox/MCU/nxp/RT1021/projects/alencon-systems/bootloader-v0.3/build/AlenconModbusBootloader.o
 .text.DiagnosticCallback
                0x000000006000656c       0xbc /home/asmir/Desktop/Dropbox/MCU/nxp/RT1021/projects/alencon-systems/bootloader-v0.3/build/AlenconModbusBootloader.o
 .text.ErrorHandler.isra.3
                0x0000000060006628       0x28 /home/asmir/Desktop/Dropbox/MCU/nxp/RT1021/projects/alencon-systems/bootloader-v0.3/build/AlenconModbusBootloader.o
 .text.EndOfFirmware
                0x0000000060006650       0x80 /home/asmir/Desktop/Dropbox/MCU/nxp/RT1021/projects/alencon-systems/bootloader-v0.3/build/AlenconModbusBootloader.o
 .text.StartFirmwareUpdate
                0x00000000600066d0       0x90 /home/asmir/Desktop/Dropbox/MCU/nxp/RT1021/projects/alencon-systems/bootloader-v0.3/build/AlenconModbusBootloader.o
 .text.AlenconModbus_Init
                0x0000000060006760      0x250 /home/asmir/Desktop/Dropbox/MCU/nxp/RT1021/projects/alencon-systems/bootloader-v0.3/build/AlenconModbusBootloader.o
                0x0000000060006760                AlenconModbus_Init
 .text.AlenconModbus_InitBootloader
                0x00000000600069b0       0x6c /home/asmir/Desktop/Dropbox/MCU/nxp/RT1021/projects/alencon-systems/bootloader-v0.3/build/AlenconModbusBootloader.o
                0x00000000600069b0                AlenconModbus_InitBootloader
 .text.ModbusBootloader_Task
                0x0000000060006a1c       0xac /home/asmir/Desktop/Dropbox/MCU/nxp/RT1021/projects/alencon-systems/bootloader-v0.3/build/AlenconModbusBootloader.o
                0x0000000060006a1c                ModbusBootloader_Task
 .text.xMBPortEventInit
                0x0000000060006ac8       0x10 /home/asmir/Desktop/Dropbox/MCU/nxp/RT1021/projects/alencon-systems/bootloader-v0.3/build/mbportevent.o
                0x0000000060006ac8                xMBPortEventInit
 .text.xMBPortEventPost
                0x0000000060006ad8       0x18 /home/asmir/Desktop/Dropbox/MCU/nxp/RT1021/projects/alencon-systems/bootloader-v0.3/build/mbportevent.o
                0x0000000060006ad8                xMBPortEventPost
 .text.xMBPortEventGet
                0x0000000060006af0       0x24 /home/asmir/Desktop/Dropbox/MCU/nxp/RT1021/projects/alencon-systems/bootloader-v0.3/build/mbportevent.o
                0x0000000060006af0                xMBPortEventGet
 .text.vMBPortEnterCritical
                0x0000000060006b14       0x2c /home/asmir/Desktop/Dropbox/MCU/nxp/RT1021/projects/alencon-systems/bootloader-v0.3/build/mbportother.o
                0x0000000060006b14                vMBPortEnterCritical
 .text.vMBPortExitCritical
                0x0000000060006b40       0x14 /home/asmir/Desktop/Dropbox/MCU/nxp/RT1021/projects/alencon-systems/bootloader-v0.3/build/mbportother.o
                0x0000000060006b40                vMBPortExitCritical
 .text.vMBPortClose
                0x0000000060006b54       0x10 /home/asmir/Desktop/Dropbox/MCU/nxp/RT1021/projects/alencon-systems/bootloader-v0.3/build/mbportother.o
                0x0000000060006b54                vMBPortClose
 .text.xMBPortTimersInit
                0x0000000060006b64       0x30 /home/asmir/Desktop/Dropbox/MCU/nxp/RT1021/projects/alencon-systems/bootloader-v0.3/build/mbporttimer.o
                0x0000000060006b64                xMBPortTimersInit
 .text.vMBPortTimersEnable
                0x0000000060006b94       0x24 /home/asmir/Desktop/Dropbox/MCU/nxp/RT1021/projects/alencon-systems/bootloader-v0.3/build/mbporttimer.o
                0x0000000060006b94                vMBPortTimersEnable
 .text.vMBPortTimersDisable
                0x0000000060006bb8       0x14 /home/asmir/Desktop/Dropbox/MCU/nxp/RT1021/projects/alencon-systems/bootloader-v0.3/build/mbporttimer.o
                0x0000000060006bb8                vMBPortTimersDisable
 .text.vMBPortTimerClose
                0x0000000060006bcc        0x4 /home/asmir/Desktop/Dropbox/MCU/nxp/RT1021/projects/alencon-systems/bootloader-v0.3/build/mbporttimer.o
                0x0000000060006bcc                vMBPortTimerClose
 .text.vMBPortTimersDelay
                0x0000000060006bd0        0x4 /home/asmir/Desktop/Dropbox/MCU/nxp/RT1021/projects/alencon-systems/bootloader-v0.3/build/mbporttimer.o
                0x0000000060006bd0                vMBPortTimersDelay
 .text.vMBPortTimersService
                0x0000000060006bd4       0x34 /home/asmir/Desktop/Dropbox/MCU/nxp/RT1021/projects/alencon-systems/bootloader-v0.3/build/mbporttimer.o
                0x0000000060006bd4                vMBPortTimersService
 .text.TxCompleteCallback
                0x0000000060006c08        0x8 /home/asmir/Desktop/Dropbox/MCU/nxp/RT1021/projects/alencon-systems/bootloader-v0.3/build/DCDC_mbrtu.o
 .text.eMBRTUInit
                0x0000000060006c10       0x4c /home/asmir/Desktop/Dropbox/MCU/nxp/RT1021/projects/alencon-systems/bootloader-v0.3/build/DCDC_mbrtu.o
                0x0000000060006c10                eMBRTUInit
 .text.eMBRTUStart
                0x0000000060006c5c       0x1c /home/asmir/Desktop/Dropbox/MCU/nxp/RT1021/projects/alencon-systems/bootloader-v0.3/build/DCDC_mbrtu.o
                0x0000000060006c5c                eMBRTUStart
 .text.vMBPortSerialClose
                0x0000000060006c78        0x4 /home/asmir/Desktop/Dropbox/MCU/nxp/RT1021/projects/alencon-systems/bootloader-v0.3/build/DCDC_mbrtu.o
                0x0000000060006c78                vMBPortSerialClose
 .text.eMBRTUStop
                0x0000000060006c7c       0x18 /home/asmir/Desktop/Dropbox/MCU/nxp/RT1021/projects/alencon-systems/bootloader-v0.3/build/DCDC_mbrtu.o
                0x0000000060006c7c                eMBRTUStop
 .text.eMBRTUReceive
                0x0000000060006c94       0x74 /home/asmir/Desktop/Dropbox/MCU/nxp/RT1021/projects/alencon-systems/bootloader-v0.3/build/DCDC_mbrtu.o
                0x0000000060006c94                eMBRTUReceive
 .text.eMBRTUSend
                0x0000000060006d08       0x60 /home/asmir/Desktop/Dropbox/MCU/nxp/RT1021/projects/alencon-systems/bootloader-v0.3/build/DCDC_mbrtu.o
                0x0000000060006d08                eMBRTUSend
 .text.xMBRTUReceiveFSM
                0x0000000060006d68       0xa0 /home/asmir/Desktop/Dropbox/MCU/nxp/RT1021/projects/alencon-systems/bootloader-v0.3/build/DCDC_mbrtu.o
                0x0000000060006d68                xMBRTUReceiveFSM
 .text.xMBRTUTransmitFSM
                0x0000000060006e08        0x4 /home/asmir/Desktop/Dropbox/MCU/nxp/RT1021/projects/alencon-systems/bootloader-v0.3/build/DCDC_mbrtu.o
                0x0000000060006e08                xMBRTUTransmitFSM
 .text.xMBRTUTimerT35Expired
                0x0000000060006e0c       0x7c /home/asmir/Desktop/Dropbox/MCU/nxp/RT1021/projects/alencon-systems/bootloader-v0.3/build/DCDC_mbrtu.o
                0x0000000060006e0c                xMBRTUTimerT35Expired
 .text.__errno  0x0000000060006e88        0xc /home/asmir/Desktop/Dropbox/MCU/gcc/gcc-arm-none-eabi-7-2018-q2-update/bin/../lib/gcc/arm-none-eabi/7.3.1/../../../../arm-none-eabi/lib/thumb/v7e-m/fpv4-sp/hard/libc.a(lib_a-errno.o)
                0x0000000060006e88                __errno
 .text.__libc_init_array
                0x0000000060006e94       0x48 /home/asmir/Desktop/Dropbox/MCU/gcc/gcc-arm-none-eabi-7-2018-q2-update/bin/../lib/gcc/arm-none-eabi/7.3.1/../../../../arm-none-eabi/lib/thumb/v7e-m/fpv4-sp/hard/libc.a(lib_a-init.o)
                0x0000000060006e94                __libc_init_array
 .text.malloc   0x0000000060006edc       0x10 /home/asmir/Desktop/Dropbox/MCU/gcc/gcc-arm-none-eabi-7-2018-q2-update/bin/../lib/gcc/arm-none-eabi/7.3.1/../../../../arm-none-eabi/lib/thumb/v7e-m/fpv4-sp/hard/libc.a(lib_a-malloc.o)
                0x0000000060006edc                malloc
 .text._malloc_r
                0x0000000060006eec      0x548 /home/asmir/Desktop/Dropbox/MCU/gcc/gcc-arm-none-eabi-7-2018-q2-update/bin/../lib/gcc/arm-none-eabi/7.3.1/../../../../arm-none-eabi/lib/thumb/v7e-m/fpv4-sp/hard/libc.a(lib_a-mallocr.o)
                0x0000000060006eec                _malloc_r
 .text.memcmp   0x0000000060007434       0x64 /home/asmir/Desktop/Dropbox/MCU/gcc/gcc-arm-none-eabi-7-2018-q2-update/bin/../lib/gcc/arm-none-eabi/7.3.1/../../../../arm-none-eabi/lib/thumb/v7e-m/fpv4-sp/hard/libc.a(lib_a-memcmp.o)
                0x0000000060007434                memcmp
 .text.memset   0x0000000060007498       0x94 /home/asmir/Desktop/Dropbox/MCU/gcc/gcc-arm-none-eabi-7-2018-q2-update/bin/../lib/gcc/arm-none-eabi/7.3.1/../../../../arm-none-eabi/lib/thumb/v7e-m/fpv4-sp/hard/libc.a(lib_a-memset.o)
                0x0000000060007498                memset
 .text.__malloc_lock
                0x000000006000752c        0xc /home/asmir/Desktop/Dropbox/MCU/gcc/gcc-arm-none-eabi-7-2018-q2-update/bin/../lib/gcc/arm-none-eabi/7.3.1/../../../../arm-none-eabi/lib/thumb/v7e-m/fpv4-sp/hard/libc.a(lib_a-mlock.o)
                0x000000006000752c                __malloc_lock
 .text.__malloc_unlock
                0x0000000060007538        0xc /home/asmir/Desktop/Dropbox/MCU/gcc/gcc-arm-none-eabi-7-2018-q2-update/bin/../lib/gcc/arm-none-eabi/7.3.1/../../../../arm-none-eabi/lib/thumb/v7e-m/fpv4-sp/hard/libc.a(lib_a-mlock.o)
                0x0000000060007538                __malloc_unlock
 .text._sbrk_r  0x0000000060007544       0x24 /home/asmir/Desktop/Dropbox/MCU/gcc/gcc-arm-none-eabi-7-2018-q2-update/bin/../lib/gcc/arm-none-eabi/7.3.1/../../../../arm-none-eabi/lib/thumb/v7e-m/fpv4-sp/hard/libc.a(lib_a-sbrkr.o)
                0x0000000060007544                _sbrk_r
 .text.strcasecmp
                0x0000000060007568       0x44 /home/asmir/Desktop/Dropbox/MCU/gcc/gcc-arm-none-eabi-7-2018-q2-update/bin/../lib/gcc/arm-none-eabi/7.3.1/../../../../arm-none-eabi/lib/thumb/v7e-m/fpv4-sp/hard/libc.a(lib_a-strcasecmp.o)
                0x0000000060007568                strcasecmp
 .text.startup.register_fini
                0x00000000600075ac       0x14 /home/asmir/Desktop/Dropbox/MCU/gcc/gcc-arm-none-eabi-7-2018-q2-update/bin/../lib/gcc/arm-none-eabi/7.3.1/../../../../arm-none-eabi/lib/thumb/v7e-m/fpv4-sp/hard/libc.a(lib_a-__call_atexit.o)
 .text.atexit   0x00000000600075c0        0xc /home/asmir/Desktop/Dropbox/MCU/gcc/gcc-arm-none-eabi-7-2018-q2-update/bin/../lib/gcc/arm-none-eabi/7.3.1/../../../../arm-none-eabi/lib/thumb/v7e-m/fpv4-sp/hard/libc.a(lib_a-atexit.o)
                0x00000000600075c0                atexit
 .text.__libc_fini_array
                0x00000000600075cc       0x34 /home/asmir/Desktop/Dropbox/MCU/gcc/gcc-arm-none-eabi-7-2018-q2-update/bin/../lib/gcc/arm-none-eabi/7.3.1/../../../../arm-none-eabi/lib/thumb/v7e-m/fpv4-sp/hard/libc.a(lib_a-fini.o)
                0x00000000600075cc                __libc_fini_array
 .text._malloc_trim_r
                0x0000000060007600       0xa0 /home/asmir/Desktop/Dropbox/MCU/gcc/gcc-arm-none-eabi-7-2018-q2-update/bin/../lib/gcc/arm-none-eabi/7.3.1/../../../../arm-none-eabi/lib/thumb/v7e-m/fpv4-sp/hard/libc.a(lib_a-freer.o)
                0x0000000060007600                _malloc_trim_r
 .text._free_r  0x00000000600076a0      0x1e8 /home/asmir/Desktop/Dropbox/MCU/gcc/gcc-arm-none-eabi-7-2018-q2-update/bin/../lib/gcc/arm-none-eabi/7.3.1/../../../../arm-none-eabi/lib/thumb/v7e-m/fpv4-sp/hard/libc.a(lib_a-freer.o)
                0x00000000600076a0                _free_r
 .text.__locale_ctype_ptr
                0x0000000060007888       0x1c /home/asmir/Desktop/Dropbox/MCU/gcc/gcc-arm-none-eabi-7-2018-q2-update/bin/../lib/gcc/arm-none-eabi/7.3.1/../../../../arm-none-eabi/lib/thumb/v7e-m/fpv4-sp/hard/libc.a(lib_a-locale.o)
                0x0000000060007888                __locale_ctype_ptr
 .text.__retarget_lock_acquire_recursive
                0x00000000600078a4        0x4 /home/asmir/Desktop/Dropbox/MCU/gcc/gcc-arm-none-eabi-7-2018-q2-update/bin/../lib/gcc/arm-none-eabi/7.3.1/../../../../arm-none-eabi/lib/thumb/v7e-m/fpv4-sp/hard/libc.a(lib_a-lock.o)
                0x00000000600078a4                __retarget_lock_acquire_recursive
 .text.__retarget_lock_release_recursive
                0x00000000600078a8        0x4 /home/asmir/Desktop/Dropbox/MCU/gcc/gcc-arm-none-eabi-7-2018-q2-update/bin/../lib/gcc/arm-none-eabi/7.3.1/../../../../arm-none-eabi/lib/thumb/v7e-m/fpv4-sp/hard/libc.a(lib_a-lock.o)
                0x00000000600078a8                __retarget_lock_release_recursive
 .text.__ascii_mbtowc
                0x00000000600078ac       0x2c /home/asmir/Desktop/Dropbox/MCU/gcc/gcc-arm-none-eabi-7-2018-q2-update/bin/../lib/gcc/arm-none-eabi/7.3.1/../../../../arm-none-eabi/lib/thumb/v7e-m/fpv4-sp/hard/libc.a(lib_a-mbtowc_r.o)
                0x00000000600078ac                __ascii_mbtowc
 .text.__ascii_wctomb
                0x00000000600078d8       0x1c /home/asmir/Desktop/Dropbox/MCU/gcc/gcc-arm-none-eabi-7-2018-q2-update/bin/../lib/gcc/arm-none-eabi/7.3.1/../../../../arm-none-eabi/lib/thumb/v7e-m/fpv4-sp/hard/libc.a(lib_a-wctomb_r.o)
                0x00000000600078d8                __ascii_wctomb
 .text.__register_exitproc
                0x00000000600078f4       0xc0 /home/asmir/Desktop/Dropbox/MCU/gcc/gcc-arm-none-eabi-7-2018-q2-update/bin/../lib/gcc/arm-none-eabi/7.3.1/../../../../arm-none-eabi/lib/thumb/v7e-m/fpv4-sp/hard/libc.a(lib_a-__atexit.o)
                0x00000000600078f4                __register_exitproc
 *(.rodata .rodata.* .constdata .constdata.*)
 .rodata.main.str1.4
                0x00000000600079b4       0x3c /home/asmir/Desktop/Dropbox/MCU/nxp/RT1021/projects/alencon-systems/bootloader-v0.3/build/main.o
 .rodata.__func__.10191
                0x00000000600079f0        0xb /home/asmir/Desktop/Dropbox/MCU/nxp/RT1021/projects/alencon-systems/bootloader-v0.3/build/systemclk.o
 *fill*         0x00000000600079fb        0x1 
 .rodata.initSYSTEM.str1.4
                0x00000000600079fc       0x47 /home/asmir/Desktop/Dropbox/MCU/nxp/RT1021/projects/alencon-systems/bootloader-v0.3/build/systemclk.o
 *fill*         0x0000000060007a43        0x1 
 .rodata.BUILD_TIME
                0x0000000060007a44        0x4 /home/asmir/Desktop/Dropbox/MCU/nxp/RT1021/projects/alencon-systems/bootloader-v0.3/build/fwver.o
                0x0000000060007a44                BUILD_TIME
 .rodata.FIRMWARE_VERSION
                0x0000000060007a48        0x4 /home/asmir/Desktop/Dropbox/MCU/nxp/RT1021/projects/alencon-systems/bootloader-v0.3/build/fwver.o
                0x0000000060007a48                FIRMWARE_VERSION
 .rodata.BusFault_Handler.str1.4
                0x0000000060007a4c       0x1a /home/asmir/Desktop/Dropbox/MCU/nxp/RT1021/projects/alencon-systems/bootloader-v0.3/build/debug.o
 *fill*         0x0000000060007a66        0x2 
 .rodata.HardFault_HandlerC.str1.4
                0x0000000060007a68       0xbb /home/asmir/Desktop/Dropbox/MCU/nxp/RT1021/projects/alencon-systems/bootloader-v0.3/build/debug.o
 *fill*         0x0000000060007b23        0x1 
 .rodata.MemManage_Handler.str1.4
                0x0000000060007b24       0x1b /home/asmir/Desktop/Dropbox/MCU/nxp/RT1021/projects/alencon-systems/bootloader-v0.3/build/debug.o
 *fill*         0x0000000060007b3f        0x1 
 .rodata.NMI_Handler.str1.4
                0x0000000060007b40       0x15 /home/asmir/Desktop/Dropbox/MCU/nxp/RT1021/projects/alencon-systems/bootloader-v0.3/build/debug.o
 *fill*         0x0000000060007b55        0x3 
 .rodata.UsageFault_Handler.str1.4
                0x0000000060007b58       0x1c /home/asmir/Desktop/Dropbox/MCU/nxp/RT1021/projects/alencon-systems/bootloader-v0.3/build/debug.o
 .rodata.initDEBUG.str1.4
                0x0000000060007b74      0x150 /home/asmir/Desktop/Dropbox/MCU/nxp/RT1021/projects/alencon-systems/bootloader-v0.3/build/debug.o
                                        0x154 (size before relaxing)
 .rodata.CLOCK_InitExternalClk.str1.4
                0x0000000060007cc4       0x26 /home/asmir/Desktop/Dropbox/MCU/nxp/RT1021/projects/alencon-systems/bootloader-v0.3/build/fsl_clock.o
 *fill*         0x0000000060007cea        0x2 
 .rodata.__func__.10077
                0x0000000060007cec       0x16 /home/asmir/Desktop/Dropbox/MCU/nxp/RT1021/projects/alencon-systems/bootloader-v0.3/build/fsl_clock.o
 *fill*         0x0000000060007d02        0x2 
 .rodata.enetPllConfig_BOARD_BootClockRUN
                0x0000000060007d04        0x5 /home/asmir/Desktop/Dropbox/MCU/nxp/RT1021/projects/alencon-systems/bootloader-v0.3/build/clock_config.o
                0x0000000060007d04                enetPllConfig_BOARD_BootClockRUN
 *fill*         0x0000000060007d09        0x3 
 .rodata.FLEXSPI_CheckAndClearError.str1.4
                0x0000000060007d0c        0x6 /home/asmir/Desktop/Dropbox/MCU/nxp/RT1021/projects/alencon-systems/bootloader-v0.3/build/fsl_flexspi.o
 *fill*         0x0000000060007d12        0x2 
 .rodata.FLEXSPI_GetDefaultConfig.str1.4
                0x0000000060007d14        0xc /home/asmir/Desktop/Dropbox/MCU/nxp/RT1021/projects/alencon-systems/bootloader-v0.3/build/fsl_flexspi.o
 .rodata.FLEXSPI_GetInstance.part.1.str1.4
                0x0000000060007d20       0x40 /home/asmir/Desktop/Dropbox/MCU/nxp/RT1021/projects/alencon-systems/bootloader-v0.3/build/fsl_flexspi.o
 .rodata.FLEXSPI_UpdateLUT.str1.4
                0x0000000060007d60        0xc /home/asmir/Desktop/Dropbox/MCU/nxp/RT1021/projects/alencon-systems/bootloader-v0.3/build/fsl_flexspi.o
 .rodata.__func__.11264
                0x0000000060007d6c        0xf /home/asmir/Desktop/Dropbox/MCU/nxp/RT1021/projects/alencon-systems/bootloader-v0.3/build/fsl_flexspi.o
 *fill*         0x0000000060007d7b        0x1 
 .rodata.__func__.11277
                0x0000000060007d7c       0x14 /home/asmir/Desktop/Dropbox/MCU/nxp/RT1021/projects/alencon-systems/bootloader-v0.3/build/fsl_flexspi.o
 .rodata.__func__.11299
                0x0000000060007d90       0x1b /home/asmir/Desktop/Dropbox/MCU/nxp/RT1021/projects/alencon-systems/bootloader-v0.3/build/fsl_flexspi.o
 *fill*         0x0000000060007dab        0x1 
 .rodata.__func__.11363
                0x0000000060007dac       0x12 /home/asmir/Desktop/Dropbox/MCU/nxp/RT1021/projects/alencon-systems/bootloader-v0.3/build/fsl_flexspi.o
 *fill*         0x0000000060007dbe        0x2 
 .rodata.customLUT
                0x0000000060007dc0       0xf0 /home/asmir/Desktop/Dropbox/MCU/nxp/RT1021/projects/alencon-systems/bootloader-v0.3/build/flexspi_nor_flash_ops.o
                0x0000000060007dc0                customLUT
 .rodata        0x0000000060007eb0       0x24 /home/asmir/Desktop/Dropbox/MCU/nxp/RT1021/projects/alencon-systems/bootloader-v0.3/build/hal_uart.o
 .rodata.CSWTCH.19
                0x0000000060007ed4       0x20 /home/asmir/Desktop/Dropbox/MCU/nxp/RT1021/projects/alencon-systems/bootloader-v0.3/build/hal_uart.o
 .rodata.__func__.11095
                0x0000000060007ef4       0x12 /home/asmir/Desktop/Dropbox/MCU/nxp/RT1021/projects/alencon-systems/bootloader-v0.3/build/hal_uart.o
 *fill*         0x0000000060007f06        0x2 
 .rodata.hal_UART_Init.str1.4
                0x0000000060007f08       0x26 /home/asmir/Desktop/Dropbox/MCU/nxp/RT1021/projects/alencon-systems/bootloader-v0.3/build/hal_uart.o
 *fill*         0x0000000060007f2e        0x2 
 .rodata.crc_table
                0x0000000060007f30       0x40 /home/asmir/Desktop/Dropbox/MCU/nxp/RT1021/projects/alencon-systems/bootloader-v0.3/build/crc16.o
 .rodata.GetSubsystemName.str1.4
                0x0000000060007f70        0xe /home/asmir/Desktop/Dropbox/MCU/nxp/RT1021/projects/alencon-systems/bootloader-v0.3/build/subsys.o
 *fill*         0x0000000060007f7e        0x2 
 .rodata.Log_Header.str1.4
                0x0000000060007f80        0x8 /home/asmir/Desktop/Dropbox/MCU/nxp/RT1021/projects/alencon-systems/bootloader-v0.3/build/subsys.o
 .rodata.Subsystem_SystemInit.str1.4
                0x0000000060007f88        0x4 /home/asmir/Desktop/Dropbox/MCU/nxp/RT1021/projects/alencon-systems/bootloader-v0.3/build/subsys.o
 .rodata.SystemCallback.str1.4
                0x0000000060007f88       0x8a /home/asmir/Desktop/Dropbox/MCU/nxp/RT1021/projects/alencon-systems/bootloader-v0.3/build/subsys.o
                                         0x8e (size before relaxing)
 *fill*         0x0000000060008012        0x2 
 .rodata.Bootloader_Init.str1.4
                0x0000000060008014       0x21 /home/asmir/Desktop/Dropbox/MCU/nxp/RT1021/projects/alencon-systems/bootloader-v0.3/build/bootloader.o
 *fill*         0x0000000060008035        0x3 
 .rodata.JumpToAppStateMachine.str1.4
                0x0000000060008038       0x1c /home/asmir/Desktop/Dropbox/MCU/nxp/RT1021/projects/alencon-systems/bootloader-v0.3/build/bootloader.o
 .rodata.RS485_Serial_Write.str1.4
                0x0000000060008054       0x13 /home/asmir/Desktop/Dropbox/MCU/nxp/RT1021/projects/alencon-systems/bootloader-v0.3/build/RS485Serial.o
                                         0x18 (size before relaxing)
 *fill*         0x0000000060008067        0x1 
 .rodata.aucCRCHi
                0x0000000060008068      0x100 /home/asmir/Desktop/Dropbox/MCU/nxp/RT1021/projects/alencon-systems/bootloader-v0.3/build/mbcrc.o
 .rodata.aucCRCLo
                0x0000000060008168      0x100 /home/asmir/Desktop/Dropbox/MCU/nxp/RT1021/projects/alencon-systems/bootloader-v0.3/build/mbcrc.o
 .rodata.CSWTCH.8
                0x0000000060008268        0x8 /home/asmir/Desktop/Dropbox/MCU/nxp/RT1021/projects/alencon-systems/bootloader-v0.3/build/mbutils.o
 .rodata.ucSlaveID
                0x0000000060008270        0x3 /home/asmir/Desktop/Dropbox/MCU/nxp/RT1021/projects/alencon-systems/bootloader-v0.3/build/AlenconModbus.o
                0x0000000060008270                ucSlaveID
 *fill*         0x0000000060008273        0x1 
 .rodata.AlenconModbus_Init.str1.4
                0x0000000060008274       0x2d /home/asmir/Desktop/Dropbox/MCU/nxp/RT1021/projects/alencon-systems/bootloader-v0.3/build/AlenconModbusBootloader.o
                                         0x32 (size before relaxing)
 *fill*         0x00000000600082a1        0x3 
 .rodata.DiagnosticCallback.str1.4
                0x00000000600082a4       0xab /home/asmir/Desktop/Dropbox/MCU/nxp/RT1021/projects/alencon-systems/bootloader-v0.3/build/AlenconModbusBootloader.o
 *fill*         0x000000006000834f        0x1 
 .rodata.ErrorHandler.isra.3.str1.4
                0x0000000060008350       0x10 /home/asmir/Desktop/Dropbox/MCU/nxp/RT1021/projects/alencon-systems/bootloader-v0.3/build/AlenconModbusBootloader.o
 .rodata.ReadProvisioning.str1.4
                0x0000000060008360       0x11 /home/asmir/Desktop/Dropbox/MCU/nxp/RT1021/projects/alencon-systems/bootloader-v0.3/build/AlenconModbusBootloader.o
                                         0x18 (size before relaxing)
 *fill*         0x0000000060008371        0x3 
 .rodata.StartFirmwareUpdate.str1.4
                0x0000000060008374       0x3e /home/asmir/Desktop/Dropbox/MCU/nxp/RT1021/projects/alencon-systems/bootloader-v0.3/build/AlenconModbusBootloader.o
 *fill*         0x00000000600083b2        0x2 
 .rodata.WriteFirmwareBlock.str1.4
                0x00000000600083b4       0x19 /home/asmir/Desktop/Dropbox/MCU/nxp/RT1021/projects/alencon-systems/bootloader-v0.3/build/AlenconModbusBootloader.o
 *fill*         0x00000000600083cd        0x3 
 .rodata.__func__.11781
                0x00000000600083d0        0xe /home/asmir/Desktop/Dropbox/MCU/nxp/RT1021/projects/alencon-systems/bootloader-v0.3/build/DCDC_mbrtu.o
 *fill*         0x00000000600083de        0x2 
 .rodata.__func__.11794
                0x00000000600083e0       0x11 /home/asmir/Desktop/Dropbox/MCU/nxp/RT1021/projects/alencon-systems/bootloader-v0.3/build/DCDC_mbrtu.o
 *fill*         0x00000000600083f1        0x3 
 .rodata.__func__.11812
                0x00000000600083f4       0x16 /home/asmir/Desktop/Dropbox/MCU/nxp/RT1021/projects/alencon-systems/bootloader-v0.3/build/DCDC_mbrtu.o
 *fill*         0x000000006000840a        0x2 
 .rodata.eMBRTUReceive.str1.4
                0x000000006000840c       0x3a /home/asmir/Desktop/Dropbox/MCU/nxp/RT1021/projects/alencon-systems/bootloader-v0.3/build/DCDC_mbrtu.o
 *fill*         0x0000000060008446        0x2 
 .rodata.xMBRTUReceiveFSM.str1.4
                0x0000000060008448       0x1b /home/asmir/Desktop/Dropbox/MCU/nxp/RT1021/projects/alencon-systems/bootloader-v0.3/build/DCDC_mbrtu.o
 *fill*         0x0000000060008463        0x1 
 .rodata.xMBRTUTimerT35Expired.str1.4
                0x0000000060008464       0x63 /home/asmir/Desktop/Dropbox/MCU/nxp/RT1021/projects/alencon-systems/bootloader-v0.3/build/DCDC_mbrtu.o
 *fill*         0x00000000600084c7        0x1 
 .rodata._global_impure_ptr
                0x00000000600084c8        0x4 /home/asmir/Desktop/Dropbox/MCU/gcc/gcc-arm-none-eabi-7-2018-q2-update/bin/../lib/gcc/arm-none-eabi/7.3.1/../../../../arm-none-eabi/lib/thumb/v7e-m/fpv4-sp/hard/libc.a(lib_a-impure.o)
                0x00000000600084c8                _global_impure_ptr
 .rodata._setlocale_r.str1.4
                0x00000000600084cc        0xa /home/asmir/Desktop/Dropbox/MCU/gcc/gcc-arm-none-eabi-7-2018-q2-update/bin/../lib/gcc/arm-none-eabi/7.3.1/../../../../arm-none-eabi/lib/thumb/v7e-m/fpv4-sp/hard/libc.a(lib_a-locale.o)
                                          0xd (size before relaxing)
 *fill*         0x00000000600084d6        0x2 
 .rodata.str1.4
                0x00000000600084d8        0x4 /home/asmir/Desktop/Dropbox/MCU/gcc/gcc-arm-none-eabi-7-2018-q2-update/bin/../lib/gcc/arm-none-eabi/7.3.1/../../../../arm-none-eabi/lib/thumb/v7e-m/fpv4-sp/hard/libc.a(lib_a-locale.o)
                                          0x2 (size before relaxing)
 .rodata._ctype_
                0x00000000600084dc      0x101 /home/asmir/Desktop/Dropbox/MCU/gcc/gcc-arm-none-eabi-7-2018-q2-update/bin/../lib/gcc/arm-none-eabi/7.3.1/../../../../arm-none-eabi/lib/thumb/v7e-m/fpv4-sp/hard/libc.a(lib_a-ctype_.o)
                0x00000000600084dc                _ctype_
 *(.glue_7)
 .glue_7        0x00000000600085dd        0x0 linker stubs
 *(.glue_7t)
 .glue_7t       0x00000000600085dd        0x0 linker stubs
 *(.eh_frame)
 *fill*         0x00000000600085dd        0x3 
 .eh_frame      0x00000000600085e0        0x0 /home/asmir/Desktop/Dropbox/MCU/gcc/gcc-arm-none-eabi-7-2018-q2-update/bin/../lib/gcc/arm-none-eabi/7.3.1/thumb/v7e-m/fpv4-sp/hard/crtbegin.o
 *(.init)
 .init          0x00000000600085e0        0x4 /home/asmir/Desktop/Dropbox/MCU/gcc/gcc-arm-none-eabi-7-2018-q2-update/bin/../lib/gcc/arm-none-eabi/7.3.1/thumb/v7e-m/fpv4-sp/hard/crti.o
                0x00000000600085e0                _init
 .init          0x00000000600085e4        0x8 /home/asmir/Desktop/Dropbox/MCU/gcc/gcc-arm-none-eabi-7-2018-q2-update/bin/../lib/gcc/arm-none-eabi/7.3.1/thumb/v7e-m/fpv4-sp/hard/crtn.o
 *(.fini)
 .fini          0x00000000600085ec        0x4 /home/asmir/Desktop/Dropbox/MCU/gcc/gcc-arm-none-eabi-7-2018-q2-update/bin/../lib/gcc/arm-none-eabi/7.3.1/thumb/v7e-m/fpv4-sp/hard/crti.o
                0x00000000600085ec                _fini
 .fini          0x00000000600085f0        0x8 /home/asmir/Desktop/Dropbox/MCU/gcc/gcc-arm-none-eabi-7-2018-q2-update/bin/../lib/gcc/arm-none-eabi/7.3.1/thumb/v7e-m/fpv4-sp/hard/crtn.o
 .fini.__stub   0x00000000600085f8       0x20 linker stubs
                0x0000000060008618                . = ALIGN (0x4)

.vfp11_veneer   0x0000000060008618        0x0
 .vfp11_veneer  0x0000000060008618        0x0 linker stubs

.v4_bx          0x0000000060008618        0x0
 .v4_bx         0x0000000060008618        0x0 linker stubs

.iplt           0x0000000060008618        0x0
 .iplt          0x0000000060008618        0x0 /home/asmir/Desktop/Dropbox/MCU/gcc/gcc-arm-none-eabi-7-2018-q2-update/bin/../lib/gcc/arm-none-eabi/7.3.1/thumb/v7e-m/fpv4-sp/hard/crtbegin.o

.rel.dyn        0x0000000060008618        0x0
 .rel.iplt      0x0000000060008618        0x0 /home/asmir/Desktop/Dropbox/MCU/gcc/gcc-arm-none-eabi-7-2018-q2-update/bin/../lib/gcc/arm-none-eabi/7.3.1/thumb/v7e-m/fpv4-sp/hard/crtbegin.o

.ARM.extab
 *(.ARM.extab* .gnu.linkonce.armextab.*)

.ARM            0x0000000060008618        0x0
                0x0000000060008618                __exidx_start = .
 *(.ARM.exidx*)
                0x0000000060008618                __exidx_end = .

.ctors          0x0000000060008618        0x0
                0x0000000060008618                __CTOR_LIST__ = .
 *crtbegin.o(.ctors)
 *crtbegin?.o(.ctors)
 *(EXCLUDE_FILE(*crtend.o *crtend?.o) .ctors)
 *(SORT_BY_NAME(.ctors.*))
 *(.ctors)
                0x0000000060008618                __CTOR_END__ = .

.dtors          0x0000000060008618        0x0
                0x0000000060008618                __DTOR_LIST__ = .
 *crtbegin.o(.dtors)
 *crtbegin?.o(.dtors)
 *(EXCLUDE_FILE(*crtend.o *crtend?.o) .dtors)
 *(SORT_BY_NAME(.dtors.*))
 *(.dtors)
                0x0000000060008618                __DTOR_END__ = .

.preinit_array  0x0000000060008618        0x0
                0x0000000060008618                PROVIDE (__preinit_array_start = .)
 *(.preinit_array*)
                0x0000000060008618                PROVIDE (__preinit_array_end = .)

.init_array     0x0000000060008618        0x8
                0x0000000060008618                PROVIDE (__init_array_start = .)
 *(SORT_BY_NAME(.init_array.*))
 .init_array.00000
                0x0000000060008618        0x4 /home/asmir/Desktop/Dropbox/MCU/gcc/gcc-arm-none-eabi-7-2018-q2-update/bin/../lib/gcc/arm-none-eabi/7.3.1/../../../../arm-none-eabi/lib/thumb/v7e-m/fpv4-sp/hard/libc.a(lib_a-__call_atexit.o)
 *(.init_array*)
 .init_array    0x000000006000861c        0x4 /home/asmir/Desktop/Dropbox/MCU/gcc/gcc-arm-none-eabi-7-2018-q2-update/bin/../lib/gcc/arm-none-eabi/7.3.1/thumb/v7e-m/fpv4-sp/hard/crtbegin.o
                0x0000000060008620                PROVIDE (__init_array_end = .)

.fini_array     0x0000000060008620        0x4
                0x0000000060008620                PROVIDE (__fini_array_start = .)
 *(SORT_BY_NAME(.fini_array.*))
 *(.fini_array*)
 .fini_array    0x0000000060008620        0x4 /home/asmir/Desktop/Dropbox/MCU/gcc/gcc-arm-none-eabi-7-2018-q2-update/bin/../lib/gcc/arm-none-eabi/7.3.1/thumb/v7e-m/fpv4-sp/hard/crtbegin.o
                0x0000000060008624                PROVIDE (__fini_array_end = .)
                0x0000000060008624                __etext = .
                0x0000000060008624                __DATA_ROM = .

.interrupts_ram
                0x0000000020000000        0x0
                0x0000000020000000                . = ALIGN (0x4)
                0x0000000020000000                __VECTOR_RAM__ = .
                0x0000000020000000                __interrupts_ram_start__ = .
 *(.m_interrupts_ram)
                0x0000000020000000                . = (. + VECTOR_RAM_SIZE)
                0x0000000020000000                . = ALIGN (0x4)
                0x0000000020000000                __interrupts_ram_end__ = .
                0x0000000060008624                _flexspi = LOADADDR (.flexspi)

.flexspi        0x0000000000000000     0x1548 load address 0x0000000060008624
                0x0000000000000000                . = ALIGN (0x4)
                0x0000000000000000                __flexspi_start__ = .
 *flexspi_nor_flash_ops.o(.text*)
 .text.flexspi_nor_disable_cache
                0x0000000000000000       0x94 /home/asmir/Desktop/Dropbox/MCU/nxp/RT1021/projects/alencon-systems/bootloader-v0.3/build/flexspi_nor_flash_ops.o
                0x0000000000000000                flexspi_nor_disable_cache
 .text.flexspi_nor_enable_cache
                0x0000000000000094       0xa8 /home/asmir/Desktop/Dropbox/MCU/nxp/RT1021/projects/alencon-systems/bootloader-v0.3/build/flexspi_nor_flash_ops.o
                0x0000000000000094                flexspi_nor_enable_cache
 .text.flexspi_nor_wait_bus_busy
                0x000000000000013c       0x3c /home/asmir/Desktop/Dropbox/MCU/nxp/RT1021/projects/alencon-systems/bootloader-v0.3/build/flexspi_nor_flash_ops.o
                0x000000000000013c                flexspi_nor_wait_bus_busy
 .text.flexspi_nor_enable_quad_mode
                0x0000000000000178       0x84 /home/asmir/Desktop/Dropbox/MCU/nxp/RT1021/projects/alencon-systems/bootloader-v0.3/build/flexspi_nor_flash_ops.o
                0x0000000000000178                flexspi_nor_enable_quad_mode
 .text.flexspi_nor_flash_erase_sector
                0x00000000000001fc       0x78 /home/asmir/Desktop/Dropbox/MCU/nxp/RT1021/projects/alencon-systems/bootloader-v0.3/build/flexspi_nor_flash_ops.o
                0x00000000000001fc                flexspi_nor_flash_erase_sector
 .text.flexspi_nor_flash_program