Archive member included to satisfy reference by file (symbol)

/home/asmir/Desktop/Dropbox/MCU/gcc/gcc-arm-none-eabi-7-2018-q2-update/bin/../lib/gcc/arm-none-eabi/7.3.1/../../../../arm-none-eabi/lib/thumb/v7e-m/fpv4-sp/hard/libc.a(lib_a-errno.o)
                              /home/asmir/Desktop/Dropbox/MCU/nxp/RT1021/projects/alencon-systems/halsetup-v1.0/build/fsl_sbrk.o (__errno)
/home/asmir/Desktop/Dropbox/MCU/gcc/gcc-arm-none-eabi-7-2018-q2-update/bin/../lib/gcc/arm-none-eabi/7.3.1/../../../../arm-none-eabi/lib/thumb/v7e-m/fpv4-sp/hard/libc.a(lib_a-exit.o)
                              /home/asmir/Desktop/Dropbox/MCU/gcc/gcc-arm-none-eabi-7-2018-q2-update/bin/../lib/gcc/arm-none-eabi/7.3.1/../../../../arm-none-eabi/lib/thumb/v7e-m/fpv4-sp/hard/crt0.o (exit)
/home/asmir/Desktop/Dropbox/MCU/gcc/gcc-arm-none-eabi-7-2018-q2-update/bin/../lib/gcc/arm-none-eabi/7.3.1/../../../../arm-none-eabi/lib/thumb/v7e-m/fpv4-sp/hard/libc.a(lib_a-impure.o)
                              /home/asmir/Desktop/Dropbox/MCU/gcc/gcc-arm-none-eabi-7-2018-q2-update/bin/../lib/gcc/arm-none-eabi/7.3.1/../../../../arm-none-eabi/lib/thumb/v7e-m/fpv4-sp/hard/libc.a(lib_a-exit.o) (_global_impure_ptr)
/home/asmir/Desktop/Dropbox/MCU/gcc/gcc-arm-none-eabi-7-2018-q2-update/bin/../lib/gcc/arm-none-eabi/7.3.1/../../../../arm-none-eabi/lib/thumb/v7e-m/fpv4-sp/hard/libc.a(lib_a-init.o)
                              /home/asmir/Desktop/Dropbox/MCU/gcc/gcc-arm-none-eabi-7-2018-q2-update/bin/../lib/gcc/arm-none-eabi/7.3.1/../../../../arm-none-eabi/lib/thumb/v7e-m/fpv4-sp/hard/crt0.o (__libc_init_array)
/home/asmir/Desktop/Dropbox/MCU/gcc/gcc-arm-none-eabi-7-2018-q2-update/bin/../lib/gcc/arm-none-eabi/7.3.1/../../../../arm-none-eabi/lib/thumb/v7e-m/fpv4-sp/hard/libc.a(lib_a-malloc.o)
                              /home/asmir/Desktop/Dropbox/MCU/nxp/RT1021/projects/alencon-systems/halsetup-v1.0/build/fsl_common.o (malloc)
/home/asmir/Desktop/Dropbox/MCU/gcc/gcc-arm-none-eabi-7-2018-q2-update/bin/../lib/gcc/arm-none-eabi/7.3.1/../../../../arm-none-eabi/lib/thumb/v7e-m/fpv4-sp/hard/libc.a(lib_a-mallocr.o)
                              /home/asmir/Desktop/Dropbox/MCU/gcc/gcc-arm-none-eabi-7-2018-q2-update/bin/../lib/gcc/arm-none-eabi/7.3.1/../../../../arm-none-eabi/lib/thumb/v7e-m/fpv4-sp/hard/libc.a(lib_a-malloc.o) (_malloc_r)
/home/asmir/Desktop/Dropbox/MCU/gcc/gcc-arm-none-eabi-7-2018-q2-update/bin/../lib/gcc/arm-none-eabi/7.3.1/../../../../arm-none-eabi/lib/thumb/v7e-m/fpv4-sp/hard/libc.a(lib_a-memcmp.o)
                              /home/asmir/Desktop/Dropbox/MCU/nxp/RT1021/projects/alencon-systems/halsetup-v1.0/build/nvm_objects.o (memcmp)
/home/asmir/Desktop/Dropbox/MCU/gcc/gcc-arm-none-eabi-7-2018-q2-update/bin/../lib/gcc/arm-none-eabi/7.3.1/../../../../arm-none-eabi/lib/thumb/v7e-m/fpv4-sp/hard/libc.a(lib_a-memcpy.o)
                              /home/asmir/Desktop/Dropbox/MCU/nxp/RT1021/projects/alencon-systems/halsetup-v1.0/build/buffer.o (memcpy)
/home/asmir/Desktop/Dropbox/MCU/gcc/gcc-arm-none-eabi-7-2018-q2-update/bin/../lib/gcc/arm-none-eabi/7.3.1/../../../../arm-none-eabi/lib/thumb/v7e-m/fpv4-sp/hard/libc.a(lib_a-memset.o)
                              /home/asmir/Desktop/Dropbox/MCU/gcc/gcc-arm-none-eabi-7-2018-q2-update/bin/../lib/gcc/arm-none-eabi/7.3.1/../../../../arm-none-eabi/lib/thumb/v7e-m/fpv4-sp/hard/crt0.o (memset)
/home/asmir/Desktop/Dropbox/MCU/gcc/gcc-arm-none-eabi-7-2018-q2-update/bin/../lib/gcc/arm-none-eabi/7.3.1/../../../../arm-none-eabi/lib/thumb/v7e-m/fpv4-sp/hard/libc.a(lib_a-mlock.o)
                              /home/asmir/Desktop/Dropbox/MCU/gcc/gcc-arm-none-eabi-7-2018-q2-update/bin/../lib/gcc/arm-none-eabi/7.3.1/../../../../arm-none-eabi/lib/thumb/v7e-m/fpv4-sp/hard/libc.a(lib_a-mallocr.o) (__malloc_lock)
/home/asmir/Desktop/Dropbox/MCU/gcc/gcc-arm-none-eabi-7-2018-q2-update/bin/../lib/gcc/arm-none-eabi/7.3.1/../../../../arm-none-eabi/lib/thumb/v7e-m/fpv4-sp/hard/libc.a(lib_a-sbrkr.o)
                              /home/asmir/Desktop/Dropbox/MCU/gcc/gcc-arm-none-eabi-7-2018-q2-update/bin/../lib/gcc/arm-none-eabi/7.3.1/../../../../arm-none-eabi/lib/thumb/v7e-m/fpv4-sp/hard/libc.a(lib_a-mallocr.o) (_sbrk_r)
/home/asmir/Desktop/Dropbox/MCU/gcc/gcc-arm-none-eabi-7-2018-q2-update/bin/../lib/gcc/arm-none-eabi/7.3.1/../../../../arm-none-eabi/lib/thumb/v7e-m/fpv4-sp/hard/libc.a(lib_a-__call_atexit.o)
                              /home/asmir/Desktop/Dropbox/MCU/gcc/gcc-arm-none-eabi-7-2018-q2-update/bin/../lib/gcc/arm-none-eabi/7.3.1/../../../../arm-none-eabi/lib/thumb/v7e-m/fpv4-sp/hard/libc.a(lib_a-exit.o) (__call_exitprocs)
/home/asmir/Desktop/Dropbox/MCU/gcc/gcc-arm-none-eabi-7-2018-q2-update/bin/../lib/gcc/arm-none-eabi/7.3.1/../../../../arm-none-eabi/lib/thumb/v7e-m/fpv4-sp/hard/libc.a(lib_a-atexit.o)
[...]
Memory Configuration

Name             Origin             Length             Attributes
bootloader       0x0000000060000000 0x0000000000010000 xr
eeprom           0x0000000060010000 0x0000000000010000 rw
nvmobjects       0x0000000060020000 0x0000000000020000 rw
m_firmware_metadata 0x0000000060100000 0x0000000000001000 xr
m_flash_config   0x0000000060101000 0x0000000000001000 xr
m_ivt            0x0000000060102000 0x0000000000001000 xr
m_interrupts     0x0000000060103000 0x0000000000000400 xr
m_text           0x0000000060104400 0x0000000000100000 xr
m_text2          0x0000000060200000 0x0000000000100000 xr
m_text3          0x0000000060300000 0x0000000000100000 xr
m_qacode         0x0000000000000000 0x0000000000010000 xr
m_data           0x0000000020000000 0x0000000000010000 rw
m_data2          0x0000000020200000 0x0000000000020000 rw
*default*        0x0000000000000000 0xffffffffffffffff

Linker script and memory map

LOAD /home/asmir/Desktop/Dropbox/MCU/gcc/gcc-arm-none-eabi-7-2018-q2-update/bin/../lib/gcc/arm-none-eabi/7.3.1/thumb/v7e-m/fpv4-sp/hard/crti.o
LOAD /home/asmir/Desktop/Dropbox/MCU/gcc/gcc-arm-none-eabi-7-2018-q2-update/bin/../lib/gcc/arm-none-eabi/7.3.1/thumb/v7e-m/fpv4-sp/hard/crtbegin.o
LOAD /home/asmir/Desktop/Dropbox/MCU/gcc/gcc-arm-none-eabi-7-2018-q2-update/bin/../lib/gcc/arm-none-eabi/7.3.1/../../../../arm-none-eabi/lib/thumb/v7e-m/fpv4-sp/hard/crt0.o
LOAD /home/asmir/Desktop/Dropbox/MCU/nxp/RT1021/projects/alencon-systems/halsetup-v1.0/build/main.o
LOAD /home/asmir/Desktop/Dropbox/MCU/nxp/RT1021/projects/alencon-systems/halsetup-v1.0/build/systemc.o
LOAD /home/asmir/Desktop/Dropbox/MCU/nxp/RT1021/projects/alencon-systems/halsetup-v1.0/build/delay.o
LOAD /home/asmir/Desktop/Dropbox/MCU/nxp/RT1021/projects/alencon-systems/halsetup-v1.0/build/fwver.o
LOAD /home/asmir/Desktop/Dropbox/MCU/nxp/RT1021/projects/alencon-systems/halsetup-v1.0/build/debug.o
LOAD /home/asmir/Desktop/Dropbox/MCU/nxp/RT1021/projects/alencon-systems/halsetup-v1.0/build/misc.o
LOAD /home/asmir/Desktop/Dropbox/MCU/nxp/RT1021/projects/alencon-systems/halsetup-v1.0/build/lpuart.o
LOAD /home/asmir/Desktop/Dropbox/MCU/nxp/RT1021/projects/alencon-systems/halsetup-v1.0/build/board.o
LOAD /home/asmir/Desktop/Dropbox/MCU/nxp/RT1021/projects/alencon-systems/halsetup-v1.0/build/evkmimxrt1020_flexspi_nor_config.o
LOAD /home/asmir/Desktop/Dropbox/MCU/nxp/RT1021/projects/alencon-systems/halsetup-v1.0/build/fsl_clock.o
LOAD /home/asmir/Desktop/Dropbox/MCU/nxp/RT1021/projects/alencon-systems/halsetup-v1.0/build/fsl_component_generic_list.o
LOAD /home/asmir/Desktop/Dropbox/MCU/nxp/RT1021/projects/alencon-systems/halsetup-v1.0/build/fsl_gpio.o
LOAD /home/asmir/Desktop/Dropbox/MCU/nxp/RT1021/projects/alencon-systems/halsetup-v1.0/build/pin_mux.o
LOAD /home/asmir/Desktop/Dropbox/MCU/nxp/RT1021/projects/alencon-systems/halsetup-v1.0/build/clock_config.o
LOAD /home/asmir/Desktop/Dropbox/MCU/nxp/RT1021/projects/alencon-systems/halsetup-v1.0/build/fsl_common_arm.o
LOAD /home/asmir/Desktop/Dropbox/MCU/nxp/RT1021/projects/alencon-systems/halsetup-v1.0/build/system_MIMXRT1021.o
LOAD /home/asmir/Desktop/Dropbox/MCU/nxp/RT1021/projects/alencon-systems/halsetup-v1.0/build/dcd.o
LOAD /home/asmir/Desktop/Dropbox/MCU/nxp/RT1021/projects/alencon-systems/halsetup-v1.0/build/fsl_assert.o
LOAD /home/asmir/Desktop/Dropbox/MCU/nxp/RT1021/projects/alencon-systems/halsetup-v1.0/build/fsl_common.o
LOAD /home/asmir/Desktop/Dropbox/MCU/nxp/RT1021/projects/alencon-systems/halsetup-v1.0/build/fsl_flexspi_nor_boot.o
LOAD /home/asmir/Desktop/Dropbox/MCU/nxp/RT1021/projects/alencon-systems/halsetup-v1.0/build/fsl_sbrk.o
LOAD /home/asmir/Desktop/Dropbox/MCU/nxp/RT1021/projects/alencon-systems/halsetup-v1.0/build/timing.o
LOAD /home/asmir/Desktop/Dropbox/MCU/nxp/RT1021/projects/alencon-systems/halsetup-v1.0/build/hal_uart.o
LOAD /home/asmir/Desktop/Dropbox/MCU/nxp/RT1021/projects/alencon-systems/halsetup-v1.0/build/uart.o
LOAD /home/asmir/Desktop/Dropbox/MCU/nxp/RT1021/projects/alencon-systems/halsetup-v1.0/build/buffer.o
LOAD /home/asmir/Desktop/Dropbox/MCU/nxp/RT1021/projects/alencon-systems/halsetup-v1.0/build/buffer_printf.o
LOAD /home/asmir/Desktop/Dropbox/MCU/nxp/RT1021/projects/alencon-systems/halsetup-v1.0/build/task.o
LOAD /home/asmir/Desktop/Dropbox/MCU/nxp/RT1021/projects/alencon-systems/halsetup-v1.0/build/list.o
LOAD /home/asmir/Desktop/Dropbox/MCU/nxp/RT1021/projects/alencon-systems/halsetup-v1.0/build/fsl_flexspi.o
LOAD /home/asmir/Desktop/Dropbox/MCU/nxp/RT1021/projects/alencon-systems/halsetup-v1.0/build/flexspi_nor_flash_ops.o
LOAD /home/asmir/Desktop/Dropbox/MCU/nxp/RT1021/projects/alencon-systems/halsetup-v1.0/build/fsl_cache.o
LOAD /home/asmir/Desktop/Dropbox/MCU/nxp/RT1021/projects/alencon-systems/halsetup-v1.0/build/hal_eeprom.o
LOAD /home/asmir/Desktop/Dropbox/MCU/nxp/RT1021/projects/alencon-systems/halsetup-v1.0/build/eeprom.o
LOAD /home/asmir/Desktop/Dropbox/MCU/nxp/RT1021/projects/alencon-systems/halsetup-v1.0/build/nvm_objects.o
LOAD /home/asmir/Desktop/Dropbox/MCU/nxp/RT1021/projects/alencon-systems/halsetup-v1.0/build/startup_MIMXRT1021.o
LOAD /home/asmir/Desktop/Dropbox/MCU/gcc/gcc-arm-none-eabi-7-2018-q2-update/bin/../lib/gcc/arm-none-eabi/7.3.1/../../../../arm-none-eabi/lib/thumb/v7e-m/fpv4-sp/hard/libm.a
LOAD /home/asmir/Desktop/Dropbox/MCU/gcc/gcc-arm-none-eabi-7-2018-q2-update/bin/../lib/gcc/arm-none-eabi/7.3.1/../../../../arm-none-eabi/lib/thumb/v7e-m/fpv4-sp/hard/libc.a
LOAD /home/asmir/Desktop/Dropbox/MCU/gcc/gcc-arm-none-eabi-7-2018-q2-update/bin/../lib/gcc/arm-none-eabi/7.3.1/../../../../arm-none-eabi/lib/thumb/v7e-m/fpv4-sp/hard/libnosys.a
START GROUP
LOAD /home/asmir/Desktop/Dropbox/MCU/gcc/gcc-arm-none-eabi-7-2018-q2-update/bin/../lib/gcc/arm-none-eabi/7.3.1/thumb/v7e-m/fpv4-sp/hard/libgcc.a
LOAD /home/asmir/Desktop/Dropbox/MCU/gcc/gcc-arm-none-eabi-7-2018-q2-update/bin/../lib/gcc/arm-none-eabi/7.3.1/../../../../arm-none-eabi/lib/thumb/v7e-m/fpv4-sp/hard/libg.a
LOAD /home/asmir/Desktop/Dropbox/MCU/gcc/gcc-arm-none-eabi-7-2018-q2-update/bin/../lib/gcc/arm-none-eabi/7.3.1/../../../../arm-none-eabi/lib/thumb/v7e-m/fpv4-sp/hard/libc.a
END GROUP
LOAD /home/asmir/Desktop/Dropbox/MCU/gcc/gcc-arm-none-eabi-7-2018-q2-update/bin/../lib/gcc/arm-none-eabi/7.3.1/thumb/v7e-m/fpv4-sp/hard/crtend.o
LOAD /home/asmir/Desktop/Dropbox/MCU/gcc/gcc-arm-none-eabi-7-2018-q2-update/bin/../lib/gcc/arm-none-eabi/7.3.1/thumb/v7e-m/fpv4-sp/hard/crtn.o
                0x0000000000000400                HEAP_SIZE = DEFINED (__heap_size__)?__heap_size__:0x400
                0x0000000000000400                STACK_SIZE = DEFINED (__stack_size__)?__stack_size__:0x400
                0x0000000000000000                VECTOR_RAM_SIZE = DEFINED (__ram_vector_table__)?0x400:0x0
                0x0000000020200000                __NCACHE_REGION_START = ORIGIN (m_data2)
                0x0000000000000000                __NCACHE_REGION_SIZE = 0x0

.firmware_metadata
                0x0000000060100000        0x8
 *(.FW_METADATA*)
 .FW_METADATA   0x0000000060100000        0x8 /home/asmir/Desktop/Dropbox/MCU/nxp/RT1021/projects/alencon-systems/halsetup-v1.0/build/main.o
                0x0000000060100000                c_fw_metadata

.flash_config   0x0000000060101000      0x200
                0x0000000060101000                . = ALIGN (0x4)
                0x0000000060101000                __FLASH_BASE = .
 *(.boot_hdr.conf)
 .boot_hdr.conf
                0x0000000060101000      0x200 /home/asmir/Desktop/Dropbox/MCU/nxp/RT1021/projects/alencon-systems/halsetup-v1.0/build/evkmimxrt1020_flexspi_nor_config.o
                0x0000000060101000                qspiflash_config
                0x0000000060101200                . = ALIGN (0x4)
                0x0000000060102000                ivt_begin = (ORIGIN (m_flash_config) + LENGTH (m_flash_config))

.ivt            0x0000000060102000      0x410
                0x0000000060102000                . = ALIGN (0x4)
 *(.boot_hdr.ivt)
 .boot_hdr.ivt  0x0000000060102000       0x20 /home/asmir/Desktop/Dropbox/MCU/nxp/RT1021/projects/alencon-systems/halsetup-v1.0/build/fsl_flexspi_nor_boot.o
                0x0000000060102000                image_vector_table
 *(.boot_hdr.boot_data)
 .boot_hdr.boot_data
                0x0000000060102020       0x10 /home/asmir/Desktop/Dropbox/MCU/nxp/RT1021/projects/alencon-systems/halsetup-v1.0/build/fsl_flexspi_nor_boot.o
                0x0000000060102020                g_boot_data
 *(.boot_hdr.dcd_data)
 .boot_hdr.dcd_data
                0x0000000060102030      0x3e0 /home/asmir/Desktop/Dropbox/MCU/nxp/RT1021/projects/alencon-systems/halsetup-v1.0/build/dcd.o
                0x0000000060102030                dcd_data
                0x0000000060102410                . = ALIGN (0x4)

.interrupts     0x0000000060103000      0x400
                0x0000000060103000                __VECTOR_TABLE = .
                0x0000000060103000                __Vectors = .
                0x0000000060103000                . = ALIGN (0x4)
 *(.isr_vector)
 .isr_vector    0x0000000060103000      0x400 /home/asmir/Desktop/Dropbox/MCU/nxp/RT1021/projects/alencon-systems/halsetup-v1.0/build/startup_MIMXRT1021.o
                0x0000000060103000                __isr_vector
                0x0000000060103400                . = ALIGN (0x4)

.text           0x0000000060104400     0x3c64
                0x0000000060104400                . = ALIGN (0x4)
 *(.text)
 .text          0x0000000060104400       0x40 /home/asmir/Desktop/Dropbox/MCU/gcc/gcc-arm-none-eabi-7-2018-q2-update/bin/../lib/gcc/arm-none-eabi/7.3.1/thumb/v7e-m/fpv4-sp/hard/crtbegin.o
 .text          0x0000000060104440      0x250 /home/asmir/Desktop/Dropbox/MCU/nxp/RT1021/projects/alencon-systems/halsetup-v1.0/build/startup_MIMXRT1021.o
                0x000000006010444c                Reset_Handler
                0x00000000601044f4                LPUART8_DriverIRQHandler
                0x00000000601044f4                LPSPI2_DriverIRQHandler
                0x00000000601044f4                ADC_ETC_IRQ0_IRQHandler
                0x00000000601044f4                DebugMon_Handler
                0x00000000601044f4                SAI3_RX_DriverIRQHandler
                0x00000000601044f4                DMA13_DMA29_DriverIRQHandler
                0x00000000601044f4                Reserved86_IRQHandler
                0x00000000601044f4                SRC_IRQHandler
                0x00000000601044f4                LPSPI4_DriverIRQHandler
                0x00000000601044f4                Reserved60_IRQHandler
                0x00000000601044f4                GPIO2_Combined_0_15_IRQHandler
                0x00000000601044f4                SPDIF_DriverIRQHandler
                0x00000000601044f4                GPIO1_INT2_IRQHandler
                0x00000000601044f4                Reserved103_IRQHandler
                0x00000000601044f4                ENC2_IRQHandler
                0x00000000601044f4                PWM2_2_IRQHandler
                0x00000000601044f4                GPIO1_INT7_IRQHandler
                0x00000000601044f4                CCM_1_IRQHandler
                0x00000000601044f4                Reserved59_IRQHandler
                0x00000000601044f4                ADC_ETC_IRQ1_IRQHandler
                0x00000000601044f4                DMA7_DMA23_DriverIRQHandler
                0x00000000601044f4                CTI0_ERROR_IRQHandler
                0x00000000601044f4                GPIO5_Combined_0_15_IRQHandler
                0x00000000601044f4                PWM1_0_IRQHandler
                0x00000000601044f4                Reserved68_IRQHandler
                0x00000000601044f4                LPI2C3_DriverIRQHandler
                0x00000000601044f4                PWM2_0_IRQHandler
                0x00000000601044f4                DCP_VMI_IRQHandler
                0x00000000601044f4                DMA14_DMA30_DriverIRQHandler
                0x00000000601044f4                ENET_1588_Timer_DriverIRQHandler
                0x00000000601044f4                PWM2_1_IRQHandler
                0x00000000601044f4                PWM2_FAULT_IRQHandler
                0x00000000601044f4                WDOG1_IRQHandler
                0x00000000601044f4                LPUART5_DriverIRQHandler
                0x00000000601044f4                Reserved151_IRQHandler
                0x00000000601044f4                GPT1_IRQHandler
                0x00000000601044f4                ACMP4_IRQHandler
                0x00000000601044f4                SEMC_IRQHandler
                0x00000000601044f4                DMA0_DMA16_DriverIRQHandler
                0x00000000601044f4                DefaultISR
                0x00000000601044f4                Reserved58_IRQHandler
                0x00000000601044f4                PWM1_1_IRQHandler
                0x00000000601044f4                DMA2_DMA18_DriverIRQHandler
                0x00000000601044f4                Reserved82_IRQHandler
                0x00000000601044f4                USDHC1_DriverIRQHandler
                0x00000000601044f4                GPIO1_INT0_IRQHandler
                0x00000000601044f4                LPUART2_DriverIRQHandler
                0x00000000601044f4                CSU_IRQHandler
                0x00000000601044f4                Reserved70_IRQHandler
                0x00000000601044f4                ADC1_IRQHandler
                0x00000000601044f4                FLEXIO1_DriverIRQHandler
                0x00000000601044f4                ENET_DriverIRQHandler
                0x00000000601044f4                GPIO1_Combined_16_31_IRQHandler
                0x00000000601044f4                Reserved128_IRQHandler
                0x00000000601044f4                RTWDOG_IRQHandler
                0x00000000601044f4                Reserved78_IRQHandler
                0x00000000601044f4                SAI1_DriverIRQHandler
                0x00000000601044f4                DMA12_DMA28_DriverIRQHandler
                0x00000000601044f4                GPIO3_Combined_16_31_IRQHandler
                0x00000000601044f4                EWM_IRQHandler
                0x00000000601044f4                TEMP_LOW_HIGH_IRQHandler
                0x00000000601044f4                WDOG2_IRQHandler
                0x00000000601044f4                GPIO1_INT5_IRQHandler
                0x00000000601044f4                PWM2_3_IRQHandler
                0x00000000601044f4                CORE_IRQHandler
                0x00000000601044f4                DMA10_DMA26_DriverIRQHandler
                0x00000000601044f4                TEMP_PANIC_IRQHandler
                0x00000000601044f4                GPIO1_INT6_IRQHandler
                0x00000000601044f4                PWM1_2_IRQHandler
                0x00000000601044f4                Reserved144_IRQHandler
                0x00000000601044f4                GPR_IRQ_IRQHandler
                0x00000000601044f4                GPC_IRQHandler
                0x00000000601044f4                LPUART1_DriverIRQHandler
                0x00000000601044f4                DCDC_IRQHandler
                0x00000000601044f4                GPIO3_Combined_0_15_IRQHandler
                0x00000000601044f4                Reserved107_IRQHandler
                0x00000000601044f4                DMA1_DMA17_DriverIRQHandler
                0x00000000601044f4                USB_OTG1_IRQHandler
                0x00000000601044f4                LPUART4_DriverIRQHandler
                0x00000000601044f4                CAN2_DriverIRQHandler
                0x00000000601044f4                Reserved102_IRQHandler
                0x00000000601044f4                GPIO5_Combined_16_31_IRQHandler
                0x00000000601044f4                TMR2_IRQHandler
                0x00000000601044f4                ADC_ETC_ERROR_IRQ_IRQHandler
                0x00000000601044f4                DMA8_DMA24_DriverIRQHandler
                0x00000000601044f4                DMA6_DMA22_DriverIRQHandler
                0x00000000601044f4                BEE_IRQHandler
                0x00000000601044f4                GPIO1_INT1_IRQHandler
                0x00000000601044f4                SNVS_LP_HP_WRAPPER_IRQHandler
                0x00000000601044f4                ADC_ETC_IRQ2_IRQHandler
                0x00000000601044f4                Reserved148_IRQHandler
                0x00000000601044f4                GPIO1_INT4_IRQHandler
                0x00000000601044f4                LPUART6_DriverIRQHandler
                0x00000000601044f4                CCM_2_IRQHandler
                0x00000000601044f4                KPP_IRQHandler
                0x00000000601044f4                ADC2_IRQHandler
                0x00000000601044f4                USDHC2_DriverIRQHandler
                0x00000000601044f4                SAI2_DriverIRQHandler
                0x00000000601044f4                PIT_IRQHandler
                0x00000000601044f4                Reserved115_IRQHandler
                0x00000000601044f4                SNVS_HP_WRAPPER_IRQHandler
                0x00000000601044f4                DMA11_DMA27_DriverIRQHandler
                0x00000000601044f4                Reserved147_IRQHandler
                0x00000000601044f4                XBAR1_IRQ_2_3_IRQHandler
                0x00000000601044f4                LPI2C1_DriverIRQHandler
                0x00000000601044f4                DCP_IRQHandler
                0x00000000601044f4                LPUART7_DriverIRQHandler
                0x00000000601044f4                Reserved123_IRQHandler
                0x00000000601044f4                DMA4_DMA20_DriverIRQHandler
                0x00000000601044f4                GPIO1_INT3_IRQHandler
                0x00000000601044f4                DMA9_DMA25_DriverIRQHandler
                0x00000000601044f4                GPIO1_Combined_0_15_IRQHandler
                0x00000000601044f4                LPSPI1_DriverIRQHandler
                0x00000000601044f4                Reserved152_IRQHandler
                0x00000000601044f4                DMA3_DMA19_DriverIRQHandler
                0x00000000601044f4                ACMP3_IRQHandler
                0x00000000601044f4                ENC1_IRQHandler
                0x00000000601044f4                PWM1_FAULT_IRQHandler
                0x00000000601044f4                Reserved143_IRQHandler
                0x00000000601044f4                GPIO2_Combined_16_31_IRQHandler
                0x00000000601044f4                LPI2C4_DriverIRQHandler
                0x00000000601044f4                PMU_IRQHandler
                0x00000000601044f4                XBAR1_IRQ_0_1_IRQHandler
                0x00000000601044f4                SNVS_HP_WRAPPER_TZ_IRQHandler
                0x00000000601044f4                SAI3_TX_DriverIRQHandler
                0x00000000601044f4                ACMP2_IRQHandler
                0x00000000601044f4                GPT2_IRQHandler
                0x00000000601044f4                FLEXRAM_IRQHandler
                0x00000000601044f4                DMA5_DMA21_DriverIRQHandler
                0x00000000601044f4                USB_PHY_IRQHandler
                0x00000000601044f4                Reserved56_IRQHandler
                0x00000000601044f4                ACMP1_IRQHandler
                0x00000000601044f4                Reserved87_IRQHandler
                0x00000000601044f4                DMA15_DMA31_DriverIRQHandler
                0x00000000601044f4                LPSPI3_DriverIRQHandler
                0x00000000601044f4                LPI2C2_DriverIRQHandler
                0x00000000601044f4                DMA_ERROR_DriverIRQHandler
                0x00000000601044f4                CAN1_DriverIRQHandler
                0x00000000601044f4                TMR1_IRQHandler
                0x00000000601044f4                TRNG_IRQHandler
                0x00000000601044f4                CTI1_ERROR_IRQHandler
                0x00000000601044f4                PWM1_3_IRQHandler
                0x00000000601044f4                LPUART3_DriverIRQHandler
                0x0000000060104500                SVC_Handler
                0x0000000060104504                PendSV_Handler
                0x000000006010450c                DMA0_DMA16_IRQHandler
                0x0000000060104510                DMA1_DMA17_IRQHandler
                0x0000000060104514                DMA2_DMA18_IRQHandler
                0x0000000060104518                DMA3_DMA19_IRQHandler
                0x000000006010451c                DMA4_DMA20_IRQHandler
                0x0000000060104520                DMA5_DMA21_IRQHandler
                0x0000000060104524                DMA6_DMA22_IRQHandler
                0x0000000060104528                DMA7_DMA23_IRQHandler
                0x000000006010452c                DMA8_DMA24_IRQHandler
                0x0000000060104530                DMA9_DMA25_IRQHandler
                0x0000000060104534                DMA10_DMA26_IRQHandler
                0x0000000060104538                DMA11_DMA27_IRQHandler
                0x000000006010453c                DMA12_DMA28_IRQHandler
                0x0000000060104540                DMA13_DMA29_IRQHandler
                0x0000000060104544                DMA14_DMA30_IRQHandler
                0x0000000060104548                DMA15_DMA31_IRQHandler
                0x000000006010454c                DMA_ERROR_IRQHandler
                0x0000000060104550                LPUART1_IRQHandler
                0x0000000060104558                LPUART3_IRQHandler
                0x000000006010455c                LPUART4_IRQHandler
                0x0000000060104560                LPUART5_IRQHandler
                0x0000000060104564                LPUART6_IRQHandler
                0x0000000060104568                LPUART7_IRQHandler
                0x000000006010456c                LPUART8_IRQHandler
                0x0000000060104570                LPI2C1_IRQHandler
                0x0000000060104574                LPI2C2_IRQHandler
                0x0000000060104578                LPI2C3_IRQHandler
                0x000000006010457c                LPI2C4_IRQHandler
                0x0000000060104580                LPSPI1_IRQHandler
                0x0000000060104584                LPSPI2_IRQHandler
                0x0000000060104588                LPSPI3_IRQHandler
                0x000000006010458c                LPSPI4_IRQHandler
                0x0000000060104590                CAN1_IRQHandler
                0x0000000060104594                CAN2_IRQHandler
                0x0000000060104598                SAI1_IRQHandler
                0x000000006010459c                SAI2_IRQHandler
                0x00000000601045a0                SAI3_RX_IRQHandler
                0x00000000601045a4                SAI3_TX_IRQHandler
                0x00000000601045a8                SPDIF_IRQHandler
                0x00000000601045ac                FLEXIO1_IRQHandler
                0x00000000601045b0                FLEXSPI_IRQHandler
                0x00000000601045b4                USDHC1_IRQHandler
                0x00000000601045b8                USDHC2_IRQHandler
                0x00000000601045bc                ENET_IRQHandler
                0x00000000601045c0                ENET_1588_Timer_IRQHandler
 *(EXCLUDE_FILE(*fsl_flexspi.o *flexspi_nor_flash_ops.o) .text*)
 .text.main     0x0000000060104690       0xa8 /home/asmir/Desktop/Dropbox/MCU/nxp/RT1021/projects/alencon-systems/halsetup-v1.0/build/main.o
                0x0000000060104690                main
 .text.ARM_MPU_Enable
                0x0000000060104738       0x3c /home/asmir/Desktop/Dropbox/MCU/nxp/RT1021/projects/alencon-systems/halsetup-v1.0/build/systemc.o
 .text.ARM_MPU_Disable
                0x0000000060104774       0x34 /home/asmir/Desktop/Dropbox/MCU/nxp/RT1021/projects/alencon-systems/halsetup-v1.0/build/systemc.o
 .text.initSYSTEM
                0x00000000601047a8      0x30c /home/asmir/Desktop/Dropbox/MCU/nxp/RT1021/projects/alencon-systems/halsetup-v1.0/build/systemc.o
                0x00000000601047a8                initSYSTEM
 .text.initSYSTIM
                0x0000000060104ab4       0x44 /home/asmir/Desktop/Dropbox/MCU/nxp/RT1021/projects/alencon-systems/halsetup-v1.0/build/delay.o
                0x0000000060104ab4                initSYSTIM
 .text.getSYSTIM
                0x0000000060104af8       0x18 /home/asmir/Desktop/Dropbox/MCU/nxp/RT1021/projects/alencon-systems/halsetup-v1.0/build/delay.o
                0x0000000060104af8                getSYSTIM
 .text.chk4TimeoutSYSTIM
                0x0000000060104b10       0x4c /home/asmir/Desktop/Dropbox/MCU/nxp/RT1021/projects/alencon-systems/halsetup-v1.0/build/delay.o
                0x0000000060104b10                chk4TimeoutSYSTIM
 .text.initDEBUG
                0x0000000060104b5c      0x174 /home/asmir/Desktop/Dropbox/MCU/nxp/RT1021/projects/alencon-systems/halsetup-v1.0/build/debug.o
                0x0000000060104b5c                initDEBUG
 .text.printDEBUG
                0x0000000060104cd0      0x564 /home/asmir/Desktop/Dropbox/MCU/nxp/RT1021/projects/alencon-systems/halsetup-v1.0/build/debug.o
                0x0000000060104cd0                printDEBUG
 .text.NMI_Handler
                0x0000000060105234       0x10 /home/asmir/Desktop/Dropbox/MCU/nxp/RT1021/projects/alencon-systems/halsetup-v1.0/build/debug.o
                0x0000000060105234                NMI_Handler
 .text.HardFault_Handler
                0x0000000060105244       0x26 /home/asmir/Desktop/Dropbox/MCU/nxp/RT1021/projects/alencon-systems/halsetup-v1.0/build/debug.o
                0x0000000060105244                HardFault_Handler
 *fill*         0x000000006010526a        0x2 
 .text.HardFault_HandlerC
                0x000000006010526c      0x164 /home/asmir/Desktop/Dropbox/MCU/nxp/RT1021/projects/alencon-systems/halsetup-v1.0/build/debug.o
                0x000000006010526c                HardFault_HandlerC
 .text.MemManage_Handler
                0x00000000601053d0       0x10 /home/asmir/Desktop/Dropbox/MCU/nxp/RT1021/projects/alencon-systems/halsetup-v1.0/build/debug.o
                0x00000000601053d0                MemManage_Handler
 .text.BusFault_Handler
                0x00000000601053e0       0x10 /home/asmir/Desktop/Dropbox/MCU/nxp/RT1021/projects/alencon-systems/halsetup-v1.0/build/debug.o
                0x00000000601053e0                BusFault_Handler
 .text.UsageFault_Handler
                0x00000000601053f0       0x10 /home/asmir/Desktop/Dropbox/MCU/nxp/RT1021/projects/alencon-systems/halsetup-v1.0/build/debug.o
                0x00000000601053f0                UsageFault_Handler
 .text.getDNumMISC
                0x0000000060105400       0x78 /home/asmir/Desktop/Dropbox/MCU/nxp/RT1021/projects/alencon-systems/halsetup-v1.0/build/misc.o
                0x0000000060105400                getDNumMISC
 .text.putDNumMISC
                0x0000000060105478       0xb0 /home/asmir/Desktop/Dropbox/MCU/nxp/RT1021/projects/alencon-systems/halsetup-v1.0/build/misc.o
                0x0000000060105478                putDNumMISC
 .text.getStr4NumMISC
                0x0000000060105528      0x508 /home/asmir/Desktop/Dropbox/MCU/nxp/RT1021/projects/alencon-systems/halsetup-v1.0/build/misc.o
                0x0000000060105528                getStr4NumMISC
 .text.initLPUART1
                0x0000000060105a30       0x84 /home/asmir/Desktop/Dropbox/MCU/nxp/RT1021/projects/alencon-systems/halsetup-v1.0/build/lpuart.o
                0x0000000060105a30                initLPUART1
 .text.putcharLPUART1
                0x0000000060105ab4       0x44 /home/asmir/Desktop/Dropbox/MCU/nxp/RT1021/projects/alencon-systems/halsetup-v1.0/build/lpuart.o
                0x0000000060105ab4                putcharLPUART1
 .text.printLPUART1
                0x0000000060105af8      0x3b8 /home/asmir/Desktop/Dropbox/MCU/nxp/RT1021/projects/alencon-systems/halsetup-v1.0/build/lpuart.o
                0x0000000060105af8                printLPUART1
 .text.sprintLPUART1
                0x0000000060105eb0       0x54 /home/asmir/Desktop/Dropbox/MCU/nxp/RT1021/projects/alencon-systems/halsetup-v1.0/build/lpuart.o
                0x0000000060105eb0                sprintLPUART1
 .text.CLOCK_InitExternalClk
                0x0000000060105f04       0x78 /home/asmir/Desktop/Dropbox/MCU/nxp/RT1021/projects/alencon-systems/halsetup-v1.0/build/fsl_clock.o
                0x0000000060105f04                CLOCK_InitExternalClk
 .text.CLOCK_SwitchOsc
                0x0000000060105f7c       0x34 /home/asmir/Desktop/Dropbox/MCU/nxp/RT1021/projects/alencon-systems/halsetup-v1.0/build/fsl_clock.o
                0x0000000060105f7c                CLOCK_SwitchOsc
 .text.CLOCK_InitRcOsc24M
                0x0000000060105fb0       0x24 /home/asmir/Desktop/Dropbox/MCU/nxp/RT1021/projects/alencon-systems/halsetup-v1.0/build/fsl_clock.o
                0x0000000060105fb0                CLOCK_InitRcOsc24M
 .text.CLOCK_DeinitAudioPll
                0x0000000060105fd4       0x1c /home/asmir/Desktop/Dropbox/MCU/nxp/RT1021/projects/alencon-systems/halsetup-v1.0/build/fsl_clock.o
                0x0000000060105fd4                CLOCK_DeinitAudioPll
 .text.CLOCK_InitEnetPll
                0x0000000060105ff0       0xa4 /home/asmir/Desktop/Dropbox/MCU/nxp/RT1021/projects/alencon-systems/halsetup-v1.0/build/fsl_clock.o
                0x0000000060105ff0                CLOCK_InitEnetPll
 .text._SDK_AtomicLocalClearAndSet4Byte
                0x0000000060106094       0x4e /home/asmir/Desktop/Dropbox/MCU/nxp/RT1021/projects/alencon-systems/halsetup-v1.0/build/pin_mux.o
 *fill*         0x00000000601060e2        0x2 
 .text.CLOCK_ControlGate
                0x00000000601060e4       0x70 /home/asmir/Desktop/Dropbox/MCU/nxp/RT1021/projects/alencon-systems/halsetup-v1.0/build/pin_mux.o
 .text.CLOCK_EnableClock
                0x0000000060106154       0x1e /home/asmir/Desktop/Dropbox/MCU/nxp/RT1021/projects/alencon-systems/halsetup-v1.0/build/pin_mux.o
 .text.IOMUXC_SetPinMux
                0x0000000060106172       0x3a /home/asmir/Desktop/Dropbox/MCU/nxp/RT1021/projects/alencon-systems/halsetup-v1.0/build/pin_mux.o
 .text.IOMUXC_SetPinConfig
                0x00000000601061ac       0x26 /home/asmir/Desktop/Dropbox/MCU/nxp/RT1021/projects/alencon-systems/halsetup-v1.0/build/pin_mux.o
 .text.BOARD_InitBootPins
                0x00000000601061d2        0xc /home/asmir/Desktop/Dropbox/MCU/nxp/RT1021/projects/alencon-systems/halsetup-v1.0/build/pin_mux.o
                0x00000000601061d2                BOARD_InitBootPins
 *fill*         0x00000000601061de        0x2 
 .text.BOARD_InitPins
                0x00000000601061e0      0x21c /home/asmir/Desktop/Dropbox/MCU/nxp/RT1021/projects/alencon-systems/halsetup-v1.0/build/pin_mux.o
                0x00000000601061e0                BOARD_InitPins
 .text._SDK_AtomicLocalClearAndSet4Byte
                0x00000000601063fc       0x4e /home/asmir/Desktop/Dropbox/MCU/nxp/RT1021/projects/alencon-systems/halsetup-v1.0/build/clock_config.o
 *fill*         0x000000006010644a        0x2 
 .text.CLOCK_SetMux
                0x000000006010644c       0xac /home/asmir/Desktop/Dropbox/MCU/nxp/RT1021/projects/alencon-systems/halsetup-v1.0/build/clock_config.o
 .text.CLOCK_SetDiv
                0x00000000601064f8       0xac /home/asmir/Desktop/Dropbox/MCU/nxp/RT1021/projects/alencon-systems/halsetup-v1.0/build/clock_config.o
 .text.CLOCK_ControlGate
                0x00000000601065a4       0x70 /home/asmir/Desktop/Dropbox/MCU/nxp/RT1021/projects/alencon-systems/halsetup-v1.0/build/clock_config.o
 .text.CLOCK_EnableClock
                0x0000000060106614       0x1e /home/asmir/Desktop/Dropbox/MCU/nxp/RT1021/projects/alencon-systems/halsetup-v1.0/build/clock_config.o
 .text.CLOCK_DisableClock
                0x0000000060106632       0x1e /home/asmir/Desktop/Dropbox/MCU/nxp/RT1021/projects/alencon-systems/halsetup-v1.0/build/clock_config.o
 .text.CLOCK_SetXtalFreq
                0x0000000060106650       0x20 /home/asmir/Desktop/Dropbox/MCU/nxp/RT1021/projects/alencon-systems/halsetup-v1.0/build/clock_config.o
 .text.CLOCK_SetRtcXtalFreq
                0x0000000060106670       0x20 /home/asmir/Desktop/Dropbox/MCU/nxp/RT1021/projects/alencon-systems/halsetup-v1.0/build/clock_config.o
 .text.CLOCK_SetPllBypass
                0x0000000060106690       0x4e /home/asmir/Desktop/Dropbox/MCU/nxp/RT1021/projects/alencon-systems/halsetup-v1.0/build/clock_config.o
 .text.IOMUXC_SetSaiMClkClockSource
                0x00000000601066de       0x6c /home/asmir/Desktop/Dropbox/MCU/nxp/RT1021/projects/alencon-systems/halsetup-v1.0/build/clock_config.o
 *fill*         0x000000006010674a        0x2 
 .text.IOMUXC_MQSConfig
                0x000000006010674c       0x44 /home/asmir/Desktop/Dropbox/MCU/nxp/RT1021/projects/alencon-systems/halsetup-v1.0/build/clock_config.o
 .text.BOARD_InitBootClocks
                0x0000000060106790        0xc /home/asmir/Desktop/Dropbox/MCU/nxp/RT1021/projects/alencon-systems/halsetup-v1.0/build/clock_config.o
                0x0000000060106790                BOARD_InitBootClocks
 .text.BOARD_BootClockRUN
                0x000000006010679c      0x498 /home/asmir/Desktop/Dropbox/MCU/nxp/RT1021/projects/alencon-systems/halsetup-v1.0/build/clock_config.o
                0x000000006010679c                BOARD_BootClockRUN
 .text.SystemInit
                0x0000000060106c34       0xac /home/asmir/Desktop/Dropbox/MCU/nxp/RT1021/projects/alencon-systems/halsetup-v1.0/build/system_MIMXRT1021.o
                0x0000000060106c34                SystemInit
 .text.SystemInitHook
                0x0000000060106ce0        0xe /home/asmir/Desktop/Dropbox/MCU/nxp/RT1021/projects/alencon-systems/halsetup-v1.0/build/system_MIMXRT1021.o
                0x0000000060106ce0                SystemInitHook
 .text.__assert_func
                0x0000000060106cee       0x12 /home/asmir/Desktop/Dropbox/MCU/nxp/RT1021/projects/alencon-systems/halsetup-v1.0/build/fsl_assert.o
                0x0000000060106cee                __assert_func
 .text._sbrk    0x0000000060106d00       0x68 /home/asmir/Desktop/Dropbox/MCU/nxp/RT1021/projects/alencon-systems/halsetup-v1.0/build/fsl_sbrk.o
                0x0000000060106d00                _sbrk
 .text.SysTick_Handler
                0x0000000060106d68       0x1c /home/asmir/Desktop/Dropbox/MCU/nxp/RT1021/projects/alencon-systems/halsetup-v1.0/build/timing.o
                0x0000000060106d68                SysTick_Handler
 .text.TimeNow  0x0000000060106d84       0x18 /home/asmir/Desktop/Dropbox/MCU/nxp/RT1021/projects/alencon-systems/halsetup-v1.0/build/timing.o
                0x0000000060106d84                TimeNow
 .text.UART_GetInstance
                0x0000000060106d9c       0x9c /home/asmir/Desktop/Dropbox/MCU/nxp/RT1021/projects/alencon-systems/halsetup-v1.0/build/hal_uart.o
                0x0000000060106d9c                UART_GetInstance
 .text.hal_UART_DisableTxInterrupt
                0x0000000060106e38       0x30 /home/asmir/Desktop/Dropbox/MCU/nxp/RT1021/projects/alencon-systems/halsetup-v1.0/build/hal_uart.o
                0x0000000060106e38                hal_UART_DisableTxInterrupt
 .text.hal_UART_TxByte
                0x0000000060106e68       0x30 /home/asmir/Desktop/Dropbox/MCU/nxp/RT1021/projects/alencon-systems/halsetup-v1.0/build/hal_uart.o
                0x0000000060106e68                hal_UART_TxByte
 .text.hal_UART_RxByte
                0x0000000060106e98       0x2c /home/asmir/Desktop/Dropbox/MCU/nxp/RT1021/projects/alencon-systems/halsetup-v1.0/build/hal_uart.o
                0x0000000060106e98                hal_UART_RxByte
 .text.hal_UART_DataAvailable
                0x0000000060106ec4       0x38 /home/asmir/Desktop/Dropbox/MCU/nxp/RT1021/projects/alencon-systems/halsetup-v1.0/build/hal_uart.o
                0x0000000060106ec4                hal_UART_DataAvailable
 .text.hal_UART_SpaceAvailable
                0x0000000060106efc       0x38 /home/asmir/Desktop/Dropbox/MCU/nxp/RT1021/projects/alencon-systems/halsetup-v1.0/build/hal_uart.o
                0x0000000060106efc                hal_UART_SpaceAvailable
 .text.LPUART2_IRQHandler
                0x0000000060106f34       0x14 /home/asmir/Desktop/Dropbox/MCU/nxp/RT1021/projects/alencon-systems/halsetup-v1.0/build/hal_uart.o
                0x0000000060106f34                LPUART2_IRQHandler
 .text.UART_Tx_Handler
                0x0000000060106f48       0x78 /home/asmir/Desktop/Dropbox/MCU/nxp/RT1021/projects/alencon-systems/halsetup-v1.0/build/uart.o
                0x0000000060106f48                UART_Tx_Handler
 .text.UART_Rx_Handler
                0x0000000060106fc0       0x68 /home/asmir/Desktop/Dropbox/MCU/nxp/RT1021/projects/alencon-systems/halsetup-v1.0/build/uart.o
                0x0000000060106fc0                UART_Rx_Handler
 .text.Buffer_Enqueue
                0x0000000060107028       0xc4 /home/asmir/Desktop/Dropbox/MCU/nxp/RT1021/projects/alencon-systems/halsetup-v1.0/build/buffer.o
                0x0000000060107028                Buffer_Enqueue
 .text.Buffer_Dequeue
                0x00000000601070ec       0x64 /home/asmir/Desktop/Dropbox/MCU/nxp/RT1021/projects/alencon-systems/halsetup-v1.0/build/buffer.o
                0x00000000601070ec                Buffer_Dequeue
 .text.Buffer_GetSize
                0x0000000060107150       0x18 /home/asmir/Desktop/Dropbox/MCU/nxp/RT1021/projects/alencon-systems/halsetup-v1.0/build/buffer.o
                0x0000000060107150                Buffer_GetSize
 .text.__errno  0x0000000060107168        0xc /home/asmir/Desktop/Dropbox/MCU/gcc/gcc-arm-none-eabi-7-2018-q2-update/bin/../lib/gcc/arm-none-eabi/7.3.1/../../../../arm-none-eabi/lib/thumb/v7e-m/fpv4-sp/hard/libc.a(lib_a-errno.o)
                0x0000000060107168                __errno
 .text.__libc_init_array
                0x0000000060107174       0x48 /home/asmir/Desktop/Dropbox/MCU/gcc/gcc-arm-none-eabi-7-2018-q2-update/bin/../lib/gcc/arm-none-eabi/7.3.1/../../../../arm-none-eabi/lib/thumb/v7e-m/fpv4-sp/hard/libc.a(lib_a-init.o)
                0x0000000060107174                __libc_init_array
 .text.malloc   0x00000000601071bc       0x10 /home/asmir/Desktop/Dropbox/MCU/gcc/gcc-arm-none-eabi-7-2018-q2-update/bin/../lib/gcc/arm-none-eabi/7.3.1/../../../../arm-none-eabi/lib/thumb/v7e-m/fpv4-sp/hard/libc.a(lib_a-malloc.o)
                0x00000000601071bc                malloc
 .text._malloc_r
                0x00000000601071cc      0x548 /home/asmir/Desktop/Dropbox/MCU/gcc/gcc-arm-none-eabi-7-2018-q2-update/bin/../lib/gcc/arm-none-eabi/7.3.1/../../../../arm-none-eabi/lib/thumb/v7e-m/fpv4-sp/hard/libc.a(lib_a-mallocr.o)
                0x00000000601071cc                _malloc_r
 .text.__malloc_lock
                0x0000000060107714        0xc /home/asmir/Desktop/Dropbox/MCU/gcc/gcc-arm-none-eabi-7-2018-q2-update/bin/../lib/gcc/arm-none-eabi/7.3.1/../../../../arm-none-eabi/lib/thumb/v7e-m/fpv4-sp/hard/libc.a(lib_a-mlock.o)
                0x0000000060107714                __malloc_lock
 .text.__malloc_unlock
                0x0000000060107720        0xc /home/asmir/Desktop/Dropbox/MCU/gcc/gcc-arm-none-eabi-7-2018-q2-update/bin/../lib/gcc/arm-none-eabi/7.3.1/../../../../arm-none-eabi/lib/thumb/v7e-m/fpv4-sp/hard/libc.a(lib_a-mlock.o)
                0x0000000060107720                __malloc_unlock
 .text._sbrk_r  0x000000006010772c       0x24 /home/asmir/Desktop/Dropbox/MCU/gcc/gcc-arm-none-eabi-7-2018-q2-update/bin/../lib/gcc/arm-none-eabi/7.3.1/../../../../arm-none-eabi/lib/thumb/v7e-m/fpv4-sp/hard/libc.a(lib_a-sbrkr.o)
                0x000000006010772c                _sbrk_r
 .text.startup.register_fini
                0x0000000060107750       0x14 /home/asmir/Desktop/Dropbox/MCU/gcc/gcc-arm-none-eabi-7-2018-q2-update/bin/../lib/gcc/arm-none-eabi/7.3.1/../../../../arm-none-eabi/lib/thumb/v7e-m/fpv4-sp/hard/libc.a(lib_a-__call_atexit.o)
 .text.atexit   0x0000000060107764        0xc /home/asmir/Desktop/Dropbox/MCU/gcc/gcc-arm-none-eabi-7-2018-q2-update/bin/../lib/gcc/arm-none-eabi/7.3.1/../../../../arm-none-eabi/lib/thumb/v7e-m/fpv4-sp/hard/libc.a(lib_a-atexit.o)
                0x0000000060107764                atexit
 .text.__libc_fini_array
                0x0000000060107770       0x34 /home/asmir/Desktop/Dropbox/MCU/gcc/gcc-arm-none-eabi-7-2018-q2-update/bin/../lib/gcc/arm-none-eabi/7.3.1/../../../../arm-none-eabi/lib/thumb/v7e-m/fpv4-sp/hard/libc.a(lib_a-fini.o)
                0x0000000060107770                __libc_fini_array
 .text._malloc_trim_r
                0x00000000601077a4       0xa0 /home/asmir/Desktop/Dropbox/MCU/gcc/gcc-arm-none-eabi-7-2018-q2-update/bin/../lib/gcc/arm-none-eabi/7.3.1/../../../../arm-none-eabi/lib/thumb/v7e-m/fpv4-sp/hard/libc.a(lib_a-freer.o)
                0x00000000601077a4                _malloc_trim_r
 .text._free_r  0x0000000060107844      0x1e8 /home/asmir/Desktop/Dropbox/MCU/gcc/gcc-arm-none-eabi-7-2018-q2-update/bin/../lib/gcc/arm-none-eabi/7.3.1/../../../../arm-none-eabi/lib/thumb/v7e-m/fpv4-sp/hard/libc.a(lib_a-freer.o)
                0x0000000060107844                _free_r
 .text.__retarget_lock_acquire_recursive
                0x0000000060107a2c        0x4 /home/asmir/Desktop/Dropbox/MCU/gcc/gcc-arm-none-eabi-7-2018-q2-update/bin/../lib/gcc/arm-none-eabi/7.3.1/../../../../arm-none-eabi/lib/thumb/v7e-m/fpv4-sp/hard/libc.a(lib_a-lock.o)
                0x0000000060107a2c                __retarget_lock_acquire_recursive
 .text.__retarget_lock_release_recursive
                0x0000000060107a30        0x4 /home/asmir/Desktop/Dropbox/MCU/gcc/gcc-arm-none-eabi-7-2018-q2-update/bin/../lib/gcc/arm-none-eabi/7.3.1/../../../../arm-none-eabi/lib/thumb/v7e-m/fpv4-sp/hard/libc.a(lib_a-lock.o)
                0x0000000060107a30                __retarget_lock_release_recursive
 .text.__register_exitproc
                0x0000000060107a34       0xc0 /home/asmir/Desktop/Dropbox/MCU/gcc/gcc-arm-none-eabi-7-2018-q2-update/bin/../lib/gcc/arm-none-eabi/7.3.1/../../../../arm-none-eabi/lib/thumb/v7e-m/fpv4-sp/hard/libc.a(lib_a-__atexit.o)
                0x0000000060107a34                __register_exitproc
 *(.rodata .rodata.* .constdata .constdata.*)
 .rodata        0x0000000060107af4      0x150 /home/asmir/Desktop/Dropbox/MCU/nxp/RT1021/projects/alencon-systems/halsetup-v1.0/build/main.o
 .rodata        0x0000000060107c44       0x47 /home/asmir/Desktop/Dropbox/MCU/nxp/RT1021/projects/alencon-systems/halsetup-v1.0/build/systemc.o
 *fill*         0x0000000060107c8b        0x1 
 .rodata.__func__.11019
                0x0000000060107c8c        0xb /home/asmir/Desktop/Dropbox/MCU/nxp/RT1021/projects/alencon-systems/halsetup-v1.0/build/systemc.o
 *fill*         0x0000000060107c97        0x1 
 .rodata.FIRMWARE_VERSION
                0x0000000060107c98        0x4 /home/asmir/Desktop/Dropbox/MCU/nxp/RT1021/projects/alencon-systems/halsetup-v1.0/build/fwver.o
                0x0000000060107c98                FIRMWARE_VERSION
 .rodata.BUILD_TIME
                0x0000000060107c9c        0x4 /home/asmir/Desktop/Dropbox/MCU/nxp/RT1021/projects/alencon-systems/halsetup-v1.0/build/fwver.o
                0x0000000060107c9c                BUILD_TIME
 .rodata        0x0000000060107ca0      0x27c /home/asmir/Desktop/Dropbox/MCU/nxp/RT1021/projects/alencon-systems/halsetup-v1.0/build/debug.o
 .rodata        0x0000000060107f1c       0x52 /home/asmir/Desktop/Dropbox/MCU/nxp/RT1021/projects/alencon-systems/halsetup-v1.0/build/fsl_clock.o
 *fill*         0x0000000060107f6e        0x2 
 .rodata.__func__.10077
                0x0000000060107f70       0x16 /home/asmir/Desktop/Dropbox/MCU/nxp/RT1021/projects/alencon-systems/halsetup-v1.0/build/fsl_clock.o
 *fill*         0x0000000060107f86        0x2 
 .rodata        0x0000000060107f88       0x26 /home/asmir/Desktop/Dropbox/MCU/nxp/RT1021/projects/alencon-systems/halsetup-v1.0/build/pin_mux.o
 *fill*         0x0000000060107fae        0x2 
 .rodata.__func__.9905
                0x0000000060107fb0       0x12 /home/asmir/Desktop/Dropbox/MCU/nxp/RT1021/projects/alencon-systems/halsetup-v1.0/build/pin_mux.o
 *fill*         0x0000000060107fc2        0x2 
 .rodata        0x0000000060107fc4       0x45 /home/asmir/Desktop/Dropbox/MCU/nxp/RT1021/projects/alencon-systems/halsetup-v1.0/build/clock_config.o
 *fill*         0x0000000060108009        0x3 
 .rodata.enetPllConfig_BOARD_BootClockRUN
                0x000000006010800c        0x5 /home/asmir/Desktop/Dropbox/MCU/nxp/RT1021/projects/alencon-systems/halsetup-v1.0/build/clock_config.o
                0x000000006010800c                enetPllConfig_BOARD_BootClockRUN
 *fill*         0x0000000060108011        0x3 
 .rodata.__func__.9905
                0x0000000060108014       0x12 /home/asmir/Desktop/Dropbox/MCU/nxp/RT1021/projects/alencon-systems/halsetup-v1.0/build/clock_config.o
 *fill*         0x0000000060108026        0x2 
 .rodata.__func__.9891
                0x0000000060108028        0xd /home/asmir/Desktop/Dropbox/MCU/nxp/RT1021/projects/alencon-systems/halsetup-v1.0/build/clock_config.o
 *fill*         0x0000000060108035        0x3 
 .rodata.__func__.9879
                0x0000000060108038        0xd /home/asmir/Desktop/Dropbox/MCU/nxp/RT1021/projects/alencon-systems/halsetup-v1.0/build/clock_config.o
 *fill*         0x0000000060108045        0x3 
 .rodata._global_impure_ptr
                0x0000000060108048        0x4 /home/asmir/Desktop/Dropbox/MCU/gcc/gcc-arm-none-eabi-7-2018-q2-update/bin/../lib/gcc/arm-none-eabi/7.3.1/../../../../arm-none-eabi/lib/thumb/v7e-m/fpv4-sp/hard/libc.a(lib_a-impure.o)
                0x0000000060108048                _global_impure_ptr
 *(.glue_7)
 .glue_7        0x000000006010804c        0x0 linker stubs
 *(.glue_7t)
 .glue_7t       0x000000006010804c        0x0 linker stubs
 *(.eh_frame)
 .eh_frame      0x000000006010804c        0x0 /home/asmir/Desktop/Dropbox/MCU/gcc/gcc-arm-none-eabi-7-2018-q2-update/bin/../lib/gcc/arm-none-eabi/7.3.1/thumb/v7e-m/fpv4-sp/hard/crtbegin.o
 *(.init)
 .init          0x000000006010804c        0x4 /home/asmir/Desktop/Dropbox/MCU/gcc/gcc-arm-none-eabi-7-2018-q2-update/bin/../lib/gcc/arm-none-eabi/7.3.1/thumb/v7e-m/fpv4-sp/hard/crti.o
                0x000000006010804c                _init
 .init          0x0000000060108050        0x8 /home/asmir/Desktop/Dropbox/MCU/gcc/gcc-arm-none-eabi-7-2018-q2-update/bin/../lib/gcc/arm-none-eabi/7.3.1/thumb/v7e-m/fpv4-sp/hard/crtn.o
 *(.fini)
 .fini          0x0000000060108058        0x4 /home/asmir/Desktop/Dropbox/MCU/gcc/gcc-arm-none-eabi-7-2018-q2-update/bin/../lib/gcc/arm-none-eabi/7.3.1/thumb/v7e-m/fpv4-sp/hard/crti.o
                0x0000000060108058                _fini
 .fini          0x000000006010805c        0x8 /home/asmir/Desktop/Dropbox/MCU/gcc/gcc-arm-none-eabi-7-2018-q2-update/bin/../lib/gcc/arm-none-eabi/7.3.1/thumb/v7e-m/fpv4-sp/hard/crtn.o
                0x0000000060108064                . = ALIGN (0x4)

.vfp11_veneer   0x0000000060108064        0x0
 .vfp11_veneer  0x0000000060108064        0x0 linker stubs

.v4_bx          0x0000000060108064        0x0
 .v4_bx         0x0000000060108064        0x0 linker stubs

.iplt           0x0000000060108064        0x0
 .iplt          0x0000000060108064        0x0 /home/asmir/Desktop/Dropbox/MCU/gcc/gcc-arm-none-eabi-7-2018-q2-update/bin/../lib/gcc/arm-none-eabi/7.3.1/thumb/v7e-m/fpv4-sp/hard/crtbegin.o

.rel.dyn        0x0000000060108064        0x0
 .rel.iplt      0x0000000060108064        0x0 /home/asmir/Desktop/Dropbox/MCU/gcc/gcc-arm-none-eabi-7-2018-q2-update/bin/../lib/gcc/arm-none-eabi/7.3.1/thumb/v7e-m/fpv4-sp/hard/crtbegin.o

.ARM.extab
 *(.ARM.extab* .gnu.linkonce.armextab.*)

.ARM            0x0000000060108064        0x0
                0x0000000060108064                __exidx_start = .
 *(.ARM.exidx*)
                0x0000000060108064                __exidx_end = .

.ctors          0x0000000060108064        0x0
                0x0000000060108064                __CTOR_LIST__ = .
 *crtbegin.o(.ctors)
 *crtbegin?.o(.ctors)
 *(EXCLUDE_FILE(*crtend.o *crtend?.o) .ctors)
 *(SORT_BY_NAME(.ctors.*))
 *(.ctors)
                0x0000000060108064                __CTOR_END__ = .

.dtors          0x0000000060108064        0x0
                0x0000000060108064                __DTOR_LIST__ = .
 *crtbegin.o(.dtors)
 *crtbegin?.o(.dtors)
 *(EXCLUDE_FILE(*crtend.o *crtend?.o) .dtors)
 *(SORT_BY_NAME(.dtors.*))
 *(.dtors)
                0x0000000060108064                __DTOR_END__ = .

.preinit_array  0x0000000060108064        0x0
                0x0000000060108064                PROVIDE (__preinit_array_start = .)
 *(.preinit_array*)
                0x0000000060108064                PROVIDE (__preinit_array_end = .)

.init_array     0x0000000060108064        0x8
                0x0000000060108064                PROVIDE (__init_array_start = .)
 *(SORT_BY_NAME(.init_array.*))
 .init_array.00000
                0x0000000060108064        0x4 /home/asmir/Desktop/Dropbox/MCU/gcc/gcc-arm-none-eabi-7-2018-q2-update/bin/../lib/gcc/arm-none-eabi/7.3.1/../../../../arm-none-eabi/lib/thumb/v7e-m/fpv4-sp/hard/libc.a(lib_a-__call_atexit.o)
 *(.init_array*)
 .init_array    0x0000000060108068        0x4 /home/asmir/Desktop/Dropbox/MCU/gcc/gcc-arm-none-eabi-7-2018-q2-update/bin/../lib/gcc/arm-none-eabi/7.3.1/thumb/v7e-m/fpv4-sp/hard/crtbegin.o
                0x000000006010806c                PROVIDE (__init_array_end = .)

.fini_array     0x000000006010806c        0x4
                0x000000006010806c                PROVIDE (__fini_array_start = .)
 *(SORT_BY_NAME(.fini_array.*))
 *(.fini_array*)
 .fini_array    0x000000006010806c        0x4 /home/asmir/Desktop/Dropbox/MCU/gcc/gcc-arm-none-eabi-7-2018-q2-update/bin/../lib/gcc/arm-none-eabi/7.3.1/thumb/v7e-m/fpv4-sp/hard/crtbegin.o
                0x0000000060108070                PROVIDE (__fini_array_end = .)
                0x0000000060108070                __etext = .
                0x0000000060108070                __DATA_ROM = .

.interrupts_ram
                0x0000000020000000        0x0
                0x0000000020000000                . = ALIGN (0x4)
                0x0000000020000000                __VECTOR_RAM__ = .
                0x0000000020000000                __interrupts_ram_start__ = .
 *(.m_interrupts_ram)
                0x0000000020000000                . = (. + VECTOR_RAM_SIZE)
                0x0000000020000000                . = ALIGN (0x4)
                0x0000000020000000                __interrupts_ram_end__ = .
                0x0000000060108070                _flexspi = LOADADDR (.flexspi)

.flexspi        0x0000000000000000      0x86c load address 0x0000000060108070
                0x0000000000000000                . = ALIGN (0x4)
                0x0000000000000000                __flexspi_start__ = .
 *flexspi_nor_flash_ops.o(.text*)
 *fsl_flexspi.o(.text*)
 .text.FLEXSPI_DriverIRQHandler
                0x0000000000000000       0x28 /home/asmir/Desktop/Dropbox/MCU/nxp/RT1021/projects/alencon-systems/halsetup-v1.0/build/fsl_flexspi.o
                0x0000000000000000                FLEXSPI_DriverIRQHandler
 *(.data)
 *(.data*)
 .data.SystemCoreClock
                0x0000000000000028        0x4 /home/asmir/Desktop/Dropbox/MCU/nxp/RT1021/projects/alencon-systems/halsetup-v1.0/build/system_MIMXRT1021.o
                0x0000000000000028                SystemCoreClock
 .data._impure_ptr
                0x000000000000002c        0x4 /home/asmir/Desktop/Dropbox/MCU/gcc/gcc-arm-none-eabi-7-2018-q2-update/bin/../lib/gcc/arm-none-eabi/7.3.1/../../../../arm-none-eabi/lib/thumb/v7e-m/fpv4-sp/hard/libc.a(lib_a-impure.o)
                0x000000000000002c                _impure_ptr
 .data.impure_data
                0x0000000000000030      0x428 /home/asmir/Desktop/Dropbox/MCU/gcc/gcc-arm-none-eabi-7-2018-q2-update/bin/../lib/gcc/arm-none-eabi/7.3.1/../../../../arm-none-eabi/lib/thumb/v7e-m/fpv4-sp/hard/libc.a(lib_a-impure.o)
 .data.__malloc_av_
                0x0000000000000458      0x408 /home/asmir/Desktop/Dropbox/MCU/gcc/gcc-arm-none-eabi-7-2018-q2-update/bin/../lib/gcc/arm-none-eabi/7.3.1/../../../../arm-none-eabi/lib/thumb/v7e-m/fpv4-sp/hard/libc.a(lib_a-mallocr.o)
                0x0000000000000458                __malloc_av_
 .data.__malloc_sbrk_base
                0x0000000000000860        0x4 /home/asmir/Desktop/Dropbox/MCU/gcc/gcc-arm-none-eabi-7-2018-q2-update/bin/../lib/gcc/arm-none-eabi/7.3.1/../../../../arm-none-eabi/lib/thumb/v7e-m/fpv4-sp/hard/libc.a(lib_a-mallocr.o)
                0x0000000000000860                __malloc_sbrk_base
 .data.__malloc_trim_threshold
                0x0000000000000864        0x4 /home/asmir/Desktop/Dropbox/MCU/gcc/gcc-arm-none-eabi-7-2018-q2-update/bin/../lib/gcc/arm-none-eabi/7.3.1/../../../../arm-none-eabi/lib/thumb/v7e-m/fpv4-sp/hard/libc.a(lib_a-mallocr.o)
                0x0000000000000864                __malloc_trim_threshold
 .data.__atexit_recursive_mutex
                0x0000000000000868        0x4 /home/asmir/Desktop/Dropbox/MCU/gcc/gcc-arm-none-eabi-7-2018-q2-update/bin/../lib/gcc/arm-none-eabi/7.3.1/../../../../arm-none-eabi/lib/thumb/v7e-m/fpv4-sp/hard/libc.a(lib_a-__call_atexit.o)
                0x0000000000000868                __atexit_recursive_mutex
                0x000000000000086c                . = ALIGN (0x4)
                0x000000000000086c                __flexspi_end__ = .
                0x0000000060103000                __VECTOR_RAM = DEFINED (__ram_vector_table__)?__VECTOR_RAM__:ORIGIN (m_interrupts)
                0x0000000000000000                __RAM_VECTOR_TABLE_SIZE_BYTES = DEFINED (__ram_vector_table__)?(__interrupts_ram_end__ - __interrupts_ram_start__):0x0

.data           0x0000000020000000        0x0 load address 0x0000000060108070
                0x0000000020000000                . = ALIGN (0x4)
                0x0000000020000000                __DATA_RAM = .
                0x0000000020000000                __data_start__ = .
 *(m_usb_dma_init_data)
 *(DataQuickAccess)
 *(.jcr*)
                0x0000000020000000                . = ALIGN (0x4)
                0x0000000020000000                __data_end__ = .
                0x0000000060108070                __ram_function_flash_start = (__DATA_ROM + (__data_end__ - __data_start__))

.igot.plt       0x0000000020000000        0x0
 .igot.plt      0x0000000020000000        0x0 /home/asmir/Desktop/Dropbox/MCU/gcc/gcc-arm-none-eabi-7-2018-q2-update/bin/../lib/gcc/arm-none-eabi/7.3.1/thumb/v7e-m/fpv4-sp/hard/crtbegin.o

.ram_function   0x000000000000086c       0x14 load address 0x0000000060108070
                0x0000000000000880                . = ALIGN (0x20)
 *fill*         0x000000000000086c       0x14 
                0x0000000000000880                __ram_function_start__ = .
 *(CodeQuickAccess)
                0x0000000000000880                . = ALIGN (0x80)
                0x0000000000000880                __ram_function_end__ = .
                0x0000000060108070                __NDATA_ROM = (__ram_function_flash_start + (__ram_function_end__ - __ram_function_start__))

.ncache.init    0x0000000020000000        0x0 load address 0x0000000060108070
                0x0000000020000000                __noncachedata_start__ = .
 *(NonCacheable.init)
                0x0000000020000000                . = ALIGN (0x4)
                0x0000000020000000                __noncachedata_init_end__ = .
                0x0000000020000000                . = __noncachedata_init_end__

.ncache         0x0000000020000000        0x0
 *(NonCacheable)
                0x0000000020000000                . = ALIGN (0x4)
                0x0000000020000000                __noncachedata_end__ = .
                0x0000000060108070                __DATA_END = (__NDATA_ROM + (__noncachedata_init_end__ - __noncachedata_start__))
                0x0000000060204400                text_end = (ORIGIN (m_text) + LENGTH (m_text))
                0x0000000000000001                ASSERT ((__DATA_END <= text_end), region m_text overflowed with text and data)

.bss            0x0000000020000000       0xe4
                0x0000000020000000                . = ALIGN (0x4)
                0x0000000020000000                __START_BSS = .
                0x0000000020000000                __bss_start__ = .
 *(m_usb_dma_noninit_data)
 *(.bss)
 .bss           0x0000000020000000       0x1c /home/asmir/Desktop/Dropbox/MCU/gcc/gcc-arm-none-eabi-7-2018-q2-update/bin/../lib/gcc/arm-none-eabi/7.3.1/thumb/v7e-m/fpv4-sp/hard/crtbegin.o
 *(.bss*)
 .bss.g_DEBUG_INFO
                0x000000002000001c       0x11 /home/asmir/Desktop/Dropbox/MCU/nxp/RT1021/projects/alencon-systems/halsetup-v1.0/build/debug.o
                0x000000002000001c                g_DEBUG_INFO
 *fill*         0x000000002000002d        0x3 
 .bss.g_xtalFreq
                0x0000000020000030        0x4 /home/asmir/Desktop/Dropbox/MCU/nxp/RT1021/projects/alencon-systems/halsetup-v1.0/build/fsl_clock.o
                0x0000000020000030                g_xtalFreq
 .bss.g_rtcXtalFreq
                0x0000000020000034        0x4 /home/asmir/Desktop/Dropbox/MCU/nxp/RT1021/projects/alencon-systems/halsetup-v1.0/build/fsl_clock.o
                0x0000000020000034                g_rtcXtalFreq
 .bss.heap_end.5954
                0x0000000020000038        0x4 /home/asmir/Desktop/Dropbox/MCU/nxp/RT1021/projects/alencon-systems/halsetup-v1.0/build/fsl_sbrk.o
 .bss.time_ms   0x000000002000003c        0x4 /home/asmir/Desktop/Dropbox/MCU/nxp/RT1021/projects/alencon-systems/halsetup-v1.0/build/timing.o
                0x000000002000003c                time_ms
 .bss.uart      0x0000000020000040       0x3c /home/asmir/Desktop/Dropbox/MCU/nxp/RT1021/projects/alencon-systems/halsetup-v1.0/build/uart.o
                0x0000000020000040                uart
 .bss.rx_flags  0x000000002000007c        0x1 /home/asmir/Desktop/Dropbox/MCU/nxp/RT1021/projects/alencon-systems/halsetup-v1.0/build/uart.o
                0x000000002000007c                rx_flags
 *fill*         0x000000002000007d        0x3 
 .bss.s_flexspiHandle
                0x0000000020000080        0x4 /home/asmir/Desktop/Dropbox/MCU/nxp/RT1021/projects/alencon-systems/halsetup-v1.0/build/fsl_flexspi.o
 .bss.s_flexspiIsr
                0x0000000020000084        0x4 /home/asmir/Desktop/Dropbox/MCU/nxp/RT1021/projects/alencon-systems/halsetup-v1.0/build/fsl_flexspi.o
 .bss.__malloc_current_mallinfo
                0x0000000020000088       0x28 /home/asmir/Desktop/Dropbox/MCU/gcc/gcc-arm-none-eabi-7-2018-q2-update/bin/../lib/gcc/arm-none-eabi/7.3.1/../../../../arm-none-eabi/lib/thumb/v7e-m/fpv4-sp/hard/libc.a(lib_a-mallocr.o)
                0x0000000020000088                __malloc_current_mallinfo
 .bss.__malloc_max_sbrked_mem
                0x00000000200000b0        0x4 /home/asmir/Desktop/Dropbox/MCU/gcc/gcc-arm-none-eabi-7-2018-q2-update/bin/../lib/gcc/arm-none-eabi/7.3.1/../../../../arm-none-eabi/lib/thumb/v7e-m/fpv4-sp/hard/libc.a(lib_a-mallocr.o)
                0x00000000200000b0                __malloc_max_sbrked_mem
 .bss.__malloc_max_total_mem
                0x00000000200000b4        0x4 /home/asmir/Desktop/Dropbox/MCU/gcc/gcc-arm-none-eabi-7-2018-q2-update/bin/../lib/gcc/arm-none-eabi/7.3.1/../../../../arm-none-eabi/lib/thumb/v7e-m/fpv4-sp/hard/libc.a(lib_a-mallocr.o)
                0x00000000200000b4                __malloc_max_total_mem
 .bss.__malloc_top_pad
                0x00000000200000b8        0x4 /home/asmir/Desktop/Dropbox/MCU/gcc/gcc-arm-none-eabi-7-2018-q2-update/bin/../lib/gcc/arm-none-eabi/7.3.1/../../../../arm-none-eabi/lib/thumb/v7e-m/fpv4-sp/hard/libc.a(lib_a-mallocr.o)
                0x00000000200000b8                __malloc_top_pad
 *(COMMON)
 COMMON         0x00000000200000bc       0x21 /home/asmir/Desktop/Dropbox/MCU/gcc/gcc-arm-none-eabi-7-2018-q2-update/bin/../lib/gcc/arm-none-eabi/7.3.1/../../../../arm-none-eabi/lib/thumb/v7e-m/fpv4-sp/hard/libc.a(lib_a-lock.o)
                0x00000000200000bc                __lock___atexit_recursive_mutex
                0x00000000200000c0                __lock___arc4random_mutex
                0x00000000200000c4                __lock___env_recursive_mutex
                0x00000000200000c8                __lock___sinit_recursive_mutex
                0x00000000200000cc                __lock___malloc_recursive_mutex
                0x00000000200000d0                __lock___at_quick_exit_mutex
                0x00000000200000d4                __lock___dd_hash_mutex
                0x00000000200000d8                __lock___tz_mutex
                0x00000000200000dc                __lock___sfp_recursive_mutex
 *fill*         0x00000000200000dd        0x3 
 COMMON         0x00000000200000e0        0x4 /home/asmir/Desktop/Dropbox/MCU/gcc/gcc-arm-none-eabi-7-2018-q2-update/bin/../lib/gcc/arm-none-eabi/7.3.1/../../../../arm-none-eabi/lib/thumb/v7e-m/fpv4-sp/hard/libc.a(lib_a-reent.o)
                0x00000000200000e0                errno
                0x00000000200000e4                . = ALIGN (0x4)
                0x00000000200000e4                __bss_end__ = .
                0x00000000200000e4                __END_BSS = .

.heap           0x00000000200000e4      0x404
                0x00000000200000e8                . = ALIGN (0x8)
 *fill*         0x00000000200000e4        0x4 
                0x00000000200000e8                __end__ = .
                0x00000000200000e8                PROVIDE (end = .)
                0x00000000200000e8                __HeapBase = .
                0x00000000200004e8                . = (. + HEAP_SIZE)
 *fill*         0x00000000200000e8      0x400 
                0x00000000200004e8                __HeapLimit = .
                0x00000000200004e8                __heap_limit = .

.stack          0x00000000200004e8      0x400
                0x00000000200004e8                . = ALIGN (0x8)
                0x00000000200008e8                . = (. + STACK_SIZE)
 *fill*         0x00000000200004e8      0x400 
                0x0000000020010000                __StackTop = (ORIGIN (m_data) + LENGTH (m_data))
                0x000000002000fc00                __StackLimit = (__StackTop - STACK_SIZE)
                0x0000000020010000                PROVIDE (__stack = __StackTop)

.ARM.attributes
                0x0000000000000000       0x2e
 *(.ARM.attributes)
 .ARM.attributes
                0x0000000000000000       0x22 /home/asmir/Desktop/Dropbox/MCU/gcc/gcc-arm-none-eabi-7-2018-q2-update/bin/../lib/gcc/arm-none-eabi/7.3.1/thumb/v7e-m/fpv4-sp/hard/crti.o
 .ARM.attributes
                0x0000000000000022       0x34 /home/asmir/Desktop/Dropbox/MCU/gcc/gcc-arm-none-eabi-7-2018-q2-update/bin/../lib/gcc/arm-none-eabi/7.3.1/thumb/v7e-m/fpv4-sp/hard/crtbegin.o
 .ARM.attributes
                0x0000000000000056       0x37 /home/asmir/Desktop/Dropbox/MCU/nxp/RT1021/projects/alencon-systems/halsetup-v1.0/build/main.o
 .ARM.attributes
                0x000000000000008d       0x37 /home/asmir/Desktop/Dropbox/MCU/nxp/RT1021/projects/alencon-systems/halsetup-v1.0/build/systemc.o
 .ARM.attributes
                0x00000000000000c4       0x37 /home/asmir/Desktop/Dropbox/MCU/nxp/RT1021/projects/alencon-systems/halsetup-v1.0/build/delay.o
 .ARM.attributes
                0x00000000000000fb       0x37 /home/asmir/Desktop/Dropbox/MCU/nxp/RT1021/projects/alencon-systems/halsetup-v1.0/build/fwver.o
 .ARM.attributes
                0x0000000000000132       0x37 /home/asmir/Desktop/Dropbox/MCU/nxp/RT1021/projects/alencon-systems/halsetup-v1.0/build/debug.o
 .ARM.attributes
                0x0000000000000169       0x37 /home/asmir/Desktop/Dropbox/MCU/nxp/RT1021/projects/alencon-systems/halsetup-v1.0/build/misc.o
 .ARM.attributes
                0x00000000000001a0       0x37 /home/asmir/Desktop/Dropbox/MCU/nxp/RT1021/projects/alencon-systems/halsetup-v1.0/build/lpuart.o
 .ARM.attributes
                0x00000000000001d7       0x37 /home/asmir/Desktop/Dropbox/MCU/nxp/RT1021/projects/alencon-systems/halsetup-v1.0/build/evkmimxrt1020_flexspi_nor_config.o
 .ARM.attributes
                0x000000000000020e       0x37 /home/asmir/Desktop/Dropbox/MCU/nxp/RT1021/projects/alencon-systems/halsetup-v1.0/build/fsl_clock.o
 .ARM.attributes
                0x0000000000000245       0x37 /home/asmir/Desktop/Dropbox/MCU/nxp/RT1021/projects/alencon-systems/halsetup-v1.0/build/pin_mux.o
 .ARM.attributes
                0x000000000000027c       0x37 /home/asmir/Desktop/Dropbox/MCU/nxp/RT1021/projects/alencon-systems/halsetup-v1.0/build/clock_config.o
 .ARM.attributes
                0x00000000000002b3       0x37 /home/asmir/Desktop/Dropbox/MCU/nxp/RT1021/projects/alencon-systems/halsetup-v1.0/build/system_MIMXRT1021.o
 .ARM.attributes
                0x00000000000002ea       0x37 /home/asmir/Desktop/Dropbox/MCU/nxp/RT1021/projects/alencon-systems/halsetup-v1.0/build/dcd.o
 .ARM.attributes
                0x0000000000000321       0x37 /home/asmir/Desktop/Dropbox/MCU/nxp/RT1021/projects/alencon-systems/halsetup-v1.0/build/fsl_assert.o
 .ARM.attributes
                0x0000000000000358       0x37 /home/asmir/Desktop/Dropbox/MCU/nxp/RT1021/projects/alencon-systems/halsetup-v1.0/build/fsl_flexspi_nor_boot.o
 .ARM.attributes
                0x000000000000038f       0x37 /home/asmir/Desktop/Dropbox/MCU/nxp/RT1021/projects/alencon-systems/halsetup-v1.0/build/fsl_sbrk.o
 .ARM.attributes
                0x00000000000003c6       0x37 /home/asmir/Desktop/Dropbox/MCU/nxp/RT1021/projects/alencon-systems/halsetup-v1.0/build/timing.o
 .ARM.attributes
                0x00000000000003fd       0x37 /home/asmir/Desktop/Dropbox/MCU/nxp/RT1021/projects/alencon-systems/halsetup-v1.0/build/hal_uart.o
 .ARM.attributes
                0x0000000000000434       0x37 /home/asmir/Desktop/Dropbox/MCU/nxp/RT1021/projects/alencon-systems/halsetup-v1.0/build/uart.o
 .ARM.attributes
                0x000000000000046b       0x37 /home/asmir/Desktop/Dropbox/MCU/nxp/RT1021/projects/alencon-systems/halsetup-v1.0/build/buffer.o
 .ARM.attributes
                0x00000000000004a2       0x37 /home/asmir/Desktop/Dropbox/MCU/nxp/RT1021/projects/alencon-systems/halsetup-v1.0/build/fsl_flexspi.o
 .ARM.attributes
                0x00000000000004d9       0x1b /home/asmir/Desktop/Dropbox/MCU/nxp/RT1021/projects/alencon-systems/halsetup-v1.0/build/startup_MIMXRT1021.o
 .ARM.attributes
                0x00000000000004f4       0x34 /home/asmir/Desktop/Dropbox/MCU/gcc/gcc-arm-none-eabi-7-2018-q2-update/bin/../lib/gcc/arm-none-eabi/7.3.1/../../../../arm-none-eabi/lib/thumb/v7e-m/fpv4-sp/hard/libc.a(lib_a-errno.o)
 .ARM.attributes
                0x0000000000000528       0x34 /home/asmir/Desktop/Dropbox/MCU/gcc/gcc-arm-none-eabi-7-2018-q2-update/bin/../lib/gcc/arm-none-eabi/7.3.1/../../../../arm-none-eabi/lib/thumb/v7e-m/fpv4-sp/hard/libc.a(lib_a-impure.o)
 .ARM.attributes
                0x000000000000055c       0x34 /home/asmir/Desktop/Dropbox/MCU/gcc/gcc-arm-none-eabi-7-2018-q2-update/bin/../lib/gcc/arm-none-eabi/7.3.1/../../../../arm-none-eabi/lib/thumb/v7e-m/fpv4-sp/hard/libc.a(lib_a-init.o)
 .ARM.attributes
                0x0000000000000590       0x34 /home/asmir/Desktop/Dropbox/MCU/gcc/gcc-arm-none-eabi-7-2018-q2-update/bin/../lib/gcc/arm-none-eabi/7.3.1/../../../../arm-none-eabi/lib/thumb/v7e-m/fpv4-sp/hard/libc.a(lib_a-malloc.o)
 .ARM.attributes
                0x00000000000005c4       0x34 /home/asmir/Desktop/Dropbox/MCU/gcc/gcc-arm-none-eabi-7-2018-q2-update/bin/../lib/gcc/arm-none-eabi/7.3.1/../../../../arm-none-eabi/lib/thumb/v7e-m/fpv4-sp/hard/libc.a(lib_a-mallocr.o)
 .ARM.attributes
                0x00000000000005f8       0x34 /home/asmir/Desktop/Dropbox/MCU/gcc/gcc-arm-none-eabi-7-2018-q2-update/bin/../lib/gcc/arm-none-eabi/7.3.1/../../../../arm-none-eabi/lib/thumb/v7e-m/fpv4-sp/hard/libc.a(lib_a-mlock.o)
 .ARM.attributes
                0x000000000000062c       0x34 /home/asmir/Desktop/Dropbox/MCU/gcc/gcc-arm-none-eabi-7-2018-q2-update/bin/../lib/gcc/arm-none-eabi/7.3.1/../../../../arm-none-eabi/lib/thumb/v7e-m/fpv4-sp/hard/libc.a(lib_a-sbrkr.o)
 .ARM.attributes
                0x0000000000000660       0x34 /home/asmir/Desktop/Dropbox/MCU/gcc/gcc-arm-none-eabi-7-2018-q2-update/bin/../lib/gcc/arm-none-eabi/7.3.1/../../../../arm-none-eabi/lib/thumb/v7e-m/fpv4-sp/hard/libc.a(lib_a-__call_atexit.o)
 .ARM.attributes
                0x0000000000000694       0x34 /home/asmir/Desktop/Dropbox/MCU/gcc/gcc-arm-none-eabi-7-2018-q2-update/bin/../lib/gcc/arm-none-eabi/7.3.1/../../../../arm-none-eabi/lib/thumb/v7e-m/fpv4-sp/hard/libc.a(lib_a-atexit.o)
 .ARM.attributes
                0x00000000000006c8       0x34 /home/asmir/Desktop/Dropbox/MCU/gcc/gcc-arm-none-eabi-7-2018-q2-update/bin/../lib/gcc/arm-none-eabi/7.3.1/../../../../arm-none-eabi/lib/thumb/v7e-m/fpv4-sp/hard/libc.a(lib_a-fini.o)
 .ARM.attributes
                0x00000000000006fc       0x34 /home/asmir/Desktop/Dropbox/MCU/gcc/gcc-arm-none-eabi-7-2018-q2-update/bin/../lib/gcc/arm-none-eabi/7.3.1/../../../../arm-none-eabi/lib/thumb/v7e-m/fpv4-sp/hard/libc.a(lib_a-freer.o)
 .ARM.attributes
                0x0000000000000730       0x34 /home/asmir/Desktop/Dropbox/MCU/gcc/gcc-arm-none-eabi-7-2018-q2-update/bin/../lib/gcc/arm-none-eabi/7.3.1/../../../../arm-none-eabi/lib/thumb/v7e-m/fpv4-sp/hard/libc.a(lib_a-lock.o)
 .ARM.attributes
                0x0000000000000764       0x34 /home/asmir/Desktop/Dropbox/MCU/gcc/gcc-arm-none-eabi-7-2018-q2-update/bin/../lib/gcc/arm-none-eabi/7.3.1/../../../../arm-none-eabi/lib/thumb/v7e-m/fpv4-sp/hard/libc.a(lib_a-reent.o)
 .ARM.attributes
                0x0000000000000798       0x34 /home/asmir/Desktop/Dropbox/MCU/gcc/gcc-arm-none-eabi-7-2018-q2-update/bin/../lib/gcc/arm-none-eabi/7.3.1/../../../../arm-none-eabi/lib/thumb/v7e-m/fpv4-sp/hard/libc.a(lib_a-__atexit.o)
 .ARM.attributes
                0x00000000000007cc       0x22 /home/asmir/Desktop/Dropbox/MCU/gcc/gcc-arm-none-eabi-7-2018-q2-update/bin/../lib/gcc/arm-none-eabi/7.3.1/thumb/v7e-m/fpv4-sp/hard/crtn.o
                0x0000000000000001                ASSERT ((__StackLimit >= __HeapLimit), region m_data overflowed with stack and heap)
OUTPUT(/home/asmir/Desktop/Dropbox/MCU/nxp/RT1021/projects/alencon-systems/halsetup-v1.0/build/m7fw.elf elf32-littlearm)

.debug_info     0x0000000000000000    0x1735b
 .debug_info    0x0000000000000000     0x143f /home/asmir/Desktop/Dropbox/MCU/nxp/RT1021/projects/alencon-systems/halsetup-v1.0/build/main.o
 .debug_info    0x000000000000143f     0x1197 /home/asmir/Desktop/Dropbox/MCU/nxp/RT1021/projects/alencon-systems/halsetup-v1.0/build/systemc.o
 .debug_info    0x00000000000025d6      0x288 /home/asmir/Desktop/Dropbox/MCU/nxp/RT1021/projects/alencon-systems/halsetup-v1.0/build/delay.o
 .debug_info    0x000000000000285e       0xa4 /home/asmir/Desktop/Dropbox/MCU/nxp/RT1021/projects/alencon-systems/halsetup-v1.0/build/fwver.o
 .debug_info    0x0000000000002902      0xc8d /home/asmir/Desktop/Dropbox/MCU/nxp/RT1021/projects/alencon-systems/halsetup-v1.0/build/debug.o
 .debug_info    0x000000000000358f      0xf07 /home/asmir/Desktop/Dropbox/MCU/nxp/RT1021/projects/alencon-systems/halsetup-v1.0/build/misc.o
 .debug_info    0x0000000000004496     0x1f8d /home/asmir/Desktop/Dropbox/MCU/nxp/RT1021/projects/alencon-systems/halsetup-v1.0/build/lpuart.o
 .debug_info    0x0000000000006423     0x1058 /home/asmir/Desktop/Dropbox/MCU/nxp/RT1021/projects/alencon-systems/halsetup-v1.0/build/evkmimxrt1020_flexspi_nor_config.o
 .debug_info    0x000000000000747b     0x28a7 /home/asmir/Desktop/Dropbox/MCU/nxp/RT1021/projects/alencon-systems/halsetup-v1.0/build/fsl_clock.o
 .debug_info    0x0000000000009d22     0x1076 /home/asmir/Desktop/Dropbox/MCU/nxp/RT1021/projects/alencon-systems/halsetup-v1.0/build/pin_mux.o
 .debug_info    0x000000000000ad98     0x1ecf /home/asmir/Desktop/Dropbox/MCU/nxp/RT1021/projects/alencon-systems/halsetup-v1.0/build/clock_config.o
 .debug_info    0x000000000000cc67      0xa9c /home/asmir/Desktop/Dropbox/MCU/nxp/RT1021/projects/alencon-systems/halsetup-v1.0/build/system_MIMXRT1021.o
 .debug_info    0x000000000000d703       0x9b /home/asmir/Desktop/Dropbox/MCU/nxp/RT1021/projects/alencon-systems/halsetup-v1.0/build/dcd.o
 .debug_info    0x000000000000d79e      0x937 /home/asmir/Desktop/Dropbox/MCU/nxp/RT1021/projects/alencon-systems/halsetup-v1.0/build/fsl_assert.o
 .debug_info    0x000000000000e0d5      0xe22 /home/asmir/Desktop/Dropbox/MCU/nxp/RT1021/projects/alencon-systems/halsetup-v1.0/build/fsl_flexspi_nor_boot.o
 .debug_info    0x000000000000eef7      0x933 /home/asmir/Desktop/Dropbox/MCU/nxp/RT1021/projects/alencon-systems/halsetup-v1.0/build/fsl_sbrk.o
 .debug_info    0x000000000000f82a     0x131e /home/asmir/Desktop/Dropbox/MCU/nxp/RT1021/projects/alencon-systems/halsetup-v1.0/build/timing.o
 .debug_info    0x0000000000010b48     0x218e /home/asmir/Desktop/Dropbox/MCU/nxp/RT1021/projects/alencon-systems/halsetup-v1.0/build/hal_uart.o
 .debug_info    0x0000000000012cd6      0xfd1 /home/asmir/Desktop/Dropbox/MCU/nxp/RT1021/projects/alencon-systems/halsetup-v1.0/build/uart.o
 .debug_info    0x0000000000013ca7      0xc31 /home/asmir/Desktop/Dropbox/MCU/nxp/RT1021/projects/alencon-systems/halsetup-v1.0/build/buffer.o
 .debug_info    0x00000000000148d8     0x2a83 /home/asmir/Desktop/Dropbox/MCU/nxp/RT1021/projects/alencon-systems/halsetup-v1.0/build/fsl_flexspi.o

.debug_abbrev   0x0000000000000000     0x3401
 .debug_abbrev  0x0000000000000000      0x256 /home/asmir/Desktop/Dropbox/MCU/nxp/RT1021/projects/alencon-systems/halsetup-v1.0/build/main.o
 .debug_abbrev  0x0000000000000256      0x2a0 /home/asmir/Desktop/Dropbox/MCU/nxp/RT1021/projects/alencon-systems/halsetup-v1.0/build/systemc.o
 .debug_abbrev  0x00000000000004f6      0x146 /home/asmir/Desktop/Dropbox/MCU/nxp/RT1021/projects/alencon-systems/halsetup-v1.0/build/delay.o
 .debug_abbrev  0x000000000000063c       0x58 /home/asmir/Desktop/Dropbox/MCU/nxp/RT1021/projects/alencon-systems/halsetup-v1.0/build/fwver.o
 .debug_abbrev  0x0000000000000694      0x2b4 /home/asmir/Desktop/Dropbox/MCU/nxp/RT1021/projects/alencon-systems/halsetup-v1.0/build/debug.o
 .debug_abbrev  0x0000000000000948      0x2da /home/asmir/Desktop/Dropbox/MCU/nxp/RT1021/projects/alencon-systems/halsetup-v1.0/build/misc.o
 .debug_abbrev  0x0000000000000c22      0x3ff /home/asmir/Desktop/Dropbox/MCU/nxp/RT1021/projects/alencon-systems/halsetup-v1.0/build/lpuart.o
 .debug_abbrev  0x0000000000001021      0x1d0 /home/asmir/Desktop/Dropbox/MCU/nxp/RT1021/projects/alencon-systems/halsetup-v1.0/build/evkmimxrt1020_flexspi_nor_config.o
 .debug_abbrev  0x00000000000011f1      0x3c7 /home/asmir/Desktop/Dropbox/MCU/nxp/RT1021/projects/alencon-systems/halsetup-v1.0/build/fsl_clock.o
 .debug_abbrev  0x00000000000015b8      0x304 /home/asmir/Desktop/Dropbox/MCU/nxp/RT1021/projects/alencon-systems/halsetup-v1.0/build/pin_mux.o
 .debug_abbrev  0x00000000000018bc      0x352 /home/asmir/Desktop/Dropbox/MCU/nxp/RT1021/projects/alencon-systems/halsetup-v1.0/build/clock_config.o
 .debug_abbrev  0x0000000000001c0e      0x148 /home/asmir/Desktop/Dropbox/MCU/nxp/RT1021/projects/alencon-systems/halsetup-v1.0/build/system_MIMXRT1021.o
 .debug_abbrev  0x0000000000001d56       0x5d /home/asmir/Desktop/Dropbox/MCU/nxp/RT1021/projects/alencon-systems/halsetup-v1.0/build/dcd.o
 .debug_abbrev  0x0000000000001db3      0x1c0 /home/asmir/Desktop/Dropbox/MCU/nxp/RT1021/projects/alencon-systems/halsetup-v1.0/build/fsl_assert.o
 .debug_abbrev  0x0000000000001f73      0x1ed /home/asmir/Desktop/Dropbox/MCU/nxp/RT1021/projects/alencon-systems/halsetup-v1.0/build/fsl_flexspi_nor_boot.o
 .debug_abbrev  0x0000000000002160      0x201 /home/asmir/Desktop/Dropbox/MCU/nxp/RT1021/projects/alencon-systems/halsetup-v1.0/build/fsl_sbrk.o
 .debug_abbrev  0x0000000000002361      0x2ec /home/asmir/Desktop/Dropbox/MCU/nxp/RT1021/projects/alencon-systems/halsetup-v1.0/build/timing.o
 .debug_abbrev  0x000000000000264d      0x3b9 /home/asmir/Desktop/Dropbox/MCU/nxp/RT1021/projects/alencon-systems/halsetup-v1.0/build/hal_uart.o
 .debug_abbrev  0x0000000000002a06      0x33f /home/asmir/Desktop/Dropbox/MCU/nxp/RT1021/projects/alencon-systems/halsetup-v1.0/build/uart.o
 .debug_abbrev  0x0000000000002d45      0x281 /home/asmir/Desktop/Dropbox/MCU/nxp/RT1021/projects/alencon-systems/halsetup-v1.0/build/buffer.o
 .debug_abbrev  0x0000000000002fc6      0x43b /home/asmir/Desktop/Dropbox/MCU/nxp/RT1021/projects/alencon-systems/halsetup-v1.0/build/fsl_flexspi.o

.debug_aranges  0x0000000000000000      0x820
 .debug_aranges
                0x0000000000000000       0x30 /home/asmir/Desktop/Dropbox/MCU/nxp/RT1021/projects/alencon-systems/halsetup-v1.0/build/main.o
 .debug_aranges
                0x0000000000000030       0x30 /home/asmir/Desktop/Dropbox/MCU/nxp/RT1021/projects/alencon-systems/halsetup-v1.0/build/systemc.o
 .debug_aranges
                0x0000000000000060       0x48 /home/asmir/Desktop/Dropbox/MCU/nxp/RT1021/projects/alencon-systems/halsetup-v1.0/build/delay.o
 .debug_aranges
                0x00000000000000a8       0x18 /home/asmir/Desktop/Dropbox/MCU/nxp/RT1021/projects/alencon-systems/halsetup-v1.0/build/fwver.o
 .debug_aranges
                0x00000000000000c0       0x58 /home/asmir/Desktop/Dropbox/MCU/nxp/RT1021/projects/alencon-systems/halsetup-v1.0/build/debug.o
 .debug_aranges
                0x0000000000000118       0x68 /home/asmir/Desktop/Dropbox/MCU/nxp/RT1021/projects/alencon-systems/halsetup-v1.0/build/misc.o
 .debug_aranges
                0x0000000000000180       0x78 /home/asmir/Desktop/Dropbox/MCU/nxp/RT1021/projects/alencon-systems/halsetup-v1.0/build/lpuart.o
 .debug_aranges
                0x00000000000001f8       0x18 /home/asmir/Desktop/Dropbox/MCU/nxp/RT1021/projects/alencon-systems/halsetup-v1.0/build/evkmimxrt1020_flexspi_nor_config.o
 .debug_aranges
                0x0000000000000210      0x168 /home/asmir/Desktop/Dropbox/MCU/nxp/RT1021/projects/alencon-systems/halsetup-v1.0/build/fsl_clock.o
 .debug_aranges
                0x0000000000000378       0x50 /home/asmir/Desktop/Dropbox/MCU/nxp/RT1021/projects/alencon-systems/halsetup-v1.0/build/pin_mux.o
 .debug_aranges
                0x00000000000003c8       0x80 /home/asmir/Desktop/Dropbox/MCU/nxp/RT1021/projects/alencon-systems/halsetup-v1.0/build/clock_config.o
 .debug_aranges
                0x0000000000000448       0x30 /home/asmir/Desktop/Dropbox/MCU/nxp/RT1021/projects/alencon-systems/halsetup-v1.0/build/system_MIMXRT1021.o
 .debug_aranges
                0x0000000000000478       0x18 /home/asmir/Desktop/Dropbox/MCU/nxp/RT1021/projects/alencon-systems/halsetup-v1.0/build/dcd.o
 .debug_aranges
                0x0000000000000490       0x20 /home/asmir/Desktop/Dropbox/MCU/nxp/RT1021/projects/alencon-systems/halsetup-v1.0/build/fsl_assert.o
 .debug_aranges
                0x00000000000004b0       0x18 /home/asmir/Desktop/Dropbox/MCU/nxp/RT1021/projects/alencon-systems/halsetup-v1.0/build/fsl_flexspi_nor_boot.o
 .debug_aranges
                0x00000000000004c8       0x20 /home/asmir/Desktop/Dropbox/MCU/nxp/RT1021/projects/alencon-systems/halsetup-v1.0/build/fsl_sbrk.o
 .debug_aranges
                0x00000000000004e8       0x78 /home/asmir/Desktop/Dropbox/MCU/nxp/RT1021/projects/alencon-systems/halsetup-v1.0/build/timing.o
 .debug_aranges
                0x0000000000000560       0xc8 /home/asmir/Desktop/Dropbox/MCU/nxp/RT1021/projects/alencon-systems/halsetup-v1.0/build/hal_uart.o
 .debug_aranges
                0x0000000000000628       0xa0 /home/asmir/Desktop/Dropbox/MCU/nxp/RT1021/projects/alencon-systems/halsetup-v1.0/build/uart.o
 .debug_aranges
                0x00000000000006c8       0x50 /home/asmir/Desktop/Dropbox/MCU/nxp/RT1021/projects/alencon-systems/halsetup-v1.0/build/buffer.o
 .debug_aranges
                0x0000000000000718      0x108 /home/asmir/Desktop/Dropbox/MCU/nxp/RT1021/projects/alencon-systems/halsetup-v1.0/build/fsl_flexspi.o

.debug_ranges   0x0000000000000000      0x6b0
 .debug_ranges  0x0000000000000000       0x20 /home/asmir/Desktop/Dropbox/MCU/nxp/RT1021/projects/alencon-systems/halsetup-v1.0/build/main.o
 .debug_ranges  0x0000000000000020       0x20 /home/asmir/Desktop/Dropbox/MCU/nxp/RT1021/projects/alencon-systems/halsetup-v1.0/build/systemc.o
 .debug_ranges  0x0000000000000040       0x38 /home/asmir/Desktop/Dropbox/MCU/nxp/RT1021/projects/alencon-systems/halsetup-v1.0/build/delay.o
 .debug_ranges  0x0000000000000078       0x48 /home/asmir/Desktop/Dropbox/MCU/nxp/RT1021/projects/alencon-systems/halsetup-v1.0/build/debug.o
 .debug_ranges  0x00000000000000c0       0x58 /home/asmir/Desktop/Dropbox/MCU/nxp/RT1021/projects/alencon-systems/halsetup-v1.0/build/misc.o
 .debug_ranges  0x0000000000000118       0x68 /home/asmir/Desktop/Dropbox/MCU/nxp/RT1021/projects/alencon-systems/halsetup-v1.0/build/lpuart.o
 .debug_ranges  0x0000000000000180      0x158 /home/asmir/Desktop/Dropbox/MCU/nxp/RT1021/projects/alencon-systems/halsetup-v1.0/build/fsl_clock.o
 .debug_ranges  0x00000000000002d8       0x40 /home/asmir/Desktop/Dropbox/MCU/nxp/RT1021/projects/alencon-systems/halsetup-v1.0/build/pin_mux.o
 .debug_ranges  0x0000000000000318       0x70 /home/asmir/Desktop/Dropbox/MCU/nxp/RT1021/projects/alencon-systems/halsetup-v1.0/build/clock_config.o
 .debug_ranges  0x0000000000000388       0x20 /home/asmir/Desktop/Dropbox/MCU/nxp/RT1021/projects/alencon-systems/halsetup-v1.0/build/system_MIMXRT1021.o
 .debug_ranges  0x00000000000003a8       0x10 /home/asmir/Desktop/Dropbox/MCU/nxp/RT1021/projects/alencon-systems/halsetup-v1.0/build/fsl_assert.o
 .debug_ranges  0x00000000000003b8       0x10 /home/asmir/Desktop/Dropbox/MCU/nxp/RT1021/projects/alencon-systems/halsetup-v1.0/build/fsl_sbrk.o
 .debug_ranges  0x00000000000003c8       0x68 /home/asmir/Desktop/Dropbox/MCU/nxp/RT1021/projects/alencon-systems/halsetup-v1.0/build/timing.o
 .debug_ranges  0x0000000000000430       0xb8 /home/asmir/Desktop/Dropbox/MCU/nxp/RT1021/projects/alencon-systems/halsetup-v1.0/build/hal_uart.o
 .debug_ranges  0x00000000000004e8       0x90 /home/asmir/Desktop/Dropbox/MCU/nxp/RT1021/projects/alencon-systems/halsetup-v1.0/build/uart.o
 .debug_ranges  0x0000000000000578       0x40 /home/asmir/Desktop/Dropbox/MCU/nxp/RT1021/projects/alencon-systems/halsetup-v1.0/build/buffer.o
 .debug_ranges  0x00000000000005b8       0xf8 /home/asmir/Desktop/Dropbox/MCU/nxp/RT1021/projects/alencon-systems/halsetup-v1.0/build/fsl_flexspi.o

.debug_line     0x0000000000000000     0x43dd
 .debug_line    0x0000000000000000      0x2e3 /home/asmir/Desktop/Dropbox/MCU/nxp/RT1021/projects/alencon-systems/halsetup-v1.0/build/main.o
 .debug_line    0x00000000000002e3      0x361 /home/asmir/Desktop/Dropbox/MCU/nxp/RT1021/projects/alencon-systems/halsetup-v1.0/build/systemc.o
 .debug_line    0x0000000000000644      0x1b8 /home/asmir/Desktop/Dropbox/MCU/nxp/RT1021/projects/alencon-systems/halsetup-v1.0/build/delay.o
 .debug_line    0x00000000000007fc       0xae /home/asmir/Desktop/Dropbox/MCU/nxp/RT1021/projects/alencon-systems/halsetup-v1.0/build/fwver.o
 .debug_line    0x00000000000008aa      0x3c0 /home/asmir/Desktop/Dropbox/MCU/nxp/RT1021/projects/alencon-systems/halsetup-v1.0/build/debug.o
 .debug_line    0x0000000000000c6a      0x472 /home/asmir/Desktop/Dropbox/MCU/nxp/RT1021/projects/alencon-systems/halsetup-v1.0/build/misc.o
 .debug_line    0x00000000000010dc      0x434 /home/asmir/Desktop/Dropbox/MCU/nxp/RT1021/projects/alencon-systems/halsetup-v1.0/build/lpuart.o
 .debug_line    0x0000000000001510      0x22f /home/asmir/Desktop/Dropbox/MCU/nxp/RT1021/projects/alencon-systems/halsetup-v1.0/build/evkmimxrt1020_flexspi_nor_config.o
 .debug_line    0x000000000000173f      0x737 /home/asmir/Desktop/Dropbox/MCU/nxp/RT1021/projects/alencon-systems/halsetup-v1.0/build/fsl_clock.o
 .debug_line    0x0000000000001e76      0x301 /home/asmir/Desktop/Dropbox/MCU/nxp/RT1021/projects/alencon-systems/halsetup-v1.0/build/pin_mux.o
 .debug_line    0x0000000000002177      0x434 /home/asmir/Desktop/Dropbox/MCU/nxp/RT1021/projects/alencon-systems/halsetup-v1.0/build/clock_config.o
 .debug_line    0x00000000000025ab      0x1b5 /home/asmir/Desktop/Dropbox/MCU/nxp/RT1021/projects/alencon-systems/halsetup-v1.0/build/system_MIMXRT1021.o
 .debug_line    0x0000000000002760       0xab /home/asmir/Desktop/Dropbox/MCU/nxp/RT1021/projects/alencon-systems/halsetup-v1.0/build/dcd.o
 .debug_line    0x000000000000280b      0x203 /home/asmir/Desktop/Dropbox/MCU/nxp/RT1021/projects/alencon-systems/halsetup-v1.0/build/fsl_assert.o
 .debug_line    0x0000000000002a0e      0x229 /home/asmir/Desktop/Dropbox/MCU/nxp/RT1021/projects/alencon-systems/halsetup-v1.0/build/fsl_flexspi_nor_boot.o
 .debug_line    0x0000000000002c37      0x15d /home/asmir/Desktop/Dropbox/MCU/nxp/RT1021/projects/alencon-systems/halsetup-v1.0/build/fsl_sbrk.o
 .debug_line    0x0000000000002d94      0x28f /home/asmir/Desktop/Dropbox/MCU/nxp/RT1021/projects/alencon-systems/halsetup-v1.0/build/timing.o
 .debug_line    0x0000000000003023      0x4a5 /home/asmir/Desktop/Dropbox/MCU/nxp/RT1021/projects/alencon-systems/halsetup-v1.0/build/hal_uart.o
 .debug_line    0x00000000000034c8      0x3dd /home/asmir/Desktop/Dropbox/MCU/nxp/RT1021/projects/alencon-systems/halsetup-v1.0/build/uart.o
 .debug_line    0x00000000000038a5      0x2d4 /home/asmir/Desktop/Dropbox/MCU/nxp/RT1021/projects/alencon-systems/halsetup-v1.0/build/buffer.o
 .debug_line    0x0000000000003b79      0x864 /home/asmir/Desktop/Dropbox/MCU/nxp/RT1021/projects/alencon-systems/halsetup-v1.0/build/fsl_flexspi.o

.debug_str      0x0000000000000000     0x7acf
 .debug_str     0x0000000000000000     0x2c67 /home/asmir/Desktop/Dropbox/MCU/nxp/RT1021/projects/alencon-systems/halsetup-v1.0/build/main.o
                                       0x2ce4 (size before relaxing)
 .debug_str     0x0000000000002c67      0x282 /home/asmir/Desktop/Dropbox/MCU/nxp/RT1021/projects/alencon-systems/halsetup-v1.0/build/systemc.o
                                        0xa51 (size before relaxing)
 .debug_str     0x0000000000002ee9       0x79 /home/asmir/Desktop/Dropbox/MCU/nxp/RT1021/projects/alencon-systems/halsetup-v1.0/build/delay.o
                                        0x2d8 (size before relaxing)
 .debug_str     0x0000000000002f62       0x24 /home/asmir/Desktop/Dropbox/MCU/nxp/RT1021/projects/alencon-systems/halsetup-v1.0/build/fwver.o
                                        0x24b (size before relaxing)
 .debug_str     0x0000000000002f86      0x1e1 /home/asmir/Desktop/Dropbox/MCU/nxp/RT1021/projects/alencon-systems/halsetup-v1.0/build/debug.o
                                        0x868 (size before relaxing)
 .debug_str     0x0000000000003167      0x10a /home/asmir/Desktop/Dropbox/MCU/nxp/RT1021/projects/alencon-systems/halsetup-v1.0/build/misc.o
                                        0x76d (size before relaxing)
 .debug_str     0x0000000000003271     0x10ae /home/asmir/Desktop/Dropbox/MCU/nxp/RT1021/projects/alencon-systems/halsetup-v1.0/build/lpuart.o
                                       0x3bf1 (size before relaxing)
 .debug_str     0x000000000000431f      0x704 /home/asmir/Desktop/Dropbox/MCU/nxp/RT1021/projects/alencon-systems/halsetup-v1.0/build/evkmimxrt1020_flexspi_nor_config.o
                                       0x16a9 (size before relaxing)
 .debug_str     0x0000000000004a23     0x15da /home/asmir/Desktop/Dropbox/MCU/nxp/RT1021/projects/alencon-systems/halsetup-v1.0/build/fsl_clock.o
                                       0x27c3 (size before relaxing)
 .debug_str     0x0000000000005ffd       0xb0 /home/asmir/Desktop/Dropbox/MCU/nxp/RT1021/projects/alencon-systems/halsetup-v1.0/build/pin_mux.o
                                        0xe10 (size before relaxing)
 .debug_str     0x00000000000060ad      0x2c0 /home/asmir/Desktop/Dropbox/MCU/nxp/RT1021/projects/alencon-systems/halsetup-v1.0/build/clock_config.o
                                       0x219e (size before relaxing)
 .debug_str     0x000000000000636d       0x9b /home/asmir/Desktop/Dropbox/MCU/nxp/RT1021/projects/alencon-systems/halsetup-v1.0/build/system_MIMXRT1021.o
                                        0x74f (size before relaxing)
 .debug_str     0x0000000000006408       0x19 /home/asmir/Desktop/Dropbox/MCU/nxp/RT1021/projects/alencon-systems/halsetup-v1.0/build/dcd.o
                                        0x23f (size before relaxing)
 .debug_str     0x0000000000006421       0x35 /home/asmir/Desktop/Dropbox/MCU/nxp/RT1021/projects/alencon-systems/halsetup-v1.0/build/fsl_assert.o
                                        0x695 (size before relaxing)
 .debug_str     0x0000000000006456       0x86 /home/asmir/Desktop/Dropbox/MCU/nxp/RT1021/projects/alencon-systems/halsetup-v1.0/build/fsl_flexspi_nor_boot.o
                                       0x11bb (size before relaxing)
 .debug_str     0x00000000000064dc       0x64 /home/asmir/Desktop/Dropbox/MCU/nxp/RT1021/projects/alencon-systems/halsetup-v1.0/build/fsl_sbrk.o
                                        0x66c (size before relaxing)
 .debug_str     0x0000000000006540       0xe1 /home/asmir/Desktop/Dropbox/MCU/nxp/RT1021/projects/alencon-systems/halsetup-v1.0/build/timing.o
                                       0x119a (size before relaxing)
 .debug_str     0x0000000000006621      0x1ab /home/asmir/Desktop/Dropbox/MCU/nxp/RT1021/projects/alencon-systems/halsetup-v1.0/build/hal_uart.o
                                       0x3495 (size before relaxing)
 .debug_str     0x00000000000067cc      0x2db /home/asmir/Desktop/Dropbox/MCU/nxp/RT1021/projects/alencon-systems/halsetup-v1.0/build/uart.o
                                        0x9a5 (size before relaxing)
 .debug_str     0x0000000000006aa7       0x9f /home/asmir/Desktop/Dropbox/MCU/nxp/RT1021/projects/alencon-systems/halsetup-v1.0/build/buffer.o
                                        0x780 (size before relaxing)
 .debug_str     0x0000000000006b46      0xf89 /home/asmir/Desktop/Dropbox/MCU/nxp/RT1021/projects/alencon-systems/halsetup-v1.0/build/fsl_flexspi.o
                                       0x3011 (size before relaxing)

.comment        0x0000000000000000       0x7f
 .comment       0x0000000000000000       0x7f /home/asmir/Desktop/Dropbox/MCU/nxp/RT1021/projects/alencon-systems/halsetup-v1.0/build/main.o
                                         0x80 (size before relaxing)
 .comment       0x000000000000007f       0x80 /home/asmir/Desktop/Dropbox/MCU/nxp/RT1021/projects/alencon-systems/halsetup-v1.0/build/systemc.o
 .comment       0x000000000000007f       0x80 /home/asmir/Desktop/Dropbox/MCU/nxp/RT1021/projects/alencon-systems/halsetup-v1.0/build/delay.o
 .comment       0x000000000000007f       0x80 /home/asmir/Desktop/Dropbox/MCU/nxp/RT1021/projects/alencon-systems/halsetup-v1.0/build/fwver.o
 .comment       0x000000000000007f       0x80 /home/asmir/Desktop/Dropbox/MCU/nxp/RT1021/projects/alencon-systems/halsetup-v1.0/build/debug.o
 .comment       0x000000000000007f       0x80 /home/asmir/Desktop/Dropbox/MCU/nxp/RT1021/projects/alencon-systems/halsetup-v1.0/build/misc.o
 .comment       0x000000000000007f       0x80 /home/asmir/Desktop/Dropbox/MCU/nxp/RT1021/projects/alencon-systems/halsetup-v1.0/build/lpuart.o
 .comment       0x000000000000007f       0x80 /home/asmir/Desktop/Dropbox/MCU/nxp/RT1021/projects/alencon-systems/halsetup-v1.0/build/evkmimxrt1020_flexspi_nor_config.o
 .comment       0x000000000000007f       0x80 /home/asmir/Desktop/Dropbox/MCU/nxp/RT1021/projects/alencon-systems/halsetup-v1.0/build/fsl_clock.o
 .comment       0x000000000000007f       0x80 /home/asmir/Desktop/Dropbox/MCU/nxp/RT1021/projects/alencon-systems/halsetup-v1.0/build/pin_mux.o
 .comment       0x000000000000007f       0x80 /home/asmir/Desktop/Dropbox/MCU/nxp/RT1021/projects/alencon-systems/halsetup-v1.0/build/clock_config.o
 .comment       0x000000000000007f       0x80 /home/asmir/Desktop/Dropbox/MCU/nxp/RT1021/projects/alencon-systems/halsetup-v1.0/build/system_MIMXRT1021.o
 .comment       0x000000000000007f       0x80 /home/asmir/Desktop/Dropbox/MCU/nxp/RT1021/projects/alencon-systems/halsetup-v1.0/build/dcd.o
 .comment       0x000000000000007f       0x80 /home/asmir/Desktop/Dropbox/MCU/nxp/RT1021/projects/alencon-systems/halsetup-v1.0/build/fsl_assert.o
 .comment       0x000000000000007f       0x80 /home/asmir/Desktop/Dropbox/MCU/nxp/RT1021/projects/alencon-systems/halsetup-v1.0/build/fsl_flexspi_nor_boot.o
 .comment       0x000000000000007f       0x80 /home/asmir/Desktop/Dropbox/MCU/nxp/RT1021/projects/alencon-systems/halsetup-v1.0/build/fsl_sbrk.o
 .comment       0x000000000000007f       0x80 /home/asmir/Desktop/Dropbox/MCU/nxp/RT1021/projects/alencon-systems/halsetup-v1.0/build/timing.o
 .comment       0x000000000000007f       0x80 /home/asmir/Desktop/Dropbox/MCU/nxp/RT1021/projects/alencon-systems/halsetup-v1.0/build/hal_uart.o
 .comment       0x000000000000007f       0x80 /home/asmir/Desktop/Dropbox/MCU/nxp/RT1021/projects/alencon-systems/halsetup-v1.0/build/uart.o
 .comment       0x000000000000007f       0x80 /home/asmir/Desktop/Dropbox/MCU/nxp/RT1021/projects/alencon-systems/halsetup-v1.0/build/buffer.o
 .comment       0x000000000000007f       0x80 /home/asmir/Desktop/Dropbox/MCU/nxp/RT1021/projects/alencon-systems/halsetup-v1.0/build/fsl_flexspi.o

.debug_frame    0x0000000000000000     0x2124
 .debug_frame   0x0000000000000000       0x80 /home/asmir/Desktop/Dropbox/MCU/nxp/RT1021/projects/alencon-systems/halsetup-v1.0/build/main.o
 .debug_frame   0x0000000000000080       0x80 /home/asmir/Desktop/Dropbox/MCU/nxp/RT1021/projects/alencon-systems/halsetup-v1.0/build/systemc.o
 .debug_frame   0x0000000000000100       0xe8 /home/asmir/Desktop/Dropbox/MCU/nxp/RT1021/projects/alencon-systems/halsetup-v1.0/build/delay.o
 .debug_frame   0x00000000000001e8      0x120 /home/asmir/Desktop/Dropbox/MCU/nxp/RT1021/projects/alencon-systems/halsetup-v1.0/build/debug.o
 .debug_frame   0x0000000000000308      0x19c /home/asmir/Desktop/Dropbox/MCU/nxp/RT1021/projects/alencon-systems/halsetup-v1.0/build/misc.o
 .debug_frame   0x00000000000004a4      0x1f4 /home/asmir/Desktop/Dropbox/MCU/nxp/RT1021/projects/alencon-systems/halsetup-v1.0/build/lpuart.o
 .debug_frame   0x0000000000000698      0x604 /home/asmir/Desktop/Dropbox/MCU/nxp/RT1021/projects/alencon-systems/halsetup-v1.0/build/fsl_clock.o
 .debug_frame   0x0000000000000c9c      0x110 /home/asmir/Desktop/Dropbox/MCU/nxp/RT1021/projects/alencon-systems/halsetup-v1.0/build/pin_mux.o
 .debug_frame   0x0000000000000dac      0x1ec /home/asmir/Desktop/Dropbox/MCU/nxp/RT1021/projects/alencon-systems/halsetup-v1.0/build/clock_config.o