Archive member included to satisfy reference by file (symbol)

/home/asmir/Desktop/Dropbox/MCU/gcc/gcc-arm-none-eabi-7-2018-q2-update/bin/../lib/gcc/arm-none-eabi/7.3.1/../../../../arm-none-eabi/lib/thumb/v7e-m/fpv4-sp/hard/libc.a(lib_a-errno.o)
                              /home/asmir/Desktop/Dropbox/MCU/nxp/RT1021/projects/alencon-systems/bootloader/build/fsl_sbrk.o (__errno)
/home/asmir/Desktop/Dropbox/MCU/gcc/gcc-arm-none-eabi-7-2018-q2-update/bin/../lib/gcc/arm-none-eabi/7.3.1/../../../../arm-none-eabi/lib/thumb/v7e-m/fpv4-sp/hard/libc.a(lib_a-exit.o)
                              /home/asmir/Desktop/Dropbox/MCU/gcc/gcc-arm-none-eabi-7-2018-q2-update/bin/../lib/gcc/arm-none-eabi/7.3.1/../../../../arm-none-eabi/lib/thumb/v7e-m/fpv4-sp/hard/crt0.o (exit)
/home/asmir/Desktop/Dropbox/MCU/gcc/gcc-arm-none-eabi-7-2018-q2-update/bin/../lib/gcc/arm-none-eabi/7.3.1/../../../../arm-none-eabi/lib/thumb/v7e-m/fpv4-sp/hard/libc.a(lib_a-impure.o)
                              /home/asmir/Desktop/Dropbox/MCU/gcc/gcc-arm-none-eabi-7-2018-q2-update/bin/../lib/gcc/arm-none-eabi/7.3.1/../../../../arm-none-eabi/lib/thumb/v7e-m/fpv4-sp/hard/libc.a(lib_a-exit.o) (_global_impure_ptr)
/home/asmir/Desktop/Dropbox/MCU/gcc/gcc-arm-none-eabi-7-2018-q2-update/bin/../lib/gcc/arm-none-eabi/7.3.1/../../../../arm-none-eabi/lib/thumb/v7e-m/fpv4-sp/hard/libc.a(lib_a-init.o)
                              /home/asmir/Desktop/Dropbox/MCU/gcc/gcc-arm-none-eabi-7-2018-q2-update/bin/../lib/gcc/arm-none-eabi/7.3.1/../../../../arm-none-eabi/lib/thumb/v7e-m/fpv4-sp/hard/crt0.o (__libc_init_array)
/home/asmir/Desktop/Dropbox/MCU/gcc/gcc-arm-none-eabi-7-2018-q2-update/bin/../lib/gcc/arm-none-eabi/7.3.1/../../../../arm-none-eabi/lib/thumb/v7e-m/fpv4-sp/hard/libc.a(lib_a-malloc.o)
                              /home/asmir/Desktop/Dropbox/MCU/nxp/RT1021/projects/alencon-systems/bootloader/build/fsl_common.o (malloc)
/home/asmir/Desktop/Dropbox/MCU/gcc/gcc-arm-none-eabi-7-2018-q2-update/bin/../lib/gcc/arm-none-eabi/7.3.1/../../../../arm-none-eabi/lib/thumb/v7e-m/fpv4-sp/hard/libc.a(lib_a-mallocr.o)
                              /home/asmir/Desktop/Dropbox/MCU/gcc/gcc-arm-none-eabi-7-2018-q2-update/bin/../lib/gcc/arm-none-eabi/7.3.1/../../../../arm-none-eabi/lib/thumb/v7e-m/fpv4-sp/hard/libc.a(lib_a-malloc.o) (_malloc_r)
/home/asmir/Desktop/Dropbox/MCU/gcc/gcc-arm-none-eabi-7-2018-q2-update/bin/../lib/gcc/arm-none-eabi/7.3.1/../../../../arm-none-eabi/lib/thumb/v7e-m/fpv4-sp/hard/libc.a(lib_a-memcpy.o)
                              /home/asmir/Desktop/Dropbox/MCU/nxp/RT1021/projects/alencon-systems/bootloader/build/buffer.o (memcpy)
/home/asmir/Desktop/Dropbox/MCU/gcc/gcc-arm-none-eabi-7-2018-q2-update/bin/../lib/gcc/arm-none-eabi/7.3.1/../../../../arm-none-eabi/lib/thumb/v7e-m/fpv4-sp/hard/libc.a(lib_a-memset.o)
                              /home/asmir/Desktop/Dropbox/MCU/gcc/gcc-arm-none-eabi-7-2018-q2-update/bin/../lib/gcc/arm-none-eabi/7.3.1/../../../../arm-none-eabi/lib/thumb/v7e-m/fpv4-sp/hard/crt0.o (memset)
/home/asmir/Desktop/Dropbox/MCU/gcc/gcc-arm-none-eabi-7-2018-q2-update/bin/../lib/gcc/arm-none-eabi/7.3.1/../../../../arm-none-eabi/lib/thumb/v7e-m/fpv4-sp/hard/libc.a(lib_a-mlock.o)
                              /home/asmir/Desktop/Dropbox/MCU/gcc/gcc-arm-none-eabi-7-2018-q2-update/bin/../lib/gcc/arm-none-eabi/7.3.1/../../../../arm-none-eabi/lib/thumb/v7e-m/fpv4-sp/hard/libc.a(lib_a-mallocr.o) (__malloc_lock)
/home/asmir/Desktop/Dropbox/MCU/gcc/gcc-arm-none-eabi-7-2018-q2-update/bin/../lib/gcc/arm-none-eabi/7.3.1/../../../../arm-none-eabi/lib/thumb/v7e-m/fpv4-sp/hard/libc.a(lib_a-sbrkr.o)
                              /home/asmir/Desktop/Dropbox/MCU/gcc/gcc-arm-none-eabi-7-2018-q2-update/bin/../lib/gcc/arm-none-eabi/7.3.1/../../../../arm-none-eabi/lib/thumb/v7e-m/fpv4-sp/hard/libc.a(lib_a-mallocr.o) (_sbrk_r)
/home/asmir/Desktop/Dropbox/MCU/gcc/gcc-arm-none-eabi-7-2018-q2-update/bin/../lib/gcc/arm-none-eabi/7.3.1/../../../../arm-none-eabi/lib/thumb/v7e-m/fpv4-sp/hard/libc.a(lib_a-__call_atexit.o)
                              /home/asmir/Desktop/Dropbox/MCU/gcc/gcc-arm-none-eabi-7-2018-q2-update/bin/../lib/gcc/arm-none-eabi/7.3.1/../../../../arm-none-eabi/lib/thumb/v7e-m/fpv4-sp/hard/libc.a(lib_a-exit.o) (__call_exitprocs)
/home/asmir/Desktop/Dropbox/MCU/gcc/gcc-arm-none-eabi-7-2018-q2-update/bin/../lib/gcc/arm-none-eabi/7.3.1/../../../../arm-none-eabi/lib/thumb/v7e-m/fpv4-sp/hard/libc.a(lib_a-atexit.o)
                              /home/asmir/Desktop/Dropbox/MCU/gcc/gcc-arm-none-eabi-7-2018-q2-update/bin/../lib/gcc/arm-none-eabi/7.3.1/../../../../arm-none-eabi/lib/thumb/v7e-m/fpv4-sp/hard/libc.a(lib_a-__call_atexit.o) (atexit)
/home/asmir/Desktop/Dropbox/MCU/gcc/gcc-arm-none-eabi-7-2018-q2-update/bin/../lib/gcc/arm-none-eabi/7.3.1/../../../../arm-none-eabi/lib/thumb/v7e-m/fpv4-sp/hard/libc.a(lib_a-fini.o)
[...]
Memory Configuration

Name             Origin             Length             Attributes
m_flash_config   0x0000000060000000 0x0000000000001000 xr
m_ivt            0x0000000060001000 0x0000000000001000 xr
m_interrupts     0x0000000060002000 0x0000000000000400 xr
m_text           0x0000000060002400 0x00000000007fdc00 xr
m_qacode         0x0000000000000000 0x0000000000010000 xr
m_data           0x0000000020000000 0x0000000000010000 rw
m_data2          0x0000000020200000 0x0000000000020000 rw
*default*        0x0000000000000000 0xffffffffffffffff

Linker script and memory map

LOAD /home/asmir/Desktop/Dropbox/MCU/gcc/gcc-arm-none-eabi-7-2018-q2-update/bin/../lib/gcc/arm-none-eabi/7.3.1/thumb/v7e-m/fpv4-sp/hard/crti.o
LOAD /home/asmir/Desktop/Dropbox/MCU/gcc/gcc-arm-none-eabi-7-2018-q2-update/bin/../lib/gcc/arm-none-eabi/7.3.1/thumb/v7e-m/fpv4-sp/hard/crtbegin.o
LOAD /home/asmir/Desktop/Dropbox/MCU/gcc/gcc-arm-none-eabi-7-2018-q2-update/bin/../lib/gcc/arm-none-eabi/7.3.1/../../../../arm-none-eabi/lib/thumb/v7e-m/fpv4-sp/hard/crt0.o
LOAD /home/asmir/Desktop/Dropbox/MCU/nxp/RT1021/projects/alencon-systems/bootloader/build/main.o
LOAD /home/asmir/Desktop/Dropbox/MCU/nxp/RT1021/projects/alencon-systems/bootloader/build/system.o
LOAD /home/asmir/Desktop/Dropbox/MCU/nxp/RT1021/projects/alencon-systems/bootloader/build/delay.o
LOAD /home/asmir/Desktop/Dropbox/MCU/nxp/RT1021/projects/alencon-systems/bootloader/build/fwver.o
LOAD /home/asmir/Desktop/Dropbox/MCU/nxp/RT1021/projects/alencon-systems/bootloader/build/debug.o
LOAD /home/asmir/Desktop/Dropbox/MCU/nxp/RT1021/projects/alencon-systems/bootloader/build/misc.o
LOAD /home/asmir/Desktop/Dropbox/MCU/nxp/RT1021/projects/alencon-systems/bootloader/build/lpuart.o
LOAD /home/asmir/Desktop/Dropbox/MCU/nxp/RT1021/projects/alencon-systems/bootloader/build/board.o
LOAD /home/asmir/Desktop/Dropbox/MCU/nxp/RT1021/projects/alencon-systems/bootloader/build/evkmimxrt1020_flexspi_nor_config.o
LOAD /home/asmir/Desktop/Dropbox/MCU/nxp/RT1021/projects/alencon-systems/bootloader/build/fsl_clock.o
LOAD /home/asmir/Desktop/Dropbox/MCU/nxp/RT1021/projects/alencon-systems/bootloader/build/fsl_component_generic_list.o
LOAD /home/asmir/Desktop/Dropbox/MCU/nxp/RT1021/projects/alencon-systems/bootloader/build/fsl_gpio.o
LOAD /home/asmir/Desktop/Dropbox/MCU/nxp/RT1021/projects/alencon-systems/bootloader/build/pin_mux.o
LOAD /home/asmir/Desktop/Dropbox/MCU/nxp/RT1021/projects/alencon-systems/bootloader/build/clock_config.o
LOAD /home/asmir/Desktop/Dropbox/MCU/nxp/RT1021/projects/alencon-systems/bootloader/build/fsl_common_arm.o
LOAD /home/asmir/Desktop/Dropbox/MCU/nxp/RT1021/projects/alencon-systems/bootloader/build/system_MIMXRT1021.o
LOAD /home/asmir/Desktop/Dropbox/MCU/nxp/RT1021/projects/alencon-systems/bootloader/build/dcd.o
LOAD /home/asmir/Desktop/Dropbox/MCU/nxp/RT1021/projects/alencon-systems/bootloader/build/fsl_assert.o
LOAD /home/asmir/Desktop/Dropbox/MCU/nxp/RT1021/projects/alencon-systems/bootloader/build/fsl_common.o
LOAD /home/asmir/Desktop/Dropbox/MCU/nxp/RT1021/projects/alencon-systems/bootloader/build/fsl_flexspi_nor_boot.o
LOAD /home/asmir/Desktop/Dropbox/MCU/nxp/RT1021/projects/alencon-systems/bootloader/build/fsl_sbrk.o
LOAD /home/asmir/Desktop/Dropbox/MCU/nxp/RT1021/projects/alencon-systems/bootloader/build/timing.o
LOAD /home/asmir/Desktop/Dropbox/MCU/nxp/RT1021/projects/alencon-systems/bootloader/build/hal_uart.o
LOAD /home/asmir/Desktop/Dropbox/MCU/nxp/RT1021/projects/alencon-systems/bootloader/build/uart.o
LOAD /home/asmir/Desktop/Dropbox/MCU/nxp/RT1021/projects/alencon-systems/bootloader/build/buffer.o
LOAD /home/asmir/Desktop/Dropbox/MCU/nxp/RT1021/projects/alencon-systems/bootloader/build/buffer_printf.o
LOAD /home/asmir/Desktop/Dropbox/MCU/nxp/RT1021/projects/alencon-systems/bootloader/build/task.o
LOAD /home/asmir/Desktop/Dropbox/MCU/nxp/RT1021/projects/alencon-systems/bootloader/build/list.o
LOAD /home/asmir/Desktop/Dropbox/MCU/nxp/RT1021/projects/alencon-systems/bootloader/build/hal_eeprom.o
LOAD /home/asmir/Desktop/Dropbox/MCU/nxp/RT1021/projects/alencon-systems/bootloader/build/startup_MIMXRT1021.o
LOAD /home/asmir/Desktop/Dropbox/MCU/gcc/gcc-arm-none-eabi-7-2018-q2-update/bin/../lib/gcc/arm-none-eabi/7.3.1/../../../../arm-none-eabi/lib/thumb/v7e-m/fpv4-sp/hard/libm.a
LOAD /home/asmir/Desktop/Dropbox/MCU/gcc/gcc-arm-none-eabi-7-2018-q2-update/bin/../lib/gcc/arm-none-eabi/7.3.1/../../../../arm-none-eabi/lib/thumb/v7e-m/fpv4-sp/hard/libc.a
LOAD /home/asmir/Desktop/Dropbox/MCU/gcc/gcc-arm-none-eabi-7-2018-q2-update/bin/../lib/gcc/arm-none-eabi/7.3.1/../../../../arm-none-eabi/lib/thumb/v7e-m/fpv4-sp/hard/libnosys.a
START GROUP
LOAD /home/asmir/Desktop/Dropbox/MCU/gcc/gcc-arm-none-eabi-7-2018-q2-update/bin/../lib/gcc/arm-none-eabi/7.3.1/thumb/v7e-m/fpv4-sp/hard/libgcc.a
LOAD /home/asmir/Desktop/Dropbox/MCU/gcc/gcc-arm-none-eabi-7-2018-q2-update/bin/../lib/gcc/arm-none-eabi/7.3.1/../../../../arm-none-eabi/lib/thumb/v7e-m/fpv4-sp/hard/libg.a
LOAD /home/asmir/Desktop/Dropbox/MCU/gcc/gcc-arm-none-eabi-7-2018-q2-update/bin/../lib/gcc/arm-none-eabi/7.3.1/../../../../arm-none-eabi/lib/thumb/v7e-m/fpv4-sp/hard/libc.a
END GROUP
LOAD /home/asmir/Desktop/Dropbox/MCU/gcc/gcc-arm-none-eabi-7-2018-q2-update/bin/../lib/gcc/arm-none-eabi/7.3.1/thumb/v7e-m/fpv4-sp/hard/crtend.o
LOAD /home/asmir/Desktop/Dropbox/MCU/gcc/gcc-arm-none-eabi-7-2018-q2-update/bin/../lib/gcc/arm-none-eabi/7.3.1/thumb/v7e-m/fpv4-sp/hard/crtn.o
                0x0000000000000400                HEAP_SIZE = DEFINED (__heap_size__)?__heap_size__:0x400
                0x0000000000000400                STACK_SIZE = DEFINED (__stack_size__)?__stack_size__:0x400
                0x0000000000000000                VECTOR_RAM_SIZE = DEFINED (__ram_vector_table__)?0x400:0x0
                0x0000000020200000                __NCACHE_REGION_START = ORIGIN (m_data2)
                0x0000000000000000                __NCACHE_REGION_SIZE = 0x0

.flash_config   0x0000000060000000      0x200
                0x0000000060000000                . = ALIGN (0x4)
                0x0000000060000000                __FLASH_BASE = .
 *(.boot_hdr.conf)
 .boot_hdr.conf
                0x0000000060000000      0x200 /home/asmir/Desktop/Dropbox/MCU/nxp/RT1021/projects/alencon-systems/bootloader/build/evkmimxrt1020_flexspi_nor_config.o
                0x0000000060000000                qspiflash_config
                0x0000000060000200                . = ALIGN (0x4)
                0x0000000060001000                ivt_begin = (ORIGIN (m_flash_config) + LENGTH (m_flash_config))

.ivt            0x0000000060001000       0x30
                0x0000000060001000                . = ALIGN (0x4)
 *(.boot_hdr.ivt)
 .boot_hdr.ivt  0x0000000060001000       0x20 /home/asmir/Desktop/Dropbox/MCU/nxp/RT1021/projects/alencon-systems/bootloader/build/fsl_flexspi_nor_boot.o
                0x0000000060001000                image_vector_table
 *(.boot_hdr.boot_data)
 .boot_hdr.boot_data
                0x0000000060001020       0x10 /home/asmir/Desktop/Dropbox/MCU/nxp/RT1021/projects/alencon-systems/bootloader/build/fsl_flexspi_nor_boot.o
                0x0000000060001020                g_boot_data
 *(.boot_hdr.dcd_data)
                0x0000000060001030                . = ALIGN (0x4)

.interrupts     0x0000000060002000      0x400
                0x0000000060002000                __VECTOR_TABLE = .
                0x0000000060002000                __Vectors = .
                0x0000000060002000                . = ALIGN (0x4)
 *(.isr_vector)
 .isr_vector    0x0000000060002000      0x400 /home/asmir/Desktop/Dropbox/MCU/nxp/RT1021/projects/alencon-systems/bootloader/build/startup_MIMXRT1021.o
                0x0000000060002000                __isr_vector
                0x0000000060002400                . = ALIGN (0x4)

.text           0x0000000060002400     0x3684
                0x0000000060002400                . = ALIGN (0x4)
 *(.text)
 .text          0x0000000060002400       0x40 /home/asmir/Desktop/Dropbox/MCU/gcc/gcc-arm-none-eabi-7-2018-q2-update/bin/../lib/gcc/arm-none-eabi/7.3.1/thumb/v7e-m/fpv4-sp/hard/crtbegin.o
 .text          0x0000000060002440      0x220 /home/asmir/Desktop/Dropbox/MCU/nxp/RT1021/projects/alencon-systems/bootloader/build/startup_MIMXRT1021.o
                0x0000000060002440                Reset_Handler
                0x00000000600024c4                LPUART8_DriverIRQHandler
                0x00000000600024c4                LPSPI2_DriverIRQHandler
                0x00000000600024c4                ADC_ETC_IRQ0_IRQHandler
                0x00000000600024c4                DebugMon_Handler
                0x00000000600024c4                SAI3_RX_DriverIRQHandler
                0x00000000600024c4                DMA13_DMA29_DriverIRQHandler
                0x00000000600024c4                Reserved86_IRQHandler
                0x00000000600024c4                SRC_IRQHandler
                0x00000000600024c4                LPSPI4_DriverIRQHandler
                0x00000000600024c4                Reserved60_IRQHandler
                0x00000000600024c4                GPIO2_Combined_0_15_IRQHandler
                0x00000000600024c4                SPDIF_DriverIRQHandler
                0x00000000600024c4                GPIO1_INT2_IRQHandler
                0x00000000600024c4                Reserved103_IRQHandler
                0x00000000600024c4                ENC2_IRQHandler
                0x00000000600024c4                PWM2_2_IRQHandler
                0x00000000600024c4                GPIO1_INT7_IRQHandler
                0x00000000600024c4                CCM_1_IRQHandler
                0x00000000600024c4                Reserved59_IRQHandler
                0x00000000600024c4                ADC_ETC_IRQ1_IRQHandler
                0x00000000600024c4                DMA7_DMA23_DriverIRQHandler
                0x00000000600024c4                CTI0_ERROR_IRQHandler
                0x00000000600024c4                GPIO5_Combined_0_15_IRQHandler
                0x00000000600024c4                PWM1_0_IRQHandler
                0x00000000600024c4                Reserved68_IRQHandler
                0x00000000600024c4                LPI2C3_DriverIRQHandler
                0x00000000600024c4                PWM2_0_IRQHandler
                0x00000000600024c4                DCP_VMI_IRQHandler
                0x00000000600024c4                DMA14_DMA30_DriverIRQHandler
                0x00000000600024c4                ENET_1588_Timer_DriverIRQHandler
                0x00000000600024c4                PWM2_1_IRQHandler
                0x00000000600024c4                PWM2_FAULT_IRQHandler
                0x00000000600024c4                WDOG1_IRQHandler
                0x00000000600024c4                LPUART5_DriverIRQHandler
                0x00000000600024c4                Reserved151_IRQHandler
                0x00000000600024c4                GPT1_IRQHandler
                0x00000000600024c4                ACMP4_IRQHandler
                0x00000000600024c4                SEMC_IRQHandler
                0x00000000600024c4                DMA0_DMA16_DriverIRQHandler
                0x00000000600024c4                DefaultISR
                0x00000000600024c4                Reserved58_IRQHandler
                0x00000000600024c4                PWM1_1_IRQHandler
                0x00000000600024c4                DMA2_DMA18_DriverIRQHandler
                0x00000000600024c4                Reserved82_IRQHandler
                0x00000000600024c4                USDHC1_DriverIRQHandler
                0x00000000600024c4                GPIO1_INT0_IRQHandler
                0x00000000600024c4                LPUART2_DriverIRQHandler
                0x00000000600024c4                CSU_IRQHandler
                0x00000000600024c4                Reserved70_IRQHandler
                0x00000000600024c4                ADC1_IRQHandler
                0x00000000600024c4                FLEXIO1_DriverIRQHandler
                0x00000000600024c4                ENET_DriverIRQHandler
                0x00000000600024c4                GPIO1_Combined_16_31_IRQHandler
                0x00000000600024c4                Reserved128_IRQHandler
                0x00000000600024c4                RTWDOG_IRQHandler
                0x00000000600024c4                Reserved78_IRQHandler
                0x00000000600024c4                SAI1_DriverIRQHandler
                0x00000000600024c4                DMA12_DMA28_DriverIRQHandler
                0x00000000600024c4                GPIO3_Combined_16_31_IRQHandler
                0x00000000600024c4                EWM_IRQHandler
                0x00000000600024c4                TEMP_LOW_HIGH_IRQHandler
                0x00000000600024c4                WDOG2_IRQHandler
                0x00000000600024c4                GPIO1_INT5_IRQHandler
                0x00000000600024c4                FLEXSPI_DriverIRQHandler
                0x00000000600024c4                PWM2_3_IRQHandler
                0x00000000600024c4                CORE_IRQHandler
                0x00000000600024c4                DMA10_DMA26_DriverIRQHandler
                0x00000000600024c4                TEMP_PANIC_IRQHandler
                0x00000000600024c4                GPIO1_INT6_IRQHandler
                0x00000000600024c4                PWM1_2_IRQHandler
                0x00000000600024c4                Reserved144_IRQHandler
                0x00000000600024c4                GPR_IRQ_IRQHandler
                0x00000000600024c4                GPC_IRQHandler
                0x00000000600024c4                LPUART1_DriverIRQHandler
                0x00000000600024c4                DCDC_IRQHandler
                0x00000000600024c4                GPIO3_Combined_0_15_IRQHandler
                0x00000000600024c4                Reserved107_IRQHandler
                0x00000000600024c4                DMA1_DMA17_DriverIRQHandler
                0x00000000600024c4                USB_OTG1_IRQHandler
                0x00000000600024c4                LPUART4_DriverIRQHandler
                0x00000000600024c4                CAN2_DriverIRQHandler
                0x00000000600024c4                Reserved102_IRQHandler
                0x00000000600024c4                GPIO5_Combined_16_31_IRQHandler
                0x00000000600024c4                TMR2_IRQHandler
                0x00000000600024c4                ADC_ETC_ERROR_IRQ_IRQHandler
                0x00000000600024c4                DMA8_DMA24_DriverIRQHandler
                0x00000000600024c4                DMA6_DMA22_DriverIRQHandler
                0x00000000600024c4                BEE_IRQHandler
                0x00000000600024c4                GPIO1_INT1_IRQHandler
                0x00000000600024c4                SNVS_LP_HP_WRAPPER_IRQHandler
                0x00000000600024c4                ADC_ETC_IRQ2_IRQHandler
                0x00000000600024c4                Reserved148_IRQHandler
                0x00000000600024c4                GPIO1_INT4_IRQHandler
                0x00000000600024c4                LPUART6_DriverIRQHandler
                0x00000000600024c4                CCM_2_IRQHandler
                0x00000000600024c4                KPP_IRQHandler
                0x00000000600024c4                ADC2_IRQHandler
                0x00000000600024c4                USDHC2_DriverIRQHandler
                0x00000000600024c4                SAI2_DriverIRQHandler
                0x00000000600024c4                PIT_IRQHandler
                0x00000000600024c4                Reserved115_IRQHandler
                0x00000000600024c4                SNVS_HP_WRAPPER_IRQHandler
                0x00000000600024c4                DMA11_DMA27_DriverIRQHandler
                0x00000000600024c4                Reserved147_IRQHandler
                0x00000000600024c4                XBAR1_IRQ_2_3_IRQHandler
                0x00000000600024c4                LPI2C1_DriverIRQHandler
                0x00000000600024c4                DCP_IRQHandler
                0x00000000600024c4                LPUART7_DriverIRQHandler
                0x00000000600024c4                Reserved123_IRQHandler
                0x00000000600024c4                DMA4_DMA20_DriverIRQHandler
                0x00000000600024c4                GPIO1_INT3_IRQHandler
                0x00000000600024c4                DMA9_DMA25_DriverIRQHandler
                0x00000000600024c4                GPIO1_Combined_0_15_IRQHandler
                0x00000000600024c4                LPSPI1_DriverIRQHandler
                0x00000000600024c4                Reserved152_IRQHandler
                0x00000000600024c4                DMA3_DMA19_DriverIRQHandler
                0x00000000600024c4                ACMP3_IRQHandler
                0x00000000600024c4                ENC1_IRQHandler
                0x00000000600024c4                PWM1_FAULT_IRQHandler
                0x00000000600024c4                Reserved143_IRQHandler
                0x00000000600024c4                GPIO2_Combined_16_31_IRQHandler
                0x00000000600024c4                LPI2C4_DriverIRQHandler
                0x00000000600024c4                PMU_IRQHandler
                0x00000000600024c4                XBAR1_IRQ_0_1_IRQHandler
                0x00000000600024c4                SNVS_HP_WRAPPER_TZ_IRQHandler
                0x00000000600024c4                SAI3_TX_DriverIRQHandler
                0x00000000600024c4                ACMP2_IRQHandler
                0x00000000600024c4                GPT2_IRQHandler
                0x00000000600024c4                FLEXRAM_IRQHandler
                0x00000000600024c4                DMA5_DMA21_DriverIRQHandler
                0x00000000600024c4                USB_PHY_IRQHandler
                0x00000000600024c4                Reserved56_IRQHandler
                0x00000000600024c4                ACMP1_IRQHandler
                0x00000000600024c4                Reserved87_IRQHandler
                0x00000000600024c4                DMA15_DMA31_DriverIRQHandler
                0x00000000600024c4                LPSPI3_DriverIRQHandler
                0x00000000600024c4                LPI2C2_DriverIRQHandler
                0x00000000600024c4                DMA_ERROR_DriverIRQHandler
                0x00000000600024c4                CAN1_DriverIRQHandler
                0x00000000600024c4                TMR1_IRQHandler
                0x00000000600024c4                TRNG_IRQHandler
                0x00000000600024c4                CTI1_ERROR_IRQHandler
                0x00000000600024c4                PWM1_3_IRQHandler
                0x00000000600024c4                LPUART3_DriverIRQHandler
                0x00000000600024d0                SVC_Handler
                0x00000000600024d4                PendSV_Handler
                0x00000000600024dc                DMA0_DMA16_IRQHandler
                0x00000000600024e0                DMA1_DMA17_IRQHandler
                0x00000000600024e4                DMA2_DMA18_IRQHandler
                0x00000000600024e8                DMA3_DMA19_IRQHandler
                0x00000000600024ec                DMA4_DMA20_IRQHandler
                0x00000000600024f0                DMA5_DMA21_IRQHandler
                0x00000000600024f4                DMA6_DMA22_IRQHandler
                0x00000000600024f8                DMA7_DMA23_IRQHandler
                0x00000000600024fc                DMA8_DMA24_IRQHandler
                0x0000000060002500                DMA9_DMA25_IRQHandler
                0x0000000060002504                DMA10_DMA26_IRQHandler
                0x0000000060002508                DMA11_DMA27_IRQHandler
                0x000000006000250c                DMA12_DMA28_IRQHandler
                0x0000000060002510                DMA13_DMA29_IRQHandler
                0x0000000060002514                DMA14_DMA30_IRQHandler
                0x0000000060002518                DMA15_DMA31_IRQHandler
                0x000000006000251c                DMA_ERROR_IRQHandler
                0x0000000060002520                LPUART1_IRQHandler
                0x0000000060002528                LPUART3_IRQHandler
                0x000000006000252c                LPUART4_IRQHandler
                0x0000000060002530                LPUART5_IRQHandler
                0x0000000060002534                LPUART6_IRQHandler
                0x0000000060002538                LPUART7_IRQHandler
                0x000000006000253c                LPUART8_IRQHandler
                0x0000000060002540                LPI2C1_IRQHandler
                0x0000000060002544                LPI2C2_IRQHandler
                0x0000000060002548                LPI2C3_IRQHandler
                0x000000006000254c                LPI2C4_IRQHandler
                0x0000000060002550                LPSPI1_IRQHandler
                0x0000000060002554                LPSPI2_IRQHandler
                0x0000000060002558                LPSPI3_IRQHandler
                0x000000006000255c                LPSPI4_IRQHandler
                0x0000000060002560                CAN1_IRQHandler
                0x0000000060002564                CAN2_IRQHandler
                0x0000000060002568                SAI1_IRQHandler
                0x000000006000256c                SAI2_IRQHandler
                0x0000000060002570                SAI3_RX_IRQHandler
                0x0000000060002574                SAI3_TX_IRQHandler
                0x0000000060002578                SPDIF_IRQHandler
                0x000000006000257c                FLEXIO1_IRQHandler
                0x0000000060002580                FLEXSPI_IRQHandler
                0x0000000060002584                USDHC1_IRQHandler
                0x0000000060002588                USDHC2_IRQHandler
                0x000000006000258c                ENET_IRQHandler
                0x0000000060002590                ENET_1588_Timer_IRQHandler
 *(.text*)
 .text.runMainAppDFU
                0x0000000060002660       0x30 /home/asmir/Desktop/Dropbox/MCU/nxp/RT1021/projects/alencon-systems/bootloader/build/main.o
                0x0000000060002660                runMainAppDFU
 .text.startup.main
                0x0000000060002690      0x118 /home/asmir/Desktop/Dropbox/MCU/nxp/RT1021/projects/alencon-systems/bootloader/build/main.o
                0x0000000060002690                main
 .text.initSYSTEM
                0x00000000600027a8      0x27c /home/asmir/Desktop/Dropbox/MCU/nxp/RT1021/projects/alencon-systems/bootloader/build/system.o
                0x00000000600027a8                initSYSTEM
 .text.initSYSTIM
                0x0000000060002a24       0x28 /home/asmir/Desktop/Dropbox/MCU/nxp/RT1021/projects/alencon-systems/bootloader/build/delay.o
                0x0000000060002a24                initSYSTIM
 .text.getSYSTIM
                0x0000000060002a4c        0xc /home/asmir/Desktop/Dropbox/MCU/nxp/RT1021/projects/alencon-systems/bootloader/build/delay.o
                0x0000000060002a4c                getSYSTIM
 .text.chk4TimeoutSYSTIM
                0x0000000060002a58       0x28 /home/asmir/Desktop/Dropbox/MCU/nxp/RT1021/projects/alencon-systems/bootloader/build/delay.o
                0x0000000060002a58                chk4TimeoutSYSTIM
 .text.initDEBUG
                0x0000000060002a80       0xbc /home/asmir/Desktop/Dropbox/MCU/nxp/RT1021/projects/alencon-systems/bootloader/build/debug.o
                0x0000000060002a80                initDEBUG
 .text.printDEBUG
                0x0000000060002b3c      0x33c /home/asmir/Desktop/Dropbox/MCU/nxp/RT1021/projects/alencon-systems/bootloader/build/debug.o
                0x0000000060002b3c                printDEBUG
 .text.NMI_Handler
                0x0000000060002e78       0x10 /home/asmir/Desktop/Dropbox/MCU/nxp/RT1021/projects/alencon-systems/bootloader/build/debug.o
                0x0000000060002e78                NMI_Handler
 .text.HardFault_Handler
                0x0000000060002e88       0x1c /home/asmir/Desktop/Dropbox/MCU/nxp/RT1021/projects/alencon-systems/bootloader/build/debug.o
                0x0000000060002e88                HardFault_Handler
 .text.HardFault_HandlerC
                0x0000000060002ea4      0x114 /home/asmir/Desktop/Dropbox/MCU/nxp/RT1021/projects/alencon-systems/bootloader/build/debug.o
                0x0000000060002ea4                HardFault_HandlerC
 .text.MemManage_Handler
                0x0000000060002fb8       0x10 /home/asmir/Desktop/Dropbox/MCU/nxp/RT1021/projects/alencon-systems/bootloader/build/debug.o
                0x0000000060002fb8                MemManage_Handler
 .text.BusFault_Handler
                0x0000000060002fc8       0x10 /home/asmir/Desktop/Dropbox/MCU/nxp/RT1021/projects/alencon-systems/bootloader/build/debug.o
                0x0000000060002fc8                BusFault_Handler
 .text.UsageFault_Handler
                0x0000000060002fd8       0x10 /home/asmir/Desktop/Dropbox/MCU/nxp/RT1021/projects/alencon-systems/bootloader/build/debug.o
                0x0000000060002fd8                UsageFault_Handler
 .text.putDNumMISC
                0x0000000060002fe8       0x6c /home/asmir/Desktop/Dropbox/MCU/nxp/RT1021/projects/alencon-systems/bootloader/build/misc.o
                0x0000000060002fe8                putDNumMISC
 *fill*         0x0000000060003054        0x4 
 .text.getStr4NumMISC
                0x0000000060003058      0x380 /home/asmir/Desktop/Dropbox/MCU/nxp/RT1021/projects/alencon-systems/bootloader/build/misc.o
                0x0000000060003058                getStr4NumMISC
 .text.initLPUART1
                0x00000000600033d8       0x54 /home/asmir/Desktop/Dropbox/MCU/nxp/RT1021/projects/alencon-systems/bootloader/build/lpuart.o
                0x00000000600033d8                initLPUART1
 .text.putcharLPUART1
                0x000000006000342c       0x1c /home/asmir/Desktop/Dropbox/MCU/nxp/RT1021/projects/alencon-systems/bootloader/build/lpuart.o
                0x000000006000342c                putcharLPUART1
 .text.sprintLPUART1
                0x0000000060003448       0x4c /home/asmir/Desktop/Dropbox/MCU/nxp/RT1021/projects/alencon-systems/bootloader/build/lpuart.o
                0x0000000060003448                sprintLPUART1
 .text.printLPUART1
                0x0000000060003494      0x1f4 /home/asmir/Desktop/Dropbox/MCU/nxp/RT1021/projects/alencon-systems/bootloader/build/lpuart.o
                0x0000000060003494                printLPUART1
 .text.CLOCK_InitExternalClk
                0x0000000060003688       0x50 /home/asmir/Desktop/Dropbox/MCU/nxp/RT1021/projects/alencon-systems/bootloader/build/fsl_clock.o
                0x0000000060003688                CLOCK_InitExternalClk
 .text.CLOCK_SwitchOsc
                0x00000000600036d8       0x18 /home/asmir/Desktop/Dropbox/MCU/nxp/RT1021/projects/alencon-systems/bootloader/build/fsl_clock.o
                0x00000000600036d8                CLOCK_SwitchOsc
 .text.CLOCK_InitRcOsc24M
                0x00000000600036f0       0x14 /home/asmir/Desktop/Dropbox/MCU/nxp/RT1021/projects/alencon-systems/bootloader/build/fsl_clock.o
                0x00000000600036f0                CLOCK_InitRcOsc24M
 .text.CLOCK_InitSysPll
                0x0000000060003704       0x70 /home/asmir/Desktop/Dropbox/MCU/nxp/RT1021/projects/alencon-systems/bootloader/build/fsl_clock.o
                0x0000000060003704                CLOCK_InitSysPll
 .text.CLOCK_DeinitAudioPll
                0x0000000060003774       0x10 /home/asmir/Desktop/Dropbox/MCU/nxp/RT1021/projects/alencon-systems/bootloader/build/fsl_clock.o
                0x0000000060003774                CLOCK_DeinitAudioPll
 .text.CLOCK_InitEnetPll
                0x0000000060003784       0x6c /home/asmir/Desktop/Dropbox/MCU/nxp/RT1021/projects/alencon-systems/bootloader/build/fsl_clock.o
                0x0000000060003784                CLOCK_InitEnetPll
 .text.CLOCK_InitSysPfd
                0x00000000600037f0       0x34 /home/asmir/Desktop/Dropbox/MCU/nxp/RT1021/projects/alencon-systems/bootloader/build/fsl_clock.o
                0x00000000600037f0                CLOCK_InitSysPfd
 .text.BOARD_InitPins
                0x0000000060003824       0x54 /home/asmir/Desktop/Dropbox/MCU/nxp/RT1021/projects/alencon-systems/bootloader/build/pin_mux.o
                0x0000000060003824                BOARD_InitPins
 .text.BOARD_InitBootPins
                0x0000000060003878        0x4 /home/asmir/Desktop/Dropbox/MCU/nxp/RT1021/projects/alencon-systems/bootloader/build/pin_mux.o
                0x0000000060003878                BOARD_InitBootPins
 .text.BOARD_BootClockRUN
                0x000000006000387c      0x6a0 /home/asmir/Desktop/Dropbox/MCU/nxp/RT1021/projects/alencon-systems/bootloader/build/clock_config.o
                0x000000006000387c                BOARD_BootClockRUN
 .text.BOARD_InitBootClocks
                0x0000000060003f1c        0x4 /home/asmir/Desktop/Dropbox/MCU/nxp/RT1021/projects/alencon-systems/bootloader/build/clock_config.o
                0x0000000060003f1c                BOARD_InitBootClocks
 .text.SystemInitHook
                0x0000000060003f20        0x4 /home/asmir/Desktop/Dropbox/MCU/nxp/RT1021/projects/alencon-systems/bootloader/build/system_MIMXRT1021.o
                0x0000000060003f20                SystemInitHook
 .text.SystemInit
                0x0000000060003f24       0x88 /home/asmir/Desktop/Dropbox/MCU/nxp/RT1021/projects/alencon-systems/bootloader/build/system_MIMXRT1021.o
                0x0000000060003f24                SystemInit
 .text.__assert_func
                0x0000000060003fac        0x4 /home/asmir/Desktop/Dropbox/MCU/nxp/RT1021/projects/alencon-systems/bootloader/build/fsl_assert.o
                0x0000000060003fac                __assert_func
 .text._sbrk    0x0000000060003fb0       0x40 /home/asmir/Desktop/Dropbox/MCU/nxp/RT1021/projects/alencon-systems/bootloader/build/fsl_sbrk.o
                0x0000000060003fb0                _sbrk
 .text.SysTick_Handler
                0x0000000060003ff0       0x10 /home/asmir/Desktop/Dropbox/MCU/nxp/RT1021/projects/alencon-systems/bootloader/build/timing.o
                0x0000000060003ff0                SysTick_Handler
 .text.Timing_Init
                0x0000000060004000       0x48 /home/asmir/Desktop/Dropbox/MCU/nxp/RT1021/projects/alencon-systems/bootloader/build/timing.o
                0x0000000060004000                Timing_Init
 .text.TimeNow  0x0000000060004048        0xc /home/asmir/Desktop/Dropbox/MCU/nxp/RT1021/projects/alencon-systems/bootloader/build/timing.o
                0x0000000060004048                TimeNow
 .text.Timing_Roll
                0x0000000060004054       0x18 /home/asmir/Desktop/Dropbox/MCU/nxp/RT1021/projects/alencon-systems/bootloader/build/timing.o
                0x0000000060004054                Timing_Roll
 .text.hal_UART_EnableInterrupts
                0x000000006000406c       0x74 /home/asmir/Desktop/Dropbox/MCU/nxp/RT1021/projects/alencon-systems/bootloader/build/hal_uart.o
                0x000000006000406c                hal_UART_EnableInterrupts
 .text.hal_UART_Init
                0x00000000600040e0      0x10c /home/asmir/Desktop/Dropbox/MCU/nxp/RT1021/projects/alencon-systems/bootloader/build/hal_uart.o
                0x00000000600040e0                hal_UART_Init
 .text.hal_UART_EnableTxInterrupt
                0x00000000600041ec       0x20 /home/asmir/Desktop/Dropbox/MCU/nxp/RT1021/projects/alencon-systems/bootloader/build/hal_uart.o
                0x00000000600041ec                hal_UART_EnableTxInterrupt
 .text.hal_UART_DisableTxInterrupt
                0x000000006000420c       0x20 /home/asmir/Desktop/Dropbox/MCU/nxp/RT1021/projects/alencon-systems/bootloader/build/hal_uart.o
                0x000000006000420c                hal_UART_DisableTxInterrupt
 .text.hal_UART_TxByte
                0x000000006000422c       0x18 /home/asmir/Desktop/Dropbox/MCU/nxp/RT1021/projects/alencon-systems/bootloader/build/hal_uart.o
                0x000000006000422c                hal_UART_TxByte
 .text.hal_UART_RxByte
                0x0000000060004244       0x20 /home/asmir/Desktop/Dropbox/MCU/nxp/RT1021/projects/alencon-systems/bootloader/build/hal_uart.o
                0x0000000060004244                hal_UART_RxByte
 .text.hal_UART_DataAvailable
                0x0000000060004264       0x20 /home/asmir/Desktop/Dropbox/MCU/nxp/RT1021/projects/alencon-systems/bootloader/build/hal_uart.o
                0x0000000060004264                hal_UART_DataAvailable
 .text.hal_UART_SpaceAvailable
                0x0000000060004284       0x20 /home/asmir/Desktop/Dropbox/MCU/nxp/RT1021/projects/alencon-systems/bootloader/build/hal_uart.o
                0x0000000060004284                hal_UART_SpaceAvailable
 .text.hal_UART_TxInterruptEnabled
                0x00000000600042a4       0x20 /home/asmir/Desktop/Dropbox/MCU/nxp/RT1021/projects/alencon-systems/bootloader/build/hal_uart.o
                0x00000000600042a4                hal_UART_TxInterruptEnabled
 .text.LPUART2_IRQHandler
                0x00000000600042c4       0x14 /home/asmir/Desktop/Dropbox/MCU/nxp/RT1021/projects/alencon-systems/bootloader/build/hal_uart.o
                0x00000000600042c4                LPUART2_IRQHandler
 .text.UART_Tick
                0x00000000600042d8      0x164 /home/asmir/Desktop/Dropbox/MCU/nxp/RT1021/projects/alencon-systems/bootloader/build/uart.o
                0x00000000600042d8                UART_Tick
 .text.UART_Tx_Start
                0x000000006000443c       0x48 /home/asmir/Desktop/Dropbox/MCU/nxp/RT1021/projects/alencon-systems/bootloader/build/uart.o
 .text.UART_Init
                0x0000000060004484       0x9c /home/asmir/Desktop/Dropbox/MCU/nxp/RT1021/projects/alencon-systems/bootloader/build/uart.o
                0x0000000060004484                UART_Init
 .text.UART_printf
                0x0000000060004520       0x38 /home/asmir/Desktop/Dropbox/MCU/nxp/RT1021/projects/alencon-systems/bootloader/build/uart.o
                0x0000000060004520                UART_printf
 .text.UART_Tx_Handler
                0x0000000060004558       0x40 /home/asmir/Desktop/Dropbox/MCU/nxp/RT1021/projects/alencon-systems/bootloader/build/uart.o
                0x0000000060004558                UART_Tx_Handler
 .text.UART_Rx_Handler
                0x0000000060004598       0x48 /home/asmir/Desktop/Dropbox/MCU/nxp/RT1021/projects/alencon-systems/bootloader/build/uart.o
                0x0000000060004598                UART_Rx_Handler
 .text.Buffer_Enqueue
                0x00000000600045e0       0x64 /home/asmir/Desktop/Dropbox/MCU/nxp/RT1021/projects/alencon-systems/bootloader/build/buffer.o
                0x00000000600045e0                Buffer_Enqueue
 .text.Buffer_Dequeue
                0x0000000060004644       0x2c /home/asmir/Desktop/Dropbox/MCU/nxp/RT1021/projects/alencon-systems/bootloader/build/buffer.o
                0x0000000060004644                Buffer_Dequeue
 .text.Buffer_GetSize
                0x0000000060004670        0x4 /home/asmir/Desktop/Dropbox/MCU/nxp/RT1021/projects/alencon-systems/bootloader/build/buffer.o
                0x0000000060004670                Buffer_GetSize
 .text.Buffer_Init
                0x0000000060004674       0x1c /home/asmir/Desktop/Dropbox/MCU/nxp/RT1021/projects/alencon-systems/bootloader/build/buffer.o
                0x0000000060004674                Buffer_Init
 .text.Buffer_uint16
                0x0000000060004690       0x48 /home/asmir/Desktop/Dropbox/MCU/nxp/RT1021/projects/alencon-systems/bootloader/build/buffer_printf.o
                0x0000000060004690                Buffer_uint16
 .text.Buffer_int16
                0x00000000600046d8       0x2c /home/asmir/Desktop/Dropbox/MCU/nxp/RT1021/projects/alencon-systems/bootloader/build/buffer_printf.o
                0x00000000600046d8                Buffer_int16
 .text.Buffer_uint32
                0x0000000060004704       0x48 /home/asmir/Desktop/Dropbox/MCU/nxp/RT1021/projects/alencon-systems/bootloader/build/buffer_printf.o
                0x0000000060004704                Buffer_uint32
 .text.Buffer_int32
                0x000000006000474c       0x28 /home/asmir/Desktop/Dropbox/MCU/nxp/RT1021/projects/alencon-systems/bootloader/build/buffer_printf.o
                0x000000006000474c                Buffer_int32
 .text.Buffer_HexN
                0x0000000060004774       0x74 /home/asmir/Desktop/Dropbox/MCU/nxp/RT1021/projects/alencon-systems/bootloader/build/buffer_printf.o
                0x0000000060004774                Buffer_HexN
 .text.Buffer_Float
                0x00000000600047e8       0x7c /home/asmir/Desktop/Dropbox/MCU/nxp/RT1021/projects/alencon-systems/bootloader/build/buffer_printf.o
                0x00000000600047e8                Buffer_Float
 .text.Buffer_vprintf
                0x0000000060004864      0x184 /home/asmir/Desktop/Dropbox/MCU/nxp/RT1021/projects/alencon-systems/bootloader/build/buffer_printf.o
                0x0000000060004864                Buffer_vprintf
 .text.SortTask
                0x00000000600049e8       0x10 /home/asmir/Desktop/Dropbox/MCU/nxp/RT1021/projects/alencon-systems/bootloader/build/task.o
 .text.IdentifyTask
                0x00000000600049f8        0xc /home/asmir/Desktop/Dropbox/MCU/nxp/RT1021/projects/alencon-systems/bootloader/build/task.o
 .text.RollTimer
                0x0000000060004a04       0x3c /home/asmir/Desktop/Dropbox/MCU/nxp/RT1021/projects/alencon-systems/bootloader/build/task.o
 .text.Task_Schedule
                0x0000000060004a40       0x38 /home/asmir/Desktop/Dropbox/MCU/nxp/RT1021/projects/alencon-systems/bootloader/build/task.o
                0x0000000060004a40                Task_Schedule
 .text.Task_Init
                0x0000000060004a78       0x70 /home/asmir/Desktop/Dropbox/MCU/nxp/RT1021/projects/alencon-systems/bootloader/build/task.o
                0x0000000060004a78                Task_Init
 .text.FindLinkByItem
                0x0000000060004ae8       0x54 /home/asmir/Desktop/Dropbox/MCU/nxp/RT1021/projects/alencon-systems/bootloader/build/list.o
 .text.GetUnusedLink
                0x0000000060004b3c       0xbc /home/asmir/Desktop/Dropbox/MCU/nxp/RT1021/projects/alencon-systems/bootloader/build/list.o
 .text.List_Init
                0x0000000060004bf8       0x48 /home/asmir/Desktop/Dropbox/MCU/nxp/RT1021/projects/alencon-systems/bootloader/build/list.o
                0x0000000060004bf8                List_Init
 .text.List_SetSortFunction
                0x0000000060004c40        0x4 /home/asmir/Desktop/Dropbox/MCU/nxp/RT1021/projects/alencon-systems/bootloader/build/list.o
                0x0000000060004c40                List_SetSortFunction
 .text.List_SetIdentifyFunction
                0x0000000060004c44        0x4 /home/asmir/Desktop/Dropbox/MCU/nxp/RT1021/projects/alencon-systems/bootloader/build/list.o
                0x0000000060004c44                List_SetIdentifyFunction
 .text.List_AddIndirect
                0x0000000060004c48       0x38 /home/asmir/Desktop/Dropbox/MCU/nxp/RT1021/projects/alencon-systems/bootloader/build/list.o
                0x0000000060004c48                List_AddIndirect
 .text.List_GetFirst
                0x0000000060004c80       0x14 /home/asmir/Desktop/Dropbox/MCU/nxp/RT1021/projects/alencon-systems/bootloader/build/list.o
                0x0000000060004c80                List_GetFirst
 .text.List_GetNext
                0x0000000060004c94       0x14 /home/asmir/Desktop/Dropbox/MCU/nxp/RT1021/projects/alencon-systems/bootloader/build/list.o
                0x0000000060004c94                List_GetNext
 .text.__errno  0x0000000060004ca8        0xc /home/asmir/Desktop/Dropbox/MCU/gcc/gcc-arm-none-eabi-7-2018-q2-update/bin/../lib/gcc/arm-none-eabi/7.3.1/../../../../arm-none-eabi/lib/thumb/v7e-m/fpv4-sp/hard/libc.a(lib_a-errno.o)
                0x0000000060004ca8                __errno
 .text.__libc_init_array
                0x0000000060004cb4       0x48 /home/asmir/Desktop/Dropbox/MCU/gcc/gcc-arm-none-eabi-7-2018-q2-update/bin/../lib/gcc/arm-none-eabi/7.3.1/../../../../arm-none-eabi/lib/thumb/v7e-m/fpv4-sp/hard/libc.a(lib_a-init.o)
                0x0000000060004cb4                __libc_init_array
 .text.malloc   0x0000000060004cfc       0x10 /home/asmir/Desktop/Dropbox/MCU/gcc/gcc-arm-none-eabi-7-2018-q2-update/bin/../lib/gcc/arm-none-eabi/7.3.1/../../../../arm-none-eabi/lib/thumb/v7e-m/fpv4-sp/hard/libc.a(lib_a-malloc.o)
                0x0000000060004cfc                malloc
 .text._malloc_r
                0x0000000060004d0c      0x548 /home/asmir/Desktop/Dropbox/MCU/gcc/gcc-arm-none-eabi-7-2018-q2-update/bin/../lib/gcc/arm-none-eabi/7.3.1/../../../../arm-none-eabi/lib/thumb/v7e-m/fpv4-sp/hard/libc.a(lib_a-mallocr.o)
                0x0000000060004d0c                _malloc_r
 .text.__malloc_lock
                0x0000000060005254        0xc /home/asmir/Desktop/Dropbox/MCU/gcc/gcc-arm-none-eabi-7-2018-q2-update/bin/../lib/gcc/arm-none-eabi/7.3.1/../../../../arm-none-eabi/lib/thumb/v7e-m/fpv4-sp/hard/libc.a(lib_a-mlock.o)
                0x0000000060005254                __malloc_lock
 .text.__malloc_unlock
                0x0000000060005260        0xc /home/asmir/Desktop/Dropbox/MCU/gcc/gcc-arm-none-eabi-7-2018-q2-update/bin/../lib/gcc/arm-none-eabi/7.3.1/../../../../arm-none-eabi/lib/thumb/v7e-m/fpv4-sp/hard/libc.a(lib_a-mlock.o)
                0x0000000060005260                __malloc_unlock
 .text._sbrk_r  0x000000006000526c       0x24 /home/asmir/Desktop/Dropbox/MCU/gcc/gcc-arm-none-eabi-7-2018-q2-update/bin/../lib/gcc/arm-none-eabi/7.3.1/../../../../arm-none-eabi/lib/thumb/v7e-m/fpv4-sp/hard/libc.a(lib_a-sbrkr.o)
                0x000000006000526c                _sbrk_r
 .text.startup.register_fini
                0x0000000060005290       0x14 /home/asmir/Desktop/Dropbox/MCU/gcc/gcc-arm-none-eabi-7-2018-q2-update/bin/../lib/gcc/arm-none-eabi/7.3.1/../../../../arm-none-eabi/lib/thumb/v7e-m/fpv4-sp/hard/libc.a(lib_a-__call_atexit.o)
 .text.atexit   0x00000000600052a4        0xc /home/asmir/Desktop/Dropbox/MCU/gcc/gcc-arm-none-eabi-7-2018-q2-update/bin/../lib/gcc/arm-none-eabi/7.3.1/../../../../arm-none-eabi/lib/thumb/v7e-m/fpv4-sp/hard/libc.a(lib_a-atexit.o)
                0x00000000600052a4                atexit
 .text.__libc_fini_array
                0x00000000600052b0       0x34 /home/asmir/Desktop/Dropbox/MCU/gcc/gcc-arm-none-eabi-7-2018-q2-update/bin/../lib/gcc/arm-none-eabi/7.3.1/../../../../arm-none-eabi/lib/thumb/v7e-m/fpv4-sp/hard/libc.a(lib_a-fini.o)
                0x00000000600052b0                __libc_fini_array
 .text._malloc_trim_r
                0x00000000600052e4       0xa0 /home/asmir/Desktop/Dropbox/MCU/gcc/gcc-arm-none-eabi-7-2018-q2-update/bin/../lib/gcc/arm-none-eabi/7.3.1/../../../../arm-none-eabi/lib/thumb/v7e-m/fpv4-sp/hard/libc.a(lib_a-freer.o)
                0x00000000600052e4                _malloc_trim_r
 .text._free_r  0x0000000060005384      0x1e8 /home/asmir/Desktop/Dropbox/MCU/gcc/gcc-arm-none-eabi-7-2018-q2-update/bin/../lib/gcc/arm-none-eabi/7.3.1/../../../../arm-none-eabi/lib/thumb/v7e-m/fpv4-sp/hard/libc.a(lib_a-freer.o)
                0x0000000060005384                _free_r
 .text.__retarget_lock_acquire_recursive
                0x000000006000556c        0x4 /home/asmir/Desktop/Dropbox/MCU/gcc/gcc-arm-none-eabi-7-2018-q2-update/bin/../lib/gcc/arm-none-eabi/7.3.1/../../../../arm-none-eabi/lib/thumb/v7e-m/fpv4-sp/hard/libc.a(lib_a-lock.o)
                0x000000006000556c                __retarget_lock_acquire_recursive
 .text.__retarget_lock_release_recursive
                0x0000000060005570        0x4 /home/asmir/Desktop/Dropbox/MCU/gcc/gcc-arm-none-eabi-7-2018-q2-update/bin/../lib/gcc/arm-none-eabi/7.3.1/../../../../arm-none-eabi/lib/thumb/v7e-m/fpv4-sp/hard/libc.a(lib_a-lock.o)
                0x0000000060005570                __retarget_lock_release_recursive
 .text.__register_exitproc
                0x0000000060005574       0xc0 /home/asmir/Desktop/Dropbox/MCU/gcc/gcc-arm-none-eabi-7-2018-q2-update/bin/../lib/gcc/arm-none-eabi/7.3.1/../../../../arm-none-eabi/lib/thumb/v7e-m/fpv4-sp/hard/libc.a(lib_a-__atexit.o)
                0x0000000060005574                __register_exitproc
 *(.rodata)
 .rodata        0x0000000060005634       0x24 /home/asmir/Desktop/Dropbox/MCU/nxp/RT1021/projects/alencon-systems/bootloader/build/hal_uart.o
 *(.rodata*)
 .rodata.main.str1.4
                0x0000000060005658       0x70 /home/asmir/Desktop/Dropbox/MCU/nxp/RT1021/projects/alencon-systems/bootloader/build/main.o
 .rodata.runMainAppDFU.str1.4
                0x00000000600056c8       0x24 /home/asmir/Desktop/Dropbox/MCU/nxp/RT1021/projects/alencon-systems/bootloader/build/main.o
 .rodata.__func__.10186
                0x00000000600056ec        0xb /home/asmir/Desktop/Dropbox/MCU/nxp/RT1021/projects/alencon-systems/bootloader/build/system.o
 *fill*         0x00000000600056f7        0x1 
 .rodata.initSYSTEM.str1.4
                0x00000000600056f8       0x47 /home/asmir/Desktop/Dropbox/MCU/nxp/RT1021/projects/alencon-systems/bootloader/build/system.o
 *fill*         0x000000006000573f        0x1 
 .rodata.BUILD_TIME
                0x0000000060005740        0x4 /home/asmir/Desktop/Dropbox/MCU/nxp/RT1021/projects/alencon-systems/bootloader/build/fwver.o
                0x0000000060005740                BUILD_TIME
 .rodata.FIRMWARE_VERSION
                0x0000000060005744        0x4 /home/asmir/Desktop/Dropbox/MCU/nxp/RT1021/projects/alencon-systems/bootloader/build/fwver.o
                0x0000000060005744                FIRMWARE_VERSION
 .rodata.BusFault_Handler.str1.4
                0x0000000060005748       0x1a /home/asmir/Desktop/Dropbox/MCU/nxp/RT1021/projects/alencon-systems/bootloader/build/debug.o
 *fill*         0x0000000060005762        0x2 
 .rodata.HardFault_HandlerC.str1.4
                0x0000000060005764       0xbb /home/asmir/Desktop/Dropbox/MCU/nxp/RT1021/projects/alencon-systems/bootloader/build/debug.o
 *fill*         0x000000006000581f        0x1 
 .rodata.MemManage_Handler.str1.4
                0x0000000060005820       0x1b /home/asmir/Desktop/Dropbox/MCU/nxp/RT1021/projects/alencon-systems/bootloader/build/debug.o
 *fill*         0x000000006000583b        0x1 
 .rodata.NMI_Handler.str1.4
                0x000000006000583c       0x15 /home/asmir/Desktop/Dropbox/MCU/nxp/RT1021/projects/alencon-systems/bootloader/build/debug.o
 *fill*         0x0000000060005851        0x3 
 .rodata.UsageFault_Handler.str1.4
                0x0000000060005854       0x1c /home/asmir/Desktop/Dropbox/MCU/nxp/RT1021/projects/alencon-systems/bootloader/build/debug.o
 .rodata.initDEBUG.str1.4
                0x0000000060005870      0x13f /home/asmir/Desktop/Dropbox/MCU/nxp/RT1021/projects/alencon-systems/bootloader/build/debug.o
                                        0x143 (size before relaxing)
 *fill*         0x00000000600059af        0x1 
 .rodata.CLOCK_InitExternalClk.str1.4
                0x00000000600059b0       0x26 /home/asmir/Desktop/Dropbox/MCU/nxp/RT1021/projects/alencon-systems/bootloader/build/fsl_clock.o
 *fill*         0x00000000600059d6        0x2 
 .rodata.__func__.10072
                0x00000000600059d8       0x16 /home/asmir/Desktop/Dropbox/MCU/nxp/RT1021/projects/alencon-systems/bootloader/build/fsl_clock.o
 *fill*         0x00000000600059ee        0x2 
 .rodata.enetPllConfig_BOARD_BootClockRUN
                0x00000000600059f0        0x5 /home/asmir/Desktop/Dropbox/MCU/nxp/RT1021/projects/alencon-systems/bootloader/build/clock_config.o
                0x00000000600059f0                enetPllConfig_BOARD_BootClockRUN
 *fill*         0x00000000600059f5        0x3 
 .rodata.sysPllConfig_BOARD_BootClockRUN
                0x00000000600059f8       0x14 /home/asmir/Desktop/Dropbox/MCU/nxp/RT1021/projects/alencon-systems/bootloader/build/clock_config.o
                0x00000000600059f8                sysPllConfig_BOARD_BootClockRUN
 .rodata.CSWTCH.19
                0x0000000060005a0c       0x20 /home/asmir/Desktop/Dropbox/MCU/nxp/RT1021/projects/alencon-systems/bootloader/build/hal_uart.o
 .rodata.__func__.11110
                0x0000000060005a2c       0x12 /home/asmir/Desktop/Dropbox/MCU/nxp/RT1021/projects/alencon-systems/bootloader/build/hal_uart.o
 *fill*         0x0000000060005a3e        0x2 
 .rodata.hal_UART_Init.str1.4
                0x0000000060005a40       0x28 /home/asmir/Desktop/Dropbox/MCU/nxp/RT1021/projects/alencon-systems/bootloader/build/hal_uart.o
                                         0x26 (size before relaxing)
 .rodata._global_impure_ptr
                0x0000000060005a68        0x4 /home/asmir/Desktop/Dropbox/MCU/gcc/gcc-arm-none-eabi-7-2018-q2-update/bin/../lib/gcc/arm-none-eabi/7.3.1/../../../../arm-none-eabi/lib/thumb/v7e-m/fpv4-sp/hard/libc.a(lib_a-impure.o)
                0x0000000060005a68                _global_impure_ptr
 *(.glue_7)
 .glue_7        0x0000000060005a6c        0x0 linker stubs
 *(.glue_7t)
 .glue_7t       0x0000000060005a6c        0x0 linker stubs
 *(.eh_frame)
 .eh_frame      0x0000000060005a6c        0x0 /home/asmir/Desktop/Dropbox/MCU/gcc/gcc-arm-none-eabi-7-2018-q2-update/bin/../lib/gcc/arm-none-eabi/7.3.1/thumb/v7e-m/fpv4-sp/hard/crtbegin.o
 *(.init)
 .init          0x0000000060005a6c        0x4 /home/asmir/Desktop/Dropbox/MCU/gcc/gcc-arm-none-eabi-7-2018-q2-update/bin/../lib/gcc/arm-none-eabi/7.3.1/thumb/v7e-m/fpv4-sp/hard/crti.o
                0x0000000060005a6c                _init
 .init          0x0000000060005a70        0x8 /home/asmir/Desktop/Dropbox/MCU/gcc/gcc-arm-none-eabi-7-2018-q2-update/bin/../lib/gcc/arm-none-eabi/7.3.1/thumb/v7e-m/fpv4-sp/hard/crtn.o
 *(.fini)
 .fini          0x0000000060005a78        0x4 /home/asmir/Desktop/Dropbox/MCU/gcc/gcc-arm-none-eabi-7-2018-q2-update/bin/../lib/gcc/arm-none-eabi/7.3.1/thumb/v7e-m/fpv4-sp/hard/crti.o
                0x0000000060005a78                _fini
 .fini          0x0000000060005a7c        0x8 /home/asmir/Desktop/Dropbox/MCU/gcc/gcc-arm-none-eabi-7-2018-q2-update/bin/../lib/gcc/arm-none-eabi/7.3.1/thumb/v7e-m/fpv4-sp/hard/crtn.o
                0x0000000060005a84                . = ALIGN (0x4)

.vfp11_veneer   0x0000000060005a84        0x0
 .vfp11_veneer  0x0000000060005a84        0x0 linker stubs

.v4_bx          0x0000000060005a84        0x0
 .v4_bx         0x0000000060005a84        0x0 linker stubs

.iplt           0x0000000060005a84        0x0
 .iplt          0x0000000060005a84        0x0 /home/asmir/Desktop/Dropbox/MCU/gcc/gcc-arm-none-eabi-7-2018-q2-update/bin/../lib/gcc/arm-none-eabi/7.3.1/thumb/v7e-m/fpv4-sp/hard/crtbegin.o

.rel.dyn        0x0000000060005a84        0x0
 .rel.iplt      0x0000000060005a84        0x0 /home/asmir/Desktop/Dropbox/MCU/gcc/gcc-arm-none-eabi-7-2018-q2-update/bin/../lib/gcc/arm-none-eabi/7.3.1/thumb/v7e-m/fpv4-sp/hard/crtbegin.o

.ARM.extab
 *(.ARM.extab* .gnu.linkonce.armextab.*)

.ARM            0x0000000060005a84        0x0
                0x0000000060005a84                __exidx_start = .
 *(.ARM.exidx*)
                0x0000000060005a84                __exidx_end = .

.ctors          0x0000000060005a84        0x0
                0x0000000060005a84                __CTOR_LIST__ = .
 *crtbegin.o(.ctors)
 *crtbegin?.o(.ctors)
 *(EXCLUDE_FILE(*crtend.o *crtend?.o) .ctors)
 *(SORT_BY_NAME(.ctors.*))
 *(.ctors)
                0x0000000060005a84                __CTOR_END__ = .

.dtors          0x0000000060005a84        0x0
                0x0000000060005a84                __DTOR_LIST__ = .
 *crtbegin.o(.dtors)
 *crtbegin?.o(.dtors)
 *(EXCLUDE_FILE(*crtend.o *crtend?.o) .dtors)
 *(SORT_BY_NAME(.dtors.*))
 *(.dtors)
                0x0000000060005a84                __DTOR_END__ = .

.preinit_array  0x0000000060005a84        0x0
                0x0000000060005a84                PROVIDE (__preinit_array_start = .)
 *(.preinit_array*)
                0x0000000060005a84                PROVIDE (__preinit_array_end = .)

.init_array     0x0000000060005a84        0x8
                0x0000000060005a84                PROVIDE (__init_array_start = .)
 *(SORT_BY_NAME(.init_array.*))
 .init_array.00000
                0x0000000060005a84        0x4 /home/asmir/Desktop/Dropbox/MCU/gcc/gcc-arm-none-eabi-7-2018-q2-update/bin/../lib/gcc/arm-none-eabi/7.3.1/../../../../arm-none-eabi/lib/thumb/v7e-m/fpv4-sp/hard/libc.a(lib_a-__call_atexit.o)
 *(.init_array*)
 .init_array    0x0000000060005a88        0x4 /home/asmir/Desktop/Dropbox/MCU/gcc/gcc-arm-none-eabi-7-2018-q2-update/bin/../lib/gcc/arm-none-eabi/7.3.1/thumb/v7e-m/fpv4-sp/hard/crtbegin.o
                0x0000000060005a8c                PROVIDE (__init_array_end = .)

.fini_array     0x0000000060005a8c        0x4
                0x0000000060005a8c                PROVIDE (__fini_array_start = .)
 *(SORT_BY_NAME(.fini_array.*))
 *(.fini_array*)
 .fini_array    0x0000000060005a8c        0x4 /home/asmir/Desktop/Dropbox/MCU/gcc/gcc-arm-none-eabi-7-2018-q2-update/bin/../lib/gcc/arm-none-eabi/7.3.1/thumb/v7e-m/fpv4-sp/hard/crtbegin.o
                0x0000000060005a90                PROVIDE (__fini_array_end = .)
                0x0000000060005a90                __etext = .
                0x0000000060005a90                __DATA_ROM = .

.interrupts_ram
                0x0000000020000000        0x0
                0x0000000020000000                . = ALIGN (0x4)
                0x0000000020000000                __VECTOR_RAM__ = .
                0x0000000020000000                __interrupts_ram_start__ = .
 *(.m_interrupts_ram)
                0x0000000020000000                . = (. + VECTOR_RAM_SIZE)
                0x0000000020000000                . = ALIGN (0x4)
                0x0000000020000000                __interrupts_ram_end__ = .
                0x0000000060002000                __VECTOR_RAM = DEFINED (__ram_vector_table__)?__VECTOR_RAM__:ORIGIN (m_interrupts)
                0x0000000000000000                __RAM_VECTOR_TABLE_SIZE_BYTES = DEFINED (__ram_vector_table__)?(__interrupts_ram_end__ - __interrupts_ram_start__):0x0

.data           0x0000000020000000      0x84c load address 0x0000000060005a90
                0x0000000020000000                . = ALIGN (0x4)
                0x0000000020000000                __DATA_RAM = .
                0x0000000020000000                __data_start__ = .
 *(m_usb_dma_init_data)
 *(.data)
 *(.data*)
 .data.SystemCoreClock
                0x0000000020000000        0x4 /home/asmir/Desktop/Dropbox/MCU/nxp/RT1021/projects/alencon-systems/bootloader/build/system_MIMXRT1021.o
                0x0000000020000000                SystemCoreClock
 .data.i.9898   0x0000000020000004        0x2 /home/asmir/Desktop/Dropbox/MCU/nxp/RT1021/projects/alencon-systems/bootloader/build/list.o
 *fill*         0x0000000020000006        0x2 
 .data._impure_ptr
                0x0000000020000008        0x4 /home/asmir/Desktop/Dropbox/MCU/gcc/gcc-arm-none-eabi-7-2018-q2-update/bin/../lib/gcc/arm-none-eabi/7.3.1/../../../../arm-none-eabi/lib/thumb/v7e-m/fpv4-sp/hard/libc.a(lib_a-impure.o)
                0x0000000020000008                _impure_ptr
 *fill*         0x000000002000000c        0x4 
 .data.impure_data
                0x0000000020000010      0x428 /home/asmir/Desktop/Dropbox/MCU/gcc/gcc-arm-none-eabi-7-2018-q2-update/bin/../lib/gcc/arm-none-eabi/7.3.1/../../../../arm-none-eabi/lib/thumb/v7e-m/fpv4-sp/hard/libc.a(lib_a-impure.o)
 .data.__malloc_av_
                0x0000000020000438      0x408 /home/asmir/Desktop/Dropbox/MCU/gcc/gcc-arm-none-eabi-7-2018-q2-update/bin/../lib/gcc/arm-none-eabi/7.3.1/../../../../arm-none-eabi/lib/thumb/v7e-m/fpv4-sp/hard/libc.a(lib_a-mallocr.o)
                0x0000000020000438                __malloc_av_
 .data.__malloc_sbrk_base
                0x0000000020000840        0x4 /home/asmir/Desktop/Dropbox/MCU/gcc/gcc-arm-none-eabi-7-2018-q2-update/bin/../lib/gcc/arm-none-eabi/7.3.1/../../../../arm-none-eabi/lib/thumb/v7e-m/fpv4-sp/hard/libc.a(lib_a-mallocr.o)
                0x0000000020000840                __malloc_sbrk_base
 .data.__malloc_trim_threshold
                0x0000000020000844        0x4 /home/asmir/Desktop/Dropbox/MCU/gcc/gcc-arm-none-eabi-7-2018-q2-update/bin/../lib/gcc/arm-none-eabi/7.3.1/../../../../arm-none-eabi/lib/thumb/v7e-m/fpv4-sp/hard/libc.a(lib_a-mallocr.o)
                0x0000000020000844                __malloc_trim_threshold
 .data.__atexit_recursive_mutex
                0x0000000020000848        0x4 /home/asmir/Desktop/Dropbox/MCU/gcc/gcc-arm-none-eabi-7-2018-q2-update/bin/../lib/gcc/arm-none-eabi/7.3.1/../../../../arm-none-eabi/lib/thumb/v7e-m/fpv4-sp/hard/libc.a(lib_a-__call_atexit.o)
                0x0000000020000848                __atexit_recursive_mutex
 *(DataQuickAccess)
 *(.jcr*)
                0x000000002000084c                . = ALIGN (0x4)
                0x000000002000084c                __data_end__ = .
                0x00000000600062dc                __ram_function_flash_start = (__DATA_ROM + (__data_end__ - __data_start__))

.igot.plt       0x000000002000084c        0x0 load address 0x00000000600062dc
 .igot.plt      0x000000002000084c        0x0 /home/asmir/Desktop/Dropbox/MCU/gcc/gcc-arm-none-eabi-7-2018-q2-update/bin/../lib/gcc/arm-none-eabi/7.3.1/thumb/v7e-m/fpv4-sp/hard/crtbegin.o

.ram_function   0x0000000000000000        0x0 load address 0x00000000600062dc
                0x0000000000000000                . = ALIGN (0x20)
                0x0000000000000000                __ram_function_start__ = .
 *(CodeQuickAccess)
                0x0000000000000000                . = ALIGN (0x80)
                0x0000000000000000                __ram_function_end__ = .
                0x00000000600062dc                __NDATA_ROM = (__ram_function_flash_start + (__ram_function_end__ - __ram_function_start__))

.ncache.init    0x000000002000084c        0x0 load address 0x00000000600062dc
                0x000000002000084c                __noncachedata_start__ = .
 *(NonCacheable.init)
                0x000000002000084c                . = ALIGN (0x4)
                0x000000002000084c                __noncachedata_init_end__ = .
                0x000000002000084c                . = __noncachedata_init_end__

.ncache         0x000000002000084c        0x0
 *(NonCacheable)
                0x000000002000084c                . = ALIGN (0x4)
                0x000000002000084c                __noncachedata_end__ = .
                0x00000000600062dc                __DATA_END = (__NDATA_ROM + (__noncachedata_init_end__ - __noncachedata_start__))
                0x0000000060800000                text_end = (ORIGIN (m_text) + LENGTH (m_text))
                0x0000000000000001                ASSERT ((__DATA_END <= text_end), region m_text overflowed with text and data)

.bss            0x000000002000084c      0x4c8 load address 0x00000000600062dc
                0x000000002000084c                . = ALIGN (0x4)
                0x000000002000084c                __START_BSS = .
                0x000000002000084c                __bss_start__ = .
 *(m_usb_dma_noninit_data)
 *(.bss)
 .bss           0x000000002000084c       0x1c /home/asmir/Desktop/Dropbox/MCU/gcc/gcc-arm-none-eabi-7-2018-q2-update/bin/../lib/gcc/arm-none-eabi/7.3.1/thumb/v7e-m/fpv4-sp/hard/crtbegin.o
 *(.bss*)
 .bss.g_DEBUG_INFO
                0x0000000020000868       0x11 /home/asmir/Desktop/Dropbox/MCU/nxp/RT1021/projects/alencon-systems/bootloader/build/debug.o
                0x0000000020000868                g_DEBUG_INFO
 *fill*         0x0000000020000879        0x3 
 .bss.g_lpuart1_cnt
                0x000000002000087c        0x4 /home/asmir/Desktop/Dropbox/MCU/nxp/RT1021/projects/alencon-systems/bootloader/build/lpuart.o
                0x000000002000087c                g_lpuart1_cnt
 .bss.g_rtcXtalFreq
                0x0000000020000880        0x4 /home/asmir/Desktop/Dropbox/MCU/nxp/RT1021/projects/alencon-systems/bootloader/build/fsl_clock.o
                0x0000000020000880                g_rtcXtalFreq
 .bss.g_xtalFreq
                0x0000000020000884        0x4 /home/asmir/Desktop/Dropbox/MCU/nxp/RT1021/projects/alencon-systems/bootloader/build/fsl_clock.o
                0x0000000020000884                g_xtalFreq
 .bss.heap_end.5954
                0x0000000020000888        0x4 /home/asmir/Desktop/Dropbox/MCU/nxp/RT1021/projects/alencon-systems/bootloader/build/fsl_sbrk.o
 .bss.init_flag.9469
                0x000000002000088c        0x1 /home/asmir/Desktop/Dropbox/MCU/nxp/RT1021/projects/alencon-systems/bootloader/build/timing.o
 *fill*         0x000000002000088d        0x3 
 .bss.rollover_time
                0x0000000020000890        0x4 /home/asmir/Desktop/Dropbox/MCU/nxp/RT1021/projects/alencon-systems/bootloader/build/timing.o
                0x0000000020000890                rollover_time
 .bss.time_ms   0x0000000020000894        0x4 /home/asmir/Desktop/Dropbox/MCU/nxp/RT1021/projects/alencon-systems/bootloader/build/timing.o
                0x0000000020000894                time_ms
 .bss.error_flags
                0x0000000020000898        0x1 /home/asmir/Desktop/Dropbox/MCU/nxp/RT1021/projects/alencon-systems/bootloader/build/uart.o
                0x0000000020000898                error_flags
 .bss.init_flag.9730
                0x0000000020000899        0x1 /home/asmir/Desktop/Dropbox/MCU/nxp/RT1021/projects/alencon-systems/bootloader/build/uart.o
 *fill*         0x000000002000089a        0x2 
 .bss.receiverList2
                0x000000002000089c        0x8 /home/asmir/Desktop/Dropbox/MCU/nxp/RT1021/projects/alencon-systems/bootloader/build/uart.o
                0x000000002000089c                receiverList2
 .bss.receiver_array2
                0x00000000200008a4       0x10 /home/asmir/Desktop/Dropbox/MCU/nxp/RT1021/projects/alencon-systems/bootloader/build/uart.o
                0x00000000200008a4                receiver_array2
 .bss.rx2       0x00000000200008b4       0x1c /home/asmir/Desktop/Dropbox/MCU/nxp/RT1021/projects/alencon-systems/bootloader/build/uart.o
                0x00000000200008b4                rx2
 .bss.rx_buffer_array2
                0x00000000200008d0       0x20 /home/asmir/Desktop/Dropbox/MCU/nxp/RT1021/projects/alencon-systems/bootloader/build/uart.o
                0x00000000200008d0                rx_buffer_array2
 .bss.rx_flags  0x00000000200008f0        0x1 /home/asmir/Desktop/Dropbox/MCU/nxp/RT1021/projects/alencon-systems/bootloader/build/uart.o
                0x00000000200008f0                rx_flags
 *fill*         0x00000000200008f1        0x3 
 .bss.tx2       0x00000000200008f4       0x1c /home/asmir/Desktop/Dropbox/MCU/nxp/RT1021/projects/alencon-systems/bootloader/build/uart.o
                0x00000000200008f4                tx2
 .bss.tx_buffer_array2
                0x0000000020000910      0x100 /home/asmir/Desktop/Dropbox/MCU/nxp/RT1021/projects/alencon-systems/bootloader/build/uart.o
                0x0000000020000910                tx_buffer_array2
 .bss.uart      0x0000000020000a10       0x3c /home/asmir/Desktop/Dropbox/MCU/nxp/RT1021/projects/alencon-systems/bootloader/build/uart.o
                0x0000000020000a10                uart
 .bss.idle_task
                0x0000000020000a4c        0x4 /home/asmir/Desktop/Dropbox/MCU/nxp/RT1021/projects/alencon-systems/bootloader/build/task.o
                0x0000000020000a4c                idle_task
 .bss.init_flag.9597
                0x0000000020000a50        0x1 /home/asmir/Desktop/Dropbox/MCU/nxp/RT1021/projects/alencon-systems/bootloader/build/task.o
 *fill*         0x0000000020000a51        0x3 
 .bss.task_list
                0x0000000020000a54       0x34 /home/asmir/Desktop/Dropbox/MCU/nxp/RT1021/projects/alencon-systems/bootloader/build/task.o
                0x0000000020000a54                task_list
 .bss.task_list_array
                0x0000000020000a88      0x140 /home/asmir/Desktop/Dropbox/MCU/nxp/RT1021/projects/alencon-systems/bootloader/build/task.o
                0x0000000020000a88                task_list_array
 .bss.task_list_links
                0x0000000020000bc8       0xf0 /home/asmir/Desktop/Dropbox/MCU/nxp/RT1021/projects/alencon-systems/bootloader/build/task.o
                0x0000000020000bc8                task_list_links
 .bss.__malloc_current_mallinfo
                0x0000000020000cb8       0x28 /home/asmir/Desktop/Dropbox/MCU/gcc/gcc-arm-none-eabi-7-2018-q2-update/bin/../lib/gcc/arm-none-eabi/7.3.1/../../../../arm-none-eabi/lib/thumb/v7e-m/fpv4-sp/hard/libc.a(lib_a-mallocr.o)
                0x0000000020000cb8                __malloc_current_mallinfo
 .bss.__malloc_max_sbrked_mem
                0x0000000020000ce0        0x4 /home/asmir/Desktop/Dropbox/MCU/gcc/gcc-arm-none-eabi-7-2018-q2-update/bin/../lib/gcc/arm-none-eabi/7.3.1/../../../../arm-none-eabi/lib/thumb/v7e-m/fpv4-sp/hard/libc.a(lib_a-mallocr.o)
                0x0000000020000ce0                __malloc_max_sbrked_mem
 .bss.__malloc_max_total_mem
                0x0000000020000ce4        0x4 /home/asmir/Desktop/Dropbox/MCU/gcc/gcc-arm-none-eabi-7-2018-q2-update/bin/../lib/gcc/arm-none-eabi/7.3.1/../../../../arm-none-eabi/lib/thumb/v7e-m/fpv4-sp/hard/libc.a(lib_a-mallocr.o)
                0x0000000020000ce4                __malloc_max_total_mem
 .bss.__malloc_top_pad
                0x0000000020000ce8        0x4 /home/asmir/Desktop/Dropbox/MCU/gcc/gcc-arm-none-eabi-7-2018-q2-update/bin/../lib/gcc/arm-none-eabi/7.3.1/../../../../arm-none-eabi/lib/thumb/v7e-m/fpv4-sp/hard/libc.a(lib_a-mallocr.o)
                0x0000000020000ce8                __malloc_top_pad
 *(COMMON)
 COMMON         0x0000000020000cec       0x21 /home/asmir/Desktop/Dropbox/MCU/gcc/gcc-arm-none-eabi-7-2018-q2-update/bin/../lib/gcc/arm-none-eabi/7.3.1/../../../../arm-none-eabi/lib/thumb/v7e-m/fpv4-sp/hard/libc.a(lib_a-lock.o)
                0x0000000020000cec                __lock___atexit_recursive_mutex
                0x0000000020000cf0                __lock___arc4random_mutex
                0x0000000020000cf4                __lock___env_recursive_mutex
                0x0000000020000cf8                __lock___sinit_recursive_mutex
                0x0000000020000cfc                __lock___malloc_recursive_mutex
                0x0000000020000d00                __lock___at_quick_exit_mutex
                0x0000000020000d04                __lock___dd_hash_mutex
                0x0000000020000d08                __lock___tz_mutex
                0x0000000020000d0c                __lock___sfp_recursive_mutex
 *fill*         0x0000000020000d0d        0x3 
 COMMON         0x0000000020000d10        0x4 /home/asmir/Desktop/Dropbox/MCU/gcc/gcc-arm-none-eabi-7-2018-q2-update/bin/../lib/gcc/arm-none-eabi/7.3.1/../../../../arm-none-eabi/lib/thumb/v7e-m/fpv4-sp/hard/libc.a(lib_a-reent.o)
                0x0000000020000d10                errno
                0x0000000020000d14                . = ALIGN (0x4)
                0x0000000020000d14                __bss_end__ = .
                0x0000000020000d14                __END_BSS = .

.heap           0x0000000020000d14      0x404 load address 0x00000000600067a4
                0x0000000020000d18                . = ALIGN (0x8)
 *fill*         0x0000000020000d14        0x4 
                0x0000000020000d18                __end__ = .
                0x0000000020000d18                PROVIDE (end = .)
                0x0000000020000d18                __HeapBase = .
                0x0000000020001118                . = (. + HEAP_SIZE)
 *fill*         0x0000000020000d18      0x400 
                0x0000000020001118                __HeapLimit = .
                0x0000000020001118                __heap_limit = .

.stack          0x0000000020001118      0x400 load address 0x0000000060006ba8
                0x0000000020001118                . = ALIGN (0x8)
                0x0000000020001518                . = (. + STACK_SIZE)
 *fill*         0x0000000020001118      0x400 
                0x0000000020010000                __StackTop = (ORIGIN (m_data) + LENGTH (m_data))
                0x000000002000fc00                __StackLimit = (__StackTop - STACK_SIZE)
                0x0000000020010000                PROVIDE (__stack = __StackTop)

.ARM.attributes
                0x0000000000000000       0x2e
 *(.ARM.attributes)
 .ARM.attributes
                0x0000000000000000       0x22 /home/asmir/Desktop/Dropbox/MCU/gcc/gcc-arm-none-eabi-7-2018-q2-update/bin/../lib/gcc/arm-none-eabi/7.3.1/thumb/v7e-m/fpv4-sp/hard/crti.o
 .ARM.attributes
                0x0000000000000022       0x34 /home/asmir/Desktop/Dropbox/MCU/gcc/gcc-arm-none-eabi-7-2018-q2-update/bin/../lib/gcc/arm-none-eabi/7.3.1/thumb/v7e-m/fpv4-sp/hard/crtbegin.o
 .ARM.attributes
                0x0000000000000056       0x37 /home/asmir/Desktop/Dropbox/MCU/nxp/RT1021/projects/alencon-systems/bootloader/build/main.o
 .ARM.attributes
                0x000000000000008d       0x37 /home/asmir/Desktop/Dropbox/MCU/nxp/RT1021/projects/alencon-systems/bootloader/build/system.o
 .ARM.attributes
                0x00000000000000c4       0x37 /home/asmir/Desktop/Dropbox/MCU/nxp/RT1021/projects/alencon-systems/bootloader/build/delay.o
 .ARM.attributes
                0x00000000000000fb       0x37 /home/asmir/Desktop/Dropbox/MCU/nxp/RT1021/projects/alencon-systems/bootloader/build/fwver.o
 .ARM.attributes
                0x0000000000000132       0x37 /home/asmir/Desktop/Dropbox/MCU/nxp/RT1021/projects/alencon-systems/bootloader/build/debug.o
 .ARM.attributes
                0x0000000000000169       0x37 /home/asmir/Desktop/Dropbox/MCU/nxp/RT1021/projects/alencon-systems/bootloader/build/misc.o
 .ARM.attributes
                0x00000000000001a0       0x37 /home/asmir/Desktop/Dropbox/MCU/nxp/RT1021/projects/alencon-systems/bootloader/build/lpuart.o
 .ARM.attributes
                0x00000000000001d7       0x37 /home/asmir/Desktop/Dropbox/MCU/nxp/RT1021/projects/alencon-systems/bootloader/build/evkmimxrt1020_flexspi_nor_config.o
 .ARM.attributes
                0x000000000000020e       0x37 /home/asmir/Desktop/Dropbox/MCU/nxp/RT1021/projects/alencon-systems/bootloader/build/fsl_clock.o
 .ARM.attributes
                0x0000000000000245       0x37 /home/asmir/Desktop/Dropbox/MCU/nxp/RT1021/projects/alencon-systems/bootloader/build/pin_mux.o
 .ARM.attributes
                0x000000000000027c       0x37 /home/asmir/Desktop/Dropbox/MCU/nxp/RT1021/projects/alencon-systems/bootloader/build/clock_config.o
 .ARM.attributes
                0x00000000000002b3       0x37 /home/asmir/Desktop/Dropbox/MCU/nxp/RT1021/projects/alencon-systems/bootloader/build/system_MIMXRT1021.o
 .ARM.attributes
                0x00000000000002ea       0x37 /home/asmir/Desktop/Dropbox/MCU/nxp/RT1021/projects/alencon-systems/bootloader/build/fsl_assert.o
 .ARM.attributes
                0x0000000000000321       0x37 /home/asmir/Desktop/Dropbox/MCU/nxp/RT1021/projects/alencon-systems/bootloader/build/fsl_flexspi_nor_boot.o
 .ARM.attributes
                0x0000000000000358       0x37 /home/asmir/Desktop/Dropbox/MCU/nxp/RT1021/projects/alencon-systems/bootloader/build/fsl_sbrk.o
 .ARM.attributes
                0x000000000000038f       0x37 /home/asmir/Desktop/Dropbox/MCU/nxp/RT1021/projects/alencon-systems/bootloader/build/timing.o
 .ARM.attributes
                0x00000000000003c6       0x37 /home/asmir/Desktop/Dropbox/MCU/nxp/RT1021/projects/alencon-systems/bootloader/build/hal_uart.o
 .ARM.attributes
                0x00000000000003fd       0x37 /home/asmir/Desktop/Dropbox/MCU/nxp/RT1021/projects/alencon-systems/bootloader/build/uart.o
 .ARM.attributes
                0x0000000000000434       0x37 /home/asmir/Desktop/Dropbox/MCU/nxp/RT1021/projects/alencon-systems/bootloader/build/buffer.o
 .ARM.attributes
                0x000000000000046b       0x37 /home/asmir/Desktop/Dropbox/MCU/nxp/RT1021/projects/alencon-systems/bootloader/build/buffer_printf.o
 .ARM.attributes
                0x00000000000004a2       0x37 /home/asmir/Desktop/Dropbox/MCU/nxp/RT1021/projects/alencon-systems/bootloader/build/task.o
 .ARM.attributes
                0x00000000000004d9       0x37 /home/asmir/Desktop/Dropbox/MCU/nxp/RT1021/projects/alencon-systems/bootloader/build/list.o
 .ARM.attributes
                0x0000000000000510       0x1b /home/asmir/Desktop/Dropbox/MCU/nxp/RT1021/projects/alencon-systems/bootloader/build/startup_MIMXRT1021.o
 .ARM.attributes
                0x000000000000052b       0x34 /home/asmir/Desktop/Dropbox/MCU/gcc/gcc-arm-none-eabi-7-2018-q2-update/bin/../lib/gcc/arm-none-eabi/7.3.1/../../../../arm-none-eabi/lib/thumb/v7e-m/fpv4-sp/hard/libc.a(lib_a-errno.o)
 .ARM.attributes
                0x000000000000055f       0x34 /home/asmir/Desktop/Dropbox/MCU/gcc/gcc-arm-none-eabi-7-2018-q2-update/bin/../lib/gcc/arm-none-eabi/7.3.1/../../../../arm-none-eabi/lib/thumb/v7e-m/fpv4-sp/hard/libc.a(lib_a-impure.o)
 .ARM.attributes
                0x0000000000000593       0x34 /home/asmir/Desktop/Dropbox/MCU/gcc/gcc-arm-none-eabi-7-2018-q2-update/bin/../lib/gcc/arm-none-eabi/7.3.1/../../../../arm-none-eabi/lib/thumb/v7e-m/fpv4-sp/hard/libc.a(lib_a-init.o)
 .ARM.attributes
                0x00000000000005c7       0x34 /home/asmir/Desktop/Dropbox/MCU/gcc/gcc-arm-none-eabi-7-2018-q2-update/bin/../lib/gcc/arm-none-eabi/7.3.1/../../../../arm-none-eabi/lib/thumb/v7e-m/fpv4-sp/hard/libc.a(lib_a-malloc.o)
 .ARM.attributes
                0x00000000000005fb       0x34 /home/asmir/Desktop/Dropbox/MCU/gcc/gcc-arm-none-eabi-7-2018-q2-update/bin/../lib/gcc/arm-none-eabi/7.3.1/../../../../arm-none-eabi/lib/thumb/v7e-m/fpv4-sp/hard/libc.a(lib_a-mallocr.o)
 .ARM.attributes
                0x000000000000062f       0x34 /home/asmir/Desktop/Dropbox/MCU/gcc/gcc-arm-none-eabi-7-2018-q2-update/bin/../lib/gcc/arm-none-eabi/7.3.1/../../../../arm-none-eabi/lib/thumb/v7e-m/fpv4-sp/hard/libc.a(lib_a-mlock.o)
 .ARM.attributes
                0x0000000000000663       0x34 /home/asmir/Desktop/Dropbox/MCU/gcc/gcc-arm-none-eabi-7-2018-q2-update/bin/../lib/gcc/arm-none-eabi/7.3.1/../../../../arm-none-eabi/lib/thumb/v7e-m/fpv4-sp/hard/libc.a(lib_a-sbrkr.o)
 .ARM.attributes
                0x0000000000000697       0x34 /home/asmir/Desktop/Dropbox/MCU/gcc/gcc-arm-none-eabi-7-2018-q2-update/bin/../lib/gcc/arm-none-eabi/7.3.1/../../../../arm-none-eabi/lib/thumb/v7e-m/fpv4-sp/hard/libc.a(lib_a-__call_atexit.o)
 .ARM.attributes
                0x00000000000006cb       0x34 /home/asmir/Desktop/Dropbox/MCU/gcc/gcc-arm-none-eabi-7-2018-q2-update/bin/../lib/gcc/arm-none-eabi/7.3.1/../../../../arm-none-eabi/lib/thumb/v7e-m/fpv4-sp/hard/libc.a(lib_a-atexit.o)
 .ARM.attributes
                0x00000000000006ff       0x34 /home/asmir/Desktop/Dropbox/MCU/gcc/gcc-arm-none-eabi-7-2018-q2-update/bin/../lib/gcc/arm-none-eabi/7.3.1/../../../../arm-none-eabi/lib/thumb/v7e-m/fpv4-sp/hard/libc.a(lib_a-fini.o)
 .ARM.attributes
                0x0000000000000733       0x34 /home/asmir/Desktop/Dropbox/MCU/gcc/gcc-arm-none-eabi-7-2018-q2-update/bin/../lib/gcc/arm-none-eabi/7.3.1/../../../../arm-none-eabi/lib/thumb/v7e-m/fpv4-sp/hard/libc.a(lib_a-freer.o)
 .ARM.attributes
                0x0000000000000767       0x34 /home/asmir/Desktop/Dropbox/MCU/gcc/gcc-arm-none-eabi-7-2018-q2-update/bin/../lib/gcc/arm-none-eabi/7.3.1/../../../../arm-none-eabi/lib/thumb/v7e-m/fpv4-sp/hard/libc.a(lib_a-lock.o)
 .ARM.attributes
                0x000000000000079b       0x34 /home/asmir/Desktop/Dropbox/MCU/gcc/gcc-arm-none-eabi-7-2018-q2-update/bin/../lib/gcc/arm-none-eabi/7.3.1/../../../../arm-none-eabi/lib/thumb/v7e-m/fpv4-sp/hard/libc.a(lib_a-reent.o)
 .ARM.attributes
                0x00000000000007cf       0x34 /home/asmir/Desktop/Dropbox/MCU/gcc/gcc-arm-none-eabi-7-2018-q2-update/bin/../lib/gcc/arm-none-eabi/7.3.1/../../../../arm-none-eabi/lib/thumb/v7e-m/fpv4-sp/hard/libc.a(lib_a-__atexit.o)
 .ARM.attributes
                0x0000000000000803       0x22 /home/asmir/Desktop/Dropbox/MCU/gcc/gcc-arm-none-eabi-7-2018-q2-update/bin/../lib/gcc/arm-none-eabi/7.3.1/thumb/v7e-m/fpv4-sp/hard/crtn.o
                0x0000000000000001                ASSERT ((__StackLimit >= __HeapLimit), region m_data overflowed with stack and heap)
OUTPUT(/home/asmir/Desktop/Dropbox/MCU/nxp/RT1021/projects/alencon-systems/bootloader/build/m7fw.elf elf32-littlearm)

.debug_info     0x0000000000000000    0x1ce10
 .debug_info    0x0000000000000000     0x12ad /home/asmir/Desktop/Dropbox/MCU/nxp/RT1021/projects/alencon-systems/bootloader/build/main.o
 .debug_info    0x00000000000012ad     0x124e /home/asmir/Desktop/Dropbox/MCU/nxp/RT1021/projects/alencon-systems/bootloader/build/system.o
 .debug_info    0x00000000000024fb      0x2aa /home/asmir/Desktop/Dropbox/MCU/nxp/RT1021/projects/alencon-systems/bootloader/build/delay.o
 .debug_info    0x00000000000027a5       0xa4 /home/asmir/Desktop/Dropbox/MCU/nxp/RT1021/projects/alencon-systems/bootloader/build/fwver.o
 .debug_info    0x0000000000002849     0x1364 /home/asmir/Desktop/Dropbox/MCU/nxp/RT1021/projects/alencon-systems/bootloader/build/debug.o
 .debug_info    0x0000000000003bad     0x1250 /home/asmir/Desktop/Dropbox/MCU/nxp/RT1021/projects/alencon-systems/bootloader/build/misc.o
 .debug_info    0x0000000000004dfd     0x20fb /home/asmir/Desktop/Dropbox/MCU/nxp/RT1021/projects/alencon-systems/bootloader/build/lpuart.o
 .debug_info    0x0000000000006ef8      0xfd6 /home/asmir/Desktop/Dropbox/MCU/nxp/RT1021/projects/alencon-systems/bootloader/build/evkmimxrt1020_flexspi_nor_config.o
 .debug_info    0x0000000000007ece     0x309c /home/asmir/Desktop/Dropbox/MCU/nxp/RT1021/projects/alencon-systems/bootloader/build/fsl_clock.o
 .debug_info    0x000000000000af6a     0x124d /home/asmir/Desktop/Dropbox/MCU/nxp/RT1021/projects/alencon-systems/bootloader/build/pin_mux.o
 .debug_info    0x000000000000c1b7     0x4c5d /home/asmir/Desktop/Dropbox/MCU/nxp/RT1021/projects/alencon-systems/bootloader/build/clock_config.o
 .debug_info    0x0000000000010e14      0xaac /home/asmir/Desktop/Dropbox/MCU/nxp/RT1021/projects/alencon-systems/bootloader/build/system_MIMXRT1021.o
 .debug_info    0x00000000000118c0      0x933 /home/asmir/Desktop/Dropbox/MCU/nxp/RT1021/projects/alencon-systems/bootloader/build/fsl_assert.o
 .debug_info    0x00000000000121f3      0xde4 /home/asmir/Desktop/Dropbox/MCU/nxp/RT1021/projects/alencon-systems/bootloader/build/fsl_flexspi_nor_boot.o
 .debug_info    0x0000000000012fd7      0x94e /home/asmir/Desktop/Dropbox/MCU/nxp/RT1021/projects/alencon-systems/bootloader/build/fsl_sbrk.o
 .debug_info    0x0000000000013925     0x1447 /home/asmir/Desktop/Dropbox/MCU/nxp/RT1021/projects/alencon-systems/bootloader/build/timing.o
 .debug_info    0x0000000000014d6c     0x2380 /home/asmir/Desktop/Dropbox/MCU/nxp/RT1021/projects/alencon-systems/bootloader/build/hal_uart.o
 .debug_info    0x00000000000170ec     0x12cd /home/asmir/Desktop/Dropbox/MCU/nxp/RT1021/projects/alencon-systems/bootloader/build/uart.o
 .debug_info    0x00000000000183b9      0xc84 /home/asmir/Desktop/Dropbox/MCU/nxp/RT1021/projects/alencon-systems/bootloader/build/buffer.o
 .debug_info    0x000000000001903d     0x140e /home/asmir/Desktop/Dropbox/MCU/nxp/RT1021/projects/alencon-systems/bootloader/build/buffer_printf.o
 .debug_info    0x000000000001a44b     0x1152 /home/asmir/Desktop/Dropbox/MCU/nxp/RT1021/projects/alencon-systems/bootloader/build/task.o
 .debug_info    0x000000000001b59d     0x1873 /home/asmir/Desktop/Dropbox/MCU/nxp/RT1021/projects/alencon-systems/bootloader/build/list.o

.debug_abbrev   0x0000000000000000     0x42ad
 .debug_abbrev  0x0000000000000000      0x2bb /home/asmir/Desktop/Dropbox/MCU/nxp/RT1021/projects/alencon-systems/bootloader/build/main.o
 .debug_abbrev  0x00000000000002bb      0x306 /home/asmir/Desktop/Dropbox/MCU/nxp/RT1021/projects/alencon-systems/bootloader/build/system.o
 .debug_abbrev  0x00000000000005c1      0x16d /home/asmir/Desktop/Dropbox/MCU/nxp/RT1021/projects/alencon-systems/bootloader/build/delay.o
 .debug_abbrev  0x000000000000072e       0x58 /home/asmir/Desktop/Dropbox/MCU/nxp/RT1021/projects/alencon-systems/bootloader/build/fwver.o
 .debug_abbrev  0x0000000000000786      0x342 /home/asmir/Desktop/Dropbox/MCU/nxp/RT1021/projects/alencon-systems/bootloader/build/debug.o
 .debug_abbrev  0x0000000000000ac8      0x412 /home/asmir/Desktop/Dropbox/MCU/nxp/RT1021/projects/alencon-systems/bootloader/build/misc.o
 .debug_abbrev  0x0000000000000eda      0x4cd /home/asmir/Desktop/Dropbox/MCU/nxp/RT1021/projects/alencon-systems/bootloader/build/lpuart.o
 .debug_abbrev  0x00000000000013a7      0x1d0 /home/asmir/Desktop/Dropbox/MCU/nxp/RT1021/projects/alencon-systems/bootloader/build/evkmimxrt1020_flexspi_nor_config.o
 .debug_abbrev  0x0000000000001577      0x4d4 /home/asmir/Desktop/Dropbox/MCU/nxp/RT1021/projects/alencon-systems/bootloader/build/fsl_clock.o
 .debug_abbrev  0x0000000000001a4b      0x308 /home/asmir/Desktop/Dropbox/MCU/nxp/RT1021/projects/alencon-systems/bootloader/build/pin_mux.o
 .debug_abbrev  0x0000000000001d53      0x40f /home/asmir/Desktop/Dropbox/MCU/nxp/RT1021/projects/alencon-systems/bootloader/build/clock_config.o
 .debug_abbrev  0x0000000000002162      0x16f /home/asmir/Desktop/Dropbox/MCU/nxp/RT1021/projects/alencon-systems/bootloader/build/system_MIMXRT1021.o
 .debug_abbrev  0x00000000000022d1      0x1c0 /home/asmir/Desktop/Dropbox/MCU/nxp/RT1021/projects/alencon-systems/bootloader/build/fsl_assert.o
 .debug_abbrev  0x0000000000002491      0x1ed /home/asmir/Desktop/Dropbox/MCU/nxp/RT1021/projects/alencon-systems/bootloader/build/fsl_flexspi_nor_boot.o
 .debug_abbrev  0x000000000000267e      0x22e /home/asmir/Desktop/Dropbox/MCU/nxp/RT1021/projects/alencon-systems/bootloader/build/fsl_sbrk.o
 .debug_abbrev  0x00000000000028ac      0x376 /home/asmir/Desktop/Dropbox/MCU/nxp/RT1021/projects/alencon-systems/bootloader/build/timing.o
 .debug_abbrev  0x0000000000002c22      0x491 /home/asmir/Desktop/Dropbox/MCU/nxp/RT1021/projects/alencon-systems/bootloader/build/hal_uart.o
 .debug_abbrev  0x00000000000030b3      0x411 /home/asmir/Desktop/Dropbox/MCU/nxp/RT1021/projects/alencon-systems/bootloader/build/uart.o
 .debug_abbrev  0x00000000000034c4      0x2c7 /home/asmir/Desktop/Dropbox/MCU/nxp/RT1021/projects/alencon-systems/bootloader/build/buffer.o
 .debug_abbrev  0x000000000000378b      0x313 /home/asmir/Desktop/Dropbox/MCU/nxp/RT1021/projects/alencon-systems/bootloader/build/buffer_printf.o
 .debug_abbrev  0x0000000000003a9e      0x380 /home/asmir/Desktop/Dropbox/MCU/nxp/RT1021/projects/alencon-systems/bootloader/build/task.o
 .debug_abbrev  0x0000000000003e1e      0x48f /home/asmir/Desktop/Dropbox/MCU/nxp/RT1021/projects/alencon-systems/bootloader/build/list.o

.debug_loc      0x0000000000000000     0x71e9
 .debug_loc     0x0000000000000000       0x62 /home/asmir/Desktop/Dropbox/MCU/nxp/RT1021/projects/alencon-systems/bootloader/build/main.o
 .debug_loc     0x0000000000000062       0x96 /home/asmir/Desktop/Dropbox/MCU/nxp/RT1021/projects/alencon-systems/bootloader/build/system.o
 .debug_loc     0x00000000000000f8       0x99 /home/asmir/Desktop/Dropbox/MCU/nxp/RT1021/projects/alencon-systems/bootloader/build/delay.o
 .debug_loc     0x0000000000000191      0x3de /home/asmir/Desktop/Dropbox/MCU/nxp/RT1021/projects/alencon-systems/bootloader/build/debug.o
 .debug_loc     0x000000000000056f     0x112f /home/asmir/Desktop/Dropbox/MCU/nxp/RT1021/projects/alencon-systems/bootloader/build/misc.o
 .debug_loc     0x000000000000169e      0x458 /home/asmir/Desktop/Dropbox/MCU/nxp/RT1021/projects/alencon-systems/bootloader/build/lpuart.o
 .debug_loc     0x0000000000001af6     0x1167 /home/asmir/Desktop/Dropbox/MCU/nxp/RT1021/projects/alencon-systems/bootloader/build/fsl_clock.o
 .debug_loc     0x0000000000002c5d      0x2fe /home/asmir/Desktop/Dropbox/MCU/nxp/RT1021/projects/alencon-systems/bootloader/build/pin_mux.o
 .debug_loc     0x0000000000002f5b     0x1ddf /home/asmir/Desktop/Dropbox/MCU/nxp/RT1021/projects/alencon-systems/bootloader/build/clock_config.o
 .debug_loc     0x0000000000004d3a      0x12d /home/asmir/Desktop/Dropbox/MCU/nxp/RT1021/projects/alencon-systems/bootloader/build/system_MIMXRT1021.o
 .debug_loc     0x0000000000004e67       0x8b /home/asmir/Desktop/Dropbox/MCU/nxp/RT1021/projects/alencon-systems/bootloader/build/fsl_sbrk.o
 .debug_loc     0x0000000000004ef2      0x15b /home/asmir/Desktop/Dropbox/MCU/nxp/RT1021/projects/alencon-systems/bootloader/build/timing.o
 .debug_loc     0x000000000000504d      0x4a2 /home/asmir/Desktop/Dropbox/MCU/nxp/RT1021/projects/alencon-systems/bootloader/build/hal_uart.o
 .debug_loc     0x00000000000054ef      0x402 /home/asmir/Desktop/Dropbox/MCU/nxp/RT1021/projects/alencon-systems/bootloader/build/uart.o
 .debug_loc     0x00000000000058f1      0x223 /home/asmir/Desktop/Dropbox/MCU/nxp/RT1021/projects/alencon-systems/bootloader/build/buffer.o
 .debug_loc     0x0000000000005b14      0x7f5 /home/asmir/Desktop/Dropbox/MCU/nxp/RT1021/projects/alencon-systems/bootloader/build/buffer_printf.o
 .debug_loc     0x0000000000006309      0x444 /home/asmir/Desktop/Dropbox/MCU/nxp/RT1021/projects/alencon-systems/bootloader/build/task.o
 .debug_loc     0x000000000000674d      0xa9c /home/asmir/Desktop/Dropbox/MCU/nxp/RT1021/projects/alencon-systems/bootloader/build/list.o

.debug_aranges  0x0000000000000000      0x7a8
 .debug_aranges
                0x0000000000000000       0x28 /home/asmir/Desktop/Dropbox/MCU/nxp/RT1021/projects/alencon-systems/bootloader/build/main.o
 .debug_aranges
                0x0000000000000028       0x20 /home/asmir/Desktop/Dropbox/MCU/nxp/RT1021/projects/alencon-systems/bootloader/build/system.o
 .debug_aranges
                0x0000000000000048       0x48 /home/asmir/Desktop/Dropbox/MCU/nxp/RT1021/projects/alencon-systems/bootloader/build/delay.o
 .debug_aranges
                0x0000000000000090       0x18 /home/asmir/Desktop/Dropbox/MCU/nxp/RT1021/projects/alencon-systems/bootloader/build/fwver.o
 .debug_aranges
                0x00000000000000a8       0x58 /home/asmir/Desktop/Dropbox/MCU/nxp/RT1021/projects/alencon-systems/bootloader/build/debug.o
 .debug_aranges
                0x0000000000000100       0x68 /home/asmir/Desktop/Dropbox/MCU/nxp/RT1021/projects/alencon-systems/bootloader/build/misc.o
 .debug_aranges
                0x0000000000000168       0x58 /home/asmir/Desktop/Dropbox/MCU/nxp/RT1021/projects/alencon-systems/bootloader/build/lpuart.o
 .debug_aranges
                0x00000000000001c0       0x18 /home/asmir/Desktop/Dropbox/MCU/nxp/RT1021/projects/alencon-systems/bootloader/build/evkmimxrt1020_flexspi_nor_config.o
 .debug_aranges
                0x00000000000001d8      0x140 /home/asmir/Desktop/Dropbox/MCU/nxp/RT1021/projects/alencon-systems/bootloader/build/fsl_clock.o
 .debug_aranges
                0x0000000000000318       0x28 /home/asmir/Desktop/Dropbox/MCU/nxp/RT1021/projects/alencon-systems/bootloader/build/pin_mux.o
 .debug_aranges
                0x0000000000000340       0x30 /home/asmir/Desktop/Dropbox/MCU/nxp/RT1021/projects/alencon-systems/bootloader/build/clock_config.o
 .debug_aranges
                0x0000000000000370       0x30 /home/asmir/Desktop/Dropbox/MCU/nxp/RT1021/projects/alencon-systems/bootloader/build/system_MIMXRT1021.o
 .debug_aranges
                0x00000000000003a0       0x20 /home/asmir/Desktop/Dropbox/MCU/nxp/RT1021/projects/alencon-systems/bootloader/build/fsl_assert.o
 .debug_aranges
                0x00000000000003c0       0x18 /home/asmir/Desktop/Dropbox/MCU/nxp/RT1021/projects/alencon-systems/bootloader/build/fsl_flexspi_nor_boot.o
 .debug_aranges
                0x00000000000003d8       0x20 /home/asmir/Desktop/Dropbox/MCU/nxp/RT1021/projects/alencon-systems/bootloader/build/fsl_sbrk.o
 .debug_aranges
                0x00000000000003f8       0x68 /home/asmir/Desktop/Dropbox/MCU/nxp/RT1021/projects/alencon-systems/bootloader/build/timing.o
 .debug_aranges
                0x0000000000000460       0x90 /home/asmir/Desktop/Dropbox/MCU/nxp/RT1021/projects/alencon-systems/bootloader/build/hal_uart.o
 .debug_aranges
                0x00000000000004f0       0xa0 /home/asmir/Desktop/Dropbox/MCU/nxp/RT1021/projects/alencon-systems/bootloader/build/uart.o
 .debug_aranges
                0x0000000000000590       0x50 /home/asmir/Desktop/Dropbox/MCU/nxp/RT1021/projects/alencon-systems/bootloader/build/buffer.o
 .debug_aranges
                0x00000000000005e0       0x68 /home/asmir/Desktop/Dropbox/MCU/nxp/RT1021/projects/alencon-systems/bootloader/build/buffer_printf.o
 .debug_aranges
                0x0000000000000648       0x78 /home/asmir/Desktop/Dropbox/MCU/nxp/RT1021/projects/alencon-systems/bootloader/build/task.o
 .debug_aranges
                0x00000000000006c0       0xe8 /home/asmir/Desktop/Dropbox/MCU/nxp/RT1021/projects/alencon-systems/bootloader/build/list.o

.debug_ranges   0x0000000000000000     0x12e8
 .debug_ranges  0x0000000000000000       0x30 /home/asmir/Desktop/Dropbox/MCU/nxp/RT1021/projects/alencon-systems/bootloader/build/main.o
 .debug_ranges  0x0000000000000030       0x78 /home/asmir/Desktop/Dropbox/MCU/nxp/RT1021/projects/alencon-systems/bootloader/build/system.o
 .debug_ranges  0x00000000000000a8       0x38 /home/asmir/Desktop/Dropbox/MCU/nxp/RT1021/projects/alencon-systems/bootloader/build/delay.o
 .debug_ranges  0x00000000000000e0       0x88 /home/asmir/Desktop/Dropbox/MCU/nxp/RT1021/projects/alencon-systems/bootloader/build/debug.o
 .debug_ranges  0x0000000000000168      0x108 /home/asmir/Desktop/Dropbox/MCU/nxp/RT1021/projects/alencon-systems/bootloader/build/misc.o
 .debug_ranges  0x0000000000000270       0xf8 /home/asmir/Desktop/Dropbox/MCU/nxp/RT1021/projects/alencon-systems/bootloader/build/lpuart.o
 .debug_ranges  0x0000000000000368      0x220 /home/asmir/Desktop/Dropbox/MCU/nxp/RT1021/projects/alencon-systems/bootloader/build/fsl_clock.o
 .debug_ranges  0x0000000000000588       0xe8 /home/asmir/Desktop/Dropbox/MCU/nxp/RT1021/projects/alencon-systems/bootloader/build/pin_mux.o
 .debug_ranges  0x0000000000000670      0x6a0 /home/asmir/Desktop/Dropbox/MCU/nxp/RT1021/projects/alencon-systems/bootloader/build/clock_config.o
 .debug_ranges  0x0000000000000d10       0x20 /home/asmir/Desktop/Dropbox/MCU/nxp/RT1021/projects/alencon-systems/bootloader/build/system_MIMXRT1021.o
 .debug_ranges  0x0000000000000d30       0x10 /home/asmir/Desktop/Dropbox/MCU/nxp/RT1021/projects/alencon-systems/bootloader/build/fsl_assert.o
 .debug_ranges  0x0000000000000d40       0x10 /home/asmir/Desktop/Dropbox/MCU/nxp/RT1021/projects/alencon-systems/bootloader/build/fsl_sbrk.o
 .debug_ranges  0x0000000000000d50      0x140 /home/asmir/Desktop/Dropbox/MCU/nxp/RT1021/projects/alencon-systems/bootloader/build/timing.o
 .debug_ranges  0x0000000000000e90       0xb0 /home/asmir/Desktop/Dropbox/MCU/nxp/RT1021/projects/alencon-systems/bootloader/build/hal_uart.o
 .debug_ranges  0x0000000000000f40       0xa8 /home/asmir/Desktop/Dropbox/MCU/nxp/RT1021/projects/alencon-systems/bootloader/build/uart.o
 .debug_ranges  0x0000000000000fe8       0x40 /home/asmir/Desktop/Dropbox/MCU/nxp/RT1021/projects/alencon-systems/bootloader/build/buffer.o
 .debug_ranges  0x0000000000001028       0x58 /home/asmir/Desktop/Dropbox/MCU/nxp/RT1021/projects/alencon-systems/bootloader/build/buffer_printf.o
 .debug_ranges  0x0000000000001080       0x90 /home/asmir/Desktop/Dropbox/MCU/nxp/RT1021/projects/alencon-systems/bootloader/build/task.o
 .debug_ranges  0x0000000000001110      0x1d8 /home/asmir/Desktop/Dropbox/MCU/nxp/RT1021/projects/alencon-systems/bootloader/build/list.o

.debug_line     0x0000000000000000     0x502f
 .debug_line    0x0000000000000000      0x2c6 /home/asmir/Desktop/Dropbox/MCU/nxp/RT1021/projects/alencon-systems/bootloader/build/main.o
 .debug_line    0x00000000000002c6      0x3a9 /home/asmir/Desktop/Dropbox/MCU/nxp/RT1021/projects/alencon-systems/bootloader/build/system.o
 .debug_line    0x000000000000066f      0x1be /home/asmir/Desktop/Dropbox/MCU/nxp/RT1021/projects/alencon-systems/bootloader/build/delay.o
 .debug_line    0x000000000000082d       0xae /home/asmir/Desktop/Dropbox/MCU/nxp/RT1021/projects/alencon-systems/bootloader/build/fwver.o
 .debug_line    0x00000000000008db      0x404 /home/asmir/Desktop/Dropbox/MCU/nxp/RT1021/projects/alencon-systems/bootloader/build/debug.o
 .debug_line    0x0000000000000cdf      0x5de /home/asmir/Desktop/Dropbox/MCU/nxp/RT1021/projects/alencon-systems/bootloader/build/misc.o
 .debug_line    0x00000000000012bd      0x480 /home/asmir/Desktop/Dropbox/MCU/nxp/RT1021/projects/alencon-systems/bootloader/build/lpuart.o
 .debug_line    0x000000000000173d      0x22f /home/asmir/Desktop/Dropbox/MCU/nxp/RT1021/projects/alencon-systems/bootloader/build/evkmimxrt1020_flexspi_nor_config.o
 .debug_line    0x000000000000196c      0x8c8 /home/asmir/Desktop/Dropbox/MCU/nxp/RT1021/projects/alencon-systems/bootloader/build/fsl_clock.o
 .debug_line    0x0000000000002234      0x287 /home/asmir/Desktop/Dropbox/MCU/nxp/RT1021/projects/alencon-systems/bootloader/build/pin_mux.o
 .debug_line    0x00000000000024bb      0x887 /home/asmir/Desktop/Dropbox/MCU/nxp/RT1021/projects/alencon-systems/bootloader/build/clock_config.o
 .debug_line    0x0000000000002d42      0x1b9 /home/asmir/Desktop/Dropbox/MCU/nxp/RT1021/projects/alencon-systems/bootloader/build/system_MIMXRT1021.o
 .debug_line    0x0000000000002efb      0x203 /home/asmir/Desktop/Dropbox/MCU/nxp/RT1021/projects/alencon-systems/bootloader/build/fsl_assert.o
 .debug_line    0x00000000000030fe      0x229 /home/asmir/Desktop/Dropbox/MCU/nxp/RT1021/projects/alencon-systems/bootloader/build/fsl_flexspi_nor_boot.o
 .debug_line    0x0000000000003327      0x165 /home/asmir/Desktop/Dropbox/MCU/nxp/RT1021/projects/alencon-systems/bootloader/build/fsl_sbrk.o
 .debug_line    0x000000000000348c      0x2dd /home/asmir/Desktop/Dropbox/MCU/nxp/RT1021/projects/alencon-systems/bootloader/build/timing.o
 .debug_line    0x0000000000003769      0x41f /home/asmir/Desktop/Dropbox/MCU/nxp/RT1021/projects/alencon-systems/bootloader/build/hal_uart.o
 .debug_line    0x0000000000003b88      0x410 /home/asmir/Desktop/Dropbox/MCU/nxp/RT1021/projects/alencon-systems/bootloader/build/uart.o
 .debug_line    0x0000000000003f98      0x33d /home/asmir/Desktop/Dropbox/MCU/nxp/RT1021/projects/alencon-systems/bootloader/build/buffer.o
 .debug_line    0x00000000000042d5      0x3a9 /home/asmir/Desktop/Dropbox/MCU/nxp/RT1021/projects/alencon-systems/bootloader/build/buffer_printf.o
 .debug_line    0x000000000000467e      0x328 /home/asmir/Desktop/Dropbox/MCU/nxp/RT1021/projects/alencon-systems/bootloader/build/task.o
 .debug_line    0x00000000000049a6      0x689 /home/asmir/Desktop/Dropbox/MCU/nxp/RT1021/projects/alencon-systems/bootloader/build/list.o

.debug_str      0x0000000000000000     0x6d79