/home/asmir/Documents/MCUXpresso_11.6.1_8255/workspace/uart-timing-demo/CMSIS/core_cm7.h:1911:22:__NVIC_EnableIRQ	16	static
/home/asmir/Documents/MCUXpresso_11.6.1_8255/workspace/uart-timing-demo/CMSIS/core_cm7.h:1949:22:__NVIC_DisableIRQ	16	static
/home/asmir/Documents/MCUXpresso_11.6.1_8255/workspace/uart-timing-demo/CMSIS/core_cm7.h:2002:22:__NVIC_ClearPendingIRQ	16	static
/home/asmir/Documents/MCUXpresso_11.6.1_8255/workspace/uart-timing-demo/CMSIS/core_cm7.h:2041:22:__NVIC_SetPriority	16	static
/home/asmir/Documents/MCUXpresso_11.6.1_8255/workspace/uart-timing-demo/drivers/fsl_common_arm.h:210:20:_SDK_AtomicLocalClearAndSet4Byte	48	static
/home/asmir/Documents/MCUXpresso_11.6.1_8255/workspace/uart-timing-demo/drivers/fsl_clock.h:1298:20:CLOCK_ControlGate	32	static
/home/asmir/Documents/MCUXpresso_11.6.1_8255/workspace/uart-timing-demo/drivers/fsl_clock.h:1315:20:CLOCK_EnableClock	16	static
../source/hal/hal_uart.c:13:6:hal_UART_Init	64	static
../source/hal/hal_uart.c:98:6:hal_UART_EnableInterrupts	24	static
../source/hal/hal_uart.c:141:15:UART_GetInstance	24	static
../source/hal/hal_uart.c:177:6:hal_UART_Enable	24	static
../source/hal/hal_uart.c:190:6:hal_UART_Disable	24	static
../source/hal/hal_uart.c:201:6:hal_UART_EnableRxInterrupt	24	static
../source/hal/hal_uart.c:212:6:hal_UART_EnableTxInterrupt	24	static
../source/hal/hal_uart.c:224:6:hal_UART_DisableRxInterrupt	24	static
../source/hal/hal_uart.c:235:6:hal_UART_DisableTxInterrupt	24	static
../source/hal/hal_uart.c:246:6:hal_UART_TxByte	24	static
../source/hal/hal_uart.c:257:9:hal_UART_RxByte	24	static
../source/hal/hal_uart.c:268:9:hal_UART_DataAvailable	24	static
../source/hal/hal_uart.c:284:9:hal_UART_SpaceAvailable	24	static
../source/hal/hal_uart.c:302:9:hal_UART_TxInterruptEnabled	24	static
../source/hal/hal_uart.c:329:6:LPUART2_IRQHandler	8	static
