../source/hal/subsys.c:65:7:GetSubsystemName	0	static
../source/hal/subsys.c:87:6:Subsystem_SystemDisable	0	static
../source/hal/subsys.c:91:6:Subsystem_SystemEnable	0	static
../source/hal/subsys.c:95:9:Subsystem_Init	24	static
../source/hal/subsys.c:106:6:Subsystem_RegisterCallback	0	static
../source/hal/subsys.c:147:6:ProcessMsg	56	static
../source/hal/subsys.c:116:6:ReceiveChar	16	static
../source/hal/subsys.c:205:6:LogStr	16	static
../source/hal/subsys.c:191:6:LogVersion	16	static
../source/hal/subsys.c:216:6:LogMsg	20	static
../source/hal/subsys.c:240:13:SystemCallback	32	static
../source/hal/subsys.c:235:6:Log_Header	8	static
../source/hal/subsys.c:286:10:ArgToU32	24	static
../source/hal/subsys.c:296:10:ArgToU16	32	static
../source/hal/subsys.c:306:9:ArgToU8	24	static
../source/hal/subsys.c:316:6:Log_EchoOn	0	static
../source/hal/subsys.c:320:6:Log_EchoOff	0	static
../source/hal/subsys.c:324:9:Log_GetEcho	0	static
../source/hal/subsys.c:329:6:MuteAll	0	static
../source/hal/subsys.c:333:6:UnmuteAll	0	static
../source/hal/subsys.c:337:6:MuteSys	0	static
../source/hal/subsys.c:341:6:UnmuteSys	0	static
